Microchip MPLAB XC8 Compiler V1.34 ()

Linker command line:

-W-1 --edf=C:\Program Files (x86)\Microchip\xc8\v1.34\dat\en_msgs.txt -cs \
  -h+dist/xc8_pic18f26k20/production\PIC_IR_RF_Bluetooth_Home_Automation.production.sym \
  --cmf=dist/xc8_pic18f26k20/production\PIC_IR_RF_Bluetooth_Home_Automation.production.cmf \
  -z -Q18F26K20 -oC:\Users\DWHITF~1.TDY\AppData\Local\Temp\sags.6 \
  -Mdist/xc8_pic18f26k20/production/PIC_IR_RF_Bluetooth_Home_Automation.production.map \
  -E1 -ver=XC8 -ASTACK=06C8h-0f5fh -pstack=STACK -ACODE=00h-0FFFFh \
  -ACONST=00h-0FFFFh -ASMALLCONST=01000h-010FFhx240 \
  -AMEDIUMCONST=01000h-0FFFFh -ACOMRAM=01h-05Fh -AABS1=00h-0F5Fh \
  -ABIGRAM=01h-0F5Fh -ARAM=060h-0FFh,0100h-01FFhx14,0F00h-0F5Fh \
  -ABANK0=060h-0FFh -ABANK1=0100h-01FFh -ABANK2=0200h-02FFh \
  -ABANK3=0300h-03FFh -ABANK4=0400h-04FFh -ABANK5=0500h-05FFh \
  -ABANK6=0600h-06FFh -ABANK7=0700h-07FFh -ABANK8=0800h-08FFh \
  -ABANK9=0900h-09FFh -ABANK10=0A00h-0AFFh -ABANK11=0B00h-0BFFh \
  -ABANK12=0C00h-0CFFh -ABANK13=0D00h-0DFFh -ABANK14=0E00h-0EFFh \
  -ABANK15=0F00h-0F5Fh -ASFR=0F60h-0FFFh \
  -preset_vec=00h,intcode=08h,intcodelo=018h,powerup,init,end_init \
  -pramtop=01000h -psmallconst=SMALLCONST -pmediumconst=MEDIUMCONST \
  -pconst=CONST -AFARRAM=00h-00h -ACONFIG=0300000h-030000Dh -pconfig=CONFIG \
  -AIDLOC=0200000h-0200007h -pidloc=IDLOC -AEEDATA=0F00000h-0F003FFh \
  -peeprom_data=EEDATA \
  -prdata=COMRAM,nvrram=COMRAM,nvbit=COMRAM,rbss=COMRAM,rbit=COMRAM \
  -pfarbss=FARRAM,fardata=FARRAM,nvFARRAM=FARRAM \
  -pintsave_regs=BIGRAM,bigbss=BIGRAM,bigdata=BIGRAM -pbss=RAM \
  -pidata=CODE,irdata=CODE,ibigdata=CODE,ifardata=CODE -prparam=COMRAM \
  C:\Users\DWHITF~1.TDY\AppData\Local\Temp\sags.obj \
  dist/xc8_pic18f26k20/production\PIC_IR_RF_Bluetooth_Home_Automation.production.obj 

Object code version is 3.11

Machine type is 18F26K20

Call graph: (short form)




                Name                               Link     Load   Length Selector   Space Scale
C:\Users\DWHITF~1.TDY\AppData\Local\Temp\sags.obj
                end_init                            1CA      1CA        4        C       0
                reset_vec                             0        0        4        0       0
                idloc                            200000   200000        8   200000       0
                config                           300000   300000        E   300000       0
dist/xc8_pic18f26k20/production\PIC_IR_RF_Bluetooth_Home_Automation.production.obj
                intcodelo                            18       18      1B2        C       0
                intcode                               8        8       10        4       0
                mediumconst                        EDC2     EDC2     123E     76E1       0
                text125                            65B6     65B6      32C        C       0
                text124                            AA68     AA68        A        C       0
                text123                            AA5E     AA5E        A        C       0
                text122                            AA28     AA28        E        C       0
                text121                            AA54     AA54        A        C       0
                text120                            A48C     A48C       42        C       0
                intcode_body                       523E     523E      590        C       0
                text118                            A922     A922       16        C       0
                text117                            A7EE     A7EE       28        C       0
                text116                            A8C8     A8C8       18        C       0
                text115                            AA1A     AA1A        E        C       0
                text114                            A90C     A90C       16        C       0
                text113                            A816     A816       26        C       0
                text112                            A896     A896       1A        C       0
                text111                            A6E6     A6E6       30        C       0
                text109                            AA86     AA86        2     5541       0
                text108                            A3C0     A3C0       46        C       0
                text107                            A94C     A94C       14        C       0
                text106                            AA0C     AA0C        E        C       0
                text105                            A8F6     A8F6       16        C       0
                text104                            A996     A996       12        C       0
                text103                            A1CC     A1CC       5A        C       0
                text102                            9DBE     9DBE       8A        C       0
                text101                            A9FE     A9FE        E        C       0
                text100                            A8B0     A8B0       18        C       0
                text99                             A984     A984       12        C       0
                text98                             A27E     A27E       56        C       0
                text97                             9062     9062       E2        C       0
                text96                             8574     8574      13A        C       0
                text95                             A83C     A83C       20        C       0
                text94                             A684     A684       32        C       0
                text93                             92F0     92F0       CE        C       0
                text92                             A6B6     A6B6       30        C       0
                text91                             87DA     87DA      120        C       0
                text90                             6E3A     6E3A      27E        C       0
                text89                             A328     A328       50        C       0
                text88                             82D4     82D4      152        C       0
                text87                             9554     9554       C6        C       0
                text86                             98EA     98EA       A4        C       0
                text85                             9E48     9E48       80        C       0
                text84                             7A2E     7A2E      194        C       0
                text83                             7888     7888      1A6        C       0
                text82                             9220     9220       D0        C       0
                text81                             9788     9788       B4        C       0
                text80                             7EBA     7EBA      16C        C       0
                text79                             A57E     A57E       38        C       0
                text78                             68E2     68E2      2D8        C       0
                text77                             A716     A716       2E        C       0
                text76                             57CE     57CE      504        C       0
                text75                             284E     284E      F7A        C       0
                text74                             8026     8026      15C        C       0
                text73                             A770     A770       2C        C       0
                text72                             76DA     76DA      1AE        C       0
                text71                             A87A     A87A       1C        C       0
                text70                             A7C6     A7C6       28        C       0
                text69                             4446     4446      7E6        C       0
                text68                             A226     A226       58        C       0
                text67                             A79C     A79C       2A        C       0
                text66                             A8E0     A8E0       16        C       0
                text65                             A170     A170       5C        C       0
                text64                             A50C     A50C       3A        C       0
                text63                             7D4A     7D4A      170        C       0
                text62                             8E78     8E78       FA        C       0
                text61                             86AE     86AE      12C        C       0
                text60                             8D6A     8D6A      10E        C       0
                text59                             9AD2     9AD2       A0        C       0
                text58                             A036     A036       76        C       0
                text57                             A9A8     A9A8       10        C       0
                text56                             A9F0     A9F0        E        C       0
                text55                             AA4A     AA4A        A        C       0
                text54                             A112     A112       5E        C       0
                text53                             A378     A378       48        C       0
                text52                             A9E2     A9E2        E        C       0
                text51                             A9D4     A9D4        E        C       0
                text50                             AA40     AA40        A        C       0
                text49                             A938     A938       14        C       0
                text48                             A9C6     A9C6        E        C       0
                text47                             9EC8     9EC8       7C        C       0
                text46                             9A30     9A30       A2        C       0
                text45                             A0AC     A0AC       66        C       0
                text44                             8C54     8C54      116        C       0
                text43                             8B36     8B36      11E        C       0
                text42                             9144     9144       DC        C       0
                text41                             948A     948A       CA        C       0
                text40                             750C     750C      1CE        C       0
                text39                             7BC2     7BC2      188        C       0
                text38                             96D2     96D2       B6        C       0
                text37                             983C     983C       AE        C       0
                text36                             8426     8426      14E        C       0
                text35                             A652     A652       32        C       0
                text34                             9F44     9F44       7A        C       0
                text33                             5CD2     5CD2      486        C       0
                text32                             6158     6158      45E        C       0
                text31                             8A18     8A18      11E        C       0
                text30                             A85C     A85C       1E        C       0
                text29                             A5EC     A5EC       34        C       0
                text28                             A5B6     A5B6       36        C       0
                text27                             998E     998E       A2        C       0
                text26                             AA82     AA82        4     5541       0
                text25                             AA72     AA72        6        C       0
                text24                             8182     8182      152        C       0
                text23                             A744     A744       2C        C       0
                text22                             961A     961A       B8        C       0
                text21                             A972     A972       12        C       0
                text20                             37C8     37C8      C7E        C       0
                text19                             9D34     9D34       8A        C       0
                text18                             9B72     9B72       9E        C       0
                text17                             AA36     AA36        A        C       0
                text16                             A960     A960       12        C       0
                text15                             8F72     8F72       F0        C       0
                text14                             A4CE     A4CE       3E        C       0
                text13                             730C     730C      200        C       0
                text12                             9FBE     9FBE       78        C       0
                text11                             9C10     9C10       94        C       0
                text10                             88FA     88FA      11E        C       0
                text9                              A546     A546       38        C       0
                text8                              A44A     A44A       42        C       0
                text7                              9CA4     9CA4       90        C       0
                text6                              A406     A406       44        C       0
                text5                               1CE      1CE     2680        C       0
                text4                              A2D4     A2D4       54        C       0
                text3                              A9B8     A9B8        E        C       0
                text2                              6BBA     6BBA      280        C       0
                text1                              70B8     70B8      254        C       0
                text0                              4C2C     4C2C      612        C       0
                cstackCOMRAM                          1        1       39        1       1
                cstackBANK0                          60       60       95       60       1
                cstackBANK1                         100      100       FF      100       1
                cstackBANK2                         200      200       95      200       1
                cstackBANK3                         300      300       E5      300       1
                bssBANK6                            600      600       C8      600       1
                dataBANK5                           53C      53C       32      500       1
                bssBANK5                            500      500       3C      500       1
                bssBANK4                            400      400       F1      400       1
                dataBANK3                           3F1      3F1        4      300       1
                bssBANK3                            3E5      3E5        C      300       1
                bssBANK2                            295      295       5E      200       1
                dataBANK0                            FF       FF        1       60       1
                bssBANK0                             F5       F5        A       60       1
                dataCOMRAM                           4C       4C        5        1       1
                bssCOMRAM                            3A       3A       12        1       1
                cinit                              93BE     93BE       CC        C       0
                idataBANK5                         A620     A620       32        C       0
                idataBANK3                         AA7D     AA7D        4        C       0
                idataBANK0                         AA88     AA88        1     5541       0
                idataCOMRAM                        AA78     AA78        5        C       0

TOTAL           Name                               Link     Load   Length     Space
        CLASS   STACK          

        CLASS   CODE           
                end_init                            1CA      1CA        4         0
                intcodelo                            18       18      1B2         0
                intcode                               8        8       10         0
                reset_vec                             0        0        4         0
                text125                            65B6     65B6      32C         0
                text124                            AA68     AA68        A         0
                text123                            AA5E     AA5E        A         0
                text122                            AA28     AA28        E         0
                text121                            AA54     AA54        A         0
                text120                            A48C     A48C       42         0
                intcode_body                       523E     523E      590         0
                text118                            A922     A922       16         0
                text117                            A7EE     A7EE       28         0
                text116                            A8C8     A8C8       18         0
                text115                            AA1A     AA1A        E         0
                text114                            A90C     A90C       16         0
                text113                            A816     A816       26         0
                text112                            A896     A896       1A         0
                text111                            A6E6     A6E6       30         0
                text109                            AA86     AA86        2         0
                text108                            A3C0     A3C0       46         0
                text107                            A94C     A94C       14         0
                text106                            AA0C     AA0C        E         0
                text105                            A8F6     A8F6       16         0
                text104                            A996     A996       12         0
                text103                            A1CC     A1CC       5A         0
                text102                            9DBE     9DBE       8A         0
                text101                            A9FE     A9FE        E         0
                text100                            A8B0     A8B0       18         0
                text99                             A984     A984       12         0
                text98                             A27E     A27E       56         0
                text97                             9062     9062       E2         0
                text96                             8574     8574      13A         0
                text95                             A83C     A83C       20         0
                text94                             A684     A684       32         0
                text93                             92F0     92F0       CE         0
                text92                             A6B6     A6B6       30         0
                text91                             87DA     87DA      120         0
                text90                             6E3A     6E3A      27E         0
                text89                             A328     A328       50         0
                text88                             82D4     82D4      152         0
                text87                             9554     9554       C6         0
                text86                             98EA     98EA       A4         0
                text85                             9E48     9E48       80         0
                text84                             7A2E     7A2E      194         0
                text83                             7888     7888      1A6         0
                text82                             9220     9220       D0         0
                text81                             9788     9788       B4         0
                text80                             7EBA     7EBA      16C         0
                text79                             A57E     A57E       38         0
                text78                             68E2     68E2      2D8         0
                text77                             A716     A716       2E         0
                text76                             57CE     57CE      504         0
                text75                             284E     284E      F7A         0
                text74                             8026     8026      15C         0
                text73                             A770     A770       2C         0
                text72                             76DA     76DA      1AE         0
                text71                             A87A     A87A       1C         0
                text70                             A7C6     A7C6       28         0
                text69                             4446     4446      7E6         0
                text68                             A226     A226       58         0
                text67                             A79C     A79C       2A         0
                text66                             A8E0     A8E0       16         0
                text65                             A170     A170       5C         0
                text64                             A50C     A50C       3A         0
                text63                             7D4A     7D4A      170         0
                text62                             8E78     8E78       FA         0
                text61                             86AE     86AE      12C         0
                text60                             8D6A     8D6A      10E         0
                text59                             9AD2     9AD2       A0         0
                text58                             A036     A036       76         0
                text57                             A9A8     A9A8       10         0
                text56                             A9F0     A9F0        E         0
                text55                             AA4A     AA4A        A         0
                text54                             A112     A112       5E         0
                text53                             A378     A378       48         0
                text52                             A9E2     A9E2        E         0
                text51                             A9D4     A9D4        E         0
                text50                             AA40     AA40        A         0
                text49                             A938     A938       14         0
                text48                             A9C6     A9C6        E         0
                text47                             9EC8     9EC8       7C         0
                text46                             9A30     9A30       A2         0
                text45                             A0AC     A0AC       66         0
                text44                             8C54     8C54      116         0
                text43                             8B36     8B36      11E         0
                text42                             9144     9144       DC         0
                text41                             948A     948A       CA         0
                text40                             750C     750C      1CE         0
                text39                             7BC2     7BC2      188         0
                text38                             96D2     96D2       B6         0
                text37                             983C     983C       AE         0
                text36                             8426     8426      14E         0
                text35                             A652     A652       32         0
                text34                             9F44     9F44       7A         0
                text33                             5CD2     5CD2      486         0
                text32                             6158     6158      45E         0
                text31                             8A18     8A18      11E         0
                text30                             A85C     A85C       1E         0
                text29                             A5EC     A5EC       34         0
                text28                             A5B6     A5B6       36         0
                text27                             998E     998E       A2         0
                text26                             AA82     AA82        4         0
                text25                             AA72     AA72        6         0
                text24                             8182     8182      152         0
                text23                             A744     A744       2C         0
                text22                             961A     961A       B8         0
                text21                             A972     A972       12         0
                text20                             37C8     37C8      C7E         0
                text19                             9D34     9D34       8A         0
                text18                             9B72     9B72       9E         0
                text17                             AA36     AA36        A         0
                text16                             A960     A960       12         0
                text15                             8F72     8F72       F0         0
                text14                             A4CE     A4CE       3E         0
                text13                             730C     730C      200         0
                text12                             9FBE     9FBE       78         0
                text11                             9C10     9C10       94         0
                text10                             88FA     88FA      11E         0
                text9                              A546     A546       38         0
                text8                              A44A     A44A       42         0
                text7                              9CA4     9CA4       90         0
                text6                              A406     A406       44         0
                text5                               1CE      1CE     2680         0
                text4                              A2D4     A2D4       54         0
                text3                              A9B8     A9B8        E         0
                text2                              6BBA     6BBA      280         0
                text1                              70B8     70B8      254         0
                text0                              4C2C     4C2C      612         0
                cinit                              93BE     93BE       CC         0
                idataBANK5                         A620     A620       32         0
                idataBANK3                         AA7D     AA7D        4         0
                idataBANK0                         AA88     AA88        1         0
                idataCOMRAM                        AA78     AA78        5         0

        CLASS   CONST          

        CLASS   SMALLCONST     

        CLASS   MEDIUMCONST    
                mediumconst                        EDC2     EDC2     123E         0

        CLASS   COMRAM         
                cstackCOMRAM                          1        1       39         1
                dataCOMRAM                           4C       4C        5         1
                bssCOMRAM                            3A       3A       12         1

        CLASS   ABS1           

        CLASS   BIGRAM         

        CLASS   RAM            

        CLASS   BANK0          
                cstackBANK0                          60       60       95         1
                dataBANK0                            FF       FF        1         1
                bssBANK0                             F5       F5        A         1

        CLASS   BANK1          
                cstackBANK1                         100      100       FF         1

        CLASS   BANK2          
                cstackBANK2                         200      200       95         1
                bssBANK2                            295      295       5E         1

        CLASS   BANK3          
                cstackBANK3                         300      300       E5         1
                dataBANK3                           3F1      3F1        4         1
                bssBANK3                            3E5      3E5        C         1

        CLASS   BANK4          
                bssBANK4                            400      400       F1         1

        CLASS   BANK5          
                dataBANK5                           53C      53C       32         1
                bssBANK5                            500      500       3C         1

        CLASS   BANK6          
                bssBANK6                            600      600       C8         1

        CLASS   BANK7          

        CLASS   BANK8          

        CLASS   BANK9          

        CLASS   BANK10         

        CLASS   BANK11         

        CLASS   BANK12         

        CLASS   BANK13         

        CLASS   BANK14         

        CLASS   BANK15         

        CLASS   SFR            

        CLASS   FARRAM         

        CLASS   CONFIG         
                config                           300000   300000        E         0

        CLASS   IDLOC          
                idloc                            200000   200000        8         0

        CLASS   EEDATA         



SEGMENTS        Name                           Load    Length   Top    Selector   Space  Class

                reset_vec                      000000  000004  000004         0       0  CODE    
                cstackCOMRAM                   000001  000050  000051         1       1  COMRAM  
                intcode                        000008  000010  000018         4       0  CODE    
                intcodelo                      000018  00AA69  00AA81         C       0  CODE    
                cstackBANK0                    000060  0000A0  000100        60       1  BANK0   
                cstackBANK1                    000100  0000FF  0001FF       100       1  BANK1   
                cstackBANK2                    000200  0000F3  0002F3       200       1  BANK2   
                cstackBANK3                    000300  0000F5  0003F5       300       1  BANK3   
                bssBANK4                       000400  0000F1  0004F1       400       1  BANK4   
                bssBANK5                       000500  00006E  00056E       500       1  BANK5   
                bssBANK6                       000600  0000C8  0006C8       600       1  BANK6   
                text26                         00AA82  000007  00AA89      5541       0  CODE    
                mediumconst                    00EDC2  00123E  010000      76E1       0  MEDIUMCO
                idloc                          200000  000008  200008    200000       0  IDLOC   
                config                         300000  00000E  30000E    300000       0  CONFIG  


UNUSED ADDRESS RANGES

        Name                Unused          Largest block    Delta
        BANK1            0001FF-0001FF                1
        BANK10           000A00-000AFF              100
        BANK11           000B00-000BFF              100
        BANK12           000C00-000CFF              100
        BANK13           000D00-000DFF              100
        BANK14           000E00-000EFF              100
        BANK15           000F00-000F5F               60
        BANK2            0002F3-0002FF                D
        BANK3            0003F5-0003FF                B
        BANK4            0004F1-0004FF                F
        BANK5            00056E-0005FF               92
        BANK6            0006C8-0006FF               38
        BANK7            000700-0007FF              100
        BANK8            000800-0008FF              100
        BANK9            000900-0009FF              100
        BIGRAM           000051-00005F                F
                         0001FF-0001FF                1
                         0002F3-0002FF                D
                         0003F5-0003FF                B
                         0004F1-0004FF                F
                         00056E-0005FF               92
                         0006C8-000F5F              898
        CODE             000004-000007                4
                         00AA81-00AA81                1
                         00AA89-00EDC1             4339
        COMRAM           000051-00005F                F
        CONST            000004-000007                4
                         00AA81-00AA81                1
                         00AA89-00EDC1             4339
        EEDATA           F00000-F003FF              400
        MEDIUMCONST      00AA81-00AA81                1
                         00AA89-00EDC1             4339
        RAM              0001FF-0001FF                1
                         0002F3-0002FF                D
                         0003F5-0003FF                B
                         0004F1-0004FF                F
                         00056E-0005FF               92
                         0006C8-000F5F              100
        SFR              000F60-000FFF               A0
        SMALLCONST       00AA81-00AA81                1
                         00AA89-00EDC1              100
        STACK            0006C8-000F5F              898

                                  Symbol Table

?_EncodeNEC                                 cstackBANK0  000064
?_GetMemoryChar                             cstackBANK0  000064
?_GetMemoryLong                             cstackBANK0  000064
?_ReadEEPROM_1Byte                          cstackBANK0  000060
?_ReadVoltage                               cstackBANK0  000089
?_Reverse_4Byte                             cstackBANK0  000060
?_Round                                     cstackBANK0  0000AE
?_SetEEPROM1                                cstackBANK0  000096
?_SetEEPROM2                                cstackBANK0  000096
?___altoft                                  cstackBANK0  000068
?___awdiv                                   cstackBANK0  000066
?___awmod                                   cstackBANK0  000060
?___ftadd                                   cstackBANK0  000093
?___ftdiv                                   cstackBANK0  00006B
?___ftmul                                   cstackBANK0  00007A
?___ftneg                                   cstackBANK0  000060
?___ftpack                                  cstackBANK0  000060
?___ftsub                                   cstackBANK0  00009F
?___fttol                                   cstackBANK0  00009F
?___lldiv                                   cstackBANK0  000060
?___llmod                                   cstackBANK0  00006D
?___lltoft                                  cstackBANK0  000068
?___lmul                                    cstackBANK0  000060
?___lwtoft                                  cstackBANK0  000068
?___wmul                                    cstackBANK0  00006E
?__div_to_l_                                cstackBANK0  000060
?__tdiv_to_l_                               cstackBANK0  000060
?_fround                                    cstackBANK0  000089
?_scale                                     cstackBANK0  000089
?_sprintf                                   cstackBANK0  0000AE
BluetoothInitialSetup@BluetoothVersionLine1 cstackBANK1  000133
BluetoothInitialSetup@BluetoothVersionLine2 cstackBANK1  000151
BluetoothInitialSetup@BroadcastTEMP         cstackBANK1  00016F
BluetoothInitialSetup@Default               cstackBANK1  0001B7
BluetoothInitialSetup@buf                   cstackBANK1  000184
BluetoothInitialSetup@first                 cstackBANK1  0001B6
BluetoothInitialSetup@i                     cstackBANK1  0001BA
BluetoothInitialSetup@j                     cstackBANK1  0001B8
BluetoothInitialSetup@ok                    cstackBANK1  0001B9
BufferCopy@count                            cstackBANK0  00006C
BufferCopy@from                             cstackBANK0  000068
BufferCopy@i                                cstackBANK0  00006E
BufferCopy@shift                            cstackBANK0  00006D
BufferCopy@to                               cstackBANK0  00006A
DecodeNEC@Nec                               cstackBANK0  000064
DecodeNEC@address                           cstackBANK0  000068
DecodeNEC@command                           cstackBANK0  00006A
DecodeNEC@temp1                             cstackBANK0  000072
DecodeNEC@temp2                             cstackBANK0  000070
DecodeNEC@temp3                             cstackBANK0  000071
EncodeNEC@address                           cstackBANK0  00008C
EncodeNEC@command                           cstackBANK0  000064
EncodeNEC@temp1                             cstackBANK0  00007C
EncodeNEC@temp2                             cstackBANK0  000080
EncodeNEC@temp3                             cstackBANK0  000084
EncodeNEC@temp4                             cstackBANK0  000088
EnterCommandMode@buf                        cstackBANK1  000100
EnterCommandMode@count                      cstackBANK1  000132
EraseScreen@characters                      cstackCOMRAM 000002
EraseScreen@i                               cstackCOMRAM 000003
GetEEPROM1@Arrayspot                        cstackBANK0  000089
GetEEPROM1@Temp                             cstackBANK0  000085
GetEEPROM1@i                                cstackBANK0  00008A
GetEEPROM1@j                                cstackBANK0  00008B
GetEEPROM2@Arrayspot                        cstackBANK0  000089
GetEEPROM2@Temp                             cstackBANK0  000085
GetEEPROM2@i                                cstackBANK0  00008A
GetEEPROM2@j                                cstackBANK0  00008B
GetEEPROM2@k                                cstackBANK0  00008C
GetMemoryChar@AddressFirst                  cstackBANK0  000068
GetMemoryChar@H                             cstackBANK0  000069
GetMemoryLong@AddressFirst                  cstackBANK0  000084
GetMemoryLong@H                             cstackBANK0  000080
GetMemoryLong@L                             cstackBANK0  000083
GetMemoryLong@MH                            cstackBANK0  000081
GetMemoryLong@ML                            cstackBANK0  000082
GetMemoryLong@temp                          cstackBANK0  00007C
GetNumber@CommaNumber                       cstackBANK0  00006E
GetNumber@Hex                               cstackBANK0  000079
GetNumber@This                              cstackBANK0  00006C
GetNumber@count                             cstackBANK0  000078
GetNumber@i                                 cstackBANK0  00007A
GetNumber@negative                          cstackBANK0  000077
GetNumber@result                            cstackBANK0  00006F
GetNumber@temp                              cstackBANK0  00007C
GetNumber@tempCommaNumber                   cstackBANK0  000076
GetNumber@tempThis                          cstackBANK0  00007B
GetNumberUnsigned@CommaNumber               cstackBANK0  00006E
GetNumberUnsigned@Hex                       cstackBANK0  000078
GetNumberUnsigned@This                      cstackBANK0  00006C
GetNumberUnsigned@count                     cstackBANK0  000077
GetNumberUnsigned@i                         cstackBANK0  000079
GetNumberUnsigned@result                    cstackBANK0  00006F
GetNumberUnsigned@temp                      cstackBANK0  00007A
GetNumberUnsigned@tempCommaNumber           cstackBANK0  000076
GetNumberUnsigned@tempThis                  cstackBANK0  00007E
GetStringAfterComma@CommaNumber             cstackBANK0  000062
GetStringAfterComma@This                    cstackBANK0  000060
GetStringAfterComma@count                   cstackBANK0  000067
GetStringAfterComma@result                  cstackBANK0  000063
GetStringAfterComma@tempCommaNumber         cstackBANK0  000066
IRrawToNEC@Invert                           cstackCOMRAM 00001B
IRrawToNEC@NEC                              cstackCOMRAM 000019
IRrawToNEC@NECtemp                          cstackCOMRAM 00001E
IRrawToNEC@Raw                              cstackCOMRAM 000017
IRrawToNEC@StartBit                         cstackCOMRAM 000024
IRrawToNEC@first                            cstackCOMRAM 000022
IRrawToNEC@i                                cstackCOMRAM 000023
InitUART@Baud                               cstackBANK0  0000B5
InitUART@config                             cstackBANK0  0000C2
InitUART@spbrg                              cstackBANK0  0000C0
InitUART@temp                               cstackBANK0  0000C3
Init_System@buf                             cstackBANK1  0001BB
InternalADC_Read@ADCcounts                  cstackBANK0  000069
InternalADC_Read@AnaChanSel                 cstackBANK0  00006D
InternalADC_Read@channel                    cstackBANK0  00006E
IsAlphaNumeric@data                         cstackBANK0  000061
IsAlphaNumericString@data                   cstackBANK0  000062
IsCharacter@data                            cstackCOMRAM 000001
IsLetter@data                               cstackBANK0  000060
IsNumber@data                               cstackBANK0  000060
OpenUSART@config                            cstackBANK0  000062
OpenUSART@spbrg                             cstackBANK0  000060
ReadCodeButtons@temp                        cstackBANK0  000069
ReadEEPROM_1Byte@GIEstatus                  cstackBANK0  000062
ReadEEPROM_1Byte@PEIEstatus                 cstackBANK0  000063
ReadEEPROM_1Byte@address                    cstackBANK0  000060
ReadUSART@data                              cstackBANK0  000060
ReadVoltage@temp                            cstackBANK0  00008F
ReadVoltage@voltage                         cstackBANK0  00008C
Reverse_4Byte@This                          cstackBANK0  000060
Reverse_4Byte@temp                          cstackBANK0  00006C
Reverse_Byte@This                           cstackBANK0  000063
Reverse_Byte@temp                           cstackBANK0  000062
Round@input                                 cstackBANK0  0000AE
Round@temp                                  cstackBANK0  0000B1
SendNEC_bytes@RepeatAmount                  cstackBANK0  000074
SendNEC_bytes@code                          cstackBANK0  000070
SendNEC_wait@RepeatAmount                   cstackBANK0  000079
SendNEC_wait@code                           cstackBANK0  000075
SendNEC_wait@toggle                         cstackBANK0  00007A
SendRF@Code                                 cstackBANK0  000060
SendRF@Config                               cstackBANK0  000062
SendRF@RepeatAmount                         cstackBANK0  000064
SendRF@i                                    cstackBANK0  000067
SendRF@size                                 cstackBANK0  000063
SendRF_Channel@channel                      cstackBANK0  00006D
SendRF_wait@Code                            cstackBANK0  000068
SendRF_wait@Config                          cstackBANK0  00006A
SendRF_wait@amount                          cstackBANK0  00006C
SendRF_wait@size                            cstackBANK0  00006B
SetEEPROM1@Arrayspot                        cstackBANK0  0000BB
SetEEPROM1@Temp                             cstackBANK0  000096
SetEEPROM1@burn                             cstackBANK0  0000B4
SetEEPROM1@fail                             cstackBANK0  0000BC
SetEEPROM1@i                                cstackBANK0  0000C0
SetEEPROM1@j                                cstackBANK0  0000C1
SetEEPROM1@temp                             cstackBANK0  0000BA
SetEEPROM2@Arrayspot                        cstackBANK0  0000E1
SetEEPROM2@Temp                             cstackBANK0  000096
SetEEPROM2@burn                             cstackBANK0  0000D6
SetEEPROM2@fail                             cstackBANK0  0000DD
SetEEPROM2@i                                cstackBANK0  0000E2
SetEEPROM2@j                                cstackBANK0  0000E3
SetEEPROM2@k                                cstackBANK0  0000E4
SetEEPROM2@temp                             cstackBANK0  0000DC
SetEEPROMdefault@i                          cstackBANK0  0000E9
SetEEPROMdefault@j                          cstackBANK0  0000EA
SetEEPROMdefault@k                          cstackBANK0  0000E8
SetMemoryChar@AddressFirst                  cstackBANK0  00006A
SetMemoryChar@Data                          cstackBANK0  00006C
SetMemoryChar@Test                          cstackBANK0  00006B
SetMemoryLong@AddressFirst                  cstackBANK0  000089
SetMemoryLong@Data                          cstackBANK0  000085
SetMemoryLong@H                             cstackBANK0  000092
SetMemoryLong@L                             cstackBANK0  000095
SetMemoryLong@MH                            cstackBANK0  000093
SetMemoryLong@ML                            cstackBANK0  000094
SetMemoryLong@Test                          cstackBANK0  00008E
SetTimer0@temp                              cstackCOMRAM 000017
StringAddEqual@Input                        cstackBANK0  00006F
StringAddEqual@NullPosition                 cstackBANK0  000073
StringAddEqual@firstnumber                  cstackBANK0  000074
StringAddEqual@i                            cstackBANK0  000075
StringAddEqual@j                            cstackBANK0  000076
StringAddEqual@temp                         cstackBANK1  000100
StringContains@MatchAmount                  cstackBANK0  000066
StringContains@MatchCount                   cstackBANK0  000067
StringContains@That                         cstackBANK0  000062
StringContains@This                         cstackBANK0  000060
StringContains@i                            cstackBANK0  000068
StringContainsCaseInsensitive@MatchAmount   cstackBANK0  000069
StringContainsCaseInsensitive@MatchCount    cstackBANK0  00006A
StringContainsCaseInsensitive@That          cstackBANK0  000065
StringContainsCaseInsensitive@This          cstackBANK0  000063
StringContainsCaseInsensitive@i             cstackBANK0  00006D
StringContainsCaseInsensitive@tempThat      cstackBANK0  00006C
StringContainsCaseInsensitive@tempThis      cstackBANK0  00006B
StringMatch@That                            cstackBANK0  000062
StringMatch@This                            cstackBANK0  000060
StringMatchCaseInsensitive@That             cstackBANK0  000065
StringMatchCaseInsensitive@This             cstackBANK0  000063
StringMatchCaseInsensitive@tempThat         cstackBANK0  000068
StringMatchCaseInsensitive@tempThis         cstackBANK0  000067
SyncEEPROMToGlobal@Temp1                    cstackBANK0  0000D2
SyncEEPROMToGlobal@Temp2                    cstackBANK0  000091
SyncEEPROMToGlobal@i                        cstackBANK0  0000F0
SyncEEPROMToGlobal@j                        cstackBANK0  0000F1
SyncEEPROMToGlobal@k                        cstackBANK0  0000D1
SyncGlobalToEEPROM@ok                       cstackBANK0  0000E5
UARTchar@data                               cstackBANK0  000060
UARTchar_CONST@data                         cstackBANK0  000060
UARTchar_CONST@temp                         cstackBANK0  000061
UARTcommandMenu@Command                     cstackBANK0  000064
UARTcommandMenu@Desc                        cstackBANK0  000066
UARTcommandMenu@i                           cstackBANK0  00006D
UARTcommandMenu@place                       cstackBANK0  00006E
UARTstring@data                             cstackBANK0  000061
UARTstringCRLN@data                         cstackBANK0  000064
UARTstringCRLN_CONST@data                   cstackBANK0  000064
UARTstring_CONST@data                       cstackBANK0  000062
UseBluetooth@EmptyPlace                     cstackBANK2  000284
UseBluetooth@EnteredNEC                     cstackBANK2  000286
UseBluetooth@NecAddress                     cstackBANK2  00028E
UseBluetooth@NecCommand                     cstackBANK2  00028F
UseBluetooth@ReceivedStringPosOLD           cstackBANK2  00027B
UseBluetooth@SerialNumberTEMP               cstackBANK2  000280
UseBluetooth@String                         cstackBANK0  0000F2
UseBluetooth@StringPos                      cstackBANK0  0000F4
UseBluetooth@buf                            cstackBANK2  00020C
UseBluetooth@device                         cstackBANK2  000285
UseBluetooth@i                              cstackBANK2  000294
UseBluetooth@ok                             cstackBANK2  00028A
UseBluetooth@rfchannelSTR                   cstackBANK2  000270
UseBluetooth@rfconf                         cstackBANK2  00028D
UseBluetooth@set                            cstackBANK2  00027A
UseBluetooth@temp                           cstackBANK2  000290
UseBluetooth@tempNec                        cstackBANK2  00027C
UseBluetooth@tempRFArray                    cstackBANK2  00028B
UseBluetooth@timeout                        cstackBANK2  00028C
UseIRCode@Code                              cstackBANK0  0000E6
UseIRCode@NEC                               cstackBANK0  0000E8
UseIRCode@found                             cstackBANK0  0000EF
UseIRCode@i                                 cstackBANK0  0000F1
UseIRCode@j                                 cstackBANK0  0000F0
WaitForIRsignal@timeout                     cstackBANK0  000069
WriteEEPROM_1Byte@GIEstatus                 cstackBANK0  000063
WriteEEPROM_1Byte@PEIEstatus                cstackBANK0  000064
WriteEEPROM_1Byte@address                   cstackBANK0  000060
WriteEEPROM_1Byte@data                      cstackBANK0  000062
_ADCON0                                     (abs)        000FC2
_ADCON0bits                                 (abs)        000FC2
_ADCON1                                     (abs)        000FC1
_ADCON1bits                                 (abs)        000FC1
_ADCON2                                     (abs)        000FC0
_ADCON2bits                                 (abs)        000FC0
_ADRESH                                     (abs)        000FC4
_ADRESL                                     (abs)        000FC3
_ANSEL                                      (abs)        000F7E
_ANSELH                                     (abs)        000F7F
_BAUDCONbits                                (abs)        000FB8
_BatteryVoltage                             bssBANK3     0003E5
_BlueConnected                              text101      00A9FE
_BluetoothBroadcast                         bssBANK4     0004DC
_BluetoothChangeStatus                      bssBANK3     0003E8
_BluetoothConfigured                        text104      00A996
_BluetoothFirmware1                         bssBANK5     000500
_BluetoothFirmware2                         bssBANK5     00051E
_BluetoothInitialSetup                      text69       004446
_BufferCopy                                 text102      009DBE
_BufferOverflow                             bssBANK3     0003E9
_CRLN                                       mediumconst  00F051
_CheckReceivingIR                           text21       00A972
_ClearUSART                                 text99       00A984
_CommandString                              bssBANK4     000414
_CommandStringPos                           bssCOMRAM    00003E
_Conf1_ChannelD                             mediumconst  00F013
_Conf1_ChannelD_STR                         mediumconst  00EFD8
_Conf1_ChannelE                             mediumconst  00F01F
_Conf1_ChannelE_STR                         mediumconst  00EFE7
_Conf1_ChannelF                             mediumconst  00F02B
_Conf1_ChannelF_STR                         mediumconst  00EFF6
_Conf1_Channels                             mediumconst  00F045
_Conf2_ChannelB_OFF                         mediumconst  00EF38
_Conf2_ChannelB_OFF_STR                     mediumconst  00EEEE
_Conf2_ChannelB_ON                          mediumconst  00EF48
_Conf2_ChannelB_ON_STR                      mediumconst  00EF14
_Conf2_ChannelB_Status                      bssBANK0     0000F5
_Conf2_ChannelD_OFF                         mediumconst  00EF58
_Conf2_ChannelD_OFF_STR                     mediumconst  00EF01
_Conf2_ChannelD_ON                          mediumconst  00EF68
_Conf2_ChannelD_ON_STR                      mediumconst  00EF26
_Conf2_ChannelD_Status                      bssBANK0     0000F6
_Conf2_ChannelH_1_OFF                       mediumconst  00EF78
_Conf2_ChannelH_1_OFF_STR                   mediumconst  00EE73
_Conf2_ChannelH_1_ON                        mediumconst  00EF88
_Conf2_ChannelH_1_ON_STR                    mediumconst  00EEB2
_Conf2_ChannelH_1_Status                    bssBANK0     0000F7
_Conf2_ChannelH_2_OFF                       mediumconst  00EF98
_Conf2_ChannelH_2_OFF_STR                   mediumconst  00EE88
_Conf2_ChannelH_2_ON                        mediumconst  00EFA8
_Conf2_ChannelH_2_ON_STR                    mediumconst  00EEC6
_Conf2_ChannelH_2_Status                    bssBANK0     0000F8
_Conf2_ChannelH_3_OFF                       mediumconst  00EFB8
_Conf2_ChannelH_3_OFF_STR                   mediumconst  00EE9D
_Conf2_ChannelH_3_ON                        mediumconst  00EFC8
_Conf2_ChannelH_3_ON_STR                    mediumconst  00EEDA
_Conf2_ChannelH_3_Status                    bssBANK0     0000F9
_Conf2_Channels                             mediumconst  00F049
_ConfigureOscillator                        text109      00AA86
_DecodeNEC                                  text37       00983C
_EEADR                                      (abs)        000FA9
_EEADRH                                     (abs)        000FAA
_EECON1bits                                 (abs)        000FA6
_EECON2                                     (abs)        000FA7
_EEDATA                                     (abs)        000FA8
_EEPROM_UNLOCK                              text66       00A8E0
_EEPROMinitialized                          text107      00A94C
_EncodeNEC                                  text36       008426
_EnterCommandMode                           text74       008026
_EraseScreen                                text117      00A7EE
_FirmVersion                                mediumconst  00F037
_Frequency                                  mediumconst  00F04D
_GetEEPROM1                                 text42       009144
_GetEEPROM2                                 text41       00948A
_GetMemoryChar                              text67       00A79C
_GetMemoryLong                              text63       007D4A
_GetNumber                                  text33       005CD2
_GetNumberUnsigned                          text32       006158
_GetStringAfterComma                        text31       008A18
_Global1                                    bssBANK2     0002D5
_Global2                                    bssBANK2     000295
_INTCON2bits                                (abs)        000FF1
_INTCONbits                                 (abs)        000FF2
_IOCBbits                                   (abs)        000F7D
_IPR1bits                                   (abs)        000F9F
_IPR2bits                                   (abs)        000FA2
_IRRawCode                                  bssBANK6     000600
_IR_NEC                                     bssBANK3     0003EC
_IR_New_Code                                bssBANK3     0003F0
_IRaddress                                  bssBANK0     0000FD
_IRbit                                      bssCOMRAM    00003F
_IRbitPosition                              dataCOMRAM   00004C
_IRcodeBit                                  bssBANK0     0000FA
_IRcodePlace                                dataCOMRAM   00004D
_IRcommand                                  bssBANK0     0000FE
_IRmod                                      bssBANK0     0000FB
_IRpinOLD                                   bssCOMRAM    000040
_IRrawCodeNum                               bssCOMRAM    000041
_IRrawToNEC                                 text125      0065B6
_IRrepeatAmount                             bssCOMRAM    000042
_IRrepeatflag                               bssCOMRAM    000043
_IRsendCode                                 bssCOMRAM    00003A
_IRsendFlag                                 bssBANK0     0000FC
_IRtimeout                                  dataBANK3    0003F1
_InitADC                                    text105      00A8F6
_InitApp                                    text108      00A3C0
_InitBluetooth                              text58       00A036
_InitIR                                     text53       00A378
_InitTimer0                                 text57       00A9A8
_InitTimer1                                 text52       00A9E2
_InitTimer2                                 text51       00A9D4
_InitTimer3                                 text50       00AA40
_InitTimers                                 text49       00A938
_InitUART                                   text44       008C54
_InitUART$4077                              cstackBANK0  0000BD
_Init_System                                text39       007BC2
_InternalADC_Read                           text27       00998E
_IsAlphaNumeric                             text29       00A5EC
_IsAlphaNumericString                       text28       00A5B6
_IsCharacter                                text116      00A8C8
_IsLetter                                   text35       00A652
_IsNumber                                   text30       00A85C
_LATA                                       (abs)        000F89
_LATB                                       (abs)        000F8A
_LATC                                       (abs)        000F8B
_LEDTimerON                                 text16       00A960
_Local_CloseUSART                           text48       00A9C6
_NewReceivedString                          bssBANK3     0003EA
_OpenUSART                                  text47       009EC8
_PCBVersion                                 mediumconst  00F040
_PIE1bits                                   (abs)        000F9D
_PIE2bits                                   (abs)        000FA0
_PIR1bits                                   (abs)        000F9E
_PIR2bits                                   (abs)        000FA1
_PORTA                                      (abs)        000F80
_PORTB                                      (abs)        000F81
_PORTC                                      (abs)        000F82
_PR2                                        (abs)        000FCB
_ProductName                                dataBANK5    00053C
_ProjectName                                mediumconst  00EE59
_RCONbits                                   (abs)        000FD0
_RCREG                                      (abs)        000FAE
_RCSTA                                      (abs)        000FAB
_RCSTAbits                                  (abs)        000FAB
_RFConfig                                   bssCOMRAM    000044
_RF_IR                                      dataCOMRAM   00004E
_RF_IR_Postscaler                           dataCOMRAM   00004F
_RFcodeBit                                  bssCOMRAM    000045
_RFcodePlace                                bssCOMRAM    000046
_RFsendCode                                 bssBANK4     000400
_RFsendFlag                                 bssCOMRAM    000047
_ReadCodeButtons                            text4        00A2D4
_ReadEEPROM_1Byte                           text68       00A226
_ReadIRpin                                  text56       00A9F0
_ReadPushButton                             text3        00A9B8
_ReadUSART                                  text100      00A8B0
_ReadVoltage                                text22       00961A
_ReceivedString                             bssBANK4     000478
_ReceivedStringPos                          bssBANK3     0003EB
_ReceivingIR                                dataCOMRAM   000050
_ResetADC                                   text106      00AA0C
_ResetBlue                                  text97       009062
_ResetTimer0                                text55       00AA4A
_ResetTimer1                                text17       00AA36
_ResetTimer3                                text124      00AA68
_Reverse_4Byte                              text20       0037C8
_Reverse_Byte                               text38       0096D2
_Round                                      text45       00A0AC
_SPBRG                                      (abs)        000FAF
_SPBRGH                                     (abs)        000FB0
_SYNTAX_ERR                                 mediumconst  00F005
_SendNEC_bytes                              text19       009D34
_SendNEC_wait                               text18       009B72
_SendRF                                     text15       008F72
_SendRF_Channel                             text2        006BBA
_SendRF_wait                                text14       00A4CE
_Sendcount                                  bssCOMRAM    000048
_Sent                                       dataBANK0    0000FF
_SetEEPROM1                                 text61       0086AE
_SetEEPROM2                                 text60       008D6A
_SetEEPROMdefault                           text43       008B36
_SetMemoryChar                              text64       00A50C
_SetMemoryLong                              text62       008E78
_SetTimer0                                  text123      00AA5E
_StringAddEqual                             text13       00730C
_StringContains                             text96       008574
_StringContainsCaseInsensitive              text72       0076DA
_StringMatch                                text12       009FBE
_StringMatchCaseInsensitive                 text11       009C10
_SyncEEPROMToGlobal                         text40       00750C
_SyncGlobalToEEPROM                         text59       009AD2
_T0CONbits                                  (abs)        000FD5
_T1CONbits                                  (abs)        000FCD
_T2CONbits                                  (abs)        000FCA
_T3CONbits                                  (abs)        000FB1
_TABLAT                                     (abs)        000FF5
_TBLPTRH                                    (abs)        000FF7
_TBLPTRL                                    (abs)        000FF6
_TBLPTRU                                    (abs)        000FF8
_TMR0H                                      (abs)        000FD7
_TMR0L                                      (abs)        000FD6
_TMR1H                                      (abs)        000FCF
_TMR1L                                      (abs)        000FCE
_TMR2                                       (abs)        000FCC
_TMR3H                                      (abs)        000FB3
_TMR3L                                      (abs)        000FB2
_TRISAbits                                  (abs)        000F92
_TRISBbits                                  (abs)        000F93
_TRISCbits                                  (abs)        000F94
_TXREG                                      (abs)        000FAD
_TXSTA                                      (abs)        000FAC
_TXSTAbits                                  (abs)        000FAC
_Timer1_Postscaler                          bssCOMRAM    000049
_Timer2_Postscaler                          bssCOMRAM    00004A
_Timer3_Postscaler                          bssCOMRAM    00004B
_UARTchar                                   text71       00A87A
_UARTchar_CONST                             text95       00A83C
_UARTcommandMenu                            text10       0088FA
_UARTstring                                 text70       00A7C6
_UARTstringCRLN                             text9        00A546
_UARTstringCRLN_CONST                       text8        00A44A
_UARTstring_CONST                           text94       00A684
_UseBluetooth                               text5        0001CE
_UseIRCode                                  text1        0070B8
_VoltageDividerOFF                          text26       00AA82
_VoltageDividerON                           text25       00AA72
_WPUB                                       (abs)        000F7C
_WaitForIRsignal                            text7        009CA4
_WriteEEPROM_1Byte                          text65       00A170
__CFG_BOREN$SBORDIS                         (abs)        000000
__CFG_BORV$27                               (abs)        000000
__CFG_CCP2MX$PORTC                          (abs)        000000
__CFG_CP0$OFF                               (abs)        000000
__CFG_CP1$OFF                               (abs)        000000
__CFG_CP2$OFF                               (abs)        000000
__CFG_CP3$OFF                               (abs)        000000
__CFG_CPB$OFF                               (abs)        000000
__CFG_CPD$OFF                               (abs)        000000
__CFG_EBTR0$OFF                             (abs)        000000
__CFG_EBTR1$OFF                             (abs)        000000
__CFG_EBTR2$OFF                             (abs)        000000
__CFG_EBTR3$OFF                             (abs)        000000
__CFG_EBTRB$OFF                             (abs)        000000
__CFG_FCMEN$OFF                             (abs)        000000
__CFG_FOSC$HSPLL                            (abs)        000000
__CFG_HFOFST$ON                             (abs)        000000
__CFG_IESO$OFF                              (abs)        000000
__CFG_LPT1OSC$OFF                           (abs)        000000
__CFG_LVP$OFF                               (abs)        000000
__CFG_MCLRE$ON                              (abs)        000000
__CFG_PBADEN$OFF                            (abs)        000000
__CFG_PWRT$OFF                              (abs)        000000
__CFG_STVREN$ON                             (abs)        000000
__CFG_WDTEN$OFF                             (abs)        000000
__CFG_WDTPS$32768                           (abs)        000000
__CFG_WRT0$OFF                              (abs)        000000
__CFG_WRT1$OFF                              (abs)        000000
__CFG_WRT2$OFF                              (abs)        000000
__CFG_WRT3$OFF                              (abs)        000000
__CFG_WRTB$OFF                              (abs)        000000
__CFG_WRTC$OFF                              (abs)        000000
__CFG_WRTD$OFF                              (abs)        000000
__CFG_XINST$OFF                             (abs)        000000
__HRAM                                      (abs)        000000
__Habs1                                     abs1         000000
__Hbank0                                    bank0        000000
__Hbank1                                    bank1        000000
__Hbank10                                   bank10       000000
__Hbank11                                   bank11       000000
__Hbank12                                   bank12       000000
__Hbank13                                   bank13       000000
__Hbank14                                   bank14       000000
__Hbank15                                   bank15       000000
__Hbank2                                    bank2        000000
__Hbank3                                    bank3        000000
__Hbank4                                    bank4        000000
__Hbank5                                    bank5        000000
__Hbank6                                    bank6        000000
__Hbank7                                    bank7        000000
__Hbank8                                    bank8        000000
__Hbank9                                    bank9        000000
__Hbigbss                                   bigbss       000000
__Hbigdata                                  bigdata      000000
__Hbigram                                   bigram       000000
__Hbss                                      bss          000000
__HbssBANK0                                 bssBANK0     000000
__HbssBANK2                                 bssBANK2     000000
__HbssBANK3                                 bssBANK3     000000
__HbssBANK4                                 bssBANK4     000000
__HbssBANK5                                 bssBANK5     000000
__HbssBANK6                                 bssBANK6     000000
__HbssCOMRAM                                bssCOMRAM    000000
__Hcinit                                    cinit        000000
__Hclrtext                                  clrtext      000000
__Hcomram                                   comram       000000
__Hconfig                                   config       30000E
__Hconst                                    const        000000
__HcstackBANK0                              cstackBANK0  000000
__HcstackBANK1                              cstackBANK1  000000
__HcstackBANK2                              cstackBANK2  000000
__HcstackBANK3                              cstackBANK3  000000
__HcstackCOMRAM                             cstackCOMRAM 000000
__Hdata                                     data         000000
__HdataBANK0                                dataBANK0    000000
__HdataBANK3                                dataBANK3    000000
__HdataBANK5                                dataBANK5    000000
__HdataCOMRAM                               dataCOMRAM   000000
__Heeprom_data                              eeprom_data  000000
__Hend_init                                 end_init     0001CE
__Hfarbss                                   farbss       000000
__Hfardata                                  fardata      000000
__Hibigdata                                 ibigdata     000000
__Hidata                                    idata        000000
__HidataBANK0                               idataBANK0   000000
__HidataBANK3                               idataBANK3   000000
__HidataBANK5                               idataBANK5   000000
__HidataCOMRAM                              idataCOMRAM  000000
__Hidloc                                    idloc        200008
__Hifardata                                 ifardata     000000
__Hinit                                     init         0001CA
__Hintcode                                  intcode      000018
__Hintcode_body                             intcode_body 000000
__Hintcodelo                                intcodelo    0001CA
__Hintentry                                 intentry     000000
__Hintret                                   intret       000000
__Hintsave_regs                             intsave_regs 000000
__Hirdata                                   irdata       000000
__Hmediumconst                              mediumconst  010000
__HnvFARRAM                                 nvFARRAM     000000
__Hnvbit                                    nvbit        000000
__Hnvrram                                   nvrram       000000
__Hparam                                    rparam       000000
__Hpowerup                                  powerup      0001CA
__Hram                                      ram          000000
__Hramtop                                   ramtop       001000
__Hrbit                                     rbit         000000
__Hrbss                                     rbss         000000
__Hrdata                                    rdata        000000
__Hreset_vec                                reset_vec    000004
__Hrparam                                   rparam       000000
__Hsfr                                      sfr          000000
__Hsmallconst                               smallconst   000000
__Hspace_0                                  (abs)        30000E
__Hspace_1                                  (abs)        0006C8
__Hspace_2                                  (abs)        000000
__Hstack                                    stack        000000
__Hstruct                                   struct       000000
__Htemp                                     temp         000000
__Htext                                     text         000000
__Htext0                                    text0        000000
__Htext1                                    text1        000000
__Htext10                                   text10       000000
__Htext100                                  text100      000000
__Htext101                                  text101      000000
__Htext102                                  text102      000000
__Htext103                                  text103      000000
__Htext104                                  text104      000000
__Htext105                                  text105      000000
__Htext106                                  text106      000000
__Htext107                                  text107      000000
__Htext108                                  text108      000000
__Htext109                                  text109      000000
__Htext11                                   text11       000000
__Htext111                                  text111      000000
__Htext112                                  text112      000000
__Htext113                                  text113      000000
__Htext114                                  text114      000000
__Htext115                                  text115      000000
__Htext116                                  text116      000000
__Htext117                                  text117      000000
__Htext118                                  text118      000000
__Htext12                                   text12       000000
__Htext120                                  text120      000000
__Htext121                                  text121      000000
__Htext122                                  text122      000000
__Htext123                                  text123      000000
__Htext124                                  text124      000000
__Htext125                                  text125      000000
__Htext13                                   text13       000000
__Htext14                                   text14       000000
__Htext15                                   text15       000000
__Htext16                                   text16       000000
__Htext17                                   text17       000000
__Htext18                                   text18       000000
__Htext19                                   text19       000000
__Htext2                                    text2        000000
__Htext20                                   text20       000000
__Htext21                                   text21       000000
__Htext22                                   text22       000000
__Htext23                                   text23       000000
__Htext24                                   text24       000000
__Htext25                                   text25       000000
__Htext26                                   text26       000000
__Htext27                                   text27       000000
__Htext28                                   text28       000000
__Htext29                                   text29       000000
__Htext3                                    text3        000000
__Htext30                                   text30       000000
__Htext31                                   text31       000000
__Htext32                                   text32       000000
__Htext33                                   text33       000000
__Htext34                                   text34       000000
__Htext35                                   text35       000000
__Htext36                                   text36       000000
__Htext37                                   text37       000000
__Htext38                                   text38       000000
__Htext39                                   text39       000000
__Htext4                                    text4        000000
__Htext40                                   text40       000000
__Htext41                                   text41       000000
__Htext42                                   text42       000000
__Htext43                                   text43       000000
__Htext44                                   text44       000000
__Htext45                                   text45       000000
__Htext46                                   text46       000000
__Htext47                                   text47       000000
__Htext48                                   text48       000000
__Htext49                                   text49       000000
__Htext5                                    text5        000000
__Htext50                                   text50       000000
__Htext51                                   text51       000000
__Htext52                                   text52       000000
__Htext53                                   text53       000000
__Htext54                                   text54       000000
__Htext55                                   text55       000000
__Htext56                                   text56       000000
__Htext57                                   text57       000000
__Htext58                                   text58       000000
__Htext59                                   text59       000000
__Htext6                                    text6        000000
__Htext60                                   text60       000000
__Htext61                                   text61       000000
__Htext62                                   text62       000000
__Htext63                                   text63       000000
__Htext64                                   text64       000000
__Htext65                                   text65       000000
__Htext66                                   text66       000000
__Htext67                                   text67       000000
__Htext68                                   text68       000000
__Htext69                                   text69       000000
__Htext7                                    text7        000000
__Htext70                                   text70       000000
__Htext71                                   text71       000000
__Htext72                                   text72       000000
__Htext73                                   text73       000000
__Htext74                                   text74       000000
__Htext75                                   text75       000000
__Htext76                                   text76       000000
__Htext77                                   text77       000000
__Htext78                                   text78       000000
__Htext79                                   text79       000000
__Htext8                                    text8        000000
__Htext80                                   text80       000000
__Htext81                                   text81       000000
__Htext82                                   text82       000000
__Htext83                                   text83       000000
__Htext84                                   text84       000000
__Htext85                                   text85       000000
__Htext86                                   text86       000000
__Htext87                                   text87       000000
__Htext88                                   text88       000000
__Htext89                                   text89       000000
__Htext9                                    text9        000000
__Htext90                                   text90       000000
__Htext91                                   text91       000000
__Htext92                                   text92       000000
__Htext93                                   text93       000000
[...]
  cleanBuffer1    1   29[COMRAM] unsigned char 
 Return value:  Size  Location     Type
		None               void
 Registers used:
		wreg, fsr2l, fsr2h, status,2, status,0, prodl, prodh
 Tracked objects:
		On entry : 
		On exit  : 
		Unchanged: 
 Data sizes:     COMRAM   BANK0   BANK1   BANK2   BANK3   BANK4   BANK5   BANK6   BANK7   BANK8   BANK9  BANK10  BANK11  BANK12  BANK13  BANK14  BANK15
      Params:         4       0       0       0       0       0       0       0       0       0       0       0       0       0       0       0       0
      Locals:         1       0       0       0       0       0       0       0       0       0       0       0       0       0       0       0       0
      Temps:          3       0       0       0       0       0       0       0       0       0       0       0       0       0       0       0       0
      Totals:         8       0       0       0       0       0       0       0       0       0       0       0       0       0       0       0       0
Total ram usage:        8 bytes
 Hardware stack levels used:    1
 This function calls:
		Nothing
 This function is called by:
		_high_isr
 This function uses a non-reentrant model


 *************** function i2_ResetTimer0 *****************
 Defined at:
		line 79 in file "Timer.c"
 Parameters:    Size  Location     Type
		None
 Auto vars:     Size  Location     Type
		None
 Return value:  Size  Location     Type
		None               void
 Registers used:
		wreg, status,2
 Tracked objects:
		On entry : 
		On exit  : 
		Unchanged: 
 Data sizes:     COMRAM   BANK0   BANK1   BANK2   BANK3   BANK4   BANK5   BANK6   BANK7   BANK8   BANK9  BANK10  BANK11  BANK12  BANK13  BANK14  BANK15
      Params:         0       0       0       0       0       0       0       0       0       0       0       0       0       0       0       0       0
      Locals:         0       0       0       0       0       0       0       0       0       0       0       0       0       0       0       0       0
      Temps:          0       0       0       0       0       0       0       0       0       0       0       0       0       0       0       0       0
      Totals:         0       0       0       0       0       0       0       0       0       0       0       0       0       0       0       0       0
Total ram usage:        0 bytes
 Hardware stack levels used:    1
 This function calls:
		Nothing
 This function is called by:
		_high_isr
 This function uses a non-reentrant model


 *************** function i2_ReadIRpin *****************
 Defined at:
		line 107 in file "IR.c"
 Parameters:    Size  Location     Type
		None
 Auto vars:     Size  Location     Type
		None
 Return value:  Size  Location     Type
                  1    wreg      unsigned char 
 Registers used:
		wreg
 Tracked objects:
		On entry : 
		On exit  : 
		Unchanged: 
 Data sizes:     COMRAM   BANK0   BANK1   BANK2   BANK3   BANK4   BANK5   BANK6   BANK7   BANK8   BANK9  BANK10  BANK11  BANK12  BANK13  BANK14  BANK15
      Params:         0       0       0       0       0       0       0       0       0       0       0       0       0       0       0       0       0
      Locals:         0       0       0       0       0       0       0       0       0       0       0       0       0       0       0       0       0
      Temps:          0       0       0       0       0       0       0       0       0       0       0       0       0       0       0       0       0
      Totals:         0       0       0       0       0       0       0       0       0       0       0       0       0       0       0       0       0
Total ram usage:        0 bytes
 Hardware stack levels used:    1
 This function calls:
		Nothing
 This function is called by:
		_high_isr
 This function uses a non-reentrant model


 *************** function _SetTimer0 *****************
 Defined at:
		line 94 in file "Timer.c"
 Parameters:    Size  Location     Type
  temp            2   22[COMRAM] unsigned int 
 Auto vars:     Size  Location     Type
		None
 Return value:  Size  Location     Type
		None               void
 Registers used:
		wreg, status,2
 Tracked objects:
		On entry : 
		On exit  : 
		Unchanged: 
 Data sizes:     COMRAM   BANK0   BANK1   BANK2   BANK3   BANK4   BANK5   BANK6   BANK7   BANK8   BANK9  BANK10  BANK11  BANK12  BANK13  BANK14  BANK15
      Params:         2       0       0       0       0       0       0       0       0       0       0       0       0       0       0       0       0
      Locals:         0       0       0       0       0       0       0       0       0       0       0       0       0       0       0       0       0
      Temps:          0       0       0       0       0       0       0       0       0       0       0       0       0       0       0       0       0
      Totals:         2       0       0       0       0       0       0       0       0       0       0       0       0       0       0       0       0
Total ram usage:        2 bytes
 Hardware stack levels used:    1
 This function calls:
		Nothing
 This function is called by:
		_high_isr
 This function uses a non-reentrant model


 *************** function _ResetTimer3 *****************
 Defined at:
		line 175 in file "Timer.c"
 Parameters:    Size  Location     Type
		None
 Auto vars:     Size  Location     Type
		None
 Return value:  Size  Location     Type
		None               void
 Registers used:
		wreg, status,2
 Tracked objects:
		On entry : 
		On exit  : 
		Unchanged: 
 Data sizes:     COMRAM   BANK0   BANK1   BANK2   BANK3   BANK4   BANK5   BANK6   BANK7   BANK8   BANK9  BANK10  BANK11  BANK12  BANK13  BANK14  BANK15
      Params:         0       0       0       0       0       0       0       0       0       0       0       0       0       0       0       0       0
      Locals:         0       0       0       0       0       0       0       0       0       0       0       0       0       0       0       0       0
      Temps:          0       0       0       0       0       0       0       0       0       0       0       0       0       0       0       0       0
      Totals:         0       0       0       0       0       0       0       0       0       0       0       0       0       0       0       0       0
Total ram usage:        0 bytes
 Hardware stack levels used:    1
 This function calls:
		Nothing
 This function is called by:
		_high_isr
 This function uses a non-reentrant model


 *************** function _IRrawToNEC *****************
 Defined at:
		line 125 in file "IR.c"
 Parameters:    Size  Location     Type
  Raw             2   22[COMRAM] PTR unsigned int 
		 -> IRRawCode(200), 
  NEC             2   24[COMRAM] PTR unsigned long 
		 -> IR_NEC(4), 
  Invert          1   26[COMRAM] unsigned char 
 Auto vars:     Size  Location     Type
  NECtemp         4   29[COMRAM] unsigned long 
  StartBit        1   35[COMRAM] unsigned char 
  i               1   34[COMRAM] unsigned char 
  first           1   33[COMRAM] unsigned char 
 Return value:  Size  Location     Type
                  1    wreg      unsigned char 
 Registers used:
		wreg, fsr2l, fsr2h, status,2, status,0, prodl, prodh
 Tracked objects:
		On entry : 
		On exit  : 
		Unchanged: 
 Data sizes:     COMRAM   BANK0   BANK1   BANK2   BANK3   BANK4   BANK5   BANK6   BANK7   BANK8   BANK9  BANK10  BANK11  BANK12  BANK13  BANK14  BANK15
      Params:         5       0       0       0       0       0       0       0       0       0       0       0       0       0       0       0       0
      Locals:         7       0       0       0       0       0       0       0       0       0       0       0       0       0       0       0       0
      Temps:          2       0       0       0       0       0       0       0       0       0       0       0       0       0       0       0       0
      Totals:        14       0       0       0       0       0       0       0       0       0       0       0       0       0       0       0       0
Total ram usage:       14 bytes
 Hardware stack levels used:    1
 This function calls:
		Nothing
 This function is called by:
		_high_isr
 This function uses a non-reentrant model



MODULE INFORMATION

Module		Function		Class		Link	Load	Size
C:\Program Files (x86)\Microchip\xc8\v1.34\sources\common\ftge.c
		___ftge        		CODE           	92F0	0000	207

C:\Program Files (x86)\Microchip\xc8\v1.34\sources\common\ftge.c estimated size: 207

UART.c
		_OpenUSART     		CODE           	9EC8	0000	125
		_Local_CloseUSA		CODE           	A9C6	0000	15
		_InitUART      		CODE           	8C54	0000	279
		_UARTstring_CON		CODE           	A684	0000	51
		_UARTstring    		CODE           	A7C6	0000	41
		_UARTstringCRLN		CODE           	A44A	0000	67
		_EraseScreen   		CODE           	A7EE	0000	41
		_UARTstringCRLN		CODE           	A546	0000	57
		_UARTchar      		CODE           	A87A	0000	29
		_ClearUSART    		CODE           	A984	0000	19
		_ReadUSART     		CODE           	A8B0	0000	25
		_UARTchar_CONST		CODE           	A83C	0000	33
		_UARTcommandMen		CODE           	88FA	0000	287

UART.c estimated size: 1069

Bluetooth.c
		_BluetoothConfi		CODE           	A996	0000	19
		_BlueConnected 		CODE           	A9FE	0000	15
		_ResetBlue     		CODE           	9062	0000	227
		_WaitForIRsigna		CODE           	9CA4	0000	145
		_BluetoothIniti		CODE           	4446	0000	2023
		_InitBluetooth 		CODE           	A036	0000	119
		_UseBluetooth  		CODE           	01CE	0000	9857
		_EnterCommandMo		CODE           	8026	0000	349

Bluetooth.c estimated size: 12754

C:\Program Files (x86)\Microchip\xc8\v1.34\sources\common\ftdivl.c
		__tdiv_to_l_   		CODE           	7888	0000	423

C:\Program Files (x86)\Microchip\xc8\v1.34\sources\common\ftdivl.c estimated size: 423

Timer.c
		_InitTimer0    		CODE           	A9A8	0000	17
		_InitTimer1    		CODE           	A9E2	0000	15
		_InitTimer2    		CODE           	A9D4	0000	15
		_InitTimer3    		CODE           	AA40	0000	11
		_InitTimers    		CODE           	A938	0000	21
		_SetTimer0     		CODE           	AA5E	0000	11
		_LEDTimerON    		CODE           	A960	0000	19
		_ResetTimer0   		CODE           	AA4A	0000	11
		_ResetTimer1   		CODE           	AA36	0000	11
		_ResetTimer3   		CODE           	AA68	0000	11

Timer.c estimated size: 142

C:\Program Files (x86)\Microchip\xc8\v1.34\sources\common\ftneg.c
		___ftneg       		CODE           	A6B6	0000	49

C:\Program Files (x86)\Microchip\xc8\v1.34\sources\common\ftneg.c estimated size: 49

interrupts.c
		_high_isr      		CODE           	0008	0000	1441
		_low_isr       		CODE           	0018	0000	435

interrupts.c estimated size: 1876

C:\Program Files (x86)\Microchip\xc8\v1.34\sources\common\Umul32.c
		___lmul        		CODE           	9F44	0000	123

C:\Program Files (x86)\Microchip\xc8\v1.34\sources\common\Umul32.c estimated size: 123

C:\Program Files (x86)\Microchip\xc8\v1.34\sources\common\fldivl.c
		__div_to_l_    		CODE           	7A2E	0000	405

C:\Program Files (x86)\Microchip\xc8\v1.34\sources\common\fldivl.c estimated size: 405

C:\Program Files (x86)\Microchip\xc8\v1.34\sources\common\ftsub.c
		___ftsub       		CODE           	A328	0000	81

C:\Program Files (x86)\Microchip\xc8\v1.34\sources\common\ftsub.c estimated size: 81

C:\Program Files (x86)\Microchip\xc8\v1.34\sources\common\float.c
		___ftpack      		CODE           	87DA	0000	289

C:\Program Files (x86)\Microchip\xc8\v1.34\sources\common\float.c estimated size: 289

C:\Program Files (x86)\Microchip\xc8\v1.34\sources\common\awmod.c
		___awmod       		CODE           	9788	0000	181

C:\Program Files (x86)\Microchip\xc8\v1.34\sources\common\awmod.c estimated size: 181

RF.c
		_SendRF_wait   		CODE           	A4CE	0000	63
		_SendRF_Channel		CODE           	6BBA	0000	641
		_SendRF        		CODE           	8F72	0000	241

RF.c estimated size: 945

C:\Program Files (x86)\Microchip\xc8\v1.34\sources\common\llmod.c
		___llmod       		CODE           	98EA	0000	165

C:\Program Files (x86)\Microchip\xc8\v1.34\sources\common\llmod.c estimated size: 165

Button.c
		_ReadPushButton		CODE           	A9B8	0000	15
		_ReadCodeButton		CODE           	A2D4	0000	85

Button.c estimated size: 100

C:\Program Files (x86)\Microchip\xc8\v1.34\sources\common\ftmul.c
		___ftmul       		CODE           	7EBA	0000	365

C:\Program Files (x86)\Microchip\xc8\v1.34\sources\common\ftmul.c estimated size: 365

C:\Program Files (x86)\Microchip\xc8\v1.34\sources\common\isdigit.c
		_isdigit       		CODE           	A716	0000	47

C:\Program Files (x86)\Microchip\xc8\v1.34\sources\common\isdigit.c estimated size: 47

EEPROM.c
		_SetEEPROMdefau		CODE           	8B36	0000	287
		_SetMemoryLong 		CODE           	8E78	0000	251
		_SetMemoryChar 		CODE           	A50C	0000	59
		_EEPROM_UNLOCK 		CODE           	A8E0	0000	23
		_EEPROMinitiali		CODE           	A94C	0000	21
		_ReadEEPROM_1By		CODE           	A226	0000	89
		_GetEEPROM1    		CODE           	9144	0000	221
		_GetEEPROM2    		CODE           	948A	0000	203
		_WriteEEPROM_1B		CODE           	A170	0000	93
		_SetEEPROM1    		CODE           	86AE	0000	301
		_SetEEPROM2    		CODE           	8D6A	0000	271
		_SyncEEPROMToGl		CODE           	750C	0000	463
		_SyncGlobalToEE		CODE           	9AD2	0000	161
		_GetMemoryLong 		CODE           	7D4A	0000	369
		_GetMemoryChar 		CODE           	A79C	0000	43

EEPROM.c estimated size: 2855

C:\Program Files (x86)\Microchip\xc8\v1.34\sources\common\lwtoft.c
		___lwtoft      		CODE           	A744	0000	45

C:\Program Files (x86)\Microchip\xc8\v1.34\sources\common\lwtoft.c estimated size: 45

C:\Program Files (x86)\Microchip\xc8\v1.34\sources\common\ftdiv.c
		___ftdiv       		CODE           	8182	0000	339

C:\Program Files (x86)\Microchip\xc8\v1.34\sources\common\ftdiv.c estimated size: 339

C:\Program Files (x86)\Microchip\xc8\v1.34\sources\common\lltoft.c
		___lltoft      		CODE           	9E48	0000	129

C:\Program Files (x86)\Microchip\xc8\v1.34\sources\common\lltoft.c estimated size: 129

shared
		i1_UARTchar    		CODE           	A922	0000	23
		_Conf2_ChannelB		MEDIUMCONST    	EEEE	0000	20
		_Conf2_ChannelD		MEDIUMCONST    	EF01	0000	20
		_Conf1_ChannelD		MEDIUMCONST    	F013	0000	13
		_Conf1_ChannelE		MEDIUMCONST    	F01F	0000	13
		_Conf1_ChannelF		MEDIUMCONST    	F02B	0000	13
		i1_UARTstring  		CODE           	A816	0000	39
		i2_cleanBuffer1		CODE           	A48C	0000	67
		_Conf1_Channels		MEDIUMCONST    	F045	0000	5
		__powers_      		MEDIUMCONST    	EE12	0000	40
		_Conf2_ChannelB		MEDIUMCONST    	EF38	0000	17
		_Conf2_ChannelD		MEDIUMCONST    	EF58	0000	17
		_Conf2_ChannelH		MEDIUMCONST    	EE73	0000	22
		_Conf2_ChannelH		MEDIUMCONST    	EE88	0000	22
		_Conf2_ChannelH		MEDIUMCONST    	EE9D	0000	22
		i2_ReadIRpin   		CODE           	AA28	0000	15
		_dpowers       		MEDIUMCONST    	EDC3	0000	41
		_SYNTAX_ERR    		MEDIUMCONST    	F005	0000	15
		_PCBVersion    		MEDIUMCONST    	F040	0000	6
		i1_BlueConnecte		CODE           	AA1A	0000	15
		i2_ResetTimer0 		CODE           	AA54	0000	11
		_Conf2_Channels		MEDIUMCONST    	F049	0000	5
		_FirmVersion   		MEDIUMCONST    	F037	0000	10
		__npowers_     		MEDIUMCONST    	EDEB	0000	40
		_Conf1_ChannelD		MEDIUMCONST    	EFD8	0000	16
		_Conf1_ChannelE		MEDIUMCONST    	EFE7	0000	16
		_Conf1_ChannelF		MEDIUMCONST    	EFF6	0000	16
		i1_ReadUSART   		CODE           	A90C	0000	23
		__initializatio		CODE           	93BE	0000	199
		_CRLN          		MEDIUMCONST    	F051	0000	4
		_ProjectName   		MEDIUMCONST    	EE59	0000	27
		_Conf2_ChannelH		MEDIUMCONST    	EF78	0000	17
		_Conf2_ChannelH		MEDIUMCONST    	EF98	0000	17
		_Conf2_ChannelH		MEDIUMCONST    	EFB8	0000	17
		i1_UARTstring_C		CODE           	A6E6	0000	49
		_Conf2_ChannelH		MEDIUMCONST    	EEB2	0000	21
		_Conf2_ChannelH		MEDIUMCONST    	EEC6	0000	21
		_Conf2_ChannelH		MEDIUMCONST    	EEDA	0000	21
		_hexpowers     		MEDIUMCONST    	EE39	0000	33
		_Conf2_ChannelB		MEDIUMCONST    	EF14	0000	19
		_Conf2_ChannelD		MEDIUMCONST    	EF26	0000	19
		_Conf2_ChannelB		MEDIUMCONST    	EF48	0000	17
		_Conf2_ChannelD		MEDIUMCONST    	EF68	0000	17
		_Conf2_ChannelH		MEDIUMCONST    	EF88	0000	17
		_Frequency     		MEDIUMCONST    	F04D	0000	5
		_Conf2_ChannelH		MEDIUMCONST    	EFA8	0000	17
		_Conf2_ChannelH		MEDIUMCONST    	EFC8	0000	17
		i1_UARTchar_CON		CODE           	A896	0000	27

shared estimated size: 1163

C:\Program Files (x86)\Microchip\xc8\v1.34\sources\common\altoft.c
		___altoft      		CODE           	9A30	0000	163

C:\Program Files (x86)\Microchip\xc8\v1.34\sources\common\altoft.c estimated size: 163

ADC.c
		_InternalADC_Re		CODE           	998E	0000	163
		_ReadVoltage   		CODE           	961A	0000	185
		_VoltageDivider		CODE           	AA82	0000	5
		_InitADC       		CODE           	A8F6	0000	23
		_VoltageDivider		CODE           	AA72	0000	7
		_ResetADC      		CODE           	AA0C	0000	15

ADC.c estimated size: 398

C:\Program Files (x86)\Microchip\xc8\v1.34\sources\common\awdiv.c
		___awdiv       		CODE           	9220	0000	209

C:\Program Files (x86)\Microchip\xc8\v1.34\sources\common\awdiv.c estimated size: 209

MISC.c
		_Round         		CODE           	A0AC	0000	103
		_StringContains		CODE           	8574	0000	315
		_BufferCopy    		CODE           	9DBE	0000	139
		_StringContains		CODE           	76DA	0000	431
		_GetStringAfter		CODE           	8A18	0000	287
		_cleanBuffer   		CODE           	A1CC	0000	91
		_IsAlphaNumeric		CODE           	A5B6	0000	55
		_cleanBuffer16b		CODE           	A112	0000	95
		_lowercaseStrin		CODE           	A406	0000	69
		_delayUS       		CODE           	A27E	0000	87
		_IsAlphaNumeric		CODE           	A5EC	0000	53
		_Reverse_Byte  		CODE           	96D2	0000	183
		_IsLetter      		CODE           	A652	0000	51
		_Reverse_4Byte 		CODE           	37C8	0000	3199
		_IsNumber      		CODE           	A85C	0000	31
		_StringAddEqual		CODE           	730C	0000	513
		_StringMatch   		CODE           	9FBE	0000	121
		_GetNumber     		CODE           	5CD2	0000	1159
		_IsCharacter   		CODE           	A8C8	0000	25
		_StringMatchCas		CODE           	9C10	0000	149
		_GetNumberUnsig		CODE           	6158	0000	1119
		_lowercaseChar 		CODE           	A770	0000	45

MISC.c estimated size: 8320

IR.c
		_DecodeNEC     		CODE           	983C	0000	175
		_InitIR        		CODE           	A378	0000	73
		_EncodeNEC     		CODE           	8426	0000	335
		_UseIRCode     		CODE           	70B8	0000	597
		_IRrawToNEC    		CODE           	65B6	0000	813
		_ReadIRpin     		CODE           	A9F0	0000	15
		_SendNEC_wait  		CODE           	9B72	0000	159
		_SendNEC_bytes 		CODE           	9D34	0000	139
		_CheckReceiving		CODE           	A972	0000	19

IR.c estimated size: 2325

C:\Program Files (x86)\Microchip\xc8\v1.34\sources\common\lldiv.c
		___lldiv       		CODE           	9554	0000	199

C:\Program Files (x86)\Microchip\xc8\v1.34\sources\common\lldiv.c estimated size: 199

user.c
		_InitApp       		CODE           	A3C0	0000	71
		_Init_System   		CODE           	7BC2	0000	393

user.c estimated size: 464

C:\Program Files (x86)\Microchip\xc8\v1.34\sources\common\doprnt.c
		_scale         		CODE           	57CE	0000	1285
		_sprintf       		CODE           	284E	0000	3963
		_fround        		CODE           	68E2	0000	729

C:\Program Files (x86)\Microchip\xc8\v1.34\sources\common\doprnt.c estimated size: 5977

C:\Program Files (x86)\Microchip\xc8\v1.34\sources\common\fttol.c
		___fttol       		CODE           	82D4	0000	339

C:\Program Files (x86)\Microchip\xc8\v1.34\sources\common\fttol.c estimated size: 339

main.c
		_main          		CODE           	4C2C	0000	1555

main.c estimated size: 1555

C:\Program Files (x86)\Microchip\xc8\v1.34\sources\common\Umul16.c
		___wmul        		CODE           	A57E	0000	57

C:\Program Files (x86)\Microchip\xc8\v1.34\sources\common\Umul16.c estimated size: 57

system.c
		_ConfigureOscil		CODE           	AA86	0000	3

system.c estimated size: 3

C:\Program Files (x86)\Microchip\xc8\v1.34\sources\common\ftadd.c
		___ftadd       		CODE           	6E3A	0000	639

C:\Program Files (x86)\Microchip\xc8\v1.34\sources\common\ftadd.c estimated size: 639

