Microchip MPLAB XC8 Compiler V1.33 ()

Linker command line:

-W-1 --edf=C:\Program Files (x86)\Microchip\xc8\v1.33\dat\en_msgs.txt -cs \
  -h+dist/xc8_pic18f26k20/production\PIC_IR_RF_Bluetooth_Home_Automation.production.sym \
  --cmf=dist/xc8_pic18f26k20/production\PIC_IR_RF_Bluetooth_Home_Automation.production.cmf \
  -z -Q18F26K20 -oC:\Users\David\AppData\Local\Temp\s52s.6 \
  -Mdist/xc8_pic18f26k20/production/PIC_IR_RF_Bluetooth_Home_Automation.production.map \
  -E1 -ver=XC8 -ASTACK=0A00h-0f5fh -pstack=STACK -ACODE=00h-0FFFFh \
  -ACONST=00h-0FFFFh -ASMALLCONST=01000h-010FFhx240 \
  -AMEDIUMCONST=01000h-0FFFFh -ACOMRAM=01h-05Fh -AABS1=00h-0F5Fh \
  -ABIGRAM=01h-0F5Fh -ARAM=060h-0FFh,0100h-01FFhx14,0F00h-0F5Fh \
  -ABANK0=060h-0FFh -ABANK1=0100h-01FFh -ABANK2=0200h-02FFh \
  -ABANK3=0300h-03FFh -ABANK4=0400h-04FFh -ABANK5=0500h-05FFh \
  -ABANK6=0600h-06FFh -ABANK7=0700h-07FFh -ABANK8=0800h-08FFh \
  -ABANK9=0900h-09FFh -ABANK10=0A00h-0AFFh -ABANK11=0B00h-0BFFh \
  -ABANK12=0C00h-0CFFh -ABANK13=0D00h-0DFFh -ABANK14=0E00h-0EFFh \
  -ABANK15=0F00h-0F5Fh -ASFR=0F60h-0FFFh \
  -preset_vec=00h,intcode=08h,intcodelo=018h,powerup,init,end_init \
  -pramtop=01000h -psmallconst=SMALLCONST -pmediumconst=MEDIUMCONST \
  -pconst=CONST -AFARRAM=00h-00h -ACONFIG=0300000h-030000Dh -pconfig=CONFIG \
  -AIDLOC=0200000h-0200007h -pidloc=IDLOC -AEEDATA=0F00000h-0F003FFh \
  -peeprom_data=EEDATA \
  -prdata=COMRAM,nvrram=COMRAM,nvbit=COMRAM,rbss=COMRAM,rbit=COMRAM \
  -pfarbss=FARRAM,fardata=FARRAM,nvFARRAM=FARRAM \
  -pintsave_regs=BIGRAM,bigbss=BIGRAM,bigdata=BIGRAM -pbss=RAM \
  -pidata=CODE,irdata=CODE,ibigdata=CODE,ifardata=CODE \
  C:\Users\David\AppData\Local\Temp\s52s.obj \
  dist/xc8_pic18f26k20/production\PIC_IR_RF_Bluetooth_Home_Automation.production.obj 

Object code version is 3.11

Machine type is 18F26K20

Call graph: (short form)




                Name                               Link     Load   Length Selector   Space Scale
C:\Users\David\AppData\Local\Temp\s52s.obj
                end_init                            1D4      1D4        4        C       0
                reset_vec                             0        0        4        0       0
                idloc                            200000   200000        8   200000       0
                config                           300000   300000        E   300000       0
dist/xc8_pic18f26k20/production\PIC_IR_RF_Bluetooth_Home_Automation.production.obj
                intcodelo                            18       18      1BC        C       0
                intcode                               8        8       10        4       0
                mediumconst                        EDC2     EDC2     123E     76E1       0
                text125                            6AA6     6AA6      3B8        C       0
                text124                            B26C     B26C        A        C       0
                text123                            B144     B144       14        C       0
                text122                            B238     B238        C        C       0
                text121                            B262     B262        A        C       0
                text120                            ACB0     ACB0       40        C       0
                intcode_body                       5C76     5C76      542        C       0
                text118                            B18E     B18E       12        C       0
                text117                            B016     B016       26        C       0
                text116                            B098     B098       18        C       0
                text115                            B22C     B22C        C        C       0
                text114                            B130     B130       14        C       0
                text113                            B03C     B03C       24        C       0
                text112                            B0F2     B0F2       16        C       0
                text111                            AF96     AF96       2E        C       0
                text109                            B28A     B28A        2        C       0
                text108                            AC6A     AC6A       46        C       0
                text107                            B17C     B17C       12        C       0
                text106                            B1FA     B1FA        E        C       0
                text105                            B0DC     B0DC       16        C       0
                text104                            B1C0     B1C0       10        C       0
                text103                            AA92     AA92       58        C       0
                text102                            A6DC     A6DC       7E        C       0
                text101                            B220     B220        C        C       0
                text100                            B0C6     B0C6       16        C       0
                text99                             B16A     B16A       12        C       0
                text98                             A918     A918       62        C       0
                text97                             929E     929E      11E        C       0
                text96                             8E06     8E06      130        C       0
                text95                             B07E     B07E       1A        C       0
                text94                             AD6A     AD6A       38        C       0
                text93                             9C60     9C60       D4        C       0
                text92                             AED8     AED8       32        C       0
                text91                             95D2     95D2      10A        C       0
                text90                             718A     718A      280        C       0
                text89                             AD2E     AD2E       3C        C       0
                text88                             86FE     86FE      17C        C       0
                text87                             9B8C     9B8C       D4        C       0
                text86                             A24C     A24C       A4        C       0
                text85                             A65E     A65E       7E        C       0
                text84                             78AA     78AA      228        C       0
                text83                             7CD4     7CD4      1E0        C       0
                text82                             9AAA     9AAA       E2        C       0
                text81                             9DFE     9DFE       C4        C       0
                text80                             89F4     89F4      176        C       0
                text79                             ADD8     ADD8       36        C       0
                text78                             6E5E     6E5E      32C        C       0
                text77                             AFC4     AFC4       2C        C       0
                text76                             56B4     56B4      5C2        C       0
                text75                             2A8E     2A8E      FE4        C       0
                text74                             83E8     83E8      19A        C       0
                text73                             AE0E     AE0E       34        C       0
                text72                             7EB4     7EB4      1C0        C       0
                text71                             B0B0     B0B0       16        C       0
                text70                             AFF0     AFF0       26        C       0
                text69                             476C     476C      8DA        C       0
                text68                             A9D8     A9D8       5E        C       0
                text67                             AF0A     AF0A       30        C       0
                text66                             B11C     B11C       14        C       0
                text65                             A97A     A97A       5E        C       0
                text64                             AC22     AC22       48        C       0
                text63                             8582     8582      17C        C       0
                text62                             97E2     97E2       FA        C       0
                text61                             8F36     8F36      126        C       0
                text60                             94C8     94C8      10A        C       0
                text59                             9F80     9F80       BA        C       0
                text58                             A5E0     A5E0       7E        C       0
                text57                             B1B0     B1B0       10        C       0
                text56                             B214     B214        C        C       0
                text55                             B258     B258        A        C       0
                text54                             AA36     AA36       5C        C       0
                text53                             AAEA     AAEA       54        C       0
                text52                             B1EC     B1EC        E        C       0
                text51                             B1DE     B1DE        E        C       0
                text50                             B24E     B24E        A        C       0
                text49                             B108     B108       14        C       0
                text48                             B1D0     B1D0        E        C       0
                text47                             A7D0     A7D0       74        C       0
                text46                             9D34     9D34       CA        C       0
                text45                             A8B4     A8B4       64        C       0
                text44                             8CC2     8CC2      144        C       0
                text43                             93BC     93BC      10C        C       0
                text42                             917E     917E      120        C       0
                text41                             98DC     98DC       E8        C       0
                text40                             822E     822E      1BA        C       0
                text39                             8074     8074      1BA        C       0
                text38                             A03A     A03A       B4        C       0
                text37                             A0EE     A0EE       B0        C       0
                text36                             887A     887A      17A        C       0
                text35                             AF68     AF68       2E        C       0
                text34                             A55A     A55A       86        C       0
                text33                             61B8     61B8      492        C       0
                text32                             664A     664A      45C        C       0
                text31                             96DC     96DC      106        C       0
                text30                             B060     B060       1E        C       0
                text29                             AEA6     AEA6       32        C       0
                text28                             AE74     AE74       32        C       0
                text27                             A38E     A38E       9E        C       0
                text26                             B286     B286        4        C       0
                text25                             B27C     B27C        6        C       0
                text24                             8B6A     8B6A      158        C       0
                text23                             AF3A     AF3A       2E        C       0
                text22                             9EC2     9EC2       BE        C       0
                text21                             B1A0     B1A0       10        C       0
                text20                             3A72     3A72      CFA        C       0
                text19                             A844     A844       70        C       0
                text18                             A2F0     A2F0       9E        C       0
                text17                             B244     B244        A        C       0
                text16                             B158     B158       12        C       0
                text15                             99C4     99C4       E6        C       0
                text14                             ACF0     ACF0       3E        C       0
                text13                             7AD2     7AD2      202        C       0
                text12                             A75A     A75A       76        C       0
                text11                             A42C     A42C       9C        C       0
                text10                             905C     905C      122        C       0
                text9                              ADA2     ADA2       36        C       0
                text8                              ABDA     ABDA       48        C       0
                text7                              A4C8     A4C8       92        C       0
                text6                              AB90     AB90       4A        C       0
                text5                               1D8      1D8     28B6        C       0
                text4                              AB3E     AB3E       52        C       0
                text3                              B208     B208        C        C       0
                text2                              740A     740A      256        C       0
                text1                              7660     7660      24A        C       0
                text0                              5046     5046      66E        C       0
                cstackCOMRAM                          1        1       39        1       1
                cstackBANK0                          60       60       A0       60       1
                cstackBANK1                         100      100       FF      100       1
                cstackBANK2                         200      200       95      200       1
                cstackBANK3                         300      300       E5      300       1
                bssBANK6                            600      600       C8      600       1
                dataBANK5                           53C      53C       32      500       1
                bssBANK5                            500      500       3C      500       1
                bssBANK4                            400      400       F1      400       1
                dataBANK3                           3F1      3F1        4      300       1
                bssBANK3                            3E5      3E5        C      300       1
                bssBANK2                            295      295       5E      200       1
                dataCOMRAM                           56       56        6        1       1
                bssCOMRAM                            3A       3A       1C        1       1
                cinit                              A19E     A19E       AE        C       0
                idataBANK5                         AE42     AE42       32        C       0
                idataBANK3                         B282     B282        4        C       0
                idataCOMRAM                        B276     B276        6        C       0

TOTAL           Name                               Link     Load   Length     Space
        CLASS   STACK          

        CLASS   CODE           
                end_init                            1D4      1D4        4         0
                intcodelo                            18       18      1BC         0
                intcode                               8        8       10         0
                reset_vec                             0        0        4         0
                text125                            6AA6     6AA6      3B8         0
                text124                            B26C     B26C        A         0
                text123                            B144     B144       14         0
                text122                            B238     B238        C         0
                text121                            B262     B262        A         0
                text120                            ACB0     ACB0       40         0
                intcode_body                       5C76     5C76      542         0
                text118                            B18E     B18E       12         0
                text117                            B016     B016       26         0
                text116                            B098     B098       18         0
                text115                            B22C     B22C        C         0
                text114                            B130     B130       14         0
                text113                            B03C     B03C       24         0
                text112                            B0F2     B0F2       16         0
                text111                            AF96     AF96       2E         0
                text109                            B28A     B28A        2         0
                text108                            AC6A     AC6A       46         0
                text107                            B17C     B17C       12         0
                text106                            B1FA     B1FA        E         0
                text105                            B0DC     B0DC       16         0
                text104                            B1C0     B1C0       10         0
                text103                            AA92     AA92       58         0
                text102                            A6DC     A6DC       7E         0
                text101                            B220     B220        C         0
                text100                            B0C6     B0C6       16         0
                text99                             B16A     B16A       12         0
                text98                             A918     A918       62         0
                text97                             929E     929E      11E         0
                text96                             8E06     8E06      130         0
                text95                             B07E     B07E       1A         0
                text94                             AD6A     AD6A       38         0
                text93                             9C60     9C60       D4         0
                text92                             AED8     AED8       32         0
                text91                             95D2     95D2      10A         0
                text90                             718A     718A      280         0
                text89                             AD2E     AD2E       3C         0
                text88                             86FE     86FE      17C         0
                text87                             9B8C     9B8C       D4         0
                text86                             A24C     A24C       A4         0
                text85                             A65E     A65E       7E         0
                text84                             78AA     78AA      228         0
                text83                             7CD4     7CD4      1E0         0
                text82                             9AAA     9AAA       E2         0
                text81                             9DFE     9DFE       C4         0
                text80                             89F4     89F4      176         0
                text79                             ADD8     ADD8       36         0
                text78                             6E5E     6E5E      32C         0
                text77                             AFC4     AFC4       2C         0
                text76                             56B4     56B4      5C2         0
                text75                             2A8E     2A8E      FE4         0
                text74                             83E8     83E8      19A         0
                text73                             AE0E     AE0E       34         0
                text72                             7EB4     7EB4      1C0         0
                text71                             B0B0     B0B0       16         0
                text70                             AFF0     AFF0       26         0
                text69                             476C     476C      8DA         0
                text68                             A9D8     A9D8       5E         0
                text67                             AF0A     AF0A       30         0
                text66                             B11C     B11C       14         0
                text65                             A97A     A97A       5E         0
                text64                             AC22     AC22       48         0
                text63                             8582     8582      17C         0
                text62                             97E2     97E2       FA         0
                text61                             8F36     8F36      126         0
                text60                             94C8     94C8      10A         0
                text59                             9F80     9F80       BA         0
                text58                             A5E0     A5E0       7E         0
                text57                             B1B0     B1B0       10         0
                text56                             B214     B214        C         0
                text55                             B258     B258        A         0
                text54                             AA36     AA36       5C         0
                text53                             AAEA     AAEA       54         0
                text52                             B1EC     B1EC        E         0
                text51                             B1DE     B1DE        E         0
                text50                             B24E     B24E        A         0
                text49                             B108     B108       14         0
                text48                             B1D0     B1D0        E         0
                text47                             A7D0     A7D0       74         0
                text46                             9D34     9D34       CA         0
                text45                             A8B4     A8B4       64         0
                text44                             8CC2     8CC2      144         0
                text43                             93BC     93BC      10C         0
                text42                             917E     917E      120         0
                text41                             98DC     98DC       E8         0
                text40                             822E     822E      1BA         0
                text39                             8074     8074      1BA         0
                text38                             A03A     A03A       B4         0
                text37                             A0EE     A0EE       B0         0
                text36                             887A     887A      17A         0
                text35                             AF68     AF68       2E         0
                text34                             A55A     A55A       86         0
                text33                             61B8     61B8      492         0
                text32                             664A     664A      45C         0
                text31                             96DC     96DC      106         0
                text30                             B060     B060       1E         0
                text29                             AEA6     AEA6       32         0
                text28                             AE74     AE74       32         0
                text27                             A38E     A38E       9E         0
                text26                             B286     B286        4         0
                text25                             B27C     B27C        6         0
                text24                             8B6A     8B6A      158         0
                text23                             AF3A     AF3A       2E         0
                text22                             9EC2     9EC2       BE         0
                text21                             B1A0     B1A0       10         0
                text20                             3A72     3A72      CFA         0
                text19                             A844     A844       70         0
                text18                             A2F0     A2F0       9E         0
                text17                             B244     B244        A         0
                text16                             B158     B158       12         0
                text15                             99C4     99C4       E6         0
                text14                             ACF0     ACF0       3E         0
                text13                             7AD2     7AD2      202         0
                text12                             A75A     A75A       76         0
                text11                             A42C     A42C       9C         0
                text10                             905C     905C      122         0
                text9                              ADA2     ADA2       36         0
                text8                              ABDA     ABDA       48         0
                text7                              A4C8     A4C8       92         0
                text6                              AB90     AB90       4A         0
                text5                               1D8      1D8     28B6         0
                text4                              AB3E     AB3E       52         0
                text3                              B208     B208        C         0
                text2                              740A     740A      256         0
                text1                              7660     7660      24A         0
                text0                              5046     5046      66E         0
                cinit                              A19E     A19E       AE         0
                idataBANK5                         AE42     AE42       32         0
                idataBANK3                         B282     B282        4         0
                idataCOMRAM                        B276     B276        6         0

        CLASS   CONST          

        CLASS   SMALLCONST     

        CLASS   MEDIUMCONST    
                mediumconst                        EDC2     EDC2     123E         0

        CLASS   COMRAM         
                cstackCOMRAM                          1        1       39         1
                dataCOMRAM                           56       56        6         1
                bssCOMRAM                            3A       3A       1C         1

        CLASS   ABS1           

        CLASS   BIGRAM         

        CLASS   RAM            

        CLASS   BANK0          
                cstackBANK0                          60       60       A0         1

        CLASS   BANK1          
                cstackBANK1                         100      100       FF         1

        CLASS   BANK2          
                cstackBANK2                         200      200       95         1
                bssBANK2                            295      295       5E         1

        CLASS   BANK3          
                cstackBANK3                         300      300       E5         1
                dataBANK3                           3F1      3F1        4         1
                bssBANK3                            3E5      3E5        C         1

        CLASS   BANK4          
                bssBANK4                            400      400       F1         1

        CLASS   BANK5          
                dataBANK5                           53C      53C       32         1
                bssBANK5                            500      500       3C         1

        CLASS   BANK6          
                bssBANK6                            600      600       C8         1

        CLASS   BANK7          

        CLASS   BANK8          

        CLASS   BANK9          

        CLASS   BANK10         

        CLASS   BANK11         

        CLASS   BANK12         

        CLASS   BANK13         

        CLASS   BANK14         

        CLASS   BANK15         

        CLASS   SFR            

        CLASS   FARRAM         

        CLASS   CONFIG         
                config                           300000   300000        E         0

        CLASS   IDLOC          
                idloc                            200000   200000        8         0

        CLASS   EEDATA         



SEGMENTS        Name                           Load    Length   Top    Selector   Space  Class

                reset_vec                      000000  000004  000004         0       0  CODE    
                cstackCOMRAM                   000001  00005B  00005C         1       1  COMRAM  
                intcode                        000008  000010  000018         4       0  CODE    
                intcodelo                      000018  00B274  00B28C         C       0  CODE    
                cstackBANK0                    000060  0000A0  000100        60       1  BANK0   
                cstackBANK1                    000100  0000FF  0001FF       100       1  BANK1   
                cstackBANK2                    000200  0000F3  0002F3       200       1  BANK2   
                cstackBANK3                    000300  0000F5  0003F5       300       1  BANK3   
                bssBANK4                       000400  0000F1  0004F1       400       1  BANK4   
                bssBANK5                       000500  00006E  00056E       500       1  BANK5   
                bssBANK6                       000600  0000C8  0006C8       600       1  BANK6   
                mediumconst                    00EDC2  00123E  010000      76E1       0  MEDIUMCO
                idloc                          200000  000008  200008    200000       0  IDLOC   
                config                         300000  00000E  30000E    300000       0  CONFIG  


UNUSED ADDRESS RANGES

        Name                Unused          Largest block    Delta
        BANK1            0001FF-0001FF                1
        BANK10           000A00-000AFF              100
        BANK11           000B00-000BFF              100
        BANK12           000C00-000CFF              100
        BANK13           000D00-000DFF              100
        BANK14           000E00-000EFF              100
        BANK15           000F00-000F5F               60
        BANK2            0002F3-0002FF                D
        BANK3            0003F5-0003FF                B
        BANK4            0004F1-0004FF                F
        BANK5            00056E-0005FF               92
        BANK6            0006C8-0006FF               38
        BANK7            000700-0007FF              100
        BANK8            000800-0008FF              100
        BANK9            000900-0009FF              100
        BIGRAM           00005C-00005F                4
                         0001FF-0001FF                1
                         0002F3-0002FF                D
                         0003F5-0003FF                B
                         0004F1-0004FF                F
                         00056E-0005FF               92
                         0006C8-000F5F              898
        CODE             000004-000007                4
                         00B28C-00EDC1             3B36
        COMRAM           00005C-00005F                4
        CONST            000004-000007                4
                         00B28C-00EDC1             3B36
        EEDATA           F00000-F003FF              400
        MEDIUMCONST      00B28C-00EDC1             3B36
        RAM              0001FF-0001FF                1
                         0002F3-0002FF                D
                         0003F5-0003FF                B
                         0004F1-0004FF                F
                         00056E-0005FF               92
                         0006C8-000F5F              100
        SFR              000F60-000FFF               A0
        SMALLCONST       00B28C-00EDC1              100
        STACK            000A00-000F5F              560

                                  Symbol Table

?_EncodeNEC                                 cstackBANK0  000064
?_GetMemoryChar                             cstackBANK0  000067
?_GetMemoryLong                             cstackBANK0  000067
?_ReadEEPROM_1Byte                          cstackBANK0  000060
?_ReadVoltage                               cstackBANK0  000089
?_Reverse_4Byte                             cstackBANK0  000060
?_Round                                     cstackBANK0  0000AE
?_SetEEPROM1                                cstackBANK0  000099
?_SetEEPROM2                                cstackBANK0  000099
?___altoft                                  cstackBANK0  000068
?___awdiv                                   cstackBANK0  000066
?___awmod                                   cstackBANK0  000060
?___ftadd                                   cstackBANK0  000093
?___ftdiv                                   cstackBANK0  00006B
?___ftmul                                   cstackBANK0  00007A
?___ftneg                                   cstackBANK0  000060
?___ftpack                                  cstackBANK0  000060
?___ftsub                                   cstackBANK0  00009F
?___fttol                                   cstackBANK0  00009F
?___lldiv                                   cstackBANK0  000060
?___llmod                                   cstackBANK0  00006D
?___lltoft                                  cstackBANK0  000068
?___lmul                                    cstackBANK0  000060
?___lwtoft                                  cstackBANK0  000068
?___wmul                                    cstackBANK0  00006E
?__div_to_l_                                cstackBANK0  000060
?__tdiv_to_l_                               cstackBANK0  000060
?_fround                                    cstackBANK0  000089
?_scale                                     cstackBANK0  000089
?_sprintf                                   cstackBANK0  0000AE
BluetoothInitialSetup@BluetoothVersionLine1 cstackBANK1  000133
BluetoothInitialSetup@BluetoothVersionLine2 cstackBANK1  000151
BluetoothInitialSetup@BroadcastTEMP         cstackBANK1  00016F
BluetoothInitialSetup@Default               cstackBANK1  0001B7
BluetoothInitialSetup@buf                   cstackBANK1  000184
BluetoothInitialSetup@first                 cstackBANK1  0001B6
BluetoothInitialSetup@i                     cstackBANK1  0001BA
BluetoothInitialSetup@j                     cstackBANK1  0001B8
BluetoothInitialSetup@ok                    cstackBANK1  0001B9
BufferCopy@count                            cstackBANK0  00006C
BufferCopy@from                             cstackBANK0  000068
BufferCopy@i                                cstackBANK0  00006E
BufferCopy@shift                            cstackBANK0  00006D
BufferCopy@to                               cstackBANK0  00006A
DecodeNEC@Nec                               cstackBANK0  000064
DecodeNEC@address                           cstackBANK0  000068
DecodeNEC@command                           cstackBANK0  00006A
DecodeNEC@temp1                             cstackBANK0  000072
DecodeNEC@temp2                             cstackBANK0  000070
DecodeNEC@temp3                             cstackBANK0  000071
EncodeNEC@address                           cstackBANK0  00008C
EncodeNEC@command                           cstackBANK0  000064
EncodeNEC@temp1                             cstackBANK0  00007C
EncodeNEC@temp2                             cstackBANK0  000080
EncodeNEC@temp3                             cstackBANK0  000084
EncodeNEC@temp4                             cstackBANK0  000088
EnterCommandMode@buf                        cstackBANK1  000100
EnterCommandMode@count                      cstackBANK1  000132
EraseScreen@characters                      cstackCOMRAM 000002
EraseScreen@i                               cstackCOMRAM 000003
GetEEPROM1@Arrayspot                        cstackBANK0  000090
GetEEPROM1@Temp                             cstackBANK0  000088
GetEEPROM1@i                                cstackBANK0  000091
GetEEPROM1@j                                cstackBANK0  000092
GetEEPROM2@Arrayspot                        cstackBANK0  000090
GetEEPROM2@Temp                             cstackBANK0  000088
GetEEPROM2@i                                cstackBANK0  000091
GetEEPROM2@j                                cstackBANK0  000092
GetEEPROM2@k                                cstackBANK0  000093
GetMemoryChar@AddressFirst                  cstackBANK0  00006B
GetMemoryChar@H                             cstackBANK0  00006C
GetMemoryLong@AddressFirst                  cstackBANK0  000087
GetMemoryLong@H                             cstackBANK0  000083
GetMemoryLong@L                             cstackBANK0  000086
GetMemoryLong@MH                            cstackBANK0  000084
GetMemoryLong@ML                            cstackBANK0  000085
GetMemoryLong@temp                          cstackBANK0  00007F
GetNumber@CommaNumber                       cstackBANK0  00006E
GetNumber@Hex                               cstackBANK0  000079
GetNumber@This                              cstackBANK0  00006C
GetNumber@count                             cstackBANK0  000078
GetNumber@i                                 cstackBANK0  00007A
GetNumber@negative                          cstackBANK0  000077
GetNumber@result                            cstackBANK0  00006F
GetNumber@temp                              cstackBANK0  00007C
GetNumber@tempCommaNumber                   cstackBANK0  000076
GetNumber@tempThis                          cstackBANK0  00007B
GetNumberUnsigned@CommaNumber               cstackBANK0  00006E
GetNumberUnsigned@Hex                       cstackBANK0  000078
GetNumberUnsigned@This                      cstackBANK0  00006C
GetNumberUnsigned@count                     cstackBANK0  000077
GetNumberUnsigned@i                         cstackBANK0  000079
GetNumberUnsigned@result                    cstackBANK0  00006F
GetNumberUnsigned@temp                      cstackBANK0  00007A
GetNumberUnsigned@tempCommaNumber           cstackBANK0  000076
GetNumberUnsigned@tempThis                  cstackBANK0  00007E
GetStringAfterComma@CommaNumber             cstackBANK0  000062
GetStringAfterComma@This                    cstackBANK0  000060
GetStringAfterComma@count                   cstackBANK0  000066
GetStringAfterComma@result                  cstackBANK0  000063
GetStringAfterComma@tempCommaNumber         cstackBANK0  000065
IRrawToNEC@Invert                           cstackCOMRAM 00001B
IRrawToNEC@NEC                              cstackCOMRAM 000019
IRrawToNEC@NECtemp                          cstackCOMRAM 00001E
IRrawToNEC@Raw                              cstackCOMRAM 000017
IRrawToNEC@StartBit                         cstackCOMRAM 000024
IRrawToNEC@first                            cstackCOMRAM 000022
IRrawToNEC@i                                cstackCOMRAM 000023
InitUART@Baud                               cstackBANK0  0000B5
InitUART@config                             cstackBANK0  0000C2
InitUART@spbrg                              cstackBANK0  0000C0
InitUART@temp                               cstackBANK0  0000C3
Init_System@buf                             cstackBANK1  0001BB
InternalADC_Read@ADCcounts                  cstackBANK0  000069
InternalADC_Read@AnaChanSel                 cstackBANK0  00006D
InternalADC_Read@channel                    cstackBANK0  00006E
IsAlphaNumeric@data                         cstackBANK0  000061
IsAlphaNumericString@data                   cstackBANK0  000062
IsCharacter@data                            cstackCOMRAM 000001
IsLetter@data                               cstackBANK0  000060
IsNumber@data                               cstackBANK0  000060
OpenUSART@config                            cstackBANK0  000065
OpenUSART@spbrg                             cstackBANK0  000060
ReadCodeButtons@temp                        cstackBANK0  000069
ReadEEPROM_1Byte@GIEstatus                  cstackBANK0  000065
ReadEEPROM_1Byte@PEIEstatus                 cstackBANK0  000066
ReadEEPROM_1Byte@address                    cstackBANK0  000060
ReadUSART@data                              cstackBANK0  000060
ReadVoltage@temp                            cstackBANK0  00008F
ReadVoltage@voltage                         cstackBANK0  00008C
Reverse_4Byte@This                          cstackBANK0  000060
Reverse_4Byte@temp                          cstackBANK0  00006C
Reverse_Byte@This                           cstackBANK0  000063
Reverse_Byte@temp                           cstackBANK0  000062
Round@input                                 cstackBANK0  0000AE
Round@temp                                  cstackBANK0  0000B1
SendNEC_bytes@RepeatAmount                  cstackBANK0  000074
SendNEC_bytes@code                          cstackBANK0  000070
SendNEC_wait@RepeatAmount                   cstackBANK0  000079
SendNEC_wait@code                           cstackBANK0  000075
SendNEC_wait@toggle                         cstackBANK0  00007A
SendRF@Code                                 cstackBANK0  000060
SendRF@Config                               cstackBANK0  000062
SendRF@RepeatAmount                         cstackBANK0  000064
SendRF@i                                    cstackBANK0  000067
SendRF@size                                 cstackBANK0  000063
SendRF_Channel@channel                      cstackBANK0  00006D
SendRF_wait@Code                            cstackBANK0  000068
SendRF_wait@Config                          cstackBANK0  00006A
SendRF_wait@amount                          cstackBANK0  00006C
SendRF_wait@size                            cstackBANK0  00006B
SetEEPROM1@Arrayspot                        cstackBANK0  0000BE
SetEEPROM1@Temp                             cstackBANK0  000099
SetEEPROM1@burn                             cstackBANK0  0000B7
SetEEPROM1@fail                             cstackBANK0  0000BF
SetEEPROM1@i                                cstackBANK0  0000C3
SetEEPROM1@j                                cstackBANK0  0000C4
SetEEPROM1@temp                             cstackBANK0  0000BD
SetEEPROM2@Arrayspot                        cstackBANK0  0000E4
SetEEPROM2@Temp                             cstackBANK0  000099
SetEEPROM2@burn                             cstackBANK0  0000D9
SetEEPROM2@fail                             cstackBANK0  0000E0
SetEEPROM2@i                                cstackBANK0  0000E5
SetEEPROM2@j                                cstackBANK0  0000E6
SetEEPROM2@k                                cstackBANK0  0000E7
SetEEPROM2@temp                             cstackBANK0  0000DF
SetEEPROMdefault@i                          cstackBANK0  0000F0
SetEEPROMdefault@j                          cstackBANK0  0000F1
SetEEPROMdefault@k                          cstackBANK0  0000EF
SetMemoryChar@AddressFirst                  cstackBANK0  00006D
SetMemoryChar@Data                          cstackBANK0  000073
SetMemoryChar@Test                          cstackBANK0  000072
SetMemoryLong@AddressFirst                  cstackBANK0  00008C
SetMemoryLong@Data                          cstackBANK0  000088
SetMemoryLong@H                             cstackBANK0  000095
SetMemoryLong@L                             cstackBANK0  000098
SetMemoryLong@MH                            cstackBANK0  000096
SetMemoryLong@ML                            cstackBANK0  000097
SetMemoryLong@Test                          cstackBANK0  000091
SetTimer0@temp                              cstackCOMRAM 000017
StringAddEqual@Input                        cstackBANK0  00006F
StringAddEqual@NullPosition                 cstackBANK0  000073
StringAddEqual@firstnumber                  cstackBANK0  000074
StringAddEqual@i                            cstackBANK0  000075
StringAddEqual@j                            cstackBANK0  000076
StringAddEqual@temp                         cstackBANK1  000100
StringContains@MatchAmount                  cstackBANK0  000066
StringContains@MatchCount                   cstackBANK0  000067
StringContains@That                         cstackBANK0  000062
StringContains@This                         cstackBANK0  000060
StringContains@i                            cstackBANK0  000068
StringContainsCaseInsensitive@MatchAmount   cstackBANK0  000069
StringContainsCaseInsensitive@MatchCount    cstackBANK0  00006A
StringContainsCaseInsensitive@That          cstackBANK0  000065
StringContainsCaseInsensitive@This          cstackBANK0  000063
StringContainsCaseInsensitive@i             cstackBANK0  00006D
StringContainsCaseInsensitive@tempThat      cstackBANK0  00006C
StringContainsCaseInsensitive@tempThis      cstackBANK0  00006B
StringMatch@That                            cstackBANK0  000062
StringMatch@This                            cstackBANK0  000060
StringMatchCaseInsensitive@That             cstackBANK0  000065
StringMatchCaseInsensitive@This             cstackBANK0  000063
StringMatchCaseInsensitive@tempThat         cstackBANK0  000068
StringMatchCaseInsensitive@tempThis         cstackBANK0  000067
SyncEEPROMToGlobal@Temp1                    cstackBANK0  0000D9
SyncEEPROMToGlobal@Temp2                    cstackBANK0  000098
SyncEEPROMToGlobal@i                        cstackBANK0  0000F7
SyncEEPROMToGlobal@j                        cstackBANK0  0000F8
SyncEEPROMToGlobal@k                        cstackBANK0  0000D8
SyncGlobalToEEPROM@ok                       cstackBANK0  0000EC
UARTchar@data                               cstackBANK0  000060
UARTchar_CONST@data                         cstackBANK0  000060
UARTchar_CONST@temp                         cstackBANK0  000061
UARTcommandMenu@Command                     cstackBANK0  000064
UARTcommandMenu@Desc                        cstackBANK0  000066
UARTcommandMenu@i                           cstackBANK0  00006D
UARTcommandMenu@place                       cstackBANK0  00006E
UARTstring@data                             cstackBANK0  000061
UARTstringCRLN@data                         cstackBANK0  000064
UARTstringCRLN_CONST@data                   cstackBANK0  000064
UARTstring_CONST@data                       cstackBANK0  000062
UseBluetooth@EmptyPlace                     cstackBANK2  000284
UseBluetooth@EnteredNEC                     cstackBANK2  000286
UseBluetooth@NecAddress                     cstackBANK2  00028E
UseBluetooth@NecCommand                     cstackBANK2  00028F
UseBluetooth@ReceivedStringPosOLD           cstackBANK2  00027B
UseBluetooth@SerialNumberTEMP               cstackBANK2  000280
UseBluetooth@String                         cstackBANK0  0000F9
UseBluetooth@StringPos                      cstackBANK0  0000FB
UseBluetooth@buf                            cstackBANK2  00020C
UseBluetooth@device                         cstackBANK2  000285
UseBluetooth@i                              cstackBANK2  000294
UseBluetooth@ok                             cstackBANK2  00028A
UseBluetooth@rfchannelSTR                   cstackBANK2  000270
UseBluetooth@rfconf                         cstackBANK2  00028D
UseBluetooth@set                            cstackBANK2  00027A
UseBluetooth@temp                           cstackBANK2  000290
UseBluetooth@tempNec                        cstackBANK2  00027C
UseBluetooth@tempRFArray                    cstackBANK2  00028B
UseBluetooth@timeout                        cstackBANK2  00028C
UseIRCode@Code                              cstackBANK0  0000ED
UseIRCode@NEC                               cstackBANK0  0000EF
UseIRCode@found                             cstackBANK0  0000F5
UseIRCode@i                                 cstackBANK0  0000F7
UseIRCode@j                                 cstackBANK0  0000F6
WaitForIRsignal@timeout                     cstackBANK0  000069
WriteEEPROM_1Byte@GIEstatus                 cstackBANK0  000066
WriteEEPROM_1Byte@PEIEstatus                cstackBANK0  000067
WriteEEPROM_1Byte@address                   cstackBANK0  000060
WriteEEPROM_1Byte@data                      cstackBANK0  000062
_ADCON0                                     (abs)        000FC2
_ADCON0bits                                 (abs)        000FC2
_ADCON1                                     (abs)        000FC1
_ADCON1bits                                 (abs)        000FC1
_ADCON2                                     (abs)        000FC0
_ADCON2bits                                 (abs)        000FC0
_ADRESH                                     (abs)        000FC4
_ADRESL                                     (abs)        000FC3
_ANSEL                                      (abs)        000F7E
_ANSELH                                     (abs)        000F7F
_BAUDCONbits                                (abs)        000FB8
_BatteryVoltage                             bssBANK3     0003E5
_BlueConnected                              text101      00B220
_BluetoothBroadcast                         bssBANK4     0004DC
_BluetoothChangeStatus                      bssBANK3     0003E8
_BluetoothConfigured                        text104      00B1C0
_BluetoothFirmware1                         bssBANK5     000500
_BluetoothFirmware2                         bssBANK5     00051E
_BluetoothInitialSetup                      text69       00476C
_BufferCopy                                 text102      00A6DC
_BufferOverflow                             bssBANK3     0003E9
_CRLN                                       mediumconst  00F051
_CheckReceivingIR                           text21       00B1A0
_ClearUSART                                 text99       00B16A
_CommandString                              bssBANK4     000414
_CommandStringPos                           bssCOMRAM    00003E
_Conf1_ChannelD                             mediumconst  00F013
_Conf1_ChannelD_STR                         mediumconst  00EFD8
_Conf1_ChannelE                             mediumconst  00F01F
_Conf1_ChannelE_STR                         mediumconst  00EFE7
_Conf1_ChannelF                             mediumconst  00F02B
_Conf1_ChannelF_STR                         mediumconst  00EFF6
_Conf1_Channels                             mediumconst  00F045
_Conf2_ChannelB_OFF                         mediumconst  00EF38
_Conf2_ChannelB_OFF_STR                     mediumconst  00EEEE
_Conf2_ChannelB_ON                          mediumconst  00EF48
_Conf2_ChannelB_ON_STR                      mediumconst  00EF14
_Conf2_ChannelB_Status                      bssCOMRAM    00003F
_Conf2_ChannelD_OFF                         mediumconst  00EF58
_Conf2_ChannelD_OFF_STR                     mediumconst  00EF01
_Conf2_ChannelD_ON                          mediumconst  00EF68
_Conf2_ChannelD_ON_STR                      mediumconst  00EF26
_Conf2_ChannelD_Status                      bssCOMRAM    000040
_Conf2_ChannelH_1_OFF                       mediumconst  00EF78
_Conf2_ChannelH_1_OFF_STR                   mediumconst  00EE73
_Conf2_ChannelH_1_ON                        mediumconst  00EF88
_Conf2_ChannelH_1_ON_STR                    mediumconst  00EEB2
_Conf2_ChannelH_1_Status                    bssCOMRAM    000041
_Conf2_ChannelH_2_OFF                       mediumconst  00EF98
_Conf2_ChannelH_2_OFF_STR                   mediumconst  00EE88
_Conf2_ChannelH_2_ON                        mediumconst  00EFA8
_Conf2_ChannelH_2_ON_STR                    mediumconst  00EEC6
_Conf2_ChannelH_2_Status                    bssCOMRAM    000042
_Conf2_ChannelH_3_OFF                       mediumconst  00EFB8
_Conf2_ChannelH_3_OFF_STR                   mediumconst  00EE9D
_Conf2_ChannelH_3_ON                        mediumconst  00EFC8
_Conf2_ChannelH_3_ON_STR                    mediumconst  00EEDA
_Conf2_ChannelH_3_Status                    bssCOMRAM    000043
_Conf2_Channels                             mediumconst  00F049
_ConfigureOscillator                        text109      00B28A
_DecodeNEC                                  text37       00A0EE
_EEADR                                      (abs)        000FA9
_EEADRH                                     (abs)        000FAA
_EECON1bits                                 (abs)        000FA6
_EECON2                                     (abs)        000FA7
_EEDATA                                     (abs)        000FA8
_EEPROM_UNLOCK                              text66       00B11C
_EEPROMinitialized                          text107      00B17C
_EncodeNEC                                  text36       00887A
_EnterCommandMode                           text74       0083E8
_EraseScreen                                text117      00B016
_FirmVersion                                mediumconst  00F037
_Frequency                                  mediumconst  00F04D
_GetEEPROM1                                 text42       00917E
_GetEEPROM2                                 text41       0098DC
_GetMemoryChar                              text67       00AF0A
_GetMemoryLong                              text63       008582
_GetNumber                                  text33       0061B8
_GetNumberUnsigned                          text32       00664A
_GetStringAfterComma                        text31       0096DC
_Global1                                    bssBANK2     0002D5
_Global2                                    bssBANK2     000295
_INTCON2bits                                (abs)        000FF1
_INTCONbits                                 (abs)        000FF2
_IOCBbits                                   (abs)        000F7D
_IPR1bits                                   (abs)        000F9F
_IPR2bits                                   (abs)        000FA2
_IRRawCode                                  bssBANK6     000600
_IR_NEC                                     bssBANK3     0003EC
_IR_New_Code                                bssBANK3     0003F0
_IRaddress                                  bssCOMRAM    000054
_IRbit                                      bssCOMRAM    000044
_IRbitPosition                              dataCOMRAM   000056
_IRcodeBit                                  bssCOMRAM    000045
_IRcodePlace                                dataCOMRAM   000057
_IRcommand                                  bssCOMRAM    000055
_IRmod                                      bssCOMRAM    000046
_IRpinOLD                                   bssCOMRAM    000047
_IRrawCodeNum                               bssCOMRAM    000048
_IRrawToNEC                                 text125      006AA6
_IRrepeatAmount                             bssCOMRAM    000049
_IRrepeatflag                               bssCOMRAM    00004A
_IRsendCode                                 bssCOMRAM    00003A
_IRsendFlag                                 bssCOMRAM    00004B
_IRtimeout                                  dataBANK3    0003F1
_InitADC                                    text105      00B0DC
_InitApp                                    text108      00AC6A
_InitBluetooth                              text58       00A5E0
_InitIR                                     text53       00AAEA
_InitTimer0                                 text57       00B1B0
_InitTimer1                                 text52       00B1EC
_InitTimer2                                 text51       00B1DE
_InitTimer3                                 text50       00B24E
_InitTimers                                 text49       00B108
_InitUART                                   text44       008CC2
_InitUART$3971                              cstackBANK0  0000BD
_Init_System                                text39       008074
_InternalADC_Read                           text27       00A38E
_IsAlphaNumeric                             text29       00AEA6
_IsAlphaNumericString                       text28       00AE74
_IsCharacter                                text116      00B098
_IsLetter                                   text35       00AF68
_IsNumber                                   text30       00B060
_LATA                                       (abs)        000F89
_LATB                                       (abs)        000F8A
_LATC                                       (abs)        000F8B
_LEDTimerON                                 text16       00B158
_Local_CloseUSART                           text48       00B1D0
_NewReceivedString                          bssBANK3     0003EA
_OpenUSART                                  text47       00A7D0
_PCBVersion                                 mediumconst  00F040
_PIE1bits                                   (abs)        000F9D
_PIE2bits                                   (abs)        000FA0
_PIR1bits                                   (abs)        000F9E
_PIR2bits                                   (abs)        000FA1
_PORTA                                      (abs)        000F80
_PORTB                                      (abs)        000F81
_PORTC                                      (abs)        000F82
_PR2                                        (abs)        000FCB
_ProductName                                dataBANK5    00053C
_ProjectName                                mediumconst  00EE59
_RCONbits                                   (abs)        000FD0
_RCREG                                      (abs)        000FAE
_RCSTA                                      (abs)        000FAB
_RCSTAbits                                  (abs)        000FAB
_RFConfig                                   bssCOMRAM    00004C
_RF_IR                                      dataCOMRAM   000058
_RF_IR_Postscaler                           dataCOMRAM   000059
_RFcodeBit                                  bssCOMRAM    00004D
_RFcodePlace                                bssCOMRAM    00004E
_RFsendCode                                 bssBANK4     000400
_RFsendFlag                                 bssCOMRAM    00004F
_ReadCodeButtons                            text4        00AB3E
_ReadEEPROM_1Byte                           text68       00A9D8
_ReadIRpin                                  text56       00B214
_ReadPushButton                             text3        00B208
_ReadUSART                                  text100      00B0C6
_ReadVoltage                                text22       009EC2
_ReceivedString                             bssBANK4     000478
_ReceivedStringPos                          bssBANK3     0003EB
_ReceivingIR                                dataCOMRAM   00005A
_ResetADC                                   text106      00B1FA
_ResetBlue                                  text97       00929E
_ResetTimer0                                text55       00B258
_ResetTimer1                                text17       00B244
_ResetTimer3                                text124      00B26C
_Reverse_4Byte                              text20       003A72
_Reverse_Byte                               text38       00A03A
_Round                                      text45       00A8B4
_SPBRG                                      (abs)        000FAF
_SPBRGH                                     (abs)        000FB0
_SYNTAX_ERR                                 mediumconst  00F005
_SendNEC_bytes                              text19       00A844
_SendNEC_wait                               text18       00A2F0
_SendRF                                     text15       0099C4
_SendRF_Channel                             text2        00740A
_SendRF_wait                                text14       00ACF0
_Sendcount                                  bssCOMRAM    000050
_Sent                                       dataCOMRAM   00005B
_SetEEPROM1                                 text61       008F36
_SetEEPROM2                                 text60       0094C8
_SetEEPROMdefault                           text43       0093BC
_SetMemoryChar                              text64       00AC22
_SetMemoryLong                              text62       0097E2
_SetTimer0                                  text123      00B144
_StringAddEqual                             text13       007AD2
_StringContains                             text96       008E06
_StringContainsCaseInsensitive              text72       007EB4
_StringMatch                                text12       00A75A
_StringMatchCaseInsensitive                 text11       00A42C
_SyncEEPROMToGlobal                         text40       00822E
_SyncGlobalToEEPROM                         text59       009F80
_T0CONbits                                  (abs)        000FD5
_T1CONbits                                  (abs)        000FCD
_T2CONbits                                  (abs)        000FCA
_T3CONbits                                  (abs)        000FB1
_TMR0H                                      (abs)        000FD7
_TMR0L                                      (abs)        000FD6
_TMR1H                                      (abs)        000FCF
_TMR1L                                      (abs)        000FCE
_TMR2                                       (abs)        000FCC
_TMR3H                                      (abs)        000FB3
_TMR3L                                      (abs)        000FB2
_TRISAbits                                  (abs)        000F92
_TRISBbits                                  (abs)        000F93
_TRISCbits                                  (abs)        000F94
_TXREG                                      (abs)        000FAD
_TXSTA                                      (abs)        000FAC
_TXSTAbits                                  (abs)        000FAC
_Timer1_Postscaler                          bssCOMRAM    000051
_Timer2_Postscaler                          bssCOMRAM    000052
_Timer3_Postscaler                          bssCOMRAM    000053
_UARTchar                                   text71       00B0B0
_UARTchar_CONST                             text95       00B07E
_UARTcommandMenu                            text10       00905C
_UARTstring                                 text70       00AFF0
_UARTstringCRLN                             text9        00ADA2
_UARTstringCRLN_CONST                       text8        00ABDA
_UARTstring_CONST                           text94       00AD6A
_UseBluetooth                               text5        0001D8
_UseIRCode                                  text1        007660
_VoltageDividerOFF                          text26       00B286
_VoltageDividerON                           text25       00B27C
_WPUB                                       (abs)        000F7C
_WaitForIRsignal                            text7        00A4C8
_WriteEEPROM_1Byte                          text65       00A97A
__CFG_BOREN$SBORDIS                         (abs)        000000
__CFG_BORV$27                               (abs)        000000
__CFG_CCP2MX$PORTC                          (abs)        000000
__CFG_CP0$OFF                               (abs)        000000
__CFG_CP1$OFF                               (abs)        000000
__CFG_CP2$OFF                               (abs)        000000
__CFG_CP3$OFF                               (abs)        000000
__CFG_CPB$OFF                               (abs)        000000
__CFG_CPD$OFF                               (abs)        000000
__CFG_EBTR0$OFF                             (abs)        000000
__CFG_EBTR1$OFF                             (abs)        000000
__CFG_EBTR2$OFF                             (abs)        000000
__CFG_EBTR3$OFF                             (abs)        000000
__CFG_EBTRB$OFF                             (abs)        000000
__CFG_FCMEN$OFF                             (abs)        000000
__CFG_FOSC$HSPLL                            (abs)        000000
__CFG_HFOFST$ON                             (abs)        000000
__CFG_IESO$OFF                              (abs)        000000
__CFG_LPT1OSC$OFF                           (abs)        000000
__CFG_LVP$OFF                               (abs)        000000
__CFG_MCLRE$ON                              (abs)        000000
__CFG_PBADEN$OFF                            (abs)        000000
__CFG_PWRT$OFF                              (abs)        000000
__CFG_STVREN$ON                             (abs)        000000
__CFG_WDTEN$OFF                             (abs)        000000
__CFG_WDTPS$32768                           (abs)        000000
__CFG_WRT0$OFF                              (abs)        000000
__CFG_WRT1$OFF                              (abs)        000000
__CFG_WRT2$OFF                              (abs)        000000
__CFG_WRT3$OFF                              (abs)        000000
__CFG_WRTB$OFF                              (abs)        000000
__CFG_WRTC$OFF                              (abs)        000000
__CFG_WRTD$OFF                              (abs)        000000
__CFG_XINST$OFF                             (abs)        000000
__HRAM                                      (abs)        000000
__Habs1                                     abs1         000000
__Hbank0                                    bank0        000000
__Hbank1                                    bank1        000000
__Hbank10                                   bank10       000000
__Hbank11                                   bank11       000000
__Hbank12                                   bank12       000000
__Hbank13                                   bank13       000000
__Hbank14                                   bank14       000000
__Hbank15                                   bank15       000000
__Hbank2                                    bank2        000000
__Hbank3                                    bank3        000000
__Hbank4                                    bank4        000000
__Hbank5                                    bank5        000000
__Hbank6                                    bank6        000000
__Hbank7                                    bank7        000000
__Hbank8                                    bank8        000000
__Hbank9                                    bank9        000000
__Hbigbss                                   bigbss       000000
__Hbigdata                                  bigdata      000000
__Hbigram                                   bigram       000000
__Hbss                                      bss          000000
__HbssBANK2                                 bssBANK2     000000
__HbssBANK3                                 bssBANK3     000000
__HbssBANK4                                 bssBANK4     000000
__HbssBANK5                                 bssBANK5     000000
__HbssBANK6                                 bssBANK6     000000
__HbssCOMRAM                                bssCOMRAM    000000
__Hcinit                                    cinit        000000
__Hclrtext                                  clrtext      000000
__Hcomram                                   comram       000000
__Hconfig                                   config       30000E
__Hconst                                    const        000000
__HcstackBANK0                              cstackBANK0  000000
__HcstackBANK1                              cstackBANK1  000000
__HcstackBANK2                              cstackBANK2  000000
__HcstackBANK3                              cstackBANK3  000000
__HcstackCOMRAM                             cstackCOMRAM 000000
__Hdata                                     data         000000
__HdataBANK3                                dataBANK3    000000
__HdataBANK5                                dataBANK5    000000
__HdataCOMRAM                               dataCOMRAM   000000
__Heeprom_data                              eeprom_data  000000
__Hend_init                                 end_init     0001D8
__Hfarbss                                   farbss       000000
__Hfardata                                  fardata      000000
__Hibigdata                                 ibigdata     000000
__Hidata                                    idata        000000
__HidataBANK3                               idataBANK3   000000
__HidataBANK5                               idataBANK5   000000
__HidataCOMRAM                              idataCOMRAM  000000
__Hidloc                                    idloc        200008
__Hifardata                                 ifardata     000000
__Hinit                                     init         0001D4
__Hintcode                                  intcode      000018
__Hintcode_body                             intcode_body 000000
__Hintcodelo                                intcodelo    0001D4
__Hintentry                                 intentry     000000
__Hintret                                   intret       000000
__Hintsave_regs                             intsave_regs 000000
__Hirdata                                   irdata       000000
__Hmediumconst                              mediumconst  010000
__HnvFARRAM                                 nvFARRAM     000000
__Hnvbit                                    nvbit        000000
__Hnvrram                                   nvrram       000000
__Hparam                                    rparam       000000
__Hpowerup                                  powerup      0001D4
__Hram                                      ram          000000
__Hramtop                                   ramtop       001000
__Hrbit                                     rbit         000000
__Hrbss                                     rbss         000000
__Hrdata                                    rdata        000000
__Hreset_vec                                reset_vec    000004
__Hrparam                                   rparam       000000
__Hsfr                                      sfr          000000
__Hsmallconst                               smallconst   000000
__Hspace_0                                  (abs)        30000E
__Hspace_1                                  (abs)        0006C8
__Hspace_2                                  (abs)        000000
__Hstack                                    stack        000000
__Hstruct                                   struct       000000
__Htemp                                     temp         000000
__Htext                                     text         000000
__Htext0                                    text0        000000
__Htext1                                    text1        000000
__Htext10                                   text10       000000
__Htext100                                  text100      000000
__Htext101                                  text101      000000
__Htext102                                  text102      000000
__Htext103                                  text103      000000
__Htext104                                  text104      000000
__Htext105                                  text105      000000
__Htext106                                  text106      000000
__Htext107                                  text107      000000
__Htext108                                  text108      000000
__Htext109                                  text109      000000
__Htext11                                   text11       000000
__Htext111                                  text111      000000
__Htext112                                  text112      000000
__Htext113                                  text113      000000
__Htext114                                  text114      000000
__Htext115                                  text115      000000
__Htext116                                  text116      000000
__Htext117                                  text117      000000
__Htext118                                  text118      000000
__Htext12                                   text12       000000
__Htext120                                  text120      000000
__Htext121                                  text121      000000
__Htext122                                  text122      000000
__Htext123                                  text123      000000
__Htext124                                  text124      000000
__Htext125                                  text125      000000
__Htext13                                   text13       000000
__Htext14                                   text14       000000
__Htext15                                   text15       000000
__Htext16                                   text16       000000
__Htext17                                   text17       000000
__Htext18                                   text18       000000
__Htext19                                   text19       000000
__Htext2                                    text2        000000
__Htext20                                   text20       000000
__Htext21                                   text21       000000
__Htext22                                   text22       000000
__Htext23                                   text23       000000
__Htext24                                   text24       000000
__Htext25                                   text25       000000
__Htext26                                   text26       000000
__Htext27                                   text27       000000
__Htext28                                   text28       000000
__Htext29                                   text29       000000
__Htext3                                    text3        000000
__Htext30                                   text30       000000
__Htext31                                   text31       000000
__Htext32                                   text32       000000
__Htext33                                   text33       000000
__Htext34                                   text34       000000
__Htext35                                   text35       000000
__Htext36                                   text36       000000
__Htext37                                   text37       000000
__Htext38                                   text38       000000
__Htext39                                   text39       000000
__Htext4                                    text4        000000
__Htext40                                   text40       000000
__Htext41                                   text41       000000
__Htext42                                   text42       000000
__Htext43                                   text43       000000
__Htext44                                   text44       000000
__Htext45                                   text45       000000
__Htext46                                   text46       000000
__Htext47                                   text47       000000
__Htext48                                   text48       000000
__Htext49                                   text49       000000
__Htext5                                    text5        000000
__Htext50                                   text50       000000
__Htext51                                   text51       000000
__Htext52                                   text52       000000
__Htext53                                   text53       000000
__Htext54                                   text54       000000
__Htext55                                   text55       000000
__Htext56                                   text56       000000
__Htext57                                   text57       000000
__Htext58                                   text58       000000
__Htext59                                   text59       000000
__Htext6                                    text6        000000
__Htext60                                   text60       000000
__Htext61                                   text61       000000
__Htext62                                   text62       000000
__Htext63                                   text63       000000
__Htext64                                   text64       000000
__Htext65                                   text65       000000
__Htext66                                   text66       000000
__Htext67                                   text67       000000
__Htext68                                   text68       000000
__Htext69                                   text69       000000
__Htext7                                    text7        000000
__Htext70                                   text70       000000
__Htext71                                   text71       000000
__Htext72                                   text72       000000
__Htext73                                   text73       000000
__Htext74                                   text74       000000
__Htext75                                   text75       000000
__Htext76                                   text76       000000
__Htext77                                   text77       000000
__Htext78                                   text78       000000
__Htext79                                   text79       000000
__Htext8                                    text8        000000
__Htext80                                   text80       000000
__Htext81                                   text81       000000
__Htext82                                   text82       000000
__Htext83                                   text83       000000
__Htext84                                   text84       000000
__Htext85                                   text85       000000
__Htext86                                   text86       000000
__Htext87                                   text87       000000
__Htext88                                   text88       000000
__Htext89                                   text89       000000
__Htext9                                    text9        000000
__Htext90                                   text90       000000
__Htext91                                   text91       000000
__Htext92                                   text92       000000
__Htext93                                   text93       000000
__Htext94                                   text94       000000
__Htext95                                   text95       000000
__Htext96                                   text96       000000
__Htext97                                   text97       000000
__Htext98                                   text98       000000
__Htext99                                   text99       000000
__LRAM                                      (abs)        000001
__Labs1                                     abs1         000000
__Lbank0                                    bank0        000000
__Lbank1                                    bank1        000000
__Lbank10                                   bank10       000000
__Lbank11                                   bank11       000000
__Lbank12                                   bank12       000000
__Lbank13                                   bank13       000000
__Lbank14                                   bank14       000000
__Lbank15                                   bank15       000000
__Lbank2                                    bank2        000000
__Lbank3                                    bank3        000000
__Lbank4                                    bank4        000000
__Lbank5                                    bank5        000000
[...]
 Return value:  Size  Location     Type
		None               void
 Registers used:
		wreg, fsr2l, fsr2h, status,2, status,0, prodl, prodh
 Tracked objects:
		On entry : 
		On exit  : 
		Unchanged: 
 Data sizes:     COMRAM   BANK0   BANK1   BANK2   BANK3   BANK4   BANK5   BANK6   BANK7   BANK8   BANK9  BANK10  BANK11  BANK12  BANK13  BANK14  BANK15
      Params:         4       0       0       0       0       0       0       0       0       0       0       0       0       0       0       0       0
      Locals:         1       0       0       0       0       0       0       0       0       0       0       0       0       0       0       0       0
      Temps:          3       0       0       0       0       0       0       0       0       0       0       0       0       0       0       0       0
      Totals:         8       0       0       0       0       0       0       0       0       0       0       0       0       0       0       0       0
Total ram usage:        8 bytes
 Hardware stack levels used:    1
 This function calls:
		Nothing
 This function is called by:
		_high_isr
 This function uses a non-reentrant model


 *************** function i2_ResetTimer0 *****************
 Defined at:
		line 79 in file "Timer.c"
 Parameters:    Size  Location     Type
		None
 Auto vars:     Size  Location     Type
		None
 Return value:  Size  Location     Type
		None               void
 Registers used:
		wreg, status,2
 Tracked objects:
		On entry : 
		On exit  : 
		Unchanged: 
 Data sizes:     COMRAM   BANK0   BANK1   BANK2   BANK3   BANK4   BANK5   BANK6   BANK7   BANK8   BANK9  BANK10  BANK11  BANK12  BANK13  BANK14  BANK15
      Params:         0       0       0       0       0       0       0       0       0       0       0       0       0       0       0       0       0
      Locals:         0       0       0       0       0       0       0       0       0       0       0       0       0       0       0       0       0
      Temps:          0       0       0       0       0       0       0       0       0       0       0       0       0       0       0       0       0
      Totals:         0       0       0       0       0       0       0       0       0       0       0       0       0       0       0       0       0
Total ram usage:        0 bytes
 Hardware stack levels used:    1
 This function calls:
		Nothing
 This function is called by:
		_high_isr
 This function uses a non-reentrant model


 *************** function i2_ReadIRpin *****************
 Defined at:
		line 107 in file "IR.c"
 Parameters:    Size  Location     Type
		None
 Auto vars:     Size  Location     Type
		None
 Return value:  Size  Location     Type
                  1    wreg      unsigned char 
 Registers used:
		wreg
 Tracked objects:
		On entry : 
		On exit  : 
		Unchanged: 
 Data sizes:     COMRAM   BANK0   BANK1   BANK2   BANK3   BANK4   BANK5   BANK6   BANK7   BANK8   BANK9  BANK10  BANK11  BANK12  BANK13  BANK14  BANK15
      Params:         0       0       0       0       0       0       0       0       0       0       0       0       0       0       0       0       0
      Locals:         0       0       0       0       0       0       0       0       0       0       0       0       0       0       0       0       0
      Temps:          0       0       0       0       0       0       0       0       0       0       0       0       0       0       0       0       0
      Totals:         0       0       0       0       0       0       0       0       0       0       0       0       0       0       0       0       0
Total ram usage:        0 bytes
 Hardware stack levels used:    1
 This function calls:
		Nothing
 This function is called by:
		_high_isr
 This function uses a non-reentrant model


 *************** function _SetTimer0 *****************
 Defined at:
		line 94 in file "Timer.c"
 Parameters:    Size  Location     Type
  temp            2   22[COMRAM] unsigned int 
 Auto vars:     Size  Location     Type
		None
 Return value:  Size  Location     Type
		None               void
 Registers used:
		wreg, status,2
 Tracked objects:
		On entry : 
		On exit  : 
		Unchanged: 
 Data sizes:     COMRAM   BANK0   BANK1   BANK2   BANK3   BANK4   BANK5   BANK6   BANK7   BANK8   BANK9  BANK10  BANK11  BANK12  BANK13  BANK14  BANK15
      Params:         2       0       0       0       0       0       0       0       0       0       0       0       0       0       0       0       0
      Locals:         0       0       0       0       0       0       0       0       0       0       0       0       0       0       0       0       0
      Temps:          3       0       0       0       0       0       0       0       0       0       0       0       0       0       0       0       0
      Totals:         5       0       0       0       0       0       0       0       0       0       0       0       0       0       0       0       0
Total ram usage:        5 bytes
 Hardware stack levels used:    1
 This function calls:
		Nothing
 This function is called by:
		_high_isr
 This function uses a non-reentrant model


 *************** function _ResetTimer3 *****************
 Defined at:
		line 175 in file "Timer.c"
 Parameters:    Size  Location     Type
		None
 Auto vars:     Size  Location     Type
		None
 Return value:  Size  Location     Type
		None               void
 Registers used:
		wreg, status,2
 Tracked objects:
		On entry : 
		On exit  : 
		Unchanged: 
 Data sizes:     COMRAM   BANK0   BANK1   BANK2   BANK3   BANK4   BANK5   BANK6   BANK7   BANK8   BANK9  BANK10  BANK11  BANK12  BANK13  BANK14  BANK15
      Params:         0       0       0       0       0       0       0       0       0       0       0       0       0       0       0       0       0
      Locals:         0       0       0       0       0       0       0       0       0       0       0       0       0       0       0       0       0
      Temps:          0       0       0       0       0       0       0       0       0       0       0       0       0       0       0       0       0
      Totals:         0       0       0       0       0       0       0       0       0       0       0       0       0       0       0       0       0
Total ram usage:        0 bytes
 Hardware stack levels used:    1
 This function calls:
		Nothing
 This function is called by:
		_high_isr
 This function uses a non-reentrant model


 *************** function _IRrawToNEC *****************
 Defined at:
		line 125 in file "IR.c"
 Parameters:    Size  Location     Type
  Raw             2   22[COMRAM] PTR unsigned int 
		 -> IRRawCode(200), 
  NEC             2   24[COMRAM] PTR unsigned long 
		 -> IR_NEC(4), 
  Invert          1   26[COMRAM] unsigned char 
 Auto vars:     Size  Location     Type
  NECtemp         4   29[COMRAM] unsigned long 
  StartBit        1   35[COMRAM] unsigned char 
  i               1   34[COMRAM] unsigned char 
  first           1   33[COMRAM] unsigned char 
 Return value:  Size  Location     Type
                  1    wreg      unsigned char 
 Registers used:
		wreg, fsr2l, fsr2h, status,2, status,0, prodl, prodh
 Tracked objects:
		On entry : 
		On exit  : 
		Unchanged: 
 Data sizes:     COMRAM   BANK0   BANK1   BANK2   BANK3   BANK4   BANK5   BANK6   BANK7   BANK8   BANK9  BANK10  BANK11  BANK12  BANK13  BANK14  BANK15
      Params:         5       0       0       0       0       0       0       0       0       0       0       0       0       0       0       0       0
      Locals:         7       0       0       0       0       0       0       0       0       0       0       0       0       0       0       0       0
      Temps:          2       0       0       0       0       0       0       0       0       0       0       0       0       0       0       0       0
      Totals:        14       0       0       0       0       0       0       0       0       0       0       0       0       0       0       0       0
Total ram usage:       14 bytes
 Hardware stack levels used:    1
 This function calls:
		Nothing
 This function is called by:
		_high_isr
 This function uses a non-reentrant model



MODULE INFORMATION

Module		Function		Class		Link	Load	Size
C:\Program Files (x86)\Microchip\xc8\v1.33\sources\common\ftneg.c
		___ftneg       		CODE           	AED8	0000	50

C:\Program Files (x86)\Microchip\xc8\v1.33\sources\common\ftneg.c estimated size: 50

UART.c
		_OpenUSART     		CODE           	A7D0	0000	116
		_Local_CloseUSA		CODE           	B1D0	0000	14
		_InitUART      		CODE           	8CC2	0000	324
		_UARTstring_CON		CODE           	AD6A	0000	56
		_UARTstring    		CODE           	AFF0	0000	38
		_UARTstringCRLN		CODE           	ABDA	0000	72
		_EraseScreen   		CODE           	B016	0000	38
		_UARTstringCRLN		CODE           	ADA2	0000	54
		_UARTchar      		CODE           	B0B0	0000	22
		_ClearUSART    		CODE           	B16A	0000	18
		_ReadUSART     		CODE           	B0C6	0000	22
		_UARTchar_CONST		CODE           	B07E	0000	26
		_UARTcommandMen		CODE           	905C	0000	290

UART.c estimated size: 1090

Bluetooth.c
		_BluetoothConfi		CODE           	B1C0	0000	16
		_BlueConnected 		CODE           	B220	0000	12
		_ResetBlue     		CODE           	929E	0000	286
		_WaitForIRsigna		CODE           	A4C8	0000	146
		_BluetoothIniti		CODE           	476C	0000	2266
		_InitBluetooth 		CODE           	A5E0	0000	126
		_UseBluetooth  		CODE           	01D8	0000	10422
		_EnterCommandMo		CODE           	83E8	0000	410

Bluetooth.c estimated size: 13684

C:\Program Files (x86)\Microchip\xc8\v1.33\sources\common\ftge.c
		___ftge        		CODE           	9C60	0000	212

C:\Program Files (x86)\Microchip\xc8\v1.33\sources\common\ftge.c estimated size: 212

Timer.c
		_InitTimer0    		CODE           	B1B0	0000	16
		_InitTimer1    		CODE           	B1EC	0000	14
		_InitTimer2    		CODE           	B1DE	0000	14
		_InitTimer3    		CODE           	B24E	0000	10
		_InitTimers    		CODE           	B108	0000	20
		_SetTimer0     		CODE           	B144	0000	20
		_LEDTimerON    		CODE           	B158	0000	18
		_ResetTimer0   		CODE           	B258	0000	10
		_ResetTimer1   		CODE           	B244	0000	10
		_ResetTimer3   		CODE           	B26C	0000	10

Timer.c estimated size: 142

C:\Program Files (x86)\Microchip\xc8\v1.33\sources\common\doprnt.c
		_scale         		CODE           	56B4	0000	1474
		_sprintf       		CODE           	2A8E	0000	4068
		_fround        		CODE           	6E5E	0000	812

C:\Program Files (x86)\Microchip\xc8\v1.33\sources\common\doprnt.c estimated size: 6354

C:\Program Files (x86)\Microchip\xc8\v1.33\sources\common\ftsub.c
		___ftsub       		CODE           	AD2E	0000	60

C:\Program Files (x86)\Microchip\xc8\v1.33\sources\common\ftsub.c estimated size: 60

C:\Program Files (x86)\Microchip\xc8\v1.33\sources\common\float.c
		___ftpack      		CODE           	95D2	0000	266

C:\Program Files (x86)\Microchip\xc8\v1.33\sources\common\float.c estimated size: 266

C:\Program Files (x86)\Microchip\xc8\v1.33\sources\common\ftdivl.c
		__tdiv_to_l_   		CODE           	7CD4	0000	480

C:\Program Files (x86)\Microchip\xc8\v1.33\sources\common\ftdivl.c estimated size: 480

interrupts.c
		_high_isr      		CODE           	0008	0000	25008
		_low_isr       		CODE           	0018	0000	444

interrupts.c estimated size: 25452

C:\Program Files (x86)\Microchip\xc8\v1.33\sources\common\awmod.c
		___awmod       		CODE           	9DFE	0000	196

C:\Program Files (x86)\Microchip\xc8\v1.33\sources\common\awmod.c estimated size: 196

C:\Program Files (x86)\Microchip\xc8\v1.33\sources\common\Umul16.c
		___wmul        		CODE           	ADD8	0000	54

C:\Program Files (x86)\Microchip\xc8\v1.33\sources\common\Umul16.c estimated size: 54

C:\Program Files (x86)\Microchip\xc8\v1.33\sources\common\llmod.c
		___llmod       		CODE           	A24C	0000	164

C:\Program Files (x86)\Microchip\xc8\v1.33\sources\common\llmod.c estimated size: 164

RF.c
		_SendRF_wait   		CODE           	ACF0	0000	62
		_SendRF_Channel		CODE           	740A	0000	598
		_SendRF        		CODE           	99C4	0000	230

RF.c estimated size: 890

C:\Program Files (x86)\Microchip\xc8\v1.33\sources\common\ftmul.c
		___ftmul       		CODE           	89F4	0000	374

C:\Program Files (x86)\Microchip\xc8\v1.33\sources\common\ftmul.c estimated size: 374

Button.c
		_ReadPushButton		CODE           	B208	0000	12
		_ReadCodeButton		CODE           	AB3E	0000	82

Button.c estimated size: 94

C:\Program Files (x86)\Microchip\xc8\v1.33\sources\common\ftdiv.c
		___ftdiv       		CODE           	8B6A	0000	344

C:\Program Files (x86)\Microchip\xc8\v1.33\sources\common\ftdiv.c estimated size: 344

C:\Program Files (x86)\Microchip\xc8\v1.33\sources\common\Umul32.c
		___lmul        		CODE           	A55A	0000	134

C:\Program Files (x86)\Microchip\xc8\v1.33\sources\common\Umul32.c estimated size: 134

C:\Program Files (x86)\Microchip\xc8\v1.33\sources\common\fldivl.c
		__div_to_l_    		CODE           	78AA	0000	552

C:\Program Files (x86)\Microchip\xc8\v1.33\sources\common\fldivl.c estimated size: 552

C:\Program Files (x86)\Microchip\xc8\v1.33\sources\common\awdiv.c
		___awdiv       		CODE           	9AAA	0000	226

C:\Program Files (x86)\Microchip\xc8\v1.33\sources\common\awdiv.c estimated size: 226

EEPROM.c
		_SetEEPROMdefau		CODE           	93BC	0000	268
		_SetMemoryLong 		CODE           	97E2	0000	250
		_SetMemoryChar 		CODE           	AC22	0000	72
		_EEPROM_UNLOCK 		CODE           	B11C	0000	20
		_EEPROMinitiali		CODE           	B17C	0000	18
		_ReadEEPROM_1By		CODE           	A9D8	0000	94
		_GetEEPROM1    		CODE           	917E	0000	288
		_GetEEPROM2    		CODE           	98DC	0000	232
		_WriteEEPROM_1B		CODE           	A97A	0000	94
		_SetEEPROM1    		CODE           	8F36	0000	294
		_SetEEPROM2    		CODE           	94C8	0000	266
		_SyncEEPROMToGl		CODE           	822E	0000	442
		_SyncGlobalToEE		CODE           	9F80	0000	186
		_GetMemoryLong 		CODE           	8582	0000	380
		_GetMemoryChar 		CODE           	AF0A	0000	48

EEPROM.c estimated size: 2952

C:\Program Files (x86)\Microchip\xc8\v1.33\sources\common\lldiv.c
		___lldiv       		CODE           	9B8C	0000	212

C:\Program Files (x86)\Microchip\xc8\v1.33\sources\common\lldiv.c estimated size: 212

shared
		i1_UARTchar    		CODE           	B18E	0000	18
		_Conf2_ChannelB		MEDIUMCONST    	EEEE	0000	19
		_Conf2_ChannelD		MEDIUMCONST    	EF01	0000	19
		_Conf1_ChannelD		MEDIUMCONST    	F013	0000	12
		_Conf1_ChannelE		MEDIUMCONST    	F01F	0000	12
		_Conf1_ChannelF		MEDIUMCONST    	F02B	0000	12
		i1_UARTstring  		CODE           	B03C	0000	36
		__stringdata   		MEDIUMCONST    	F054	0000	4010
		i2_cleanBuffer1		CODE           	ACB0	0000	64
		_Conf1_Channels		MEDIUMCONST    	F045	0000	4
		__powers_      		MEDIUMCONST    	EE12	0000	39
		_Conf2_ChannelB		MEDIUMCONST    	EF38	0000	16
		_Conf2_ChannelD		MEDIUMCONST    	EF58	0000	16
		_Conf2_ChannelH		MEDIUMCONST    	EE73	0000	21
		_Conf2_ChannelH		MEDIUMCONST    	EE88	0000	21
		_Conf2_ChannelH		MEDIUMCONST    	EE9D	0000	21
		i2_ReadIRpin   		CODE           	B238	0000	12
		_dpowers       		MEDIUMCONST    	EDC3	0000	40
		_SYNTAX_ERR    		MEDIUMCONST    	F005	0000	14
		_PCBVersion    		MEDIUMCONST    	F040	0000	5
		i1_BlueConnecte		CODE           	B22C	0000	12
		i2_ResetTimer0 		CODE           	B262	0000	10
		_Conf2_Channels		MEDIUMCONST    	F049	0000	4
		_FirmVersion   		MEDIUMCONST    	F037	0000	9
		__npowers_     		MEDIUMCONST    	EDEB	0000	39
		_Conf1_ChannelD		MEDIUMCONST    	EFD8	0000	15
		_Conf1_ChannelE		MEDIUMCONST    	EFE7	0000	15
		_Conf1_ChannelF		MEDIUMCONST    	EFF6	0000	15
		i1_ReadUSART   		CODE           	B130	0000	20
		__initializatio		CODE           	A19E	0000	168
		_CRLN          		MEDIUMCONST    	F051	0000	3
		_ProjectName   		MEDIUMCONST    	EE59	0000	26
		_Conf2_ChannelH		MEDIUMCONST    	EF78	0000	16
		_Conf2_ChannelH		MEDIUMCONST    	EF98	0000	16
		_Conf2_ChannelH		MEDIUMCONST    	EFB8	0000	16
		i1_UARTstring_C		CODE           	AF96	0000	46
		_Conf2_ChannelH		MEDIUMCONST    	EEB2	0000	20
		_Conf2_ChannelH		MEDIUMCONST    	EEC6	0000	20
		_Conf2_ChannelH		MEDIUMCONST    	EEDA	0000	20
		_hexpowers     		MEDIUMCONST    	EE39	0000	32
		_Conf2_ChannelB		MEDIUMCONST    	EF14	0000	18
		_Conf2_ChannelD		MEDIUMCONST    	EF26	0000	18
		_Conf2_ChannelB		MEDIUMCONST    	EF48	0000	16
		_Conf2_ChannelD		MEDIUMCONST    	EF68	0000	16
		_Conf2_ChannelH		MEDIUMCONST    	EF88	0000	16
		_Frequency     		MEDIUMCONST    	F04D	0000	4
		_Conf2_ChannelH		MEDIUMCONST    	EFA8	0000	16
		_Conf2_ChannelH		MEDIUMCONST    	EFC8	0000	16
		i1_UARTchar_CON		CODE           	B0F2	0000	22

shared estimated size: 5075

ADC.c
		_InternalADC_Re		CODE           	A38E	0000	158
		_ReadVoltage   		CODE           	9EC2	0000	190
		_VoltageDivider		CODE           	B286	0000	4
		_InitADC       		CODE           	B0DC	0000	22
		_VoltageDivider		CODE           	B27C	0000	6
		_ResetADC      		CODE           	B1FA	0000	14

ADC.c estimated size: 394

MISC.c
		_Round         		CODE           	A8B4	0000	100
		_StringContains		CODE           	8E06	0000	304
		_BufferCopy    		CODE           	A6DC	0000	126
		_StringContains		CODE           	7EB4	0000	448
		_GetStringAfter		CODE           	96DC	0000	262
		_cleanBuffer   		CODE           	AA92	0000	88
		_IsAlphaNumeric		CODE           	AE74	0000	50
		_cleanBuffer16b		CODE           	AA36	0000	92
		_lowercaseStrin		CODE           	AB90	0000	74
		_delayUS       		CODE           	A918	0000	98
		_IsAlphaNumeric		CODE           	AEA6	0000	50
		_Reverse_Byte  		CODE           	A03A	0000	180
		_IsLetter      		CODE           	AF68	0000	46
		_Reverse_4Byte 		CODE           	3A72	0000	3322
		_IsNumber      		CODE           	B060	0000	30
		_StringAddEqual		CODE           	7AD2	0000	514
		_StringMatch   		CODE           	A75A	0000	118
		_GetNumber     		CODE           	61B8	0000	1170
		_IsCharacter   		CODE           	B098	0000	24
		_StringMatchCas		CODE           	A42C	0000	156
		_GetNumberUnsig		CODE           	664A	0000	1116
		_lowercaseChar 		CODE           	AE0E	0000	52

MISC.c estimated size: 8420

C:\Program Files (x86)\Microchip\xc8\v1.33\sources\common\fttol.c
		___fttol       		CODE           	86FE	0000	380

C:\Program Files (x86)\Microchip\xc8\v1.33\sources\common\fttol.c estimated size: 380

C:\Program Files (x86)\Microchip\xc8\v1.33\sources\common\altoft.c
		___altoft      		CODE           	9D34	0000	202

C:\Program Files (x86)\Microchip\xc8\v1.33\sources\common\altoft.c estimated size: 202

IR.c
		_DecodeNEC     		CODE           	A0EE	0000	176
		_InitIR        		CODE           	AAEA	0000	84
		_EncodeNEC     		CODE           	887A	0000	378
		_UseIRCode     		CODE           	7660	0000	586
		_IRrawToNEC    		CODE           	6AA6	0000	952
		_ReadIRpin     		CODE           	B214	0000	12
		_SendNEC_wait  		CODE           	A2F0	0000	158
		_SendNEC_bytes 		CODE           	A844	0000	112
		_CheckReceiving		CODE           	B1A0	0000	16

IR.c estimated size: 2474

user.c
		_InitApp       		CODE           	AC6A	0000	70
		_Init_System   		CODE           	8074	0000	442

user.c estimated size: 512

C:\Program Files (x86)\Microchip\xc8\v1.33\sources\common\ftadd.c
		___ftadd       		CODE           	718A	0000	640

C:\Program Files (x86)\Microchip\xc8\v1.33\sources\common\ftadd.c estimated size: 640

main.c
		_main          		CODE           	5046	0000	1646

main.c estimated size: 1646

C:\Program Files (x86)\Microchip\xc8\v1.33\sources\common\lwtoft.c
		___lwtoft      		CODE           	AF3A	0000	46

C:\Program Files (x86)\Microchip\xc8\v1.33\sources\common\lwtoft.c estimated size: 46

C:\Program Files (x86)\Microchip\xc8\v1.33\sources\common\lltoft.c
		___lltoft      		CODE           	A65E	0000	126

C:\Program Files (x86)\Microchip\xc8\v1.33\sources\common\lltoft.c estimated size: 126

system.c
		_ConfigureOscil		CODE           	B28A	0000	2

system.c estimated size: 2

C:\Program Files (x86)\Microchip\xc8\v1.33\sources\common\isdigit.c
		_isdigit       		CODE           	AFC4	0000	44

C:\Program Files (x86)\Microchip\xc8\v1.33\sources\common\isdigit.c estimated size: 44

