Microchip MPLAB XC8 Compiler V1.34 ()

Linker command line:

--edf=C:\Program Files (x86)\Microchip\xc8\v1.34\dat\en_msgs.txt -cs \
  -h+dist/xc8_pic18f26k20/production\PIC_IR_RF_Bluetooth_Home_Automation.production.sym \
  --cmf=dist/xc8_pic18f26k20/production\PIC_IR_RF_Bluetooth_Home_Automation.production.cmf \
  -z -Q18F26K20 -oC:\Users\DWHITF~1.TDY\AppData\Local\Temp\s948.6 \
  -Mdist/xc8_pic18f26k20/production/PIC_IR_RF_Bluetooth_Home_Automation.production.map \
  -E1 -ver=XC8 -ASTACK=09FFh-0f5fh -pstack=STACK -ACODE=00h-0FFFFh \
  -ACONST=00h-0FFFFh -ASMALLCONST=01000h-010FFhx240 \
  -AMEDIUMCONST=01000h-0FFFFh -ACOMRAM=01h-05Fh -AABS1=00h-0F5Fh \
  -ABIGRAM=01h-0F5Fh -ARAM=060h-0FFh,0100h-01FFhx14,0F00h-0F5Fh \
  -ABANK0=060h-0FFh -ABANK1=0100h-01FFh -ABANK2=0200h-02FFh \
  -ABANK3=0300h-03FFh -ABANK4=0400h-04FFh -ABANK5=0500h-05FFh \
  -ABANK6=0600h-06FFh -ABANK7=0700h-07FFh -ABANK8=0800h-08FFh \
  -ABANK9=0900h-09FFh -ABANK10=0A00h-0AFFh -ABANK11=0B00h-0BFFh \
  -ABANK12=0C00h-0CFFh -ABANK13=0D00h-0DFFh -ABANK14=0E00h-0EFFh \
  -ABANK15=0F00h-0F5Fh -ASFR=0F60h-0FFFh \
  -preset_vec=00h,intcode=08h,intcodelo=018h,powerup,init,end_init \
  -pramtop=01000h -psmallconst=SMALLCONST -pmediumconst=MEDIUMCONST \
  -pconst=CONST -AFARRAM=00h-00h -ACONFIG=0300000h-030000Dh -pconfig=CONFIG \
  -AIDLOC=0200000h-0200007h -pidloc=IDLOC -AEEDATA=0F00000h-0F003FFh \
  -peeprom_data=EEDATA \
  -prdata=COMRAM,nvrram=COMRAM,nvbit=COMRAM,rbss=COMRAM,rbit=COMRAM \
  -pfarbss=FARRAM,fardata=FARRAM,nvFARRAM=FARRAM \
  -pintsave_regs=BIGRAM,bigbss=BIGRAM,bigdata=BIGRAM -pbss=RAM \
  -pidata=CODE,irdata=CODE,ibigdata=CODE,ifardata=CODE -prparam=COMRAM \
  C:\Users\DWHITF~1.TDY\AppData\Local\Temp\s948.obj \
  dist/xc8_pic18f26k20/production\PIC_IR_RF_Bluetooth_Home_Automation.production.obj 

Object code version is 3.11

Machine type is 18F26K20

Call graph: (short form)




                Name                               Link     Load   Length Selector   Space Scale
C:\Users\DWHITF~1.TDY\AppData\Local\Temp\s948.obj
                end_init                            1E8      1E8        4        C       0
                reset_vec                             0        0        4        0       0
                idloc                            200000   200000        8   200000       0
                config                           300000   300000        E   300000       0
dist/xc8_pic18f26k20/production\PIC_IR_RF_Bluetooth_Home_Automation.production.obj
                intcodelo                            18       18      1D0        C       0
                intcode                               8        8       10        4       0
                mediumconst                        F7EE     F7EE      812     7BF7       0
                text104                            3E84     3E84      3A2        C       0
                text103                            7894     7894        A     30B9       0
                text102                            7852     7852        E     30B9       0
                text101                            788A     788A        A     30B9       0
                intcode_body                       30C4     30C4      566        C       0
                text99                             7752     7752       18     30B9       0
                text98                             76A2     76A2       28     30B9       0
                text97                             773A     773A       18     30B9       0
                text96                             7796     7796       16     30B9       0
                text95                             7844     7844        E     30B9       0
                text94                             71BA     71BA       58     30B9       0
                text93                             7044     7044       64     30B9       0
                text92                             746A     746A       3E     30B9       0
                text90                             78BE     78BE        2     3C54       0
                text89                             73A0     73A0       46     30B9       0
                text88                             74A8     74A8       3C     30B9       0
                text87                             7678     7678       2A     30B9       0
                text86                             7780     7780       16     30B9       0
                text85                             742A     742A       40     30B9       0
                text84                             74E4     74E4       3A     30B9       0
                text83                             4FC6     4FC6      170        C       0
                text82                             5EA4     5EA4       FA        C       0
                text81                             493A     493A      1C4        C       0
                text80                             735A     735A       46     30B9       0
                text79                             7722     7722       18     30B9       0
                text78                             7836     7836        E     30B9       0
                text77                             776A     776A       16     30B9       0
                text76                             7706     7706       1C     30B9       0
                text75                             7828     7828        E     30B9       0
                text74                             7268     7268       56     30B9       0
                text73                             75C0     75C0       32     30B9       0
                text72                             66F6     66F6       B2     30B9       0
                text71                             76E8     76E8       1E     30B9       0
                text70                             7160     7160       5A     30B9       0
                text69                             7106     7106       5A     30B9       0
                text68                             63FA     63FA       C8     30B9       0
                text67                             64C2     64C2       C6     30B9       0
                text66                             6856     6856       A4     30B9       0
                text65                             7556     7556       38     30B9       0
                text64                             75F2     75F2       2E     30B9       0
                text63                             247A     247A      C4A        C       0
                text62                             3A60     3A60      424        C       0
                text61                             7212     7212       56     30B9       0
                text60                             77D2     77D2       10     30B9       0
                text59                             781A     781A        E     30B9       0
                text58                             7880     7880        A     30B9       0
                text57                             70A8     70A8       5E     30B9       0
                text56                             7312     7312       48     30B9       0
                text55                             780C     780C        E     30B9       0
                text54                             77FE     77FE        E     30B9       0
                text53                             7876     7876        A     30B9       0
                text52                             77AC     77AC       14     30B9       0
                text51                             77F0     77F0        E     30B9       0
                text50                             6E0C     6E0C       7C     30B9       0
                text49                             593A     593A      120        C       0
                text48                             699C     699C       A2     30B9       0
                text47                             44A6     44A6      27E        C       0
                text46                             554A     554A      152        C       0
                text45                             6FDE     6FDE       66     30B9       0
                text44                             6D8C     6D8C       80     30B9       0
                text43                             5C92     5C92      112        C       0
                text42                             5DA4     5DA4      100        C       0
                text41                             569C     569C      150        C       0
                text40                             4CB2     4CB2      196        C       0
                text39                             6D06     6D06       86     30B9       0
                text38                             68FA     68FA       A2     30B9       0
                text37                             78BA     78BA        4     3C54       0
                text36                             78A8     78A8        6     3C54       0
                text35                             53F8     53F8      152        C       0
                text34                             5136     5136      16C        C       0
                text33                             764C     764C       2C     30B9       0
                text32                             6588     6588       B8     30B9       0
                text31                             6640     6640       B6     30B9       0
                text30                             67A8     67A8       AE     30B9       0
                text29                             57EC     57EC      14E        C       0
                text28                             76CA     76CA       1E     30B9       0
                text27                             6E88     6E88       7A     30B9       0
                text26                             7620     7620       2C     30B9       0
                text25                             362A     362A      436        C       0
                text24                             5A5A     5A5A      11E        C       0
                text23                             77C0     77C0       12     30B9       0
                text22                             17FC     17FC      C7E        C       0
                text21                             6C7C     6C7C       8A     30B9       0
                text20                             6A3E     6A3E       9E     30B9       0
                text19                             6172     6172       E0     30B9       0
                text18                             751E     751E       38     30B9       0
                text17                             6BF2     6BF2       8A     30B9       0
                text16                             4AFE     4AFE      1B4        C       0
                text15                             6252     6252       DA     30B9       0
                text14                             6F02     6F02       72     30B9       0
                text13                             6ADC     6ADC       8C     30B9       0
                text12                             5B78     5B78      11A        C       0
                text11                             6F74     6F74       6A     30B9       0
                text10                             6B68     6B68       8A     30B9       0
                text9                              73E6     73E6       44     30B9       0
                text8                               1EC      1EC     1610        C       0
                text7                              786C     786C        A     30B9       0
                text6                              7860     7860        C     30B9       0
                text5                              72BE     72BE       54     30B9       0
                text4                              77E2     77E2        E     30B9       0
                text3                              4226     4226      280        C       0
                text2                              4724     4724      216        C       0
                text1                              632C     632C       CE     30B9       0
                text0                              4E48     4E48      17E        C       0
                cstackCOMRAM                          1        1       28        1       1
                cstackBANK0                          60       60       64       60       1
                cstackBANK1                         100      100       FA      100       1
                cstackBANK2                         200      200       F9      200       1
                cstackBANK3                         300      300       F8      300       1
                bssBANK9                            900      900       FF      900       1
                dataBANK8                           890      890       32      800       1
                bssBANK8                            800      800       90      800       1
                bssBANK7                            700      700       F6      700       1
                bssBANK6                            600      600       FF      600       1
                dataBANK5                           500      500       F2      500       1
                dataBANK4                           400      400       E1      400       1
                bssBANK4                            4E1      4E1       14      400       1
                dataBANK2                           2F9      2F9        4      200       1
                bssBANK2                            2FD      2FD        3      200       1
                dataBANK1                           1FA      1FA        4      100       1
                dataBANK0                            D5       D5        4       60       1
                bssBANK0                             C4       C4       11       60       1
                dataCOMRAM                           3B       3B        9        1       1
                bssCOMRAM                            29       29       12        1       1
                cinit                              52A2     52A2      156        C       0
                idataBANK8                         758E     758E       32     30B9       0
                idataBANK5                         5F9E     5F9E       F2        C       0
                idataBANK4                         6090     6090       E1        C       0
                idataBANK2                         78B6     78B6        4     3C54       0
                idataBANK1                         78B2     78B2        4     3C54       0
                idataBANK0                         78AE     78AE        4     3C54       0
                idataCOMRAM                        789E     789E        9     30B9       0

TOTAL           Name                               Link     Load   Length     Space
        CLASS   STACK          

        CLASS   CODE           
                end_init                            1E8      1E8        4         0
                intcodelo                            18       18      1D0         0
                intcode                               8        8       10         0
                reset_vec                             0        0        4         0
                text104                            3E84     3E84      3A2         0
                text103                            7894     7894        A         0
                text102                            7852     7852        E         0
                text101                            788A     788A        A         0
                intcode_body                       30C4     30C4      566         0
                text99                             7752     7752       18         0
                text98                             76A2     76A2       28         0
                text97                             773A     773A       18         0
                text96                             7796     7796       16         0
                text95                             7844     7844        E         0
                text94                             71BA     71BA       58         0
                text93                             7044     7044       64         0
                text92                             746A     746A       3E         0
                text90                             78BE     78BE        2         0
                text89                             73A0     73A0       46         0
                text88                             74A8     74A8       3C         0
                text87                             7678     7678       2A         0
                text86                             7780     7780       16         0
                text85                             742A     742A       40         0
                text84                             74E4     74E4       3A         0
                text83                             4FC6     4FC6      170         0
                text82                             5EA4     5EA4       FA         0
                text81                             493A     493A      1C4         0
                text80                             735A     735A       46         0
                text79                             7722     7722       18         0
                text78                             7836     7836        E         0
                text77                             776A     776A       16         0
                text76                             7706     7706       1C         0
                text75                             7828     7828        E         0
                text74                             7268     7268       56         0
                text73                             75C0     75C0       32         0
                text72                             66F6     66F6       B2         0
                text71                             76E8     76E8       1E         0
                text70                             7160     7160       5A         0
                text69                             7106     7106       5A         0
                text68                             63FA     63FA       C8         0
                text67                             64C2     64C2       C6         0
                text66                             6856     6856       A4         0
                text65                             7556     7556       38         0
                text64                             75F2     75F2       2E         0
                text63                             247A     247A      C4A         0
                text62                             3A60     3A60      424         0
                text61                             7212     7212       56         0
                text60                             77D2     77D2       10         0
                text59                             781A     781A        E         0
                text58                             7880     7880        A         0
                text57                             70A8     70A8       5E         0
                text56                             7312     7312       48         0
                text55                             780C     780C        E         0
                text54                             77FE     77FE        E         0
                text53                             7876     7876        A         0
                text52                             77AC     77AC       14         0
                text51                             77F0     77F0        E         0
                text50                             6E0C     6E0C       7C         0
                text49                             593A     593A      120         0
                text48                             699C     699C       A2         0
                text47                             44A6     44A6      27E         0
                text46                             554A     554A      152         0
                text45                             6FDE     6FDE       66         0
                text44                             6D8C     6D8C       80         0
                text43                             5C92     5C92      112         0
                text42                             5DA4     5DA4      100         0
                text41                             569C     569C      150         0
                text40                             4CB2     4CB2      196         0
                text39                             6D06     6D06       86         0
                text38                             68FA     68FA       A2         0
                text37                             78BA     78BA        4         0
                text36                             78A8     78A8        6         0
                text35                             53F8     53F8      152         0
                text34                             5136     5136      16C         0
                text33                             764C     764C       2C         0
                text32                             6588     6588       B8         0
                text31                             6640     6640       B6         0
                text30                             67A8     67A8       AE         0
                text29                             57EC     57EC      14E         0
                text28                             76CA     76CA       1E         0
                text27                             6E88     6E88       7A         0
                text26                             7620     7620       2C         0
                text25                             362A     362A      436         0
                text24                             5A5A     5A5A      11E         0
                text23                             77C0     77C0       12         0
                text22                             17FC     17FC      C7E         0
                text21                             6C7C     6C7C       8A         0
                text20                             6A3E     6A3E       9E         0
                text19                             6172     6172       E0         0
                text18                             751E     751E       38         0
                text17                             6BF2     6BF2       8A         0
                text16                             4AFE     4AFE      1B4         0
                text15                             6252     6252       DA         0
                text14                             6F02     6F02       72         0
                text13                             6ADC     6ADC       8C         0
                text12                             5B78     5B78      11A         0
                text11                             6F74     6F74       6A         0
                text10                             6B68     6B68       8A         0
                text9                              73E6     73E6       44         0
                text8                               1EC      1EC     1610         0
                text7                              786C     786C        A         0
                text6                              7860     7860        C         0
                text5                              72BE     72BE       54         0
                text4                              77E2     77E2        E         0
                text3                              4226     4226      280         0
                text2                              4724     4724      216         0
                text1                              632C     632C       CE         0
                text0                              4E48     4E48      17E         0
                cinit                              52A2     52A2      156         0
                idataBANK8                         758E     758E       32         0
                idataBANK5                         5F9E     5F9E       F2         0
                idataBANK4                         6090     6090       E1         0
                idataBANK2                         78B6     78B6        4         0
                idataBANK1                         78B2     78B2        4         0
                idataBANK0                         78AE     78AE        4         0
                idataCOMRAM                        789E     789E        9         0

        CLASS   CONST          

        CLASS   SMALLCONST     

        CLASS   MEDIUMCONST    
                mediumconst                        F7EE     F7EE      812         0

        CLASS   COMRAM         
                cstackCOMRAM                          1        1       28         1
                dataCOMRAM                           3B       3B        9         1
                bssCOMRAM                            29       29       12         1

        CLASS   ABS1           

        CLASS   BIGRAM         

        CLASS   RAM            

        CLASS   BANK0          
                cstackBANK0                          60       60       64         1
                dataBANK0                            D5       D5        4         1
                bssBANK0                             C4       C4       11         1

        CLASS   BANK1          
                cstackBANK1                         100      100       FA         1
                dataBANK1                           1FA      1FA        4         1

        CLASS   BANK2          
                cstackBANK2                         200      200       F9         1
                dataBANK2                           2F9      2F9        4         1
                bssBANK2                            2FD      2FD        3         1

        CLASS   BANK3          
                cstackBANK3                         300      300       F8         1

        CLASS   BANK4          
                dataBANK4                           400      400       E1         1
                bssBANK4                            4E1      4E1       14         1

        CLASS   BANK5          
                dataBANK5                           500      500       F2         1

        CLASS   BANK6          
                bssBANK6                            600      600       FF         1

        CLASS   BANK7          
                bssBANK7                            700      700       F6         1

        CLASS   BANK8          
                dataBANK8                           890      890       32         1
                bssBANK8                            800      800       90         1

        CLASS   BANK9          
                bssBANK9                            900      900       FF         1

        CLASS   BANK10         

        CLASS   BANK11         

        CLASS   BANK12         

        CLASS   BANK13         

        CLASS   BANK14         

        CLASS   BANK15         

        CLASS   SFR            

        CLASS   FARRAM         

        CLASS   CONFIG         
                config                           300000   300000        E         0

        CLASS   IDLOC          
                idloc                            200000   200000        8         0

        CLASS   EEDATA         



SEGMENTS        Name                           Load    Length   Top    Selector   Space  Class

                reset_vec                      000000  000004  000004         0       0  CODE    
                cstackCOMRAM                   000001  000043  000044         1       1  COMRAM  
                intcode                        000008  000010  000018         4       0  CODE    
                intcodelo                      000018  006159  006171         C       0  CODE    
                cstackBANK0                    000060  000079  0000D9        60       1  BANK0   
                cstackBANK1                    000100  0000FE  0001FE       100       1  BANK1   
                cstackBANK2                    000200  000100  000300       200       1  BANK2   
                cstackBANK3                    000300  0000F8  0003F8       300       1  BANK3   
                dataBANK4                      000400  0000F5  0004F5       400       1  BANK4   
                dataBANK5                      000500  0000F2  0005F2       500       1  BANK5   
                bssBANK6                       000600  0000FF  0006FF       600       1  BANK6   
                bssBANK7                       000700  0000F6  0007F6       700       1  BANK7   
                bssBANK8                       000800  0000C2  0008C2       800       1  BANK8   
                bssBANK9                       000900  0000FF  0009FF       900       1  BANK9   
                text19                         006172  001735  0078A7      30B9       0  CODE    
                text36                         0078A8  000018  0078C0      3C54       0  CODE    
                mediumconst                    00F7EE  000812  010000      7BF7       0  MEDIUMCO
                idloc                          200000  000008  200008    200000       0  IDLOC   
                config                         300000  00000E  30000E    300000       0  CONFIG  


UNUSED ADDRESS RANGES

        Name                Unused          Largest block    Delta
        BANK0            0000D9-0000FF               27
        BANK1            0001FE-0001FF                2
        BANK10           000A00-000AFF              100
        BANK11           000B00-000BFF              100
        BANK12           000C00-000CFF              100
        BANK13           000D00-000DFF              100
        BANK14           000E00-000EFF              100
        BANK15           000F00-000F5F               60
        BANK3            0003F8-0003FF                8
        BANK4            0004F5-0004FF                B
        BANK5            0005F2-0005FF                E
        BANK6            0006FF-0006FF                1
        BANK7            0007F6-0007FF                A
        BANK8            0008C2-0008FF               3E
        BANK9            0009FF-0009FF                1
        BIGRAM           000044-00005F               1C
                         0000D9-0000FF               27
                         0001FE-0001FF                2
                         0003F8-0003FF                8
                         0004F5-0004FF                B
                         0005F2-0005FF                E
                         0006FF-0006FF                1
                         0007F6-0007FF                A
                         0008C2-0008FF               3E
                         0009FF-000F5F              561
        CODE             000004-000007                4
                         006171-006171                1
                         0078A7-0078A7                1
                         0078C0-00F7ED             7F2E
        COMRAM           000044-00005F               1C
        CONST            000004-000007                4
                         006171-006171                1
                         0078A7-0078A7                1
                         0078C0-00F7ED             7F2E
        EEDATA           F00000-F003FF              400
        MEDIUMCONST      006171-006171                1
                         0078A7-0078A7                1
                         0078C0-00F7ED             7F2E
        RAM              0000D9-0000FF               27
                         0001FE-0001FF                2
                         0003F8-0003FF                8
                         0004F5-0004FF                B
                         0005F2-0005FF                E
                         0006FF-0006FF                1
                         0007F6-0007FF                A
                         0008C2-0008FF               3E
                         0009FF-000F5F              100
        SFR              000F60-000FFF               A0
        SMALLCONST       006171-006171                1
                         0078A7-0078A7                1
                         0078C0-00F7ED              100
        STACK            0009FF-000F5F              561

                                  Symbol Table

?_EncodeNEC                             cstackBANK0  000079
?_GetEEPROM                             cstackBANK1  000100
?_GetMemoryChar                         cstackBANK0  000078
?_GetMemoryLong                         cstackBANK0  000078
?_ReadEEPROM_1Byte                      cstackBANK0  000075
?_ReadVoltage                           cstackBANK0  00009E
?_Reverse_4Byte                         cstackBANK0  000075
?_Round                                 cstackBANK0  000098
?_SetEEPROM                             cstackBANK1  000100
?___altoft                              cstackBANK0  00007D
?___ftadd                               cstackBANK0  00007D
?___ftdiv                               cstackBANK0  000080
?___ftmul                               cstackBANK0  00008F
?___ftpack                              cstackBANK0  000075
?___fttol                               cstackBANK0  000089
?___lldiv                               cstackBANK0  000075
?___llmod                               cstackBANK0  000082
?___lltoft                              cstackBANK0  00007D
?___lmul                                cstackBANK0  000075
?___lwtoft                              cstackBANK0  00007D
?___wmul                                cstackBANK0  000075
?_sprintf                               cstackBANK0  00008B
BluetoothInitialSetup@RFchannel         cstackBANK1  000100
BluetoothInitialSetup@buf               cstackBANK1  00010A
BluetoothInitialSetup@ok                cstackBANK1  00013C
BufferCopy@count                        cstackBANK0  000081
BufferCopy@from                         cstackBANK0  00007D
BufferCopy@i                            cstackBANK0  000083
BufferCopy@shift                        cstackBANK0  000082
BufferCopy@to                           cstackBANK0  00007F
DecodeNEC@Nec                           cstackBANK0  000079
DecodeNEC@address                       cstackBANK0  00007D
DecodeNEC@command                       cstackBANK0  00007F
DecodeNEC@temp1                         cstackBANK0  000087
DecodeNEC@temp2                         cstackBANK0  000085
DecodeNEC@temp3                         cstackBANK0  000086
EncodeNEC@address                       cstackBANK0  0000A1
EncodeNEC@command                       cstackBANK0  000079
EncodeNEC@temp1                         cstackBANK0  000091
EncodeNEC@temp2                         cstackBANK0  000095
EncodeNEC@temp3                         cstackBANK0  000099
EncodeNEC@temp4                         cstackBANK0  00009D
EnterCommandMode@count                  cstackBANK0  00007E
EraseScreen@characters                  cstackCOMRAM 000002
EraseScreen@i                           cstackCOMRAM 000003
GetEEPROM@Arrayspot                     cstackBANK2  000200
GetEEPROM@Temp                          cstackBANK2  000201
GetEEPROM@i                             cstackBANK2  0002F7
GetEEPROM@j                             cstackBANK2  0002F8
GetMemoryChar@AddressFirst              cstackBANK0  00007C
GetMemoryChar@H                         cstackBANK0  00007D
GetMemoryLong@AddressFirst              cstackBANK0  000098
GetMemoryLong@H                         cstackBANK0  000094
GetMemoryLong@L                         cstackBANK0  000097
GetMemoryLong@MH                        cstackBANK0  000095
GetMemoryLong@ML                        cstackBANK0  000096
GetMemoryLong@temp                      cstackBANK0  000090
GetNumber@CommaNumber                   cstackBANK0  000083
GetNumber@Hex                           cstackBANK0  00008C
GetNumber@This                          cstackBANK0  000081
GetNumber@count                         cstackBANK0  00008E
GetNumber@i                             cstackBANK0  00008F
GetNumber@negative                      cstackBANK0  00008D
GetNumber@result                        cstackBANK0  000084
GetNumber@temp                          cstackBANK0  000091
GetNumber@tempCommaNumber               cstackBANK0  00008B
GetNumber@tempThis                      cstackBANK0  000090
GetStringAfterComma@CommaNumber         cstackBANK0  000077
GetStringAfterComma@This                cstackBANK0  000075
GetStringAfterComma@count               cstackBANK0  00007C
GetStringAfterComma@result              cstackBANK0  000078
GetStringAfterComma@tempCommaNumber     cstackBANK0  00007B
IRrawToNEC@Invert                       cstackCOMRAM 00001F
IRrawToNEC@NEC                          cstackCOMRAM 00001D
IRrawToNEC@NECtemp                      cstackCOMRAM 000022
IRrawToNEC@Raw                          cstackCOMRAM 00001B
IRrawToNEC@StartBit                     cstackCOMRAM 000028
IRrawToNEC@first                        cstackCOMRAM 000026
IRrawToNEC@i                            cstackCOMRAM 000027
InitUART@Baud                           cstackBANK0  00009F
InitUART@config                         cstackBANK0  0000AC
InitUART@spbrg                          cstackBANK0  0000AA
InitUART@temp                           cstackBANK0  0000AD
InternalADC_Read@ADCcounts              cstackBANK0  00007E
InternalADC_Read@AnaChanSel             cstackBANK0  000082
InternalADC_Read@channel                cstackBANK0  000083
IsCharacter@data                        cstackCOMRAM 000001
IsLetter@data                           cstackBANK0  000075
OpenUSART@config                        cstackBANK0  000077
OpenUSART@spbrg                         cstackBANK0  000075
ReadCodeButtons@temp                    cstackBANK0  00007E
ReadEEPROM_1Byte@GIEstatus              cstackBANK0  000077
ReadEEPROM_1Byte@address                cstackBANK0  000075
ReadUSART@data                          cstackCOMRAM 000001
ReadVoltage@temp                        cstackBANK0  0000A4
ReadVoltage@voltage                     cstackBANK0  0000A1
Reverse_4Byte@This                      cstackBANK0  000075
Reverse_4Byte@temp                      cstackBANK0  000081
Reverse_Byte@This                       cstackBANK0  000078
Reverse_Byte@temp                       cstackBANK0  000077
Round@input                             cstackBANK0  000098
Round@temp                              cstackBANK0  00009B
SendNEC_bytes@RepeatAmount              cstackBANK0  000089
SendNEC_bytes@code                      cstackBANK0  000085
SendNEC_wait@RepeatAmount               cstackBANK0  00008E
SendNEC_wait@code                       cstackBANK0  00008A
SendNEC_wait@toggle                     cstackBANK0  00008F
SendRF@Code                             cstackBANK0  000075
SendRF@Config                           cstackBANK0  000077
SendRF@RepeatAmount                     cstackBANK0  000079
SendRF@i                                cstackBANK0  00007A
SendRF@size                             cstackBANK0  000078
SendRF_Channel@channel                  cstackBANK0  000080
SendRF_wait@Code                        cstackBANK0  00007B
SendRF_wait@Config                      cstackBANK0  00007D
SendRF_wait@amount                      cstackBANK0  00007F
SendRF_wait@size                        cstackBANK0  00007E
SetEEPROM@Arrayspot                     cstackBANK0  0000B1
SetEEPROM@Temp                          cstackBANK1  000100
SetEEPROM@burn                          cstackBANK1  0001F6
SetEEPROM@fail                          cstackBANK0  0000AC
SetEEPROM@i                             cstackBANK0  0000B2
SetEEPROM@j                             cstackBANK0  0000B3
SetEEPROM@temp                          cstackBANK0  0000B0
SetEEPROMdefault@i                      cstackBANK0  0000B6
SetEEPROMdefault@j                      cstackBANK0  0000B7
SetMemoryChar@AddressFirst              cstackBANK0  00007E
SetMemoryChar@Data                      cstackBANK0  000080
SetMemoryChar@Test                      cstackBANK0  00007F
SetMemoryLong@AddressFirst              cstackBANK0  00009D
SetMemoryLong@Data                      cstackBANK0  000099
SetMemoryLong@H                         cstackBANK0  0000A6
SetMemoryLong@L                         cstackBANK0  0000A9
SetMemoryLong@MH                        cstackBANK0  0000A7
SetMemoryLong@ML                        cstackBANK0  0000A8
SetMemoryLong@Test                      cstackBANK0  0000A2
StringAddEqual@Input                    cstackBANK0  000084
StringAddEqual@firstnumber              cstackBANK1  000164
StringAddEqual@i                        cstackBANK1  000165
StringAddEqual@j                        cstackBANK1  000166
StringAddEqual@temp                     cstackBANK1  000100
StringContains@That                     cstackBANK0  000077
StringContains@This                     cstackBANK0  000075
StringContains@begin                    cstackBANK0  00007A
StringContainsCaseInsensitive@That      cstackBANK0  00007A
StringContainsCaseInsensitive@This      cstackBANK0  000078
StringContainsCaseInsensitive@begin     cstackBANK0  00007C
StringContainsCaseInsensitive@tempThat  cstackBANK0  00007E
StringContainsCaseInsensitive@tempThis  cstackBANK0  00007D
StringMatch@That                        cstackBANK0  000077
StringMatch@This                        cstackBANK0  000075
StringMatchCaseInsensitive@That         cstackBANK0  00007A
StringMatchCaseInsensitive@This         cstackBANK0  000078
StringMatchCaseInsensitive@tempThat     cstackBANK0  00007D
StringMatchCaseInsensitive@tempThis     cstackBANK0  00007C
SyncEEPROMToGlobal@Temp                 cstackBANK3  000300
SyncEEPROMToGlobal@i                    cstackBANK3  0003F6
SyncEEPROMToGlobal@j                    cstackBANK3  0003F7
UARTchar@data                           cstackBANK0  000075
UARTcommandMenu@Command                 cstackBANK0  000078
UARTcommandMenu@Desc                    cstackBANK0  00007A
UARTcommandMenu@i                       cstackBANK0  000081
UARTcommandMenu@place                   cstackBANK0  000082
UARTstring@data                         cstackBANK0  000076
UARTstringCRLN@data                     cstackBANK0  000078
UseBluetooth@EnteredNEC                 cstackBANK2  000244
UseBluetooth@NecAddress                 cstackBANK2  00024A
UseBluetooth@NecCommand                 cstackBANK2  00024B
UseBluetooth@buf                        cstackBANK2  000200
UseBluetooth@device                     cstackBANK2  000241
UseBluetooth@i                          cstackBANK2  000248
UseBluetooth@ok                         cstackBANK2  000243
UseBluetooth@rfchannelSTR               cstackBANK2  000232
UseBluetooth@rfconf                     cstackBANK2  000249
UseBluetooth@temp                       cstackBANK2  00024C
UseBluetooth@tempNec                    cstackBANK2  00023D
UseBluetooth@tempRFArray                cstackBANK2  000242
UseBluetooth@timeout                    cstackBANK2  00023C
UseIRCode@Code                          cstackBANK0  0000B4
UseIRCode@NEC                           cstackBANK0  0000B6
UseIRCode@found                         cstackBANK0  0000BD
UseIRCode@i                             cstackBANK0  0000BE
WaitForIRsignal@timeout                 cstackBANK0  00007E
WriteEEPROM_1Byte@GIEstatus             cstackBANK0  000078
WriteEEPROM_1Byte@address               cstackBANK0  000075
WriteEEPROM_1Byte@data                  cstackBANK0  000077
_ADCON0                                 (abs)        000FC2
_ADCON0bits                             (abs)        000FC2
_ADCON1                                 (abs)        000FC1
_ADCON1bits                             (abs)        000FC1
_ADCON2                                 (abs)        000FC0
_ADCON2bits                             (abs)        000FC0
_ADRESH                                 (abs)        000FC4
_ADRESL                                 (abs)        000FC3
_ANSEL                                  (abs)        000F7E
_ANSELH                                 (abs)        000F7F
_BAUDCONbits                            (abs)        000FB8
_BatteryVoltage                         bssBANK2     0002FD
_BlueConnected                          text75       007828
_BluetoothConfigured                    text76       007706
_BluetoothInitialSetup                  text62       003A60
_BufferCopy                             text17       006BF2
_CRLN                                   dataBANK0    0000D6
_CheckReceivingIR                       text23       0077C0
_CommandString                          bssBANK9     000900
_CommandStringPos                       bssCOMRAM    00002D
_Conf1_ChannelD                         dataBANK4    0004BD
_Conf1_ChannelD_STR                     dataBANK4    000490
_Conf1_ChannelE                         dataBANK4    0004C9
_Conf1_ChannelE_STR                     dataBANK4    00049F
_Conf1_ChannelF                         dataBANK4    0004D5
_Conf1_ChannelF_STR                     dataBANK4    0004AE
_Conf1_Channels                         dataBANK2    0002F9
_Conf2_ChannelB_OFF                     dataBANK4    000400
_Conf2_ChannelB_OFF_STR                 dataBANK5    000598
_Conf2_ChannelB_ON                      dataBANK4    000410
_Conf2_ChannelB_ON_STR                  dataBANK5    0005BE
_Conf2_ChannelB_Status                  bssBANK0     0000C4
_Conf2_ChannelD_OFF                     dataBANK4    000420
_Conf2_ChannelD_OFF_STR                 dataBANK5    0005AB
_Conf2_ChannelD_ON                      dataBANK4    000430
_Conf2_ChannelD_ON_STR                  dataBANK5    0005D0
_Conf2_ChannelD_Status                  bssBANK0     0000C5
_Conf2_ChannelH_1_OFF                   dataBANK4    000440
_Conf2_ChannelH_1_OFF_STR               dataBANK5    00051D
_Conf2_ChannelH_1_ON                    dataBANK4    000450
_Conf2_ChannelH_1_ON_STR                dataBANK5    00055C
_Conf2_ChannelH_1_Status                bssBANK0     0000C6
_Conf2_ChannelH_2_OFF                   dataBANK4    000460
_Conf2_ChannelH_2_OFF_STR               dataBANK5    000532
_Conf2_ChannelH_2_ON                    dataBANK4    000470
_Conf2_ChannelH_2_ON_STR                dataBANK5    000570
_Conf2_ChannelH_2_Status                bssBANK0     0000C7
_Conf2_ChannelH_3_OFF                   dataBANK5    0005E2
_Conf2_ChannelH_3_OFF_STR               dataBANK5    000547
_Conf2_ChannelH_3_ON                    dataBANK4    000480
_Conf2_ChannelH_3_ON_STR                dataBANK5    000584
_Conf2_ChannelH_3_Status                bssBANK0     0000C8
_Conf2_Channels                         dataBANK1    0001FA
_ConfigureOscillator                    text90       0078BE
_DecodeNEC                              text30       0067A8
_EEADR                                  (abs)        000FA9
_EEADRH                                 (abs)        000FAA
_EECON1bits                             (abs)        000FA6
_EECON2                                 (abs)        000FA7
_EEDATA                                 (abs)        000FA8
_EEPROM_UNLOCK                          text86       007780
_EEPROMinitialized                      text79       007722
_EncodeNEC                              text29       0057EC
_EnterCommandMode                       text68       0063FA
_EraseScreen                            text98       0076A2
_GetEEPROM                              text41       00569C
_GetMemoryChar                          text87       007678
_GetMemoryLong                          text83       004FC6
_GetNumber                              text25       00362A
_GetStringAfterComma                    text24       005A5A
_Global                                 bssBANK7     000700
_INTCON2bits                            (abs)        000FF1
_INTCONbits                             (abs)        000FF2
_IOCBbits                               (abs)        000F7D
_IPR1bits                               (abs)        000F9F
_IPR2bits                               (abs)        000FA2
_IRRawCode                              bssBANK8     000800
_IR_NEC                                 bssBANK0     0000CE
_IR_New_Code                            bssBANK0     0000D2
_IRaddress                              bssBANK0     0000D3
_IRbit                                  bssCOMRAM    00002E
_IRbitPosition                          dataCOMRAM   00003F
_IRcodeBit                              bssBANK0     0000C9
_IRcodePlace                            dataCOMRAM   000040
_IRcommand                              bssBANK0     0000D4
_IRmod                                  bssBANK0     0000CA
_IRpinOLD                               bssCOMRAM    00002F
_IRrawCodeNum                           bssCOMRAM    000030
_IRrawToNEC                             text104      003E84
_IRrepeatAmount                         bssCOMRAM    000031
_IRrepeatflag                           bssCOMRAM    000032
_IRsendCode                             bssCOMRAM    000029
_IRsendFlag                             bssBANK0     0000CB
_InitADC                                text77       00776A
_InitApp                                text89       0073A0
_InitBluetooth                          text61       007212
_InitIR                                 text56       007312
_InitTimer0                             text60       0077D2
_InitTimer1                             text55       00780C
_InitTimer2                             text54       0077FE
_InitTimer3                             text53       007876
_InitTimers                             text52       0077AC
_InitUART                               text43       005C92
_InitUART$3508                          cstackBANK0  0000A7
_Init_System                            text39       006D06
_InternalADC_Read                       text38       0068FA
_IsCharacter                            text97       00773A
_IsLetter                               text28       0076CA
_LATA                                   (abs)        000F89
_LATB                                   (abs)        000F8A
_LATC                                   (abs)        000F8B
_LEDTimerON                             text6        007860
_Local_CloseUSART                       text51       0077F0
_NewReceivedString                      bssBANK0     0000CC
_OpenUSART                              text50       006E0C
_PIE1bits                               (abs)        000F9D
_PIE2bits                               (abs)        000FA0
_PIR1bits                               (abs)        000F9E
_PIR2bits                               (abs)        000FA1
_PORTA                                  (abs)        000F80
_PORTB                                  (abs)        000F81
_PORTC                                  (abs)        000F82
_PR2                                    (abs)        000FCB
_ProductName                            dataBANK8    000890
_RCONbits                               (abs)        000FD0
_RCREG                                  (abs)        000FAE
_RCSTA                                  (abs)        000FAB
_RCSTAbits                              (abs)        000FAB
_RFConfig                               bssCOMRAM    000033
_RF_IR                                  dataCOMRAM   000041
_RF_IR_Postscaler                       dataCOMRAM   000042
_RFcodeBit                              bssCOMRAM    000034
_RFcodePlace                            bssCOMRAM    000035
_RFsendCode                             bssBANK4     0004E1
_RFsendFlag                             bssCOMRAM    000036
_ReadCodeButtons                        text5        0072BE
_ReadEEPROM_1Byte                       text88       0074A8
_ReadIRpin                              text59       00781A
_ReadPushButton                         text4        0077E2
_ReadUSART                              text96       007796
_ReadVoltage                            text32       006588
_ReceivedString                         bssBANK6     000600
_ReceivedStringPos                      bssBANK0     0000CD
_ReceivingIR                            dataCOMRAM   000043
_ResetADC                               text78       007836
_ResetBlue                              text73       0075C0
_ResetTimer0                            text58       007880
_ResetTimer1                            text7        00786C
_ResetTimer3                            text103      007894
_Reverse_4Byte                          text22       0017FC
_Reverse_Byte                           text31       006640
_Round                                  text45       006FDE
_SN                                     dataCOMRAM   00003B
_SPBRG                                  (abs)        000FAF
_SPBRGH                                 (abs)        000FB0
_SYNTAX_ERR                             dataBANK5    000500
_SendNEC_bytes                          text21       006C7C
_SendNEC_wait                           text20       006A3E
_SendRF                                 text19       006172
_SendRF_Channel                         text3        004226
_SendRF_wait                            text18       00751E
_Sendcount                              bssCOMRAM    000037
_Sent                                   dataBANK0    0000D5
_SetEEPROM                              text81       00493A
_SetEEPROMdefault                       text42       005DA4
_SetMemoryChar                          text84       0074E4
_SetMemoryLong                          text82       005EA4
_StringAddEqual                         text16       004AFE
_StringContains                         text72       0066F6
_StringContainsCaseInsensitive          text15       006252
_StringMatch                            text14       006F02
_StringMatchCaseInsensitive             text13       006ADC
_SyncEEPROMToGlobal                     text40       004CB2
_SyncGlobalToEEPROM                     text80       00735A
_T0CONbits                              (abs)        000FD5
_T1CONbits                              (abs)        000FCD
_T2CONbits                              (abs)        000FCA
_T3CONbits                              (abs)        000FB1
_TMR0H                                  (abs)        000FD7
_TMR0L                                  (abs)        000FD6
_TMR1H                                  (abs)        000FCF
_TMR1L                                  (abs)        000FCE
_TMR2                                   (abs)        000FCC
_TMR3H                                  (abs)        000FB3
_TMR3L                                  (abs)        000FB2
_TRISAbits                              (abs)        000F92
_TRISBbits                              (abs)        000F93
_TRISCbits                              (abs)        000F94
_TXREG                                  (abs)        000FAD
_TXSTA                                  (abs)        000FAC
_TXSTAbits                              (abs)        000FAC
_Timer1_Postscaler                      bssCOMRAM    000038
_Timer2_Postscaler                      bssCOMRAM    000039
_Timer3_Postscaler                      bssCOMRAM    00003A
_UARTchar                               text71       0076E8
_UARTcommandMenu                        text12       005B78
_UARTstring                             text70       007160
_UARTstringCRLN                         text11       006F74
_UseBluetooth                           text8        0001EC
_UseIRCode                              text2        004724
_Version                                mediumconst  00F867
_VoltageDividerOFF                      text37       0078BA
_VoltageDividerON                       text36       0078A8
_WPUB                                   (abs)        000F7C
_WaitForIRsignal                        text10       006B68
_WriteEEPROM_1Byte                      text85       00742A
__CFG_BOREN$SBORDIS                     (abs)        000000
__CFG_BORV$27                           (abs)        000000
__CFG_CCP2MX$PORTC                      (abs)        000000
__CFG_CP0$OFF                           (abs)        000000
__CFG_CP1$OFF                           (abs)        000000
__CFG_CP2$OFF                           (abs)        000000
__CFG_CP3$OFF                           (abs)        000000
__CFG_CPB$OFF                           (abs)        000000
__CFG_CPD$OFF                           (abs)        000000
__CFG_EBTR0$OFF                         (abs)        000000
__CFG_EBTR1$OFF                         (abs)        000000
__CFG_EBTR2$OFF                         (abs)        000000
__CFG_EBTR3$OFF                         (abs)        000000
__CFG_EBTRB$OFF                         (abs)        000000
__CFG_FCMEN$OFF                         (abs)        000000
__CFG_FOSC$HSPLL                        (abs)        000000
__CFG_HFOFST$ON                         (abs)        000000
__CFG_IESO$OFF                          (abs)        000000
__CFG_LPT1OSC$OFF                       (abs)        000000
__CFG_LVP$OFF                           (abs)        000000
__CFG_MCLRE$ON                          (abs)        000000
__CFG_PBADEN$OFF                        (abs)        000000
__CFG_PWRT$OFF                          (abs)        000000
__CFG_STVREN$ON                         (abs)        000000
__CFG_WDTEN$OFF                         (abs)        000000
__CFG_WDTPS$32768                       (abs)        000000
__CFG_WRT0$OFF                          (abs)        000000
__CFG_WRT1$OFF                          (abs)        000000
__CFG_WRT2$OFF                          (abs)        000000
__CFG_WRT3$OFF                          (abs)        000000
__CFG_WRTB$OFF                          (abs)        000000
__CFG_WRTC$OFF                          (abs)        000000
__CFG_WRTD$OFF                          (abs)        000000
__CFG_XINST$OFF                         (abs)        000000
__HRAM                                  (abs)        000000
__Habs1                                 abs1         000000
__Hbank0                                bank0        000000
__Hbank1                                bank1        000000
__Hbank10                               bank10       000000
__Hbank11                               bank11       000000
__Hbank12                               bank12       000000
__Hbank13                               bank13       000000
__Hbank14                               bank14       000000
__Hbank15                               bank15       000000
__Hbank2                                bank2        000000
__Hbank3                                bank3        000000
__Hbank4                                bank4        000000
__Hbank5                                bank5        000000
__Hbank6                                bank6        000000
__Hbank7                                bank7        000000
__Hbank8                                bank8        000000
__Hbank9                                bank9        000000
__Hbigbss                               bigbss       000000
__Hbigdata                              bigdata      000000
__Hbigram                               bigram       000000
__Hbss                                  bss          000000
__HbssBANK0                             bssBANK0     000000
__HbssBANK2                             bssBANK2     000000
__HbssBANK4                             bssBANK4     000000
__HbssBANK6                             bssBANK6     000000
__HbssBANK7                             bssBANK7     000000
__HbssBANK8                             bssBANK8     000000
__HbssBANK9                             bssBANK9     000000
__HbssCOMRAM                            bssCOMRAM    000000
__Hcinit                                cinit        000000
__Hclrtext                              clrtext      000000
__Hcomram                               comram       000000
__Hconfig                               config       30000E
__Hconst                                const        000000
__HcstackBANK0                          cstackBANK0  000000
__HcstackBANK1                          cstackBANK1  000000
__HcstackBANK2                          cstackBANK2  000000
__HcstackBANK3                          cstackBANK3  000000
__HcstackCOMRAM                         cstackCOMRAM 000000
__Hdata                                 data         000000
__HdataBANK0                            dataBANK0    000000
__HdataBANK1                            dataBANK1    000000
__HdataBANK2                            dataBANK2    000000
__HdataBANK4                            dataBANK4    000000
__HdataBANK5                            dataBANK5    000000
__HdataBANK8                            dataBANK8    000000
__HdataCOMRAM                           dataCOMRAM   000000
__Heeprom_data                          eeprom_data  000000
__Hend_init                             end_init     0001EC
__Hfarbss                               farbss       000000
__Hfardata                              fardata      000000
__Hibigdata                             ibigdata     000000
__Hidata                                idata        000000
__HidataBANK0                           idataBANK0   000000
__HidataBANK1                           idataBANK1   000000
__HidataBANK2                           idataBANK2   000000
__HidataBANK4                           idataBANK4   000000
__HidataBANK5                           idataBANK5   000000
__HidataBANK8                           idataBANK8   000000
__HidataCOMRAM                          idataCOMRAM  000000
__Hidloc                                idloc        200008
__Hifardata                             ifardata     000000
__Hinit                                 init         0001E8
__Hintcode                              intcode      000018
__Hintcode_body                         intcode_body 000000
__Hintcodelo                            intcodelo    0001E8
__Hintentry                             intentry     000000
__Hintret                               intret       000000
__Hintsave_regs                         intsave_regs 000000
__Hirdata                               irdata       000000
__Hmediumconst                          mediumconst  010000
__HnvFARRAM                             nvFARRAM     000000
__Hnvbit                                nvbit        000000
__Hnvrram                               nvrram       000000
__Hparam                                rparam       000000
__Hpowerup                              powerup      0001E8
__Hram                                  ram          000000
__Hramtop                               ramtop       001000
__Hrbit                                 rbit         000000
__Hrbss                                 rbss         000000
__Hrdata                                rdata        000000
__Hreset_vec                            reset_vec    000004
__Hrparam                               rparam       000000
__Hsfr                                  sfr          000000
__Hsmallconst                           smallconst   000000
__Hspace_0                              (abs)        30000E
__Hspace_1                              (abs)        0009FF
__Hspace_2                              (abs)        000000
__Hstack                                stack        000000
__Hstruct                               struct       000000
__Htemp                                 temp         000000
__Htext                                 text         000000
__Htext0                                text0        000000
__Htext1                                text1        000000
__Htext10                               text10       000000
__Htext101                              text101      000000
__Htext102                              text102      000000
__Htext103                              text103      000000
__Htext104                              text104      000000
__Htext11                               text11       000000
__Htext12                               text12       000000
__Htext13                               text13       000000
__Htext14                               text14       000000
__Htext15                               text15       000000
__Htext16                               text16       000000
__Htext17                               text17       000000
__Htext18                               text18       000000
__Htext19                               text19       000000
__Htext2                                text2        000000
__Htext20                               text20       000000
__Htext21                               text21       000000
__Htext22                               text22       000000
__Htext23                               text23       000000
__Htext24                               text24       000000
__Htext25                               text25       000000
__Htext26                               text26       000000
__Htext27                               text27       000000
__Htext28                               text28       000000
__Htext29                               text29       000000
__Htext3                                text3        000000
__Htext30                               text30       000000
__Htext31                               text31       000000
__Htext32                               text32       000000
__Htext33                               text33       000000
__Htext34                               text34       000000
__Htext35                               text35       000000
__Htext36                               text36       000000
__Htext37                               text37       000000
__Htext38                               text38       000000
__Htext39                               text39       000000
__Htext4                                text4        000000
__Htext40                               text40       000000
__Htext41                               text41       000000
__Htext42                               text42       000000
__Htext43                               text43       000000
__Htext44                               text44       000000
__Htext45                               text45       000000
__Htext46                               text46       000000
__Htext47                               text47       000000
__Htext48                               text48       000000
__Htext49                               text49       000000
__Htext5                                text5        000000
__Htext50                               text50       000000
__Htext51                               text51       000000
__Htext52                               text52       000000
__Htext53                               text53       000000
__Htext54                               text54       000000
__Htext55                               text55       000000
__Htext56                               text56       000000
__Htext57                               text57       000000
__Htext58                               text58       000000
__Htext59                               text59       000000
__Htext6                                text6        000000
__Htext60                               text60       000000
__Htext61                               text61       000000
__Htext62                               text62       000000
__Htext63                               text63       000000
__Htext64                               text64       000000
__Htext65                               text65       000000
__Htext66                               text66       000000
__Htext67                               text67       000000
__Htext68                               text68       000000
__Htext69                               text69       000000
__Htext7                                text7        000000
__Htext70                               text70       000000
__Htext71                               text71       000000
__Htext72                               text72       000000
__Htext73                               text73       000000
__Htext74                               text74       000000
__Htext75                               text75       000000
__Htext76                               text76       000000
__Htext77                               text77       000000
__Htext78                               text78       000000
__Htext79                               text79       000000
__Htext8                                text8        000000
__Htext80                               text80       000000
__Htext81                               text81       000000
__Htext82                               text82       000000
__Htext83                               text83       000000
__Htext84                               text84       000000
__Htext85                               text85       000000
__Htext86                               text86       000000
__Htext87                               text87       000000
__Htext88                               text88       000000
__Htext89                               text89       000000
__Htext9                                text9        000000
__Htext90                               text90       000000
__Htext92                               text92       000000
__Htext93                               text93       000000
__Htext94                               text94       000000
__Htext95                               text95       000000
__Htext96                               text96       000000
__Htext97                               text97       000000
__Htext98                               text98       000000
__Htext99                               text99       000000
__LRAM                                  (abs)        000001
__Labs1                                 abs1         000000
__Lbank0                                bank0        000000
__Lbank1                                bank1        000000
__Lbank10                               bank10       000000
__Lbank11                               bank11       000000
__Lbank12                               bank12       000000
__Lbank13                               bank13       000000
__Lbank14                               bank14       000000
__Lbank15                               bank15       000000
__Lbank2                                bank2        000000
__Lbank3                                bank3        000000
__Lbank4                                bank4        000000
__Lbank5                                bank5        000000
__Lbank6                                bank6        000000
__Lbank7                                bank7        000000
__Lbank8                                bank8        000000
__Lbank9                                bank9        000000
__Lbigbss                               bigbss       000000
__Lbigdata                              bigdata      000000
__Lbigram                               bigram       000000
__Lbss                                  bss          000000
__LbssBANK0                             bssBANK0     000000
__LbssBANK2                             bssBANK2     000000
__LbssBANK4                             bssBANK4     000000
__LbssBANK6                             bssBANK6     000000
__LbssBANK7                             bssBANK7     000000
__LbssBANK8                             bssBANK8     000000
__LbssBANK9                             bssBANK9     000000
__LbssCOMRAM                            bssCOMRAM    000000
__Lcinit                                cinit        000000
__Lclrtext                              clrtext      000000
__Lcomram                               comram       000000
__Lconfig                               config       300000
__Lconst                                const        000000
__LcstackBANK0                          cstackBANK0  000000
__LcstackBANK1                          cstackBANK1  000000
__LcstackBANK2                          cstackBANK2  000000
__LcstackBANK3                          cstackBANK3  000000
__LcstackCOMRAM                         cstackCOMRAM 000000
__Ldata                                 data         000000
__LdataBANK0                            dataBANK0    000000
__LdataBANK1                            dataBANK1    000000
__LdataBANK2                            dataBANK2    000000
__LdataBANK4                            dataBANK4    000000
__LdataBANK5                            dataBANK5    000000
__LdataBANK8                            dataBANK8    000000
__LdataCOMRAM                           dataCOMRAM   000000
__Leeprom_data                          eeprom_data  000000
__Lend_init                             end_init     0001E8
__Lfarbss                               farbss       000000
__Lfardata                              fardata      000000
__Libigdata                             ibigdata     000000
__Lidata                                idata        000000
__LidataBANK0                           idataBANK0   000000
__LidataBANK1                           idataBANK1   000000
__LidataBANK2                           idataBANK2   000000
__LidataBANK4                           idataBANK4   000000
__LidataBANK5                           idataBANK5   000000
__LidataBANK8                           idataBANK8   000000
__LidataCOMRAM                          idataCOMRAM  000000
__Lidloc                                idloc        200000
__Lifardata                             ifardata     000000
__Linit                                 init         0001E8
__Lintcode                              intcode      000008
__Lintcode_body                         intcode_body 000000
__Lintcodelo                            intcodelo    000018
__Lintentry                             intentry     000000
__Lintret                               intret       000000
__Lintsave_regs                         intsave_regs 000000
__Lirdata                               irdata       000000
__Lmediumconst                          mediumconst  00F7EE
__LnvFARRAM                             nvFARRAM     000000
__Lnvbit                                nvbit        000000
__Lnvrram                               nvrram       000000
__Lparam                                rparam       000000
__Lpowerup                              powerup      0001E8
__Lram                                  ram          000000
__Lramtop                               ramtop       001000
__Lrbit                                 rbit         000000
__Lrbss                                 rbss         000000
__Lrdata                                rdata        000000
__Lreset_vec                            reset_vec    000000
__Lrparam                               rparam       000000
__Lsfr                                  sfr          000000
__Lsmallconst                           smallconst   000000
__Lspace_0                              (abs)        000000
__Lspace_1                              (abs)        000000
__Lspace_2                              (abs)        000000
__Lstack                                stack        000000
__Lstruct                               struct       000000
__Ltemp                                 temp         000000
__Ltext                                 text         000000
__Ltext0                                text0        000000
__Ltext1                                text1        000000
__Ltext10                               text10       000000
__Ltext101                              text101      000000
__Ltext102                              text102      000000
__Ltext103                              text103      000000
__Ltext104                              text104      000000
__Ltext11                               text11       000000
__Ltext12                               text12       000000
__Ltext13                               text13       000000
__Ltext14                               text14       000000
__Ltext15                               text15       000000
__Ltext16                               text16       000000
__Ltext17                               text17       000000
__Ltext18                               text18       000000
__Ltext19                               text19       000000
__Ltext2                                text2        000000
__Ltext20                               text20       000000
__Ltext21                               text21       000000
__Ltext22                               text22       000000
__Ltext23                               text23       000000
__Ltext24                               text24       000000
__Ltext25                               text25       000000
__Ltext26                               text26       000000
__Ltext27                               text27       000000
__Ltext28                               text28       000000
__Ltext29                               text29       000000
__Ltext3                                text3        000000
__Ltext30                               text30       000000
__Ltext31                               text31       000000
__Ltext32                               text32       000000
__Ltext33                               text33       000000
__Ltext34                               text34       000000
__Ltext35                               text35       000000
__Ltext36                               text36       000000
__Ltext37                               text37       000000
__Ltext38                               text38       000000
__Ltext39                               text39       000000
__Ltext4                                text4        000000
__Ltext40                               text40       000000
__Ltext41                               text41       000000
__Ltext42                               text42       000000
__Ltext43                               text43       000000
__Ltext44                               text44       000000
__Ltext45                               text45       000000
__Ltext46                               text46       000000
__Ltext47                               text47       000000
__Ltext48                               text48       000000
__Ltext49                               text49       000000
__Ltext5                                text5        000000
__Ltext50                               text50       000000
__Ltext51                               text51       000000
__Ltext52                               text52       000000
__Ltext53                               text53       000000
__Ltext54                               text54       000000
__Ltext55                               text55       000000
__Ltext56                               text56       000000
__Ltext57                               text57       000000
__Ltext58                               text58       000000
__Ltext59                               text59       000000
__Ltext6                                text6        000000
__Ltext60                               text60       000000
__Ltext61                               text61       000000
__Ltext62                               text62       000000
__Ltext63                               text63       000000
__Ltext64                               text64       000000
__Ltext65                               text65       000000
__Ltext66                               text66       000000
__Ltext67                               text67       000000
__Ltext68                               text68       000000
__Ltext69                               text69       000000
__Ltext7                                text7        000000
__Ltext70                               text70       000000
__Ltext71                               text71       000000
__Ltext72                               text72       000000
__Ltext73                               text73       000000
[...]
 This function calls:
		Nothing
 This function is called by:
		_low_isr
 This function uses a non-reentrant model


 *************** function _IsCharacter *****************
 Defined at:
		line 111 in file "MISC.c"
 Parameters:    Size  Location     Type
  data            1    wreg     unsigned char 
 Auto vars:     Size  Location     Type
  data            1    0[COMRAM] unsigned char 
 Return value:  Size  Location     Type
                  1    wreg      unsigned char 
 Registers used:
		wreg, status,2, status,0
 Tracked objects:
		On entry : 
		On exit  : 
		Unchanged: 
 Data sizes:     COMRAM   BANK0   BANK1   BANK2   BANK3   BANK4   BANK5   BANK6   BANK7   BANK8   BANK9  BANK10  BANK11  BANK12  BANK13  BANK14  BANK15
      Params:         0       0       0       0       0       0       0       0       0       0       0       0       0       0       0       0       0
      Locals:         1       0       0       0       0       0       0       0       0       0       0       0       0       0       0       0       0
      Temps:          0       0       0       0       0       0       0       0       0       0       0       0       0       0       0       0       0
      Totals:         1       0       0       0       0       0       0       0       0       0       0       0       0       0       0       0       0
Total ram usage:        1 bytes
 Hardware stack levels used:    1
 Hardware stack levels required when called:    2
 This function calls:
		Nothing
 This function is called by:
		_low_isr
 This function uses a non-reentrant model


 *************** function _EraseScreen *****************
 Defined at:
		line 294 in file "UART.c"
 Parameters:    Size  Location     Type
  characters      1    wreg     unsigned char 
 Auto vars:     Size  Location     Type
  characters      1    1[COMRAM] unsigned char 
  i               1    2[COMRAM] unsigned char 
 Return value:  Size  Location     Type
		None               void
 Registers used:
		wreg, status,2, status,0, cstack
 Tracked objects:
		On entry : 
		On exit  : 
		Unchanged: 
 Data sizes:     COMRAM   BANK0   BANK1   BANK2   BANK3   BANK4   BANK5   BANK6   BANK7   BANK8   BANK9  BANK10  BANK11  BANK12  BANK13  BANK14  BANK15
      Params:         0       0       0       0       0       0       0       0       0       0       0       0       0       0       0       0       0
      Locals:         2       0       0       0       0       0       0       0       0       0       0       0       0       0       0       0       0
      Temps:          0       0       0       0       0       0       0       0       0       0       0       0       0       0       0       0       0
      Totals:         2       0       0       0       0       0       0       0       0       0       0       0       0       0       0       0       0
Total ram usage:        2 bytes
 Hardware stack levels used:    1
 Hardware stack levels required when called:    3
 This function calls:
		i1_UARTchar
 This function is called by:
		_low_isr
 This function uses a non-reentrant model


 *************** function i1_UARTchar *****************
 Defined at:
		line 185 in file "UART.c"
 Parameters:    Size  Location     Type
  data            1    wreg     unsigned char 
 Auto vars:     Size  Location     Type
  data            1    0[COMRAM] unsigned char 
 Return value:  Size  Location     Type
		None               void
 Registers used:
		wreg, status,2
 Tracked objects:
		On entry : 
		On exit  : 
		Unchanged: 
 Data sizes:     COMRAM   BANK0   BANK1   BANK2   BANK3   BANK4   BANK5   BANK6   BANK7   BANK8   BANK9  BANK10  BANK11  BANK12  BANK13  BANK14  BANK15
      Params:         0       0       0       0       0       0       0       0       0       0       0       0       0       0       0       0       0
      Locals:         1       0       0       0       0       0       0       0       0       0       0       0       0       0       0       0       0
      Temps:          0       0       0       0       0       0       0       0       0       0       0       0       0       0       0       0       0
      Totals:         1       0       0       0       0       0       0       0       0       0       0       0       0       0       0       0       0
Total ram usage:        1 bytes
 Hardware stack levels used:    1
 Hardware stack levels required when called:    2
 This function calls:
		Nothing
 This function is called by:
		_EraseScreen
		_low_isr
		i1_UARTstring
		i1_UARTstringCRLN
 This function uses a non-reentrant model


 *************** function _high_isr *****************
 Defined at:
		line 57 in file "interrupts.c"
 Parameters:    Size  Location     Type
		None
 Auto vars:     Size  Location     Type
  Time0           2   19[BANK0 ] unsigned int 
  IRpin           1   18[BANK0 ] unsigned char 
 Return value:  Size  Location     Type
		None               void
 Registers used:
		wreg, fsr2l, fsr2h, status,2, status,0, prodl, prodh, cstack
 Tracked objects:
		On entry : 
		On exit  : 
		Unchanged: 
 Data sizes:     COMRAM   BANK0   BANK1   BANK2   BANK3   BANK4   BANK5   BANK6   BANK7   BANK8   BANK9  BANK10  BANK11  BANK12  BANK13  BANK14  BANK15
      Params:         0       0       0       0       0       0       0       0       0       0       0       0       0       0       0       0       0
      Locals:         0       3       0       0       0       0       0       0       0       0       0       0       0       0       0       0       0
      Temps:          0      18       0       0       0       0       0       0       0       0       0       0       0       0       0       0       0
      Totals:         0      21       0       0       0       0       0       0       0       0       0       0       0       0       0       0       0
Total ram usage:       21 bytes
 Hardware stack levels used:    1
 Hardware stack levels required when called:    1
 This function calls:
		_IRrawToNEC
		_ResetTimer3
		i2_ReadIRpin
		i2_ResetTimer0
 This function is called by:
		Interrupt level 2
 This function uses a non-reentrant model


 *************** function i2_ResetTimer0 *****************
 Defined at:
		line 77 in file "Timer.c"
 Parameters:    Size  Location     Type
		None
 Auto vars:     Size  Location     Type
		None
 Return value:  Size  Location     Type
		None               void
 Registers used:
		wreg, status,2
 Tracked objects:
		On entry : 
		On exit  : 
		Unchanged: 
 Data sizes:     COMRAM   BANK0   BANK1   BANK2   BANK3   BANK4   BANK5   BANK6   BANK7   BANK8   BANK9  BANK10  BANK11  BANK12  BANK13  BANK14  BANK15
      Params:         0       0       0       0       0       0       0       0       0       0       0       0       0       0       0       0       0
      Locals:         0       0       0       0       0       0       0       0       0       0       0       0       0       0       0       0       0
      Temps:          0       0       0       0       0       0       0       0       0       0       0       0       0       0       0       0       0
      Totals:         0       0       0       0       0       0       0       0       0       0       0       0       0       0       0       0       0
Total ram usage:        0 bytes
 Hardware stack levels used:    1
 This function calls:
		Nothing
 This function is called by:
		_high_isr
 This function uses a non-reentrant model


 *************** function i2_ReadIRpin *****************
 Defined at:
		line 104 in file "IR.c"
 Parameters:    Size  Location     Type
		None
 Auto vars:     Size  Location     Type
		None
 Return value:  Size  Location     Type
                  1    wreg      unsigned char 
 Registers used:
		wreg
 Tracked objects:
		On entry : 
		On exit  : 
		Unchanged: 
 Data sizes:     COMRAM   BANK0   BANK1   BANK2   BANK3   BANK4   BANK5   BANK6   BANK7   BANK8   BANK9  BANK10  BANK11  BANK12  BANK13  BANK14  BANK15
      Params:         0       0       0       0       0       0       0       0       0       0       0       0       0       0       0       0       0
      Locals:         0       0       0       0       0       0       0       0       0       0       0       0       0       0       0       0       0
      Temps:          0       0       0       0       0       0       0       0       0       0       0       0       0       0       0       0       0
      Totals:         0       0       0       0       0       0       0       0       0       0       0       0       0       0       0       0       0
Total ram usage:        0 bytes
 Hardware stack levels used:    1
 This function calls:
		Nothing
 This function is called by:
		_high_isr
 This function uses a non-reentrant model


 *************** function _ResetTimer3 *****************
 Defined at:
		line 156 in file "Timer.c"
 Parameters:    Size  Location     Type
		None
 Auto vars:     Size  Location     Type
		None
 Return value:  Size  Location     Type
		None               void
 Registers used:
		wreg, status,2
 Tracked objects:
		On entry : 
		On exit  : 
		Unchanged: 
 Data sizes:     COMRAM   BANK0   BANK1   BANK2   BANK3   BANK4   BANK5   BANK6   BANK7   BANK8   BANK9  BANK10  BANK11  BANK12  BANK13  BANK14  BANK15
      Params:         0       0       0       0       0       0       0       0       0       0       0       0       0       0       0       0       0
      Locals:         0       0       0       0       0       0       0       0       0       0       0       0       0       0       0       0       0
      Temps:          0       0       0       0       0       0       0       0       0       0       0       0       0       0       0       0       0
      Totals:         0       0       0       0       0       0       0       0       0       0       0       0       0       0       0       0       0
Total ram usage:        0 bytes
 Hardware stack levels used:    1
 This function calls:
		Nothing
 This function is called by:
		_high_isr
 This function uses a non-reentrant model


 *************** function _IRrawToNEC *****************
 Defined at:
		line 122 in file "IR.c"
 Parameters:    Size  Location     Type
  Raw             2   26[COMRAM] PTR unsigned int 
		 -> IRRawCode(144), 
  NEC             2   28[COMRAM] PTR unsigned long 
		 -> IR_NEC(4), 
  Invert          1   30[COMRAM] unsigned char 
 Auto vars:     Size  Location     Type
  NECtemp         4   33[COMRAM] unsigned long 
  StartBit        1   39[COMRAM] unsigned char 
  i               1   38[COMRAM] unsigned char 
  first           1   37[COMRAM] unsigned char 
 Return value:  Size  Location     Type
                  1    wreg      unsigned char 
 Registers used:
		wreg, fsr2l, fsr2h, status,2, status,0, prodl, prodh
 Tracked objects:
		On entry : 
		On exit  : 
		Unchanged: 
 Data sizes:     COMRAM   BANK0   BANK1   BANK2   BANK3   BANK4   BANK5   BANK6   BANK7   BANK8   BANK9  BANK10  BANK11  BANK12  BANK13  BANK14  BANK15
      Params:         5       0       0       0       0       0       0       0       0       0       0       0       0       0       0       0       0
      Locals:         7       0       0       0       0       0       0       0       0       0       0       0       0       0       0       0       0
      Temps:          2       0       0       0       0       0       0       0       0       0       0       0       0       0       0       0       0
      Totals:        14       0       0       0       0       0       0       0       0       0       0       0       0       0       0       0       0
Total ram usage:       14 bytes
 Hardware stack levels used:    1
 This function calls:
		Nothing
 This function is called by:
		_high_isr
 This function uses a non-reentrant model



MODULE INFORMATION

Module		Function		Class		Link	Load	Size
C:\Program Files (x86)\Microchip\xc8\v1.34\sources\common\ftge.c
		___ftge        		CODE           	632C	0000	207

C:\Program Files (x86)\Microchip\xc8\v1.34\sources\common\ftge.c estimated size: 207

UART.c
		_OpenUSART     		CODE           	6E0C	0000	125
		_Local_CloseUSA		CODE           	77F0	0000	15
		_InitUART      		CODE           	5C92	0000	275
		_UARTstring    		CODE           	7160	0000	91
		_EraseScreen   		CODE           	76A2	0000	41
		_UARTstringCRLN		CODE           	6F74	0000	107
		_UARTchar      		CODE           	76E8	0000	31
		_ReadUSART     		CODE           	7796	0000	23
		_UARTcommandMen		CODE           	5B78	0000	283

UART.c estimated size: 991

Bluetooth.c
		_BluetoothConfi		CODE           	7706	0000	29
		_BlueConnected 		CODE           	7828	0000	15
		_ResetBlue     		CODE           	75C0	0000	51
		_WaitForIRsigna		CODE           	6B68	0000	139
		_BluetoothIniti		CODE           	3A60	0000	1061
		_InitBluetooth 		CODE           	7212	0000	87
		_UseBluetooth  		CODE           	01EC	0000	5649
		_EnterCommandMo		CODE           	63FA	0000	201

Bluetooth.c estimated size: 7232

Timer.c
		_InitTimer0    		CODE           	77D2	0000	17
		_InitTimer1    		CODE           	780C	0000	15
		_InitTimer2    		CODE           	77FE	0000	15
		_InitTimer3    		CODE           	7876	0000	11
		_InitTimers    		CODE           	77AC	0000	21
		_LEDTimerON    		CODE           	7860	0000	13
		_ResetTimer0   		CODE           	7880	0000	11
		_ResetTimer1   		CODE           	786C	0000	11
		_ResetTimer3   		CODE           	7894	0000	11

Timer.c estimated size: 125

interrupts.c
		_high_isr      		CODE           	0008	0000	1399
		_low_isr       		CODE           	0018	0000	465

interrupts.c estimated size: 1864

C:\Program Files (x86)\Microchip\xc8\v1.34\sources\common\Umul32.c
		___lmul        		CODE           	6E88	0000	123

C:\Program Files (x86)\Microchip\xc8\v1.34\sources\common\Umul32.c estimated size: 123

C:\Program Files (x86)\Microchip\xc8\v1.34\sources\common\float.c
		___ftpack      		CODE           	593A	0000	289

C:\Program Files (x86)\Microchip\xc8\v1.34\sources\common\float.c estimated size: 289

RF.c
		_SendRF_wait   		CODE           	751E	0000	57
		_SendRF_Channel		CODE           	4226	0000	641
		_SendRF        		CODE           	6172	0000	225

RF.c estimated size: 923

C:\Program Files (x86)\Microchip\xc8\v1.34\sources\common\llmod.c
		___llmod       		CODE           	6856	0000	165

C:\Program Files (x86)\Microchip\xc8\v1.34\sources\common\llmod.c estimated size: 165

Button.c
		_ReadPushButton		CODE           	77E2	0000	15
		_ReadCodeButton		CODE           	72BE	0000	85

Button.c estimated size: 100

C:\Program Files (x86)\Microchip\xc8\v1.34\sources\common\ftmul.c
		___ftmul       		CODE           	5136	0000	365

C:\Program Files (x86)\Microchip\xc8\v1.34\sources\common\ftmul.c estimated size: 365

C:\Program Files (x86)\Microchip\xc8\v1.34\sources\common\isdigit.c
		_isdigit       		CODE           	75F2	0000	47

C:\Program Files (x86)\Microchip\xc8\v1.34\sources\common\isdigit.c estimated size: 47

EEPROM.c
		_SetEEPROMdefau		CODE           	5DA4	0000	257
		_SetMemoryLong 		CODE           	5EA4	0000	251
		_SetMemoryChar 		CODE           	74E4	0000	59
		_EEPROM_UNLOCK 		CODE           	7780	0000	23
		_EEPROMinitiali		CODE           	7722	0000	25
		_ReadEEPROM_1By		CODE           	74A8	0000	61
		_GetEEPROM     		CODE           	569C	0000	337
		_WriteEEPROM_1B		CODE           	742A	0000	65
		_SetEEPROM     		CODE           	493A	0000	453
		_SyncEEPROMToGl		CODE           	4CB2	0000	407
		_SyncGlobalToEE		CODE           	735A	0000	71
		_GetMemoryLong 		CODE           	4FC6	0000	369
		_GetMemoryChar 		CODE           	7678	0000	43

EEPROM.c estimated size: 2421

C:\Program Files (x86)\Microchip\xc8\v1.34\sources\common\lwtoft.c
		___lwtoft      		CODE           	764C	0000	45

C:\Program Files (x86)\Microchip\xc8\v1.34\sources\common\lwtoft.c estimated size: 45

C:\Program Files (x86)\Microchip\xc8\v1.34\sources\common\ftdiv.c
		___ftdiv       		CODE           	53F8	0000	339

C:\Program Files (x86)\Microchip\xc8\v1.34\sources\common\ftdiv.c estimated size: 339

C:\Program Files (x86)\Microchip\xc8\v1.34\sources\common\lltoft.c
		___lltoft      		CODE           	6D8C	0000	129

C:\Program Files (x86)\Microchip\xc8\v1.34\sources\common\lltoft.c estimated size: 129

shared
		i1_UARTchar    		CODE           	7752	0000	25
		i1_UARTstring  		CODE           	71BA	0000	89
		i2_ReadIRpin   		CODE           	7852	0000	15
		_dpowers       		MEDIUMCONST    	F81F	0000	41
		i1_BlueConnecte		CODE           	7844	0000	15
		i2_ResetTimer0 		CODE           	788A	0000	11
		__initializatio		CODE           	52A2	0000	333
		_octpowers     		MEDIUMCONST    	F7EF	0000	49
		_hexpowers     		MEDIUMCONST    	F847	0000	33
		i1_cleanBuffer 		CODE           	746A	0000	63
		_Version       		MEDIUMCONST    	F867	0000	10
		i1_UARTstringCR		CODE           	7044	0000	101

shared estimated size: 785

C:\Program Files (x86)\Microchip\xc8\v1.34\sources\common\altoft.c
		___altoft      		CODE           	699C	0000	163

C:\Program Files (x86)\Microchip\xc8\v1.34\sources\common\altoft.c estimated size: 163

ADC.c
		_InternalADC_Re		CODE           	68FA	0000	163
		_ReadVoltage   		CODE           	6588	0000	185
		_VoltageDivider		CODE           	78BA	0000	5
		_InitADC       		CODE           	776A	0000	23
		_VoltageDivider		CODE           	78A8	0000	7
		_ResetADC      		CODE           	7836	0000	15

ADC.c estimated size: 398

MISC.c
		_Round         		CODE           	6FDE	0000	103
		_StringContains		CODE           	66F6	0000	179
		_BufferCopy    		CODE           	6BF2	0000	139
		_StringContains		CODE           	6252	0000	219
		_GetStringAfter		CODE           	5A5A	0000	287
		_cleanBuffer   		CODE           	7106	0000	91
		_cleanBuffer16b		CODE           	70A8	0000	95
		_lowercaseStrin		CODE           	73E6	0000	69
		_delayUS       		CODE           	7268	0000	87
		_Reverse_Byte  		CODE           	6640	0000	183
		_IsLetter      		CODE           	76CA	0000	31
		_Reverse_4Byte 		CODE           	17FC	0000	3199
		_StringAddEqual		CODE           	4AFE	0000	437
		_StringMatch   		CODE           	6F02	0000	115
		_GetNumber     		CODE           	362A	0000	1079
		_IsCharacter   		CODE           	773A	0000	25
		_StringMatchCas		CODE           	6ADC	0000	141
		_lowercaseChar 		CODE           	7620	0000	45

MISC.c estimated size: 6524

IR.c
		_DecodeNEC     		CODE           	67A8	0000	175
		_InitIR        		CODE           	7312	0000	73
		_EncodeNEC     		CODE           	57EC	0000	335
		_UseIRCode     		CODE           	4724	0000	535
		_IRrawToNEC    		CODE           	3E84	0000	931
		_ReadIRpin     		CODE           	781A	0000	15
		_SendNEC_wait  		CODE           	6A3E	0000	159
		_SendNEC_bytes 		CODE           	6C7C	0000	139
		_CheckReceiving		CODE           	77C0	0000	19

IR.c estimated size: 2381

C:\Program Files (x86)\Microchip\xc8\v1.34\sources\common\lldiv.c
		___lldiv       		CODE           	64C2	0000	199

C:\Program Files (x86)\Microchip\xc8\v1.34\sources\common\lldiv.c estimated size: 199

user.c
		_InitApp       		CODE           	73A0	0000	71
		_Init_System   		CODE           	6D06	0000	135

user.c estimated size: 206

C:\Program Files (x86)\Microchip\xc8\v1.34\sources\common\doprnt.c
		_sprintf       		CODE           	247A	0000	3147

C:\Program Files (x86)\Microchip\xc8\v1.34\sources\common\doprnt.c estimated size: 3147

C:\Program Files (x86)\Microchip\xc8\v1.34\sources\common\fttol.c
		___fttol       		CODE           	554A	0000	339

C:\Program Files (x86)\Microchip\xc8\v1.34\sources\common\fttol.c estimated size: 339

main.c
		_main          		CODE           	4E48	0000	383

main.c estimated size: 383

C:\Program Files (x86)\Microchip\xc8\v1.34\sources\common\Umul16.c
		___wmul        		CODE           	7556	0000	57

C:\Program Files (x86)\Microchip\xc8\v1.34\sources\common\Umul16.c estimated size: 57

system.c
		_ConfigureOscil		CODE           	78BE	0000	3

system.c estimated size: 3

C:\Program Files (x86)\Microchip\xc8\v1.34\sources\common\ftadd.c
		___ftadd       		CODE           	44A6	0000	639

C:\Program Files (x86)\Microchip\xc8\v1.34\sources\common\ftadd.c estimated size: 639

