Microchip MPLAB XC8 Compiler V1.34 ()

Linker command line:

-W-1 --edf=C:\Program Files (x86)\Microchip\xc8\v1.34\dat\en_msgs.txt -cs \
  -h+dist/xc8_pic18f26k20/production\PIC_IR_RF_Bluetooth_Home_Automation.production.sym \
  --cmf=dist/xc8_pic18f26k20/production\PIC_IR_RF_Bluetooth_Home_Automation.production.cmf \
  -z -Q18F26K20 -oC:\Users\DWHITF~1\AppData\Local\Temp\s82c.6 \
  -Mdist/xc8_pic18f26k20/production/PIC_IR_RF_Bluetooth_Home_Automation.production.map \
  -E1 -ver=XC8 -ASTACK=06A0h-0f5fh -pstack=STACK -ACODE=00h-0FFFFh \
  -ACONST=00h-0FFFFh -ASMALLCONST=01000h-010FFhx240 \
  -AMEDIUMCONST=01000h-0FFFFh -ACOMRAM=01h-05Fh -AABS1=00h-0F5Fh \
  -ABIGRAM=01h-0F5Fh -ARAM=060h-0FFh,0100h-01FFhx14,0F00h-0F5Fh \
  -ABANK0=060h-0FFh -ABANK1=0100h-01FFh -ABANK2=0200h-02FFh \
  -ABANK3=0300h-03FFh -ABANK4=0400h-04FFh -ABANK5=0500h-05FFh \
  -ABANK6=0600h-06FFh -ABANK7=0700h-07FFh -ABANK8=0800h-08FFh \
  -ABANK9=0900h-09FFh -ABANK10=0A00h-0AFFh -ABANK11=0B00h-0BFFh \
  -ABANK12=0C00h-0CFFh -ABANK13=0D00h-0DFFh -ABANK14=0E00h-0EFFh \
  -ABANK15=0F00h-0F5Fh -ASFR=0F60h-0FFFh \
  -preset_vec=00h,intcode=08h,intcodelo=018h,powerup,init,end_init \
  -pramtop=01000h -psmallconst=SMALLCONST -pmediumconst=MEDIUMCONST \
  -pconst=CONST -AFARRAM=00h-00h -ACONFIG=0300000h-030000Dh -pconfig=CONFIG \
  -AIDLOC=0200000h-0200007h -pidloc=IDLOC -AEEDATA=0F00000h-0F003FFh \
  -peeprom_data=EEDATA \
  -prdata=COMRAM,nvrram=COMRAM,nvbit=COMRAM,rbss=COMRAM,rbit=COMRAM \
  -pfarbss=FARRAM,fardata=FARRAM,nvFARRAM=FARRAM \
  -pintsave_regs=BIGRAM,bigbss=BIGRAM,bigdata=BIGRAM -pbss=RAM \
  -pidata=CODE,irdata=CODE,ibigdata=CODE,ifardata=CODE -prparam=COMRAM \
  C:\Users\DWHITF~1\AppData\Local\Temp\s82c.obj \
  dist/xc8_pic18f26k20/production\PIC_IR_RF_Bluetooth_Home_Automation.production.obj 

Object code version is 3.11

Machine type is 18F26K20

Call graph: (short form)




                Name                               Link     Load   Length Selector   Space Scale
C:\Users\DWHITF~1\AppData\Local\Temp\s82c.obj
                end_init                            2BE      2BE        4        C       0
                reset_vec                             0        0        4        0       0
                idloc                            200000   200000        8   200000       0
                config                           300000   300000        E   300000       0
dist/xc8_pic18f26k20/production\PIC_IR_RF_Bluetooth_Home_Automation.production.obj
                intcodelo                            18       18      2A6        C       0
                intcode                               8        8       10        4       0
                mediumconst                        DF10     DF10     20F0     6F88       0
                text141                            7A88     7A88      32C        C       0
                text140                            C376     C376       14        C       0
                text139                            C362     C362       14        C       0
                text138                            C4BC     C4BC        A        C       0
                text137                            62B8     62B8      5CA        C       0
                text136                            C4DE     C4DE        6        C       0
                text135                            C472     C472        E        C       0
                text134                            BD44     BD44       48        C       0
                intcode_body                       A46C     A46C      118        C       0
                text132                            BE92     BE92       3E        C       0
                text131                            C0B0     C0B0       32        C       0
                text130                            C21E     C21E       28        C       0
                text129                            C2E0     C2E0       18        C       0
                text128                            C4B2     C4B2        A        C       0
                text127                            C464     C464        E        C       0
                text126                            C4D8     C4D8        6        C       0
                text125                            C456     C456        E        C       0
                text124                            C324     C324       16        C       0
                text123                            C4A8     C4A8        A        C       0
                text122                            C170     C170       2E        C       0
                text121                            C26C     C26C       26        C       0
                text120                            C112     C112       30        C       0
                text118                            C4EA     C4EA        2        C       0
                text117                            C3D2     C3D2       12        C       0
                text116                            BCB2     BCB2       4A        C       0
                text115                            C34E     C34E       14        C       0
                text114                            C448     C448        E        C       0
                text113                            C30E     C30E       16        C       0
                text112                            C3C0     C3C0       12        C       0
                text111                            BF42     BF42       38        C       0
                text110                            BB14     BB14       58        C       0
                text109                            8D62     8D62      184        C       0
                text108                            C43A     C43A        E        C       0
                text107                            C2C8     C2C8       18        C       0
                text106                            C3AE     C3AE       12        C       0
                text105                            BB6C     BB6C       56        C       0
                text104                            A98E     A98E       E2        C       0
                text103                            9C62     9C62      13A        C       0
                text102                            BED0     BED0       3A        C       0
                text101                            C07E     C07E       32        C       0
                text100                            ACFC     ACFC       CE        C       0
                text99                             C0E2     C0E2       30        C       0
                text98                             A110     A110      120        C       0
                text97                             8394     8394      27E        C       0
                text96                             BC16     BC16       50        C       0
                text95                             9740     9740      152        C       0
                text94                             AE96     AE96       C6        C       0
                text93                             B218     B218       A4        C       0
                text92                             B650     B650       80        C       0
                text91                             8BCE     8BCE      194        C       0
                text90                             8A28     8A28      1A6        C       0
                text89                             AC2C     AC2C       D0        C       0
                text88                             B012     B012       B4        C       0
                text87                             91CE     91CE      16C        C       0
                text86                             80BC     80BC      2D8        C       0
                text85                             C142     C142       2E        C       0
                text84                             6882     6882      504        C       0
                text83                             3866     3866      F7A        C       0
                text82                             933A     933A      15C        C       0
                text81                             C1CA     C1CA       2C        C       0
                text80                             887A     887A      1AE        C       0
                text79                             BFB0     BFB0       36        C       0
                text78                             C1F6     C1F6       28        C       0
                text77                             545E     545E      7E6        C       0
                text76                             BABC     BABC       58        C       0
                text75                             C246     C246       26        C       0
                text74                             C2F8     C2F8       16        C       0
                text73                             BA60     BA60       5C        C       0
                text72                             BE54     BE54       3E        C       0
                text71                             905C     905C      172        C       0
                text70                             A69A     A69A      104        C       0
                text69                             99E0     99E0      146        C       0
                text68                             9B26     9B26      13C        C       0
                text67                             B74C     B74C       7C        C       0
                text66                             B8BA     B8BA       76        C       0
                text65                             C4D2     C4D2        6        C       0
                text64                             C3E4     C3E4       10        C       0
                text63                             C42C     C42C        E        C       0
                text62                             C49E     C49E        A        C       0
                text61                             B9FE     B9FE       62        C       0
                text60                             BCFC     BCFC       48        C       0
                text59                             C41E     C41E        E        C       0
                text58                             C410     C410        E        C       0
                text57                             C494     C494        A        C       0
                text56                             C33A     C33A       14        C       0
                text55                             C402     C402        E        C       0
                text54                             B6D0     B6D0       7C        C       0
                text53                             B35E     B35E       A2        C       0
                text52                             B998     B998       66        C       0
                text51                             A584     A584      116        C       0
                text50                             9FEE     9FEE      122        C       0
                text49                             A896     A896       F8        C       0
                text48                             AB50     AB50       DC        C       0
                text47                             AA70     AA70       E0        C       0
                text46                             A79E     A79E       F8        C       0
                text45                             C48A     C48A        A        C       0
                text44                             8EE6     8EE6      176        C       0
                text43                             AF5C     AF5C       B6        C       0
                text42                             B0C6     B0C6       AE        C       0
                text41                             B930     B930       68        C       0
                text40                             BC66     BC66       4C        C       0
                text39                             9496     9496      158        C       0
                text38                             9892     9892      14E        C       0
                text37                             C04C     C04C       32        C       0
                text36                             B7C8     B7C8       7A        C       0
                text35                             6D86     6D86      486        C       0
                text34                             720C     720C      45E        C       0
                text33                             A34E     A34E      11E        C       0
                text32                             C2B0     C2B0       18        C       0
                text31                             C292     C292       1E        C       0
                text30                             BFE6     BFE6       34        C       0
                text29                             BF7A     BF7A       36        C       0
                text28                             9EC8     9EC8      126        C       0
                text27                             B2BC     B2BC       A2        C       0
                text26                             C4E8     C4E8        2        C       0
                text25                             95EE     95EE      152        C       0
                text24                             C19E     C19E       2C        C       0
                text23                             B400     B400       9E        C       0
                text22                             C39C     C39C       12        C       0
                text21                             C4CC     C4CC        6        C       0
                text20                             47E0     47E0      C7E        C       0
                text19                             B5C2     B5C2       8E        C       0
                text18                             B174     B174       A4        C       0
                text17                             C480     C480        A        C       0
                text16                             C38A     C38A       12        C       0
                text15                             9D9C     9D9C      12C        C       0
                text14                             BE12     BE12       42        C       0
                text13                             766A     766A      41E        C       0
                text12                             8612     8612      268        C       0
                text11                             B842     B842       78        C       0
                text10                             B49E     B49E       94        C       0
                text9                              A230     A230      11E        C       0
                text8                              BF0A     BF0A       38        C       0
                text7                              BDD0     BDD0       42        C       0
                text6                              B532     B532       90        C       0
                text5                              BD8C     BD8C       44        C       0
                text4                               2C2      2C2     35A4        C       0
                text3                              BBC2     BBC2       54        C       0
                text2                              C3F4     C3F4        E        C       0
                text1                              7DB4     7DB4      308        C       0
                text0                              5C44     5C44      674        C       0
                cstackCOMRAM                          1        1       3C        1       1
                cstackBANK0                          60       60       90       60       1
                cstackBANK1                         100      100       FF      100       1
                cstackBANK2                         200      200       9A      200       1
                cstackBANK3                         300      300       CA      300       1
                bssBANK6                            600      600       A0      600       1
                dataBANK5                           5B4      5B4       32      500       1
                bssBANK5                            500      500       B4      500       1
                bssBANK4                            400      400       FC      400       1
                dataBANK3                           3EC      3EC        4      300       1
                bssBANK3                            3CA      3CA       22      300       1
                bssBANK2                            29A      29A       5F      200       1
                dataBANK0                            FA       FA        6       60       1
                bssBANK0                             F0       F0        A       60       1
                dataCOMRAM                           5F       5F        1        1       1
                bssCOMRAM                            3D       3D       22        1       1
                cinit                              ADCA     ADCA       CC        C       0
                idataBANK5                         C01A     C01A       32        C       0
                idataBANK3                         C4E4     C4E4        4        C       0
                idataBANK0                         C4C6     C4C6        6        C       0
                idataCOMRAM                        C4EC     C4EC        1        C       0

TOTAL           Name                               Link     Load   Length     Space
        CLASS   STACK          

        CLASS   CODE           
                end_init                            2BE      2BE        4         0
                intcodelo                            18       18      2A6         0
                intcode                               8        8       10         0
                reset_vec                             0        0        4         0
                text141                            7A88     7A88      32C         0
                text140                            C376     C376       14         0
                text139                            C362     C362       14         0
                text138                            C4BC     C4BC        A         0
                text137                            62B8     62B8      5CA         0
                text136                            C4DE     C4DE        6         0
                text135                            C472     C472        E         0
                text134                            BD44     BD44       48         0
                intcode_body                       A46C     A46C      118         0
                text132                            BE92     BE92       3E         0
                text131                            C0B0     C0B0       32         0
                text130                            C21E     C21E       28         0
                text129                            C2E0     C2E0       18         0
                text128                            C4B2     C4B2        A         0
                text127                            C464     C464        E         0
                text126                            C4D8     C4D8        6         0
                text125                            C456     C456        E         0
                text124                            C324     C324       16         0
                text123                            C4A8     C4A8        A         0
                text122                            C170     C170       2E         0
                text121                            C26C     C26C       26         0
                text120                            C112     C112       30         0
                text118                            C4EA     C4EA        2         0
                text117                            C3D2     C3D2       12         0
                text116                            BCB2     BCB2       4A         0
                text115                            C34E     C34E       14         0
                text114                            C448     C448        E         0
                text113                            C30E     C30E       16         0
                text112                            C3C0     C3C0       12         0
                text111                            BF42     BF42       38         0
                text110                            BB14     BB14       58         0
                text109                            8D62     8D62      184         0
                text108                            C43A     C43A        E         0
                text107                            C2C8     C2C8       18         0
                text106                            C3AE     C3AE       12         0
                text105                            BB6C     BB6C       56         0
                text104                            A98E     A98E       E2         0
                text103                            9C62     9C62      13A         0
                text102                            BED0     BED0       3A         0
                text101                            C07E     C07E       32         0
                text100                            ACFC     ACFC       CE         0
                text99                             C0E2     C0E2       30         0
                text98                             A110     A110      120         0
                text97                             8394     8394      27E         0
                text96                             BC16     BC16       50         0
                text95                             9740     9740      152         0
                text94                             AE96     AE96       C6         0
                text93                             B218     B218       A4         0
                text92                             B650     B650       80         0
                text91                             8BCE     8BCE      194         0
                text90                             8A28     8A28      1A6         0
                text89                             AC2C     AC2C       D0         0
                text88                             B012     B012       B4         0
                text87                             91CE     91CE      16C         0
                text86                             80BC     80BC      2D8         0
                text85                             C142     C142       2E         0
                text84                             6882     6882      504         0
                text83                             3866     3866      F7A         0
                text82                             933A     933A      15C         0
                text81                             C1CA     C1CA       2C         0
                text80                             887A     887A      1AE         0
                text79                             BFB0     BFB0       36         0
                text78                             C1F6     C1F6       28         0
                text77                             545E     545E      7E6         0
                text76                             BABC     BABC       58         0
                text75                             C246     C246       26         0
                text74                             C2F8     C2F8       16         0
                text73                             BA60     BA60       5C         0
                text72                             BE54     BE54       3E         0
                text71                             905C     905C      172         0
                text70                             A69A     A69A      104         0
                text69                             99E0     99E0      146         0
                text68                             9B26     9B26      13C         0
                text67                             B74C     B74C       7C         0
                text66                             B8BA     B8BA       76         0
                text65                             C4D2     C4D2        6         0
                text64                             C3E4     C3E4       10         0
                text63                             C42C     C42C        E         0
                text62                             C49E     C49E        A         0
                text61                             B9FE     B9FE       62         0
                text60                             BCFC     BCFC       48         0
                text59                             C41E     C41E        E         0
                text58                             C410     C410        E         0
                text57                             C494     C494        A         0
                text56                             C33A     C33A       14         0
                text55                             C402     C402        E         0
                text54                             B6D0     B6D0       7C         0
                text53                             B35E     B35E       A2         0
                text52                             B998     B998       66         0
                text51                             A584     A584      116         0
                text50                             9FEE     9FEE      122         0
                text49                             A896     A896       F8         0
                text48                             AB50     AB50       DC         0
                text47                             AA70     AA70       E0         0
                text46                             A79E     A79E       F8         0
                text45                             C48A     C48A        A         0
                text44                             8EE6     8EE6      176         0
                text43                             AF5C     AF5C       B6         0
                text42                             B0C6     B0C6       AE         0
                text41                             B930     B930       68         0
                text40                             BC66     BC66       4C         0
                text39                             9496     9496      158         0
                text38                             9892     9892      14E         0
                text37                             C04C     C04C       32         0
                text36                             B7C8     B7C8       7A         0
                text35                             6D86     6D86      486         0
                text34                             720C     720C      45E         0
                text33                             A34E     A34E      11E         0
                text32                             C2B0     C2B0       18         0
                text31                             C292     C292       1E         0
                text30                             BFE6     BFE6       34         0
                text29                             BF7A     BF7A       36         0
                text28                             9EC8     9EC8      126         0
                text27                             B2BC     B2BC       A2         0
                text26                             C4E8     C4E8        2         0
                text25                             95EE     95EE      152         0
                text24                             C19E     C19E       2C         0
                text23                             B400     B400       9E         0
                text22                             C39C     C39C       12         0
                text21                             C4CC     C4CC        6         0
                text20                             47E0     47E0      C7E         0
                text19                             B5C2     B5C2       8E         0
                text18                             B174     B174       A4         0
                text17                             C480     C480        A         0
                text16                             C38A     C38A       12         0
                text15                             9D9C     9D9C      12C         0
                text14                             BE12     BE12       42         0
                text13                             766A     766A      41E         0
                text12                             8612     8612      268         0
                text11                             B842     B842       78         0
                text10                             B49E     B49E       94         0
                text9                              A230     A230      11E         0
                text8                              BF0A     BF0A       38         0
                text7                              BDD0     BDD0       42         0
                text6                              B532     B532       90         0
                text5                              BD8C     BD8C       44         0
                text4                               2C2      2C2     35A4         0
                text3                              BBC2     BBC2       54         0
                text2                              C3F4     C3F4        E         0
                text1                              7DB4     7DB4      308         0
                text0                              5C44     5C44      674         0
                cinit                              ADCA     ADCA       CC         0
                idataBANK5                         C01A     C01A       32         0
                idataBANK3                         C4E4     C4E4        4         0
                idataBANK0                         C4C6     C4C6        6         0
                idataCOMRAM                        C4EC     C4EC        1         0

        CLASS   CONST          

        CLASS   SMALLCONST     

        CLASS   MEDIUMCONST    
                mediumconst                        DF10     DF10     20F0         0

        CLASS   COMRAM         
                cstackCOMRAM                          1        1       3C         1
                dataCOMRAM                           5F       5F        1         1
                bssCOMRAM                            3D       3D       22         1

        CLASS   ABS1           

        CLASS   BIGRAM         

        CLASS   RAM            

        CLASS   BANK0          
                cstackBANK0                          60       60       90         1
                dataBANK0                            FA       FA        6         1
                bssBANK0                             F0       F0        A         1

        CLASS   BANK1          
                cstackBANK1                         100      100       FF         1

        CLASS   BANK2          
                cstackBANK2                         200      200       9A         1
                bssBANK2                            29A      29A       5F         1

        CLASS   BANK3          
                cstackBANK3                         300      300       CA         1
                dataBANK3                           3EC      3EC        4         1
                bssBANK3                            3CA      3CA       22         1

        CLASS   BANK4          
                bssBANK4                            400      400       FC         1

        CLASS   BANK5          
                dataBANK5                           5B4      5B4       32         1
                bssBANK5                            500      500       B4         1

        CLASS   BANK6          
                bssBANK6                            600      600       A0         1

        CLASS   BANK7          

        CLASS   BANK8          

        CLASS   BANK9          

        CLASS   BANK10         

        CLASS   BANK11         

        CLASS   BANK12         

        CLASS   BANK13         

        CLASS   BANK14         

        CLASS   BANK15         

        CLASS   SFR            

        CLASS   FARRAM         

        CLASS   CONFIG         
                config                           300000   300000        E         0

        CLASS   IDLOC          
                idloc                            200000   200000        8         0

        CLASS   EEDATA         



SEGMENTS        Name                           Load    Length   Top    Selector   Space  Class

                reset_vec                      000000  000004  000004         0       0  CODE    
                cstackCOMRAM                   000001  00005F  000060         1       1  COMRAM  
                intcode                        000008  000010  000018         4       0  CODE    
                intcodelo                      000018  00C4D5  00C4ED         C       0  CODE    
                cstackBANK0                    000060  0000A0  000100        60       1  BANK0   
                cstackBANK1                    000100  0000FF  0001FF       100       1  BANK1   
                cstackBANK2                    000200  0000F9  0002F9       200       1  BANK2   
                cstackBANK3                    000300  0000F0  0003F0       300       1  BANK3   
                bssBANK4                       000400  0000FC  0004FC       400       1  BANK4   
                bssBANK5                       000500  0000E6  0005E6       500       1  BANK5   
                bssBANK6                       000600  0000A0  0006A0       600       1  BANK6   
                mediumconst                    00DF10  0020F0  010000      6F88       0  MEDIUMCO
                idloc                          200000  000008  200008    200000       0  IDLOC   
                config                         300000  00000E  30000E    300000       0  CONFIG  


UNUSED ADDRESS RANGES

        Name                Unused          Largest block    Delta
        BANK1            0001FF-0001FF                1
        BANK10           000A00-000AFF              100
        BANK11           000B00-000BFF              100
        BANK12           000C00-000CFF              100
        BANK13           000D00-000DFF              100
        BANK14           000E00-000EFF              100
        BANK15           000F00-000F5F               60
        BANK2            0002F9-0002FF                7
        BANK3            0003F0-0003FF               10
        BANK4            0004FC-0004FF                4
        BANK5            0005E6-0005FF               1A
        BANK6            0006A0-0006FF               60
        BANK7            000700-0007FF              100
        BANK8            000800-0008FF              100
        BANK9            000900-0009FF              100
        BIGRAM           0001FF-0001FF                1
                         0002F9-0002FF                7
                         0003F0-0003FF               10
                         0004FC-0004FF                4
                         0005E6-0005FF               1A
                         0006A0-000F5F              8C0
        CODE             000004-000007                4
                         00C4ED-00DF0F             1A23
        CONST            000004-000007                4
                         00C4ED-00DF0F             1A23
        EEDATA           F00000-F003FF              400
        MEDIUMCONST      00C4ED-00DF0F             1A23
        RAM              0001FF-0001FF                1
                         0002F9-0002FF                7
                         0003F0-0003FF               10
                         0004FC-0004FF                4
                         0005E6-0005FF               1A
                         0006A0-000F5F              100
        SFR              000F60-000FFF               A0
        SMALLCONST       00C4ED-00DF0F              100
        STACK            0006A0-000F5F              8C0

                                  Symbol Table

?_EncodeNEC                                 cstackBANK0  000064
?_GetMemoryChar                             cstackBANK0  000064
?_GetMemoryLong                             cstackBANK0  000064
?_ReadEEPROM_1Byte                          cstackBANK0  000060
?_ReadVoltage                               cstackBANK0  000089
?_Reverse_4Byte                             cstackBANK0  000060
?_Round                                     cstackBANK0  0000AE
?_SetEEPROM1                                cstackBANK0  000096
?_SetEEPROM2                                cstackBANK0  000096
?___altoft                                  cstackBANK0  000068
?___awdiv                                   cstackBANK0  000066
?___awmod                                   cstackBANK0  000060
?___ftadd                                   cstackBANK0  000093
?___ftdiv                                   cstackBANK0  00006B
?___ftmul                                   cstackBANK0  00007A
?___ftneg                                   cstackBANK0  000060
?___ftpack                                  cstackBANK0  000060
?___ftsub                                   cstackBANK0  00009F
?___fttol                                   cstackBANK0  00009F
?___lldiv                                   cstackBANK0  000060
?___llmod                                   cstackBANK0  00006D
?___lltoft                                  cstackBANK0  000068
?___lmul                                    cstackBANK0  000060
?___lwtoft                                  cstackBANK0  000068
?___wmul                                    cstackBANK0  00006E
?__div_to_l_                                cstackBANK0  000060
?__tdiv_to_l_                               cstackBANK0  000060
?_fround                                    cstackBANK0  000089
?_scale                                     cstackBANK0  000089
?_sprintf                                   cstackBANK0  0000AE
BluetoothInitialSetup@BluetoothVersionLine1 cstackBANK1  000133
BluetoothInitialSetup@BluetoothVersionLine2 cstackBANK1  000151
BluetoothInitialSetup@BroadcastTEMP         cstackBANK1  00016F
BluetoothInitialSetup@Default               cstackBANK1  0001B7
BluetoothInitialSetup@buf                   cstackBANK1  000184
BluetoothInitialSetup@first                 cstackBANK1  0001B6
BluetoothInitialSetup@i                     cstackBANK1  0001BA
BluetoothInitialSetup@j                     cstackBANK1  0001B8
BluetoothInitialSetup@ok                    cstackBANK1  0001B9
BufferCopy@count                            cstackBANK0  000078
BufferCopy@from                             cstackBANK0  000074
BufferCopy@i                                cstackBANK0  00007A
BufferCopy@shift                            cstackBANK0  000079
BufferCopy@to                               cstackBANK0  000076
DecodeNEC@Nec                               cstackBANK0  000064
DecodeNEC@address                           cstackBANK0  000068
DecodeNEC@command                           cstackBANK0  00006A
DecodeNEC@temp1                             cstackBANK0  000072
DecodeNEC@temp2                             cstackBANK0  000070
DecodeNEC@temp3                             cstackBANK0  000071
DisplayRF_Channel@Conf3Channel              cstackBANK1  000132
DisplayRF_Channel@Conf3button               cstackBANK1  000133
DisplayRF_Channel@buf                       cstackBANK1  000100
DisplayRF_Channel@channel                   cstackBANK1  000134
EncodeNEC@address                           cstackBANK0  00008C
EncodeNEC@command                           cstackBANK0  000064
EncodeNEC@temp1                             cstackBANK0  00007C
EncodeNEC@temp2                             cstackBANK0  000080
EncodeNEC@temp3                             cstackBANK0  000084
EncodeNEC@temp4                             cstackBANK0  000088
EnterCommandMode@buf                        cstackBANK1  000100
EnterCommandMode@count                      cstackBANK1  000132
EraseScreen@characters                      cstackCOMRAM 00000C
EraseScreen@i                               cstackCOMRAM 00000D
GetEEPROM1@Arrayspot                        cstackBANK0  000088
GetEEPROM1@Temp                             cstackBANK0  000084
GetEEPROM1@i                                cstackBANK0  000089
GetEEPROM1@j                                cstackBANK0  00008A
GetEEPROM2@Arrayspot                        cstackBANK0  000088
GetEEPROM2@Temp                             cstackBANK0  000084
GetEEPROM2@i                                cstackBANK0  00008A
GetEEPROM2@j                                cstackBANK0  00008B
GetEEPROM2@k                                cstackBANK0  00008C
GetMemoryChar@AddressFirst                  cstackBANK0  000064
GetMemoryChar@H                             cstackBANK0  000068
GetMemoryLong@AddressFirst                  cstackBANK0  000064
GetMemoryLong@H                             cstackBANK0  000080
GetMemoryLong@L                             cstackBANK0  000083
GetMemoryLong@MH                            cstackBANK0  000081
GetMemoryLong@ML                            cstackBANK0  000082
GetMemoryLong@temp                          cstackBANK0  00007C
GetNumber@CommaNumber                       cstackBANK0  00006E
GetNumber@Hex                               cstackBANK0  000079
GetNumber@This                              cstackBANK0  00006C
GetNumber@count                             cstackBANK0  000078
GetNumber@i                                 cstackBANK0  00007A
GetNumber@negative                          cstackBANK0  000077
GetNumber@result                            cstackBANK0  00006F
GetNumber@temp                              cstackBANK0  00007C
GetNumber@tempCommaNumber                   cstackBANK0  000076
GetNumber@tempThis                          cstackBANK0  00007B
GetNumberUnsigned@CommaNumber               cstackBANK0  00006E
GetNumberUnsigned@Hex                       cstackBANK0  000078
GetNumberUnsigned@This                      cstackBANK0  00006C
GetNumberUnsigned@count                     cstackBANK0  000077
GetNumberUnsigned@i                         cstackBANK0  000079
GetNumberUnsigned@result                    cstackBANK0  00006F
GetNumberUnsigned@temp                      cstackBANK0  00007A
GetNumberUnsigned@tempCommaNumber           cstackBANK0  000076
GetNumberUnsigned@tempThis                  cstackBANK0  00007E
GetStringAfterComma@CommaNumber             cstackBANK0  000062
GetStringAfterComma@This                    cstackBANK0  000060
GetStringAfterComma@count                   cstackBANK0  000067
GetStringAfterComma@result                  cstackBANK0  000063
GetStringAfterComma@tempCommaNumber         cstackBANK0  000066
IRrawToNEC@Invert                           cstackCOMRAM 000025
IRrawToNEC@NEC                              cstackCOMRAM 000023
IRrawToNEC@NECtemp                          cstackCOMRAM 000028
IRrawToNEC@StartBit                         cstackCOMRAM 00002E
IRrawToNEC@first                            cstackCOMRAM 00002C
IRrawToNEC@i                                cstackCOMRAM 00002D
InitUART@Baud                               cstackBANK0  0000B5
InitUART@config                             cstackBANK0  0000C2
InitUART@spbrg                              cstackBANK0  0000C0
InitUART@temp                               cstackBANK0  0000C3
Init_System@buf                             cstackBANK1  0001BB
InternalADC_Read@ADCcounts                  cstackBANK0  000069
InternalADC_Read@AnaChanSel                 cstackBANK0  00006D
InternalADC_Read@channel                    cstackBANK0  00006E
Invert@data                                 cstackBANK0  000060
IsAlphaNumeric@data                         cstackBANK0  000061
IsAlphaNumericString@data                   cstackBANK0  000062
IsCharacter@data                            cstackCOMRAM 000001
IsLetter@data                               cstackBANK0  000060
IsNumber@data                               cstackBANK0  000060
OpenUSART@config                            cstackBANK0  000062
OpenUSART@spbrg                             cstackBANK0  000060
PrintHeader@NumLetters                      cstackBANK0  0000D0
PrintHeader@PrintCharacters                 cstackBANK0  0000CF
PrintHeader@Title                           cstackBANK0  00007B
PrintHeader@buf                             cstackBANK0  00007F
PrintHeader@i                               cstackBANK0  0000D1
ReadCodeButtons@temp                        cstackBANK0  000069
ReadEEPROM_1Byte@GIEstatus                  cstackBANK0  000062
ReadEEPROM_1Byte@PEIEstatus                 cstackBANK0  000063
ReadEEPROM_1Byte@address                    cstackBANK0  000060
ReadUSART@data                              cstackBANK0  000060
ReadVoltage@temp                            cstackBANK0  00008F
ReadVoltage@voltage                         cstackBANK0  00008C
Reverse_4Byte@This                          cstackBANK0  000060
Reverse_4Byte@temp                          cstackBANK0  00006C
Reverse_Byte@This                           cstackBANK0  000063
Reverse_Byte@temp                           cstackBANK0  000062
Round@input                                 cstackBANK0  0000AE
Round@temp                                  cstackBANK0  0000B1
SendNEC_bytes@RepeatAmount                  cstackBANK0  000074
SendNEC_bytes@code                          cstackBANK0  000070
SendNEC_wait@RepeatAmount                   cstackBANK0  000079
SendNEC_wait@code                           cstackBANK0  000075
SendNEC_wait@toggle                         cstackBANK0  00007A
SendRF@Code                                 cstackBANK0  000060
SendRF@Config                               cstackBANK0  000062
SendRF@RepeatAmount                         cstackBANK0  000064
SendRF@i                                    cstackBANK0  000067
SendRF@size                                 cstackBANK0  000063
SendRF_Channel@Conf3Channel                 cstackBANK0  000070
SendRF_Channel@Conf3button                  cstackBANK0  000071
SendRF_Channel@channel                      cstackBANK0  00006F
SendRF_wait@Code                            cstackBANK0  000068
SendRF_wait@Config                          cstackBANK0  00006A
SendRF_wait@amount                          cstackBANK0  00006C
SendRF_wait@size                            cstackBANK0  00006B
SetEEPROM1@Arrayspot                        cstackBANK0  00009C
SetEEPROM1@burn                             cstackBANK0  000096
SetEEPROM1@fail                             cstackBANK0  00009F
SetEEPROM1@i                                cstackBANK0  0000A3
SetEEPROM1@j                                cstackBANK0  0000A4
SetEEPROM1@temp                             cstackBANK0  00009E
SetEEPROM2@Arrayspot                        cstackBANK0  0000A1
SetEEPROM2@burn                             cstackBANK0  000096
SetEEPROM2@fail                             cstackBANK0  00009D
SetEEPROM2@i                                cstackBANK0  0000A3
SetEEPROM2@j                                cstackBANK0  0000A4
SetEEPROM2@k                                cstackBANK0  0000A5
SetEEPROM2@temp                             cstackBANK0  00009C
SetEEPROMdefault@i                          cstackBANK0  0000AA
SetEEPROMdefault@j                          cstackBANK0  0000AB
SetEEPROMdefault@k                          cstackBANK0  0000A9
SetMemoryChar@AddressFirst                  cstackBANK0  000069
SetMemoryChar@Data                          cstackBANK0  00006C
SetMemoryChar@Test                          cstackBANK0  00006B
SetMemoryLong@AddressFirst                  cstackBANK0  000088
SetMemoryLong@Data                          cstackBANK0  000084
SetMemoryLong@H                             cstackBANK0  000092
SetMemoryLong@L                             cstackBANK0  000095
SetMemoryLong@MH                            cstackBANK0  000093
SetMemoryLong@ML                            cstackBANK0  000094
SetMemoryLong@Test                          cstackBANK0  00008E
SetTimer0@temp                              cstackCOMRAM 000001
StringAddEqual@Input                        cstackBANK0  00007B
StringAddEqual@NullPosition                 cstackBANK0  000083
StringAddEqual@equal                        cstackBANK0  000082
StringAddEqual@firstnumber                  cstackBANK0  000084
StringAddEqual@i                            cstackBANK0  000086
StringAddEqual@j                            cstackBANK0  000085
StringAddEqual@temp                         cstackBANK1  000100
StringContains@MatchAmount                  cstackBANK0  000066
StringContains@MatchCount                   cstackBANK0  000067
StringContains@That                         cstackBANK0  000062
StringContains@This                         cstackBANK0  000060
StringContains@i                            cstackBANK0  000068
StringContainsCaseInsensitive@MatchAmount   cstackBANK0  000069
StringContainsCaseInsensitive@MatchCount    cstackBANK0  00006A
StringContainsCaseInsensitive@That          cstackBANK0  000065
StringContainsCaseInsensitive@This          cstackBANK0  000063
StringContainsCaseInsensitive@i             cstackBANK0  00006D
StringContainsCaseInsensitive@tempThat      cstackBANK0  00006C
StringContainsCaseInsensitive@tempThis      cstackBANK0  00006B
StringMatch@That                            cstackBANK0  000062
StringMatch@This                            cstackBANK0  000060
StringMatchCaseInsensitive@That             cstackBANK0  000065
StringMatchCaseInsensitive@This             cstackBANK0  000063
StringMatchCaseInsensitive@tempThat         cstackBANK0  000068
StringMatchCaseInsensitive@tempThis         cstackBANK0  000067
SyncEEPROMToGlobal1@Temp1                   cstackBANK0  000091
SyncEEPROMToGlobal1@i                       cstackBANK0  00008F
SyncEEPROMToGlobal1@j                       cstackBANK0  000090
SyncEEPROMToGlobal2@Temp2                   cstackBANK1  000100
SyncEEPROMToGlobal2@i                       cstackBANK1  0001B6
SyncEEPROMToGlobal2@j                       cstackBANK1  0001B7
SyncEEPROMToGlobal2@k                       cstackBANK1  0001B8
SyncGlobalToEEPROM@ok                       cstackBANK0  0000A6
UARTchar@data                               cstackBANK0  000069
UARTchar_CONST@data                         cstackBANK0  000069
UARTchar_CONST@temp                         cstackBANK0  00006A
UARTcommandMenu@Command                     cstackBANK0  00006D
UARTcommandMenu@Desc                        cstackBANK0  00006F
UARTcommandMenu@i                           cstackBANK0  000076
UARTcommandMenu@place                       cstackBANK0  000077
UARTstring@data                             cstackBANK0  00006A
UARTstringCRLN@data                         cstackBANK0  00006D
UARTstringCRLN_CONST@data                   cstackBANK0  00006D
UARTstring_CONST@data                       cstackBANK0  00006B
UseBluetooth@EmptyPlace                     cstackBANK2  000290
UseBluetooth@EnteredNEC                     cstackBANK2  000286
UseBluetooth@EqualStatus                    cstackBANK2  00028A
UseBluetooth@NecAddress                     cstackBANK2  000292
UseBluetooth@NecCommand                     cstackBANK2  000293
UseBluetooth@ReceivedStringPosOLD           cstackBANK2  00026E
UseBluetooth@SerialNumberTEMP               cstackBANK2  00027D
UseBluetooth@String                         cstackBANK0  0000E1
UseBluetooth@StringPos                      cstackBANK0  0000E3
UseBluetooth@action                         cstackBANK2  000282
UseBluetooth@buf                            cstackBANK2  000200
UseBluetooth@bufSmall                       cstackBANK2  000264
UseBluetooth@button                         cstackBANK2  000283
UseBluetooth@channel                        cstackBANK2  00028B
UseBluetooth@device                         cstackBANK2  000284
UseBluetooth@i                              cstackBANK2  000299
UseBluetooth@j                              cstackBANK2  000298
UseBluetooth@k                              cstackBANK2  00028C
UseBluetooth@ok                             cstackBANK2  00028F
UseBluetooth@rfchannelSTR                   cstackBANK2  00026F
UseBluetooth@rfconf                         cstackBANK2  000291
UseBluetooth@set                            cstackBANK2  000285
UseBluetooth@system                         cstackBANK2  000281
UseBluetooth@temp                           cstackBANK2  000294
UseBluetooth@tempNec                        cstackBANK2  000279
UseBluetooth@tempRFArray                    cstackBANK2  00028E
UseBluetooth@timeout                        cstackBANK2  00028D
UseIRCode@Code                              cstackBANK0  0000A7
UseIRCode@NEC                               cstackBANK0  0000A9
UseIRCode@found                             cstackBANK0  0000B0
UseIRCode@i                                 cstackBANK0  0000B2
UseIRCode@j                                 cstackBANK0  0000B1
WaitForIRsignal@timeout                     cstackBANK0  00006F
WriteEEPROM_1Byte@GIEstatus                 cstackBANK0  000063
WriteEEPROM_1Byte@PEIEstatus                cstackBANK0  000064
WriteEEPROM_1Byte@address                   cstackBANK0  000060
WriteEEPROM_1Byte@data                      cstackBANK0  000062
_ADCON0                                     (abs)        000FC2
_ADCON0bits                                 (abs)        000FC2
_ADCON1                                     (abs)        000FC1
_ADCON1bits                                 (abs)        000FC1
_ADCON2                                     (abs)        000FC0
_ADCON2bits                                 (abs)        000FC0
_ADRESH                                     (abs)        000FC4
_ADRESL                                     (abs)        000FC3
_ANSEL                                      (abs)        000F7E
_ANSELH                                     (abs)        000F7F
_BAUDCONbits                                (abs)        000FB8
_BatteryVoltage                             bssBANK3     0003CA
_BlueConnected                              text108      00C43A
_BluetoothBroadcast                         bssBANK3     0003D2
_BluetoothChangeStatus                      bssBANK3     0003CD
_BluetoothConfigured                        text112      00C3C0
_BluetoothFirmware1                         bssBANK2     00029F
_BluetoothFirmware2                         bssBANK2     0002BD
_BluetoothInitialSetup                      text77       00545E
_BufferCopy                                 text109      008D62
_BufferOverflow                             bssBANK3     0003CE
_CRLN                                       mediumconst  00E995
_CheckReceivingIR                           text22       00C39C
_ClearUSART                                 text106      00C3AE
_CommandString                              bssBANK5     000550
_CommandStringPos                           bssCOMRAM    000055
_Conf1_ChannelD                             mediumconst  00E955
_Conf1_ChannelD_STR                         mediumconst  00E8FC
_Conf1_ChannelE                             mediumconst  00E961
_Conf1_ChannelE_STR                         mediumconst  00E90B
_Conf1_ChannelF                             mediumconst  00E96D
_Conf1_ChannelF_STR                         mediumconst  00E91A
_Conf1_Channels                             mediumconst  00E98D
_Conf2_ChannelB_OFF                         mediumconst  00E85C
_Conf2_ChannelB_OFF_STR                     mediumconst  00E7BC
_Conf2_ChannelB_ON                          mediumconst  00E86C
_Conf2_ChannelB_ON_STR                      mediumconst  00E7E2
_Conf2_ChannelB_STR                         mediumconst  00E929
_Conf2_ChannelB_Status                      bssBANK2     00029A
_Conf2_ChannelD_OFF                         mediumconst  00E87C
_Conf2_ChannelD_OFF_STR                     mediumconst  00E7CF
_Conf2_ChannelD_ON                          mediumconst  00E88C
_Conf2_ChannelD_ON_STR                      mediumconst  00E7F4
_Conf2_ChannelD_STR                         mediumconst  00E938
_Conf2_ChannelD_Status                      bssBANK2     00029B
_Conf2_ChannelH_1_OFF                       mediumconst  00E89C
_Conf2_ChannelH_1_OFF_STR                   mediumconst  00E741
_Conf2_ChannelH_1_ON                        mediumconst  00E8AC
_Conf2_ChannelH_1_ON_STR                    mediumconst  00E780
_Conf2_ChannelH_1_STR                       mediumconst  00E818
_Conf2_ChannelH_1_Status                    bssBANK2     00029C
_Conf2_ChannelH_2_OFF                       mediumconst  00E8BC
_Conf2_ChannelH_2_OFF_STR                   mediumconst  00E756
_Conf2_ChannelH_2_ON                        mediumconst  00E8CC
_Conf2_ChannelH_2_ON_STR                    mediumconst  00E794
_Conf2_ChannelH_2_STR                       mediumconst  00E829
_Conf2_ChannelH_2_Status                    bssBANK2     00029D
_Conf2_ChannelH_3_OFF                       mediumconst  00E8DC
_Conf2_ChannelH_3_OFF_STR                   mediumconst  00E76B
_Conf2_ChannelH_3_ON                        mediumconst  00E8EC
_Conf2_ChannelH_3_ON_STR                    mediumconst  00E7A8
_Conf2_ChannelH_3_STR                       mediumconst  00E83A
_Conf2_ChannelH_3_Status                    bssBANK2     00029E
_Conf2_Channels                             mediumconst  00E991
_Conf3                                      mediumconst  00DFA7
_Conf3_Buttons                              mediumconst  00E982
_Conf3_Channels                             mediumconst  00E84B
_Conf3_Status                               bssBANK5     000500
_ConfigureOscillator                        text118      00C4EA
_DecodeNEC                                  text42       00B0C6
_DisplayRF_Channel                          text39       009496
_EEADR                                      (abs)        000FA9
_EEADRH                                     (abs)        000FAA
_EECON1bits                                 (abs)        000FA6
_EECON2                                     (abs)        000FA7
_EEDATA                                     (abs)        000FA8
_EEPROM_UNLOCK                              text74       00C2F8
_EEPROMinitialized                          text115      00C34E
_EncodeNEC                                  text38       009892
_EnterCommandMode                           text82       00933A
_EraseScreen                                text130      00C21E
_FirmVersion                                mediumconst  00E979
_Frequency                                  mediumconst  00E806
_GetEEPROM1                                 text49       00A896
_GetEEPROM2                                 text47       00AA70
_GetMemoryChar                              text75       00C246
_GetMemoryLong                              text71       00905C
_GetNumber                                  text35       006D86
_GetNumberUnsigned                          text34       00720C
_GetRFstatus                                text117      00C3D2
_GetStringAfterComma                        text33       00A34E
_Global1                                    bssBANK2     0002DB
_Global2                                    bssBANK4     000400
_INTCON2bits                                (abs)        000FF1
_INTCONbits                                 (abs)        000FF2
_IOCBbits                                   (abs)        000F7D
_IPR1bits                                   (abs)        000F9F
_IPR2bits                                   (abs)        000FA2
_IRRawCode                                  bssBANK6     000600
_IR_NEC                                     bssBANK3     0003E7
_IR_New_Code                                bssBANK3     0003EB
_IRaddress                                  bssBANK0     0000F8
_IRbit                                      bssCOMRAM    000056
_IRbitPosition                              dataBANK0    0000FA
_IRcodeBit                                  bssCOMRAM    000057
_IRcodePlace                                dataBANK0    0000FB
_IRcommand                                  bssBANK0     0000F9
_IRmod                                      bssBANK0     0000F0
_IRpinOLD                                   bssCOMRAM    000058
_IRrawCodeNum                               bssCOMRAM    000059
_IRrawToNEC                                 text141      007A88
_IRreceiverIntOff                           text21       00C4CC
_IRreceiverIntOn                            text65       00C4D2
_IRrepeatAmount                             bssBANK0     0000F1
_IRrepeatflag                               bssBANK0     0000F2
_IRsendCode                                 bssCOMRAM    000051
_IRsendFlag                                 bssCOMRAM    00005A
_IRstarted                                  bssBANK3     0003CF
_IRtimeout                                  dataBANK3    0003EC
_InitADC                                    text113      00C30E
_InitApp                                    text116      00BCB2
_InitBluetooth                              text66       00B8BA
_InitIR                                     text60       00BCFC
_InitTimer0                                 text64       00C3E4
_InitTimer1                                 text59       00C41E
_InitTimer2                                 text58       00C410
_InitTimer3                                 text57       00C494
_InitTimers                                 text56       00C33A
_InitUART                                   text51       00A584
_InitUART$4415                              cstackBANK0  0000BD
_Init_System                                text44       008EE6
_InternalADC_Read                           text27       00B2BC
_Invert                                     text32       00C2B0
_IsAlphaNumeric                             text30       00BFE6
_IsAlphaNumericString                       text29       00BF7A
_IsCharacter                                text129      00C2E0
_IsLetter                                   text37       00C04C
_IsNumber                                   text31       00C292
_LATA                                       (abs)        000F89
_LATB                                       (abs)        000F8A
_LATC                                       (abs)        000F8B
_LEDTimerON                                 text16       00C38A
_Local_CloseUSART                           text55       00C402
_NewReceivedString                          bssBANK3     0003D0
_OpenUSART                                  text54       00B6D0
_PCBVersion                                 mediumconst  00E988
_PIE1bits                                   (abs)        000F9D
_PIE2bits                                   (abs)        000FA0
_PIR1bits                                   (abs)        000F9E
_PIR2bits                                   (abs)        000FA1
_PORTA                                      (abs)        000F80
_PORTB                                      (abs)        000F81
_PORTC                                      (abs)        000F82
_PR2                                        (abs)        000FCB
_PrintHeader                                text28       009EC8
_ProductName                                dataBANK5    0005B4
_ProjectName                                mediumconst  00E727
_RCONbits                                   (abs)        000FD0
_RCREG                                      (abs)        000FAE
_RCSTA                                      (abs)        000FAB
_RCSTAbits                                  (abs)        000FAB
_RFConfig                                   bssBANK0     0000F3
_RFPause                                    bssCOMRAM    00005B
_RF_IR                                      dataBANK0    0000FC
_RF_IR_Postscaler                           dataBANK0    0000FD
_RFcodeBit                                  bssBANK0     0000F4
_RFcodePlace                                bssBANK0     0000F5
_RFoff                                      text140      00C376
_RFon                                       text139      00C362
_RFsendCode                                 bssCOMRAM    00003D
_RFsendFlag                                 bssBANK0     0000F6
_ReadCodeButtons                            text3        00BBC2
_ReadEEPROM_1Byte                           text76       00BABC
_ReadIRpin                                  text63       00C42C
_ReadPushButton                             text2        00C3F4
_ReadUSART                                  text107      00C2C8
_ReadVoltage                                text23       00B400
_ReceivedString                             bssBANK4     0004B6
_ReceivedStringPos                          bssBANK3     0003D1
_ReceivingIR                                dataCOMRAM   00005F
_ResetADC                                   text114      00C448
_ResetBlue                                  text104      00A98E
_ResetTimer0                                text62       00C49E
_ResetTimer1                                text17       00C480
_ResetTimer3                                text138      00C4BC
_Reverse_4Byte                              text20       0047E0
_Reverse_Byte                               text43       00AF5C
_Round                                      text52       00B998
_SPBRG                                      (abs)        000FAF
_SPBRGH                                     (abs)        000FB0
_SYNTAX_ERR                                 mediumconst  00E947
_SendNEC_bytes                              text19       00B5C2
_SendNEC_wait                               text18       00B174
_SendRF                                     text15       009D9C
_SendRF_Channel                             text13       00766A
_SendRF_wait                                text14       00BE12
_Send_RForIR_bit                            text137      0062B8
_Sendcount                                  bssBANK0     0000F7
_Sent                                       dataBANK0    0000FE
_SetEEPROM1                                 text69       0099E0
_SetEEPROM2                                 text68       009B26
_SetEEPROMdefault                           text50       009FEE
_SetMemoryChar                              text72       00BE54
_SetMemoryLong                              text70       00A69A
_SetTimer0                                  text128      00C4B2
_StringAddEqual                             text12       008612
_StringContains                             text103      009C62
_StringContainsCaseInsensitive              text80       00887A
_StringMatch                                text11       00B842
_StringMatchCaseInsensitive                 text10       00B49E
_SyncEEPROMToGlobal                         text45       00C48A
_SyncEEPROMToGlobal1                        text48       00AB50
_SyncEEPROMToGlobal2                        text46       00A79E
_SyncGlobalToEEPROM                         text67       00B74C
_T0CONbits                                  (abs)        000FD5
_T1CONbits                                  (abs)        000FCD
_T2CONbits                                  (abs)        000FCA
_T3CONbits                                  (abs)        000FB1
_TABLAT                                     (abs)        000FF5
_TBLPTRH                                    (abs)        000FF7
_TBLPTRL                                    (abs)        000FF6
_TBLPTRU                                    (abs)        000FF8
_TMR0H                                      (abs)        000FD7
_TMR0L                                      (abs)        000FD6
_TMR1H                                      (abs)        000FCF
_TMR1L                                      (abs)        000FCE
_TMR2                                       (abs)        000FCC
_TMR3H                                      (abs)        000FB3
_TMR3L                                      (abs)        000FB2
_TRISAbits                                  (abs)        000F92
_TRISB                                      (abs)        000F93
_TRISBbits                                  (abs)        000F93
_TRISCbits                                  (abs)        000F94
_TXREG                                      (abs)        000FAD
_TXSTA                                      (abs)        000FAC
_TXSTAbits                                  (abs)        000FAC
_Timer1_Postscaler                          bssCOMRAM    00005C
_Timer2_Postscaler                          bssCOMRAM    00005D
_Timer3_Postscaler                          bssCOMRAM    00005E
_UARTchar                                   text79       00BFB0
_UARTchar_CONST                             text102      00BED0
_UARTcommandMenu                            text9        00A230
_UARTstring                                 text78       00C1F6
_UARTstringCRLN                             text8        00BF0A
_UARTstringCRLN_CONST                       text7        00BDD0
_UARTstring_CONST                           text101      00C07E
_UseBluetooth                               text4        0002C2
_UseIRCode                                  text1        007DB4
_VoltageDividerOFF                          text26       00C4E8
_WPUB                                       (abs)        000F7C
_WaitForIRsignal                            text6        00B532
_WriteEEPROM_1Byte                          text73       00BA60
__CFG_BOREN$SBORDIS                         (abs)        000000
__CFG_BORV$18                               (abs)        000000
__CFG_CCP2MX$PORTC                          (abs)        000000
__CFG_CP0$OFF                               (abs)        000000
__CFG_CP1$OFF                               (abs)        000000
__CFG_CP2$OFF                               (abs)        000000
__CFG_CP3$OFF                               (abs)        000000
__CFG_CPB$OFF                               (abs)        000000
__CFG_CPD$OFF                               (abs)        000000
__CFG_EBTR0$OFF                             (abs)        000000
__CFG_EBTR1$OFF                             (abs)        000000
__CFG_EBTR2$OFF                             (abs)        000000
__CFG_EBTR3$OFF                             (abs)        000000
__CFG_EBTRB$OFF                             (abs)        000000
__CFG_FCMEN$OFF                             (abs)        000000
__CFG_FOSC$HSPLL                            (abs)        000000
__CFG_HFOFST$ON                             (abs)        000000
__CFG_IESO$OFF                              (abs)        000000
__CFG_LPT1OSC$OFF                           (abs)        000000
__CFG_LVP$OFF                               (abs)        000000
__CFG_MCLRE$ON                              (abs)        000000
__CFG_PBADEN$OFF                            (abs)        000000
__CFG_PWRT$OFF                              (abs)        000000
__CFG_STVREN$OFF                            (abs)        000000
__CFG_WDTEN$OFF                             (abs)        000000
__CFG_WDTPS$32768                           (abs)        000000
__CFG_WRT0$OFF                              (abs)        000000
__CFG_WRT1$OFF                              (abs)        000000
__CFG_WRT2$OFF                              (abs)        000000
__CFG_WRT3$OFF                              (abs)        000000
__CFG_WRTB$OFF                              (abs)        000000
__CFG_WRTC$OFF                              (abs)        000000
__CFG_WRTD$OFF                              (abs)        000000
__CFG_XINST$OFF                             (abs)        000000
__HRAM                                      (abs)        000000
__Habs1                                     abs1         000000
__Hbank0                                    bank0        000000
__Hbank1                                    bank1        000000
__Hbank10                                   bank10       000000
__Hbank11                                   bank11       000000
__Hbank12                                   bank12       000000
__Hbank13                                   bank13       000000
__Hbank14                                   bank14       000000
__Hbank15                                   bank15       000000
__Hbank2                                    bank2        000000
__Hbank3                                    bank3        000000
__Hbank4                                    bank4        000000
__Hbank5                                    bank5        000000
__Hbank6                                    bank6        000000
__Hbank7                                    bank7        000000
__Hbank8                                    bank8        000000
__Hbank9                                    bank9        000000
__Hbigbss                                   bigbss       000000
__Hbigdata                                  bigdata      000000
__Hbigram                                   bigram       000000
__Hbss                                      bss          000000
__HbssBANK0                                 bssBANK0     000000
__HbssBANK2                                 bssBANK2     000000
__HbssBANK3                                 bssBANK3     000000
__HbssBANK4                                 bssBANK4     000000
__HbssBANK5                                 bssBANK5     000000
__HbssBANK6                                 bssBANK6     000000
__HbssCOMRAM                                bssCOMRAM    000000
__Hcinit                                    cinit        000000
__Hclrtext                                  clrtext      000000
__Hcomram                                   comram       000000
__Hconfig                                   config       30000E
__Hconst                                    const        000000
__HcstackBANK0                              cstackBANK0  000000
__HcstackBANK1                              cstackBANK1  000000
__HcstackBANK2                              cstackBANK2  000000
__HcstackBANK3                              cstackBANK3  000000
__HcstackCOMRAM                             cstackCOMRAM 000000
__Hdata                                     data         000000
__HdataBANK0                                dataBANK0    000000
__HdataBANK3                                dataBANK3    000000
__HdataBANK5                                dataBANK5    000000
__HdataCOMRAM                               dataCOMRAM   000000
__Heeprom_data                              eeprom_data  000000
__Hend_init                                 end_init     0002C2
__Hfarbss                                   farbss       000000
__Hfardata                                  fardata      000000
__Hibigdata                                 ibigdata     000000
__Hidata                                    idata        000000
__HidataBANK0                               idataBANK0   000000
__HidataBANK3                               idataBANK3   000000
__HidataBANK5                               idataBANK5   000000
__HidataCOMRAM                              idataCOMRAM  000000
__Hidloc                                    idloc        200008
__Hifardata                                 ifardata     000000
__Hinit                                     init         0002BE
__Hintcode                                  intcode      000018
__Hintcode_body                             intcode_body 000000
__Hintcodelo                                intcodelo    0002BE
__Hintentry                                 intentry     000000
__Hintret                                   intret       000000
__Hintsave_regs                             intsave_regs 000000
__Hirdata                                   irdata       000000
__Hmediumconst                              mediumconst  010000
__HnvFARRAM                                 nvFARRAM     000000
__Hnvbit                                    nvbit        000000
__Hnvrram                                   nvrram       000000
__Hparam                                    rparam       000000
__Hpowerup                                  powerup      0002BE
__Hram                                      ram          000000
__Hramtop                                   ramtop       001000
__Hrbit                                     rbit         000000
__Hrbss                                     rbss         000000
__Hrdata                                    rdata        000000
__Hreset_vec                                reset_vec    000004
__Hrparam                                   rparam       000000
__Hsfr                                      sfr          000000
__Hsmallconst                               smallconst   000000
__Hspace_0                                  (abs)        30000E
__Hspace_1                                  (abs)        0006A0
__Hspace_2                                  (abs)        000000
__Hstack                                    stack        000000
__Hstruct                                   struct       000000
__Htemp                                     temp         000000
__Htext                                     text         000000
__Htext0                                    text0        000000
__Htext1                                    text1        000000
__Htext10                                   text10       000000
__Htext100                                  text100      000000
__Htext101                                  text101      000000
__Htext102                                  text102      000000
__Htext103                                  text103      000000
__Htext104                                  text104      000000
__Htext105                                  text105      000000
__Htext106                                  text106      000000
__Htext107                                  text107      000000
__Htext108                                  text108      000000
__Htext109                                  text109      000000
__Htext11                                   text11       000000
__Htext110                                  text110      000000
__Htext111                                  text111      000000
__Htext112                                  text112      000000
__Htext113                                  text113      000000
__Htext114                                  text114      000000
__Htext115                                  text115      000000
__Htext116                                  text116      000000
__Htext117                                  text117      000000
__Htext118                                  text118      000000
__Htext12                                   text12       000000
__Htext120                                  text120      000000
__Htext121                                  text121      000000
__Htext122                                  text122      000000
__Htext123                                  text123      000000
__Htext124                                  text124      000000
__Htext125                                  text125      000000
__Htext126                                  text126      000000
__Htext127                                  text127      000000
__Htext128                                  text128      000000
__Htext129                                  text129      000000
__Htext13                                   text13       000000
__Htext130                                  text130      000000
__Htext131                                  text131      000000
__Htext132                                  text132      000000
__Htext134                                  text134      000000
[...]
 Tracked objects:
		On entry : 
		On exit  : 
		Unchanged: 
 Data sizes:     COMRAM   BANK0   BANK1   BANK2   BANK3   BANK4   BANK5   BANK6   BANK7   BANK8   BANK9  BANK10  BANK11  BANK12  BANK13  BANK14  BANK15
      Params:         0       0       0       0       0       0       0       0       0       0       0       0       0       0       0       0       0
      Locals:         0       0       0       0       0       0       0       0       0       0       0       0       0       0       0       0       0
      Temps:          1       0       0       0       0       0       0       0       0       0       0       0       0       0       0       0       0
      Totals:         1       0       0       0       0       0       0       0       0       0       0       0       0       0       0       0       0
Total ram usage:        1 bytes
 Hardware stack levels used:    1
 Hardware stack levels required when called:    1
 This function calls:
		_RFoff
		_RFon
		_ResetTimer3
 This function is called by:
		_high_isr
 This function uses a non-reentrant model


 *************** function _ResetTimer3 *****************
 Defined at:
		line 175 in file "Timer.c"
 Parameters:    Size  Location     Type
		None
 Auto vars:     Size  Location     Type
		None
 Return value:  Size  Location     Type
		None               void
 Registers used:
		wreg, status,2
 Tracked objects:
		On entry : 
		On exit  : 
		Unchanged: 
 Data sizes:     COMRAM   BANK0   BANK1   BANK2   BANK3   BANK4   BANK5   BANK6   BANK7   BANK8   BANK9  BANK10  BANK11  BANK12  BANK13  BANK14  BANK15
      Params:         0       0       0       0       0       0       0       0       0       0       0       0       0       0       0       0       0
      Locals:         0       0       0       0       0       0       0       0       0       0       0       0       0       0       0       0       0
      Temps:          0       0       0       0       0       0       0       0       0       0       0       0       0       0       0       0       0
      Totals:         0       0       0       0       0       0       0       0       0       0       0       0       0       0       0       0       0
Total ram usage:        0 bytes
 Hardware stack levels used:    1
 This function calls:
		Nothing
 This function is called by:
		_high_isr
		_Send_RForIR_bit
 This function uses a non-reentrant model


 *************** function _RFon *****************
 Defined at:
		line 379 in file "RF.c"
 Parameters:    Size  Location     Type
		None
 Auto vars:     Size  Location     Type
		None
 Return value:  Size  Location     Type
		None               void
 Registers used:
		wreg, status,2, status,0
 Tracked objects:
		On entry : 
		On exit  : 
		Unchanged: 
 Data sizes:     COMRAM   BANK0   BANK1   BANK2   BANK3   BANK4   BANK5   BANK6   BANK7   BANK8   BANK9  BANK10  BANK11  BANK12  BANK13  BANK14  BANK15
      Params:         0       0       0       0       0       0       0       0       0       0       0       0       0       0       0       0       0
      Locals:         0       0       0       0       0       0       0       0       0       0       0       0       0       0       0       0       0
      Temps:          0       0       0       0       0       0       0       0       0       0       0       0       0       0       0       0       0
      Totals:         0       0       0       0       0       0       0       0       0       0       0       0       0       0       0       0       0
Total ram usage:        0 bytes
 Hardware stack levels used:    1
 This function calls:
		Nothing
 This function is called by:
		_Send_RForIR_bit
 This function uses a non-reentrant model


 *************** function _RFoff *****************
 Defined at:
		line 400 in file "RF.c"
 Parameters:    Size  Location     Type
		None
 Auto vars:     Size  Location     Type
		None
 Return value:  Size  Location     Type
		None               void
 Registers used:
		wreg, status,2, status,0
 Tracked objects:
		On entry : 
		On exit  : 
		Unchanged: 
 Data sizes:     COMRAM   BANK0   BANK1   BANK2   BANK3   BANK4   BANK5   BANK6   BANK7   BANK8   BANK9  BANK10  BANK11  BANK12  BANK13  BANK14  BANK15
      Params:         0       0       0       0       0       0       0       0       0       0       0       0       0       0       0       0       0
      Locals:         0       0       0       0       0       0       0       0       0       0       0       0       0       0       0       0       0
      Temps:          0       0       0       0       0       0       0       0       0       0       0       0       0       0       0       0       0
      Totals:         0       0       0       0       0       0       0       0       0       0       0       0       0       0       0       0       0
Total ram usage:        0 bytes
 Hardware stack levels used:    1
 This function calls:
		Nothing
 This function is called by:
		_Send_RForIR_bit
 This function uses a non-reentrant model


 *************** function _IRrawToNEC *****************
 Defined at:
		line 127 in file "IR.c"
 Parameters:    Size  Location     Type
  NEC             2   34[COMRAM] PTR unsigned long 
		 -> IR_NEC(4), 
  Invert          1   36[COMRAM] unsigned char 
 Auto vars:     Size  Location     Type
  NECtemp         4   39[COMRAM] unsigned long 
  StartBit        1   45[COMRAM] unsigned char 
  i               1   44[COMRAM] unsigned char 
  first           1   43[COMRAM] unsigned char 
 Return value:  Size  Location     Type
                  1    wreg      unsigned char 
 Registers used:
		wreg, fsr2l, fsr2h, status,2, status,0, prodl, prodh
 Tracked objects:
		On entry : 
		On exit  : 
		Unchanged: 
 Data sizes:     COMRAM   BANK0   BANK1   BANK2   BANK3   BANK4   BANK5   BANK6   BANK7   BANK8   BANK9  BANK10  BANK11  BANK12  BANK13  BANK14  BANK15
      Params:         3       0       0       0       0       0       0       0       0       0       0       0       0       0       0       0       0
      Locals:         7       0       0       0       0       0       0       0       0       0       0       0       0       0       0       0       0
      Temps:          2       0       0       0       0       0       0       0       0       0       0       0       0       0       0       0       0
      Totals:        12       0       0       0       0       0       0       0       0       0       0       0       0       0       0       0       0
Total ram usage:       12 bytes
 Hardware stack levels used:    1
 This function calls:
		Nothing
 This function is called by:
		_high_isr
 This function uses a non-reentrant model



MODULE INFORMATION

Module		Function		Class		Link	Load	Size
C:\Program Files (x86)\Microchip\xc8\v1.34\sources\common\ftge.c
		___ftge        		CODE           	ACFC	0000	207

C:\Program Files (x86)\Microchip\xc8\v1.34\sources\common\ftge.c estimated size: 207

UART.c
		_OpenUSART     		CODE           	B6D0	0000	125
		_Local_CloseUSA		CODE           	C402	0000	15
		_InitUART      		CODE           	A584	0000	279
		_UARTstring_CON		CODE           	C07E	0000	51
		_UARTstring    		CODE           	C1F6	0000	41
		_UARTstringCRLN		CODE           	BDD0	0000	67
		_EraseScreen   		CODE           	C21E	0000	41
		_UARTstringCRLN		CODE           	BF0A	0000	57
		_PrintHeader   		CODE           	9EC8	0000	295
		_UARTchar      		CODE           	BFB0	0000	55
		_ClearUSART    		CODE           	C3AE	0000	19
		_ReadUSART     		CODE           	C2C8	0000	25
		_UARTchar_CONST		CODE           	BED0	0000	59
		_UARTcommandMen		CODE           	A230	0000	287

UART.c estimated size: 1416

Bluetooth.c
		_BluetoothConfi		CODE           	C3C0	0000	19
		_BlueConnected 		CODE           	C43A	0000	15
		_ResetBlue     		CODE           	A98E	0000	227
		_WaitForIRsigna		CODE           	B532	0000	145
		_BluetoothIniti		CODE           	545E	0000	2023
		_InitBluetooth 		CODE           	B8BA	0000	119
		_UseBluetooth  		CODE           	02C2	0000	13733
		_EnterCommandMo		CODE           	933A	0000	349

Bluetooth.c estimated size: 16630

C:\Program Files (x86)\Microchip\xc8\v1.34\sources\common\ftdivl.c
		__tdiv_to_l_   		CODE           	8A28	0000	423

C:\Program Files (x86)\Microchip\xc8\v1.34\sources\common\ftdivl.c estimated size: 423

C:\Program Files (x86)\Microchip\xc8\v1.34\sources\common\lbdiv.c
		___lbdiv       		CODE           	B930	0000	105

C:\Program Files (x86)\Microchip\xc8\v1.34\sources\common\lbdiv.c estimated size: 105

Timer.c
		_InitTimer0    		CODE           	C3E4	0000	17
		_InitTimer1    		CODE           	C41E	0000	15
		_InitTimer2    		CODE           	C410	0000	15
		_InitTimer3    		CODE           	C494	0000	11
		_InitTimers    		CODE           	C33A	0000	21
		_SetTimer0     		CODE           	C4B2	0000	11
		_LEDTimerON    		CODE           	C38A	0000	19
		_ResetTimer0   		CODE           	C49E	0000	11
		_ResetTimer1   		CODE           	C480	0000	11
		_ResetTimer3   		CODE           	C4BC	0000	11

Timer.c estimated size: 142

C:\Program Files (x86)\Microchip\xc8\v1.34\sources\common\ftneg.c
		___ftneg       		CODE           	C0E2	0000	49

C:\Program Files (x86)\Microchip\xc8\v1.34\sources\common\ftneg.c estimated size: 49

interrupts.c
		_high_isr      		CODE           	0008	0000	297
		_low_isr       		CODE           	0018	0000	679

interrupts.c estimated size: 976

C:\Program Files (x86)\Microchip\xc8\v1.34\sources\common\Umul32.c
		___lmul        		CODE           	B7C8	0000	123

C:\Program Files (x86)\Microchip\xc8\v1.34\sources\common\Umul32.c estimated size: 123

C:\Program Files (x86)\Microchip\xc8\v1.34\sources\common\fldivl.c
		__div_to_l_    		CODE           	8BCE	0000	405

C:\Program Files (x86)\Microchip\xc8\v1.34\sources\common\fldivl.c estimated size: 405

C:\Program Files (x86)\Microchip\xc8\v1.34\sources\common\ftsub.c
		___ftsub       		CODE           	BC16	0000	81

C:\Program Files (x86)\Microchip\xc8\v1.34\sources\common\ftsub.c estimated size: 81

C:\Program Files (x86)\Microchip\xc8\v1.34\sources\common\float.c
		___ftpack      		CODE           	A110	0000	289

C:\Program Files (x86)\Microchip\xc8\v1.34\sources\common\float.c estimated size: 289

C:\Program Files (x86)\Microchip\xc8\v1.34\sources\common\awmod.c
		___awmod       		CODE           	B012	0000	181

C:\Program Files (x86)\Microchip\xc8\v1.34\sources\common\awmod.c estimated size: 181

RF.c
		_SendRF_wait   		CODE           	BE12	0000	67
		_DisplayRF_Chan		CODE           	9496	0000	345
		_SendRF_Channel		CODE           	766A	0000	1055
		_GetRFstatus   		CODE           	C3D2	0000	19
		_RFoff         		CODE           	C376	0000	21
		_SendRF        		CODE           	9D9C	0000	301
		_RFon          		CODE           	C362	0000	21
		_Send_RForIR_bi		CODE           	62B8	0000	1483

RF.c estimated size: 3312

C:\Program Files (x86)\Microchip\xc8\v1.34\sources\common\llmod.c
		___llmod       		CODE           	B218	0000	165

C:\Program Files (x86)\Microchip\xc8\v1.34\sources\common\llmod.c estimated size: 165

Button.c
		_ReadPushButton		CODE           	C3F4	0000	15
		_ReadCodeButton		CODE           	BBC2	0000	85

Button.c estimated size: 100

C:\Program Files (x86)\Microchip\xc8\v1.34\sources\common\ftmul.c
		___ftmul       		CODE           	91CE	0000	365

C:\Program Files (x86)\Microchip\xc8\v1.34\sources\common\ftmul.c estimated size: 365

C:\Program Files (x86)\Microchip\xc8\v1.34\sources\common\isdigit.c
		_isdigit       		CODE           	C142	0000	47

C:\Program Files (x86)\Microchip\xc8\v1.34\sources\common\isdigit.c estimated size: 47

EEPROM.c
		_SyncEEPROMToGl		CODE           	A79E	0000	249
		_SetEEPROMdefau		CODE           	9FEE	0000	291
		_SetMemoryLong 		CODE           	A69A	0000	261
		_SetMemoryChar 		CODE           	BE54	0000	63
		_EEPROM_UNLOCK 		CODE           	C2F8	0000	23
		_EEPROMinitiali		CODE           	C34E	0000	21
		_ReadEEPROM_1By		CODE           	BABC	0000	89
		_GetEEPROM1    		CODE           	A896	0000	249
		_GetEEPROM2    		CODE           	AA70	0000	225
		_WriteEEPROM_1B		CODE           	BA60	0000	93
		_SetEEPROM1    		CODE           	99E0	0000	327
		_SetEEPROM2    		CODE           	9B26	0000	317
		_SyncEEPROMToGl		CODE           	C48A	0000	11
		_SyncGlobalToEE		CODE           	B74C	0000	125
		_GetMemoryLong 		CODE           	905C	0000	371
		_GetMemoryChar 		CODE           	C246	0000	39
		_SyncEEPROMToGl		CODE           	AB50	0000	221

EEPROM.c estimated size: 2975

C:\Program Files (x86)\Microchip\xc8\v1.34\sources\common\lwtoft.c
		___lwtoft      		CODE           	C19E	0000	45

C:\Program Files (x86)\Microchip\xc8\v1.34\sources\common\lwtoft.c estimated size: 45

C:\Program Files (x86)\Microchip\xc8\v1.34\sources\common\ftdiv.c
		___ftdiv       		CODE           	95EE	0000	339

C:\Program Files (x86)\Microchip\xc8\v1.34\sources\common\ftdiv.c estimated size: 339

C:\Program Files (x86)\Microchip\xc8\v1.34\sources\common\lltoft.c
		___lltoft      		CODE           	B650	0000	129

C:\Program Files (x86)\Microchip\xc8\v1.34\sources\common\lltoft.c estimated size: 129

shared
		i1_UARTchar    		CODE           	C170	0000	47
		_Conf2_ChannelB		MEDIUMCONST    	E7BC	0000	20
		_Conf2_ChannelD		MEDIUMCONST    	E7CF	0000	20
		_Conf1_ChannelD		MEDIUMCONST    	E955	0000	13
		_Conf1_ChannelE		MEDIUMCONST    	E961	0000	13
		_Conf1_ChannelF		MEDIUMCONST    	E96D	0000	13
		i1_UARTstring  		CODE           	C26C	0000	39
		i2_cleanBuffer1		CODE           	BD44	0000	73
		_Conf1_Channels		MEDIUMCONST    	E98D	0000	5
		__powers_      		MEDIUMCONST    	DF60	0000	40
		_Conf2_ChannelB		MEDIUMCONST    	E85C	0000	17
		_Conf2_ChannelD		MEDIUMCONST    	E87C	0000	17
		_Conf2_ChannelH		MEDIUMCONST    	E741	0000	22
		i1_ReadIRpin   		CODE           	C456	0000	15
		_Conf2_ChannelH		MEDIUMCONST    	E756	0000	22
		_Conf2_ChannelH		MEDIUMCONST    	E76B	0000	22
		i2_ReadIRpin   		CODE           	C472	0000	15
		_dpowers       		MEDIUMCONST    	DF11	0000	41
		_SYNTAX_ERR    		MEDIUMCONST    	E947	0000	15
		_Conf2_ChannelH		MEDIUMCONST    	E818	0000	18
		_Conf2_ChannelH		MEDIUMCONST    	E829	0000	18
		_Conf2_ChannelH		MEDIUMCONST    	E83A	0000	18
		_PCBVersion    		MEDIUMCONST    	E988	0000	6
		i1_BlueConnecte		CODE           	C464	0000	15
		i1_ResetTimer0 		CODE           	C4A8	0000	11
		_Conf2_Channels		MEDIUMCONST    	E991	0000	5
		_FirmVersion   		MEDIUMCONST    	E979	0000	10
		_Conf3         		MEDIUMCONST    	DFA7	0000	1921
		__npowers_     		MEDIUMCONST    	DF39	0000	40
		_Conf1_ChannelD		MEDIUMCONST    	E8FC	0000	16
		_Conf1_ChannelE		MEDIUMCONST    	E90B	0000	16
		_Conf1_ChannelF		MEDIUMCONST    	E91A	0000	16
		i1_ReadUSART   		CODE           	C324	0000	23
		__initializatio		CODE           	ADCA	0000	199
		_Conf3_Channels		MEDIUMCONST    	E84B	0000	18
		_CRLN          		MEDIUMCONST    	E995	0000	4
		_ProjectName   		MEDIUMCONST    	E727	0000	27
		i2_IRreceiverIn		CODE           	C4DE	0000	7
		_Conf2_ChannelH		MEDIUMCONST    	E89C	0000	17
		_Conf2_ChannelH		MEDIUMCONST    	E8BC	0000	17
		_Conf2_ChannelH		MEDIUMCONST    	E8DC	0000	17
		i1_UARTstring_C		CODE           	C112	0000	49
		_Conf2_ChannelH		MEDIUMCONST    	E780	0000	21
		i1_IRreceiverIn		CODE           	C4D8	0000	7
		_Conf2_ChannelH		MEDIUMCONST    	E794	0000	21
		_Conf2_ChannelH		MEDIUMCONST    	E7A8	0000	21
		_Conf2_ChannelB		MEDIUMCONST    	E929	0000	16
		_Conf2_ChannelD		MEDIUMCONST    	E938	0000	16
		_hexpowers     		MEDIUMCONST    	DF87	0000	33
		_Conf3_Buttons 		MEDIUMCONST    	E982	0000	7
		_Conf2_ChannelB		MEDIUMCONST    	E7E2	0000	19
		_Conf2_ChannelD		MEDIUMCONST    	E7F4	0000	19
		_Conf2_ChannelB		MEDIUMCONST    	E86C	0000	17
		_Conf2_ChannelD		MEDIUMCONST    	E88C	0000	17
		i1_delayUS     		CODE           	BE92	0000	63
		_Conf2_ChannelH		MEDIUMCONST    	E8AC	0000	17
		_Frequency     		MEDIUMCONST    	E806	0000	19
		_Conf2_ChannelH		MEDIUMCONST    	E8CC	0000	17
		_Conf2_ChannelH		MEDIUMCONST    	E8EC	0000	17
		i1_UARTchar_CON		CODE           	C0B0	0000	51

shared estimated size: 3355

C:\Program Files (x86)\Microchip\xc8\v1.34\sources\common\altoft.c
		___altoft      		CODE           	B35E	0000	163

C:\Program Files (x86)\Microchip\xc8\v1.34\sources\common\altoft.c estimated size: 163

ADC.c
		_InternalADC_Re		CODE           	B2BC	0000	163
		_ReadVoltage   		CODE           	B400	0000	159
		_VoltageDivider		CODE           	C4E8	0000	3
		_InitADC       		CODE           	C30E	0000	23
		_ResetADC      		CODE           	C448	0000	15

ADC.c estimated size: 363

C:\Program Files (x86)\Microchip\xc8\v1.34\sources\common\awdiv.c
		___awdiv       		CODE           	AC2C	0000	209

C:\Program Files (x86)\Microchip\xc8\v1.34\sources\common\awdiv.c estimated size: 209

MISC.c
		_Round         		CODE           	B998	0000	103
		_StringContains		CODE           	9C62	0000	315
		_BufferCopy    		CODE           	8D62	0000	389
		_StringContains		CODE           	887A	0000	431
		_GetStringAfter		CODE           	A34E	0000	287
		_cleanBuffer   		CODE           	BB14	0000	89
		_IsAlphaNumeric		CODE           	BF7A	0000	55
		_cleanBuffer16b		CODE           	B9FE	0000	99
		_lowercaseStrin		CODE           	BD8C	0000	69
		_delayUS       		CODE           	BB6C	0000	87
		_IsAlphaNumeric		CODE           	BFE6	0000	53
		_Invert        		CODE           	C2B0	0000	25
		_Reverse_Byte  		CODE           	AF5C	0000	183
		_IsLetter      		CODE           	C04C	0000	51
		_Reverse_4Byte 		CODE           	47E0	0000	3199
		_IsNumber      		CODE           	C292	0000	31
		_StringAddEqual		CODE           	8612	0000	617
		_StringMatch   		CODE           	B842	0000	121
		_GetNumber     		CODE           	6D86	0000	1159
		_IsCharacter   		CODE           	C2E0	0000	25
		_StringMatchCas		CODE           	B49E	0000	149
		_GetNumberUnsig		CODE           	720C	0000	1119
		_lowercaseChar 		CODE           	C1CA	0000	45

MISC.c estimated size: 8701

C:\Program Files (x86)\Microchip\xc8\v1.34\sources\common\lbmod.c
		___lbmod       		CODE           	BC66	0000	77

C:\Program Files (x86)\Microchip\xc8\v1.34\sources\common\lbmod.c estimated size: 77

IR.c
		_IRreceiverIntO		CODE           	C4CC	0000	7
		_DecodeNEC     		CODE           	B0C6	0000	175
		_InitIR        		CODE           	BCFC	0000	73
		_EncodeNEC     		CODE           	9892	0000	335
		_UseIRCode     		CODE           	7DB4	0000	777
		_IRrawToNEC    		CODE           	7A88	0000	813
		_ReadIRpin     		CODE           	C42C	0000	15
		_IRreceiverIntO		CODE           	C4D2	0000	7
		_SendNEC_wait  		CODE           	B174	0000	165
		_SendNEC_bytes 		CODE           	B5C2	0000	143
		_CheckReceiving		CODE           	C39C	0000	19

IR.c estimated size: 2529

C:\Program Files (x86)\Microchip\xc8\v1.34\sources\common\lldiv.c
		___lldiv       		CODE           	AE96	0000	199

C:\Program Files (x86)\Microchip\xc8\v1.34\sources\common\lldiv.c estimated size: 199

user.c
		_InitApp       		CODE           	BCB2	0000	75
		_Init_System   		CODE           	8EE6	0000	375

user.c estimated size: 450

C:\Program Files (x86)\Microchip\xc8\v1.34\sources\common\doprnt.c
		_scale         		CODE           	6882	0000	1285
		_sprintf       		CODE           	3866	0000	3963
		_fround        		CODE           	80BC	0000	729

C:\Program Files (x86)\Microchip\xc8\v1.34\sources\common\doprnt.c estimated size: 5977

C:\Program Files (x86)\Microchip\xc8\v1.34\sources\common\fttol.c
		___fttol       		CODE           	9740	0000	339

C:\Program Files (x86)\Microchip\xc8\v1.34\sources\common\fttol.c estimated size: 339

main.c
		_main          		CODE           	5C44	0000	1653

main.c estimated size: 1653

C:\Program Files (x86)\Microchip\xc8\v1.34\sources\common\Umul16.c
		___wmul        		CODE           	BF42	0000	57

C:\Program Files (x86)\Microchip\xc8\v1.34\sources\common\Umul16.c estimated size: 57

system.c
		_ConfigureOscil		CODE           	C4EA	0000	3

system.c estimated size: 3

C:\Program Files (x86)\Microchip\xc8\v1.34\sources\common\ftadd.c
		___ftadd       		CODE           	8394	0000	639

C:\Program Files (x86)\Microchip\xc8\v1.34\sources\common\ftadd.c estimated size: 639

