Microchip MPLAB XC8 Compiler V1.34 ()

Linker command line:

-W-1 --edf=C:\Program Files (x86)\Microchip\xc8\v1.34\dat\en_msgs.txt -cs \
  -h+dist/xc8_pic18f26k20/production\PIC_IR_RF_Bluetooth_Home_Automation.production.sym \
  --cmf=dist/xc8_pic18f26k20/production\PIC_IR_RF_Bluetooth_Home_Automation.production.cmf \
  -z -Q18F26K20 -oC:\Users\DWHITF~1\AppData\Local\Temp\s7p0.6 \
  -Mdist/xc8_pic18f26k20/production/PIC_IR_RF_Bluetooth_Home_Automation.production.map \
  -E1 -ver=XC8 -ASTACK=06D2h-0f5fh -pstack=STACK -ACODE=00h-0FFFFh \
  -ACONST=00h-0FFFFh -ASMALLCONST=01000h-010FFhx240 \
  -AMEDIUMCONST=01000h-0FFFFh -ACOMRAM=01h-05Fh -AABS1=00h-0F5Fh \
  -ABIGRAM=01h-0F5Fh -ARAM=060h-0FFh,0100h-01FFhx14,0F00h-0F5Fh \
  -ABANK0=060h-0FFh -ABANK1=0100h-01FFh -ABANK2=0200h-02FFh \
  -ABANK3=0300h-03FFh -ABANK4=0400h-04FFh -ABANK5=0500h-05FFh \
  -ABANK6=0600h-06FFh -ABANK7=0700h-07FFh -ABANK8=0800h-08FFh \
  -ABANK9=0900h-09FFh -ABANK10=0A00h-0AFFh -ABANK11=0B00h-0BFFh \
  -ABANK12=0C00h-0CFFh -ABANK13=0D00h-0DFFh -ABANK14=0E00h-0EFFh \
  -ABANK15=0F00h-0F5Fh -ASFR=0F60h-0FFFh \
  -preset_vec=00h,intcode=08h,intcodelo=018h,powerup,init,end_init \
  -pramtop=01000h -psmallconst=SMALLCONST -pmediumconst=MEDIUMCONST \
  -pconst=CONST -AFARRAM=00h-00h -ACONFIG=0300000h-030000Dh -pconfig=CONFIG \
  -AIDLOC=0200000h-0200007h -pidloc=IDLOC -AEEDATA=0F00000h-0F003FFh \
  -peeprom_data=EEDATA \
  -prdata=COMRAM,nvrram=COMRAM,nvbit=COMRAM,rbss=COMRAM,rbit=COMRAM \
  -pfarbss=FARRAM,fardata=FARRAM,nvFARRAM=FARRAM \
  -pintsave_regs=BIGRAM,bigbss=BIGRAM,bigdata=BIGRAM -pbss=RAM \
  -pidata=CODE,irdata=CODE,ibigdata=CODE,ifardata=CODE -prparam=COMRAM \
  C:\Users\DWHITF~1\AppData\Local\Temp\s7p0.obj \
  dist/xc8_pic18f26k20/production\PIC_IR_RF_Bluetooth_Home_Automation.production.obj 

Object code version is 3.11

Machine type is 18F26K20

Call graph: (short form)




                Name                               Link     Load   Length Selector   Space Scale
C:\Users\DWHITF~1\AppData\Local\Temp\s7p0.obj
                end_init                            34C      34C        4        C       0
                reset_vec                             0        0        4        0       0
                idloc                            200000   200000        8   200000       0
                config                           300000   300000        E   300000       0
dist/xc8_pic18f26k20/production\PIC_IR_RF_Bluetooth_Home_Automation.production.obj
                intcodelo                            18       18      334        C       0
                intcode                               8        8       10        4       0
                mediumconst                        DE8A     DE8A     2176     6F45       0
                text147                            C4D6     C4D6       14        C       0
                text146                            C4C2     C4C2       14        C       0
                text145                            C62A     C62A        A        C       0
                text144                            6344     6344      5C4        C       0
                text143                            BF18     BF18       3E        C       0
                text142                            C1E0     C1E0       32        C       0
                text141                            C272     C272       30        C       0
                text140                            BF92     BF92       3C        C       0
                intcode_body                       A8F8     A8F8       E6        C       0
                text138                            BEDA     BEDA       3E        C       0
                text137                            C1AE     C1AE       32        C       0
                text136                            C37E     C37E       28        C       0
                text135                            7B0E     7B0E      32C        C       0
                text134                            C440     C440       18        C       0
                text133                            C620     C620        A        C       0
                text132                            C5D6     C5D6        E        C       0
                text131                            C64C     C64C        6        C       0
                text130                            C646     C646        6        C       0
                text129                            C616     C616        A        C       0
                text128                            C544     C544       12        C       0
                text127                            C5C8     C5C8        E        C       0
                text126                            C484     C484       16        C       0
                text125                            C60C     C60C        A        C       0
                text124                            C2D0     C2D0       2E        C       0
                text123                            C3CC     C3CC       26        C       0
                text122                            C242     C242       30        C       0
                text121                            BF56     BF56       3C        C       0
                text120                            BD90     BD90       48        C       0
                text118                            C658     C658        2        C       0
                text117                            C532     C532       12        C       0
                text116                            BCFE     BCFE       4A        C       0
                text115                            C4AE     C4AE       14        C       0
                text114                            C5BA     C5BA        E        C       0
                text113                            C46E     C46E       16        C       0
                text112                            C520     C520       12        C       0
                text111                            C040     C040       38        C       0
                text110                            BB60     BB60       58        C       0
                text109                            8DE4     8DE4      184        C       0
                text108                            C5AC     C5AC        E        C       0
                text107                            C428     C428       18        C       0
                text106                            C50E     C50E       12        C       0
                text105                            BBB8     BBB8       56        C       0
                text104                            A9DE     A9DE       E2        C       0
                text103                            9CE4     9CE4      13A        C       0
                text102                            BFCE     BFCE       3A        C       0
                text101                            C17C     C17C       32        C       0
                text100                            AD4C     AD4C       CE        C       0
                text99                             C212     C212       30        C       0
                text98                             A192     A192      120        C       0
                text97                             8416     8416      27E        C       0
                text96                             BC62     BC62       50        C       0
                text95                             97C2     97C2      152        C       0
                text94                             AEE6     AEE6       C6        C       0
                text93                             B1C4     B1C4       A4        C       0
                text92                             B69C     B69C       80        C       0
                text91                             8C50     8C50      194        C       0
                text90                             8AAA     8AAA      1A6        C       0
                text89                             AC7C     AC7C       D0        C       0
                text88                             B062     B062       B4        C       0
                text87                             9250     9250      16C        C       0
                text86                             813E     813E      2D8        C       0
                text85                             C2A2     C2A2       2E        C       0
                text84                             6908     6908      504        C       0
                text83                             38F4     38F4      F7A        C       0
                text82                             93BC     93BC      15C        C       0
                text81                             C32A     C32A       2C        C       0
                text80                             88FC     88FC      1AE        C       0
                text79                             C0AE     C0AE       36        C       0
                text78                             C356     C356       28        C       0
                text77                             54EC     54EC      7E6        C       0
                text76                             BB08     BB08       58        C       0
                text75                             C3A6     C3A6       26        C       0
                text74                             C458     C458       16        C       0
                text73                             BAAC     BAAC       5C        C       0
                text72                             BE9C     BE9C       3E        C       0
                text71                             90DE     90DE      172        C       0
                text70                             A604     A604      104        C       0
                text69                             9A62     9A62      146        C       0
                text68                             9BA8     9BA8      13C        C       0
                text67                             B798     B798       7C        C       0
                text66                             B906     B906       76        C       0
                text65                             C640     C640        6        C       0
                text64                             C556     C556       10        C       0
                text63                             C59E     C59E        E        C       0
                text62                             C602     C602        A        C       0
                text61                             BA4A     BA4A       62        C       0
                text60                             BD48     BD48       48        C       0
                text59                             C590     C590        E        C       0
                text58                             C582     C582        E        C       0
                text57                             C5F8     C5F8        A        C       0
                text56                             C49A     C49A       14        C       0
                text55                             C574     C574        E        C       0
                text54                             B71C     B71C       7C        C       0
                text53                             B3AC     B3AC       A2        C       0
                text52                             B9E4     B9E4       66        C       0
                text51                             A4EE     A4EE      116        C       0
                text50                             A070     A070      122        C       0
                text49                             A800     A800       F8        C       0
                text48                             ABA0     ABA0       DC        C       0
                text47                             AAC0     AAC0       E0        C       0
                text46                             A708     A708       F8        C       0
                text45                             C5EE     C5EE        A        C       0
                text44                             8F68     8F68      176        C       0
                text43                             AFAC     AFAC       B6        C       0
                text42                             B116     B116       AE        C       0
                text41                             B97C     B97C       68        C       0
                text40                             BCB2     BCB2       4C        C       0
                text39                             9518     9518      158        C       0
                text38                             9914     9914      14E        C       0
                text37                             C14A     C14A       32        C       0
                text36                             B814     B814       7A        C       0
                text35                             6E0C     6E0C      486        C       0
                text34                             7292     7292      45E        C       0
                text33                             A3D0     A3D0      11E        C       0
                text32                             C410     C410       18        C       0
                text31                             C3F2     C3F2       1E        C       0
                text30                             C0E4     C0E4       34        C       0
                text29                             C078     C078       36        C       0
                text28                             9F4A     9F4A      126        C       0
                text27                             B30A     B30A       A2        C       0
                text26                             C656     C656        2        C       0
                text25                             9670     9670      152        C       0
                text24                             C2FE     C2FE       2C        C       0
                text23                             B44E     B44E       9E        C       0
                text22                             C4FC     C4FC       12        C       0
                text21                             C63A     C63A        6        C       0
                text20                             486E     486E      C7E        C       0
                text19                             B610     B610       8C        C       0
                text18                             B268     B268       A2        C       0
                text17                             C5E4     C5E4        A        C       0
                text16                             C4EA     C4EA       12        C       0
                text15                             9E1E     9E1E      12C        C       0
                text14                             BE5E     BE5E       3E        C       0
                text13                             76F0     76F0      41E        C       0
                text12                             8694     8694      268        C       0
                text11                             B88E     B88E       78        C       0
                text10                             B4EC     B4EC       94        C       0
                text9                              A2B2     A2B2      11E        C       0
                text8                              C008     C008       38        C       0
                text7                              BE1C     BE1C       42        C       0
                text6                              B580     B580       90        C       0
                text5                              BDD8     BDD8       44        C       0
                text4                               350      350     35A4        C       0
                text3                              BC0E     BC0E       54        C       0
                text2                              C566     C566        E        C       0
                text1                              7E3A     7E3A      304        C       0
                text0                              5CD2     5CD2      672        C       0
                cstackCOMRAM                          1        1       33        1       1
                cstackBANK0                          60       60       92       60       1
                cstackBANK1                         100      100       FF      100       1
                cstackBANK2                         200      200       A6      200       1
                cstackBANK3                         300      300       CA      300       1
                dataBANK6                           6A0      6A0       32      600       1
                bssBANK6                            600      600       A0      600       1
                bssBANK5                            500      500       D2      500       1
                bssBANK4                            400      400       FC      400       1
                dataBANK3                           3EC      3EC        4      300       1
                bssBANK3                            3CA      3CA       22      300       1
                bssBANK2                            2A6      2A6       41      200       1
                dataBANK0                            FA       FA        6       60       1
                bssBANK0                             F2       F2        8       60       1
                dataCOMRAM                           58       58        1        1       1
                bssCOMRAM                            34       34       24        1       1
                cinit                              AE1A     AE1A       CC        C       0
                idataBANK6                         C118     C118       32        C       0
                idataBANK3                         C652     C652        4        C       0
                idataBANK0                         C634     C634        6        C       0
                idataCOMRAM                        C65A     C65A        1        C       0

TOTAL           Name                               Link     Load   Length     Space
        CLASS   STACK          

        CLASS   CODE           
                end_init                            34C      34C        4         0
                intcodelo                            18       18      334         0
                intcode                               8        8       10         0
                reset_vec                             0        0        4         0
                text147                            C4D6     C4D6       14         0
                text146                            C4C2     C4C2       14         0
                text145                            C62A     C62A        A         0
                text144                            6344     6344      5C4         0
                text143                            BF18     BF18       3E         0
                text142                            C1E0     C1E0       32         0
                text141                            C272     C272       30         0
                text140                            BF92     BF92       3C         0
                intcode_body                       A8F8     A8F8       E6         0
                text138                            BEDA     BEDA       3E         0
                text137                            C1AE     C1AE       32         0
                text136                            C37E     C37E       28         0
                text135                            7B0E     7B0E      32C         0
                text134                            C440     C440       18         0
                text133                            C620     C620        A         0
                text132                            C5D6     C5D6        E         0
                text131                            C64C     C64C        6         0
                text130                            C646     C646        6         0
                text129                            C616     C616        A         0
                text128                            C544     C544       12         0
                text127                            C5C8     C5C8        E         0
                text126                            C484     C484       16         0
                text125                            C60C     C60C        A         0
                text124                            C2D0     C2D0       2E         0
                text123                            C3CC     C3CC       26         0
                text122                            C242     C242       30         0
                text121                            BF56     BF56       3C         0
                text120                            BD90     BD90       48         0
                text118                            C658     C658        2         0
                text117                            C532     C532       12         0
                text116                            BCFE     BCFE       4A         0
                text115                            C4AE     C4AE       14         0
                text114                            C5BA     C5BA        E         0
                text113                            C46E     C46E       16         0
                text112                            C520     C520       12         0
                text111                            C040     C040       38         0
                text110                            BB60     BB60       58         0
                text109                            8DE4     8DE4      184         0
                text108                            C5AC     C5AC        E         0
                text107                            C428     C428       18         0
                text106                            C50E     C50E       12         0
                text105                            BBB8     BBB8       56         0
                text104                            A9DE     A9DE       E2         0
                text103                            9CE4     9CE4      13A         0
                text102                            BFCE     BFCE       3A         0
                text101                            C17C     C17C       32         0
                text100                            AD4C     AD4C       CE         0
                text99                             C212     C212       30         0
                text98                             A192     A192      120         0
                text97                             8416     8416      27E         0
                text96                             BC62     BC62       50         0
                text95                             97C2     97C2      152         0
                text94                             AEE6     AEE6       C6         0
                text93                             B1C4     B1C4       A4         0
                text92                             B69C     B69C       80         0
                text91                             8C50     8C50      194         0
                text90                             8AAA     8AAA      1A6         0
                text89                             AC7C     AC7C       D0         0
                text88                             B062     B062       B4         0
                text87                             9250     9250      16C         0
                text86                             813E     813E      2D8         0
                text85                             C2A2     C2A2       2E         0
                text84                             6908     6908      504         0
                text83                             38F4     38F4      F7A         0
                text82                             93BC     93BC      15C         0
                text81                             C32A     C32A       2C         0
                text80                             88FC     88FC      1AE         0
                text79                             C0AE     C0AE       36         0
                text78                             C356     C356       28         0
                text77                             54EC     54EC      7E6         0
                text76                             BB08     BB08       58         0
                text75                             C3A6     C3A6       26         0
                text74                             C458     C458       16         0
                text73                             BAAC     BAAC       5C         0
                text72                             BE9C     BE9C       3E         0
                text71                             90DE     90DE      172         0
                text70                             A604     A604      104         0
                text69                             9A62     9A62      146         0
                text68                             9BA8     9BA8      13C         0
                text67                             B798     B798       7C         0
                text66                             B906     B906       76         0
                text65                             C640     C640        6         0
                text64                             C556     C556       10         0
                text63                             C59E     C59E        E         0
                text62                             C602     C602        A         0
                text61                             BA4A     BA4A       62         0
                text60                             BD48     BD48       48         0
                text59                             C590     C590        E         0
                text58                             C582     C582        E         0
                text57                             C5F8     C5F8        A         0
                text56                             C49A     C49A       14         0
                text55                             C574     C574        E         0
                text54                             B71C     B71C       7C         0
                text53                             B3AC     B3AC       A2         0
                text52                             B9E4     B9E4       66         0
                text51                             A4EE     A4EE      116         0
                text50                             A070     A070      122         0
                text49                             A800     A800       F8         0
                text48                             ABA0     ABA0       DC         0
                text47                             AAC0     AAC0       E0         0
                text46                             A708     A708       F8         0
                text45                             C5EE     C5EE        A         0
                text44                             8F68     8F68      176         0
                text43                             AFAC     AFAC       B6         0
                text42                             B116     B116       AE         0
                text41                             B97C     B97C       68         0
                text40                             BCB2     BCB2       4C         0
                text39                             9518     9518      158         0
                text38                             9914     9914      14E         0
                text37                             C14A     C14A       32         0
                text36                             B814     B814       7A         0
                text35                             6E0C     6E0C      486         0
                text34                             7292     7292      45E         0
                text33                             A3D0     A3D0      11E         0
                text32                             C410     C410       18         0
                text31                             C3F2     C3F2       1E         0
                text30                             C0E4     C0E4       34         0
                text29                             C078     C078       36         0
                text28                             9F4A     9F4A      126         0
                text27                             B30A     B30A       A2         0
                text26                             C656     C656        2         0
                text25                             9670     9670      152         0
                text24                             C2FE     C2FE       2C         0
                text23                             B44E     B44E       9E         0
                text22                             C4FC     C4FC       12         0
                text21                             C63A     C63A        6         0
                text20                             486E     486E      C7E         0
                text19                             B610     B610       8C         0
                text18                             B268     B268       A2         0
                text17                             C5E4     C5E4        A         0
                text16                             C4EA     C4EA       12         0
                text15                             9E1E     9E1E      12C         0
                text14                             BE5E     BE5E       3E         0
                text13                             76F0     76F0      41E         0
                text12                             8694     8694      268         0
                text11                             B88E     B88E       78         0
                text10                             B4EC     B4EC       94         0
                text9                              A2B2     A2B2      11E         0
                text8                              C008     C008       38         0
                text7                              BE1C     BE1C       42         0
                text6                              B580     B580       90         0
                text5                              BDD8     BDD8       44         0
                text4                               350      350     35A4         0
                text3                              BC0E     BC0E       54         0
                text2                              C566     C566        E         0
                text1                              7E3A     7E3A      304         0
                text0                              5CD2     5CD2      672         0
                cinit                              AE1A     AE1A       CC         0
                idataBANK6                         C118     C118       32         0
                idataBANK3                         C652     C652        4         0
                idataBANK0                         C634     C634        6         0
                idataCOMRAM                        C65A     C65A        1         0

        CLASS   CONST          

        CLASS   SMALLCONST     

        CLASS   MEDIUMCONST    
                mediumconst                        DE8A     DE8A     2176         0

        CLASS   COMRAM         
                cstackCOMRAM                          1        1       33         1
                dataCOMRAM                           58       58        1         1
                bssCOMRAM                            34       34       24         1

        CLASS   ABS1           

        CLASS   BIGRAM         

        CLASS   RAM            

        CLASS   BANK0          
                cstackBANK0                          60       60       92         1
                dataBANK0                            FA       FA        6         1
                bssBANK0                             F2       F2        8         1

        CLASS   BANK1          
                cstackBANK1                         100      100       FF         1

        CLASS   BANK2          
                cstackBANK2                         200      200       A6         1
                bssBANK2                            2A6      2A6       41         1

        CLASS   BANK3          
                cstackBANK3                         300      300       CA         1
                dataBANK3                           3EC      3EC        4         1
                bssBANK3                            3CA      3CA       22         1

        CLASS   BANK4          
                bssBANK4                            400      400       FC         1

        CLASS   BANK5          
                bssBANK5                            500      500       D2         1

        CLASS   BANK6          
                dataBANK6                           6A0      6A0       32         1
                bssBANK6                            600      600       A0         1

        CLASS   BANK7          

        CLASS   BANK8          

        CLASS   BANK9          

        CLASS   BANK10         

        CLASS   BANK11         

        CLASS   BANK12         

        CLASS   BANK13         

        CLASS   BANK14         

        CLASS   BANK15         

        CLASS   SFR            

        CLASS   FARRAM         

        CLASS   CONFIG         
                config                           300000   300000        E         0

        CLASS   IDLOC          
                idloc                            200000   200000        8         0

        CLASS   EEDATA         



SEGMENTS        Name                           Load    Length   Top    Selector   Space  Class

                reset_vec                      000000  000004  000004         0       0  CODE    
                cstackCOMRAM                   000001  000058  000059         1       1  COMRAM  
                intcode                        000008  000010  000018         4       0  CODE    
                intcodelo                      000018  00C643  00C65B         C       0  CODE    
                cstackBANK0                    000060  0000A0  000100        60       1  BANK0   
                cstackBANK1                    000100  0000FF  0001FF       100       1  BANK1   
                cstackBANK2                    000200  0000E7  0002E7       200       1  BANK2   
                cstackBANK3                    000300  0000F0  0003F0       300       1  BANK3   
                bssBANK4                       000400  0000FC  0004FC       400       1  BANK4   
                bssBANK5                       000500  0000D2  0005D2       500       1  BANK5   
                bssBANK6                       000600  0000D2  0006D2       600       1  BANK6   
                mediumconst                    00DE8A  002176  010000      6F45       0  MEDIUMCO
                idloc                          200000  000008  200008    200000       0  IDLOC   
                config                         300000  00000E  30000E    300000       0  CONFIG  


UNUSED ADDRESS RANGES

        Name                Unused          Largest block    Delta
        BANK1            0001FF-0001FF                1
        BANK10           000A00-000AFF              100
        BANK11           000B00-000BFF              100
        BANK12           000C00-000CFF              100
        BANK13           000D00-000DFF              100
        BANK14           000E00-000EFF              100
        BANK15           000F00-000F5F               60
        BANK2            0002E7-0002FF               19
        BANK3            0003F0-0003FF               10
        BANK4            0004FC-0004FF                4
        BANK5            0005D2-0005FF               2E
        BANK6            0006D2-0006FF               2E
        BANK7            000700-0007FF              100
        BANK8            000800-0008FF              100
        BANK9            000900-0009FF              100
        BIGRAM           000059-00005F                7
                         0001FF-0001FF                1
                         0002E7-0002FF               19
                         0003F0-0003FF               10
                         0004FC-0004FF                4
                         0005D2-0005FF               2E
                         0006D2-000F5F              88E
        CODE             000004-000007                4
                         00C65B-00DE89             182F
        COMRAM           000059-00005F                7
        CONST            000004-000007                4
                         00C65B-00DE89             182F
        EEDATA           F00000-F003FF              400
        MEDIUMCONST      00C65B-00DE89             182F
        RAM              0001FF-0001FF                1
                         0002E7-0002FF               19
                         0003F0-0003FF               10
                         0004FC-0004FF                4
                         0005D2-0005FF               2E
                         0006D2-000F5F              100
        SFR              000F60-000FFF               A0
        SMALLCONST       00C65B-00DE89              100
        STACK            0006D2-000F5F              88E

                                  Symbol Table

?_EncodeNEC                                 cstackBANK0  000072
?_GetMemoryChar                             cstackBANK0  000072
?_GetMemoryLong                             cstackBANK0  000072
?_ReadEEPROM_1Byte                          cstackBANK0  00006E
?_ReadVoltage                               cstackBANK0  000097
?_Reverse_4Byte                             cstackBANK0  00006E
?_Round                                     cstackBANK0  0000BC
?_SetEEPROM1                                cstackBANK0  0000A4
?_SetEEPROM2                                cstackBANK0  0000A4
?___altoft                                  cstackBANK0  000076
?___awdiv                                   cstackBANK0  000074
?___awmod                                   cstackBANK0  00006E
?___ftadd                                   cstackBANK0  0000A1
?___ftdiv                                   cstackBANK0  000079
?___ftmul                                   cstackBANK0  000088
?___ftneg                                   cstackBANK0  00006E
?___ftpack                                  cstackBANK0  00006E
?___ftsub                                   cstackBANK0  0000AD
?___fttol                                   cstackBANK0  0000AD
?___lldiv                                   cstackBANK0  00006E
?___llmod                                   cstackBANK0  00007B
?___lltoft                                  cstackBANK0  000076
?___lmul                                    cstackBANK0  00006E
?___lwtoft                                  cstackBANK0  000076
?___wmul                                    cstackBANK0  00007C
?__div_to_l_                                cstackBANK0  00006E
?__tdiv_to_l_                               cstackBANK0  00006E
?_fround                                    cstackBANK0  000097
?_scale                                     cstackBANK0  000097
?_sprintf                                   cstackBANK0  0000BC
BluetoothInitialSetup@BluetoothVersionLine1 cstackBANK1  000133
BluetoothInitialSetup@BluetoothVersionLine2 cstackBANK1  000151
BluetoothInitialSetup@BroadcastTEMP         cstackBANK1  00016F
BluetoothInitialSetup@Default               cstackBANK1  0001B7
BluetoothInitialSetup@buf                   cstackBANK1  000184
BluetoothInitialSetup@first                 cstackBANK1  0001B6
BluetoothInitialSetup@i                     cstackBANK1  0001BA
BluetoothInitialSetup@j                     cstackBANK1  0001B8
BluetoothInitialSetup@ok                    cstackBANK1  0001B9
BufferCopy@count                            cstackBANK0  000086
BufferCopy@from                             cstackBANK0  000082
BufferCopy@i                                cstackBANK0  000088
BufferCopy@shift                            cstackBANK0  000087
BufferCopy@to                               cstackBANK0  000084
DecodeNEC@Nec                               cstackBANK0  000072
DecodeNEC@address                           cstackBANK0  000076
DecodeNEC@command                           cstackBANK0  000078
DecodeNEC@temp1                             cstackBANK0  000080
DecodeNEC@temp2                             cstackBANK0  00007E
DecodeNEC@temp3                             cstackBANK0  00007F
DisplayRF_Channel@Conf3Channel              cstackBANK1  000132
DisplayRF_Channel@Conf3button               cstackBANK1  000133
DisplayRF_Channel@buf                       cstackBANK1  000100
DisplayRF_Channel@channel                   cstackBANK1  000134
EncodeNEC@address                           cstackBANK0  00009A
EncodeNEC@command                           cstackBANK0  000072
EncodeNEC@temp1                             cstackBANK0  00008A
EncodeNEC@temp2                             cstackBANK0  00008E
EncodeNEC@temp3                             cstackBANK0  000092
EncodeNEC@temp4                             cstackBANK0  000096
EnterCommandMode@buf                        cstackBANK1  000100
EnterCommandMode@count                      cstackBANK1  000132
EraseScreen@characters                      cstackCOMRAM 00000C
EraseScreen@i                               cstackCOMRAM 00000D
GetEEPROM1@Arrayspot                        cstackBANK0  000096
GetEEPROM1@Temp                             cstackBANK0  000092
GetEEPROM1@i                                cstackBANK0  000097
GetEEPROM1@j                                cstackBANK0  000098
GetEEPROM2@Arrayspot                        cstackBANK0  000096
GetEEPROM2@Temp                             cstackBANK0  000092
GetEEPROM2@i                                cstackBANK0  000098
GetEEPROM2@j                                cstackBANK0  000099
GetEEPROM2@k                                cstackBANK0  00009A
GetMemoryChar@AddressFirst                  cstackBANK0  000072
GetMemoryChar@H                             cstackBANK0  000076
GetMemoryLong@AddressFirst                  cstackBANK0  000072
GetMemoryLong@H                             cstackBANK0  00008E
GetMemoryLong@L                             cstackBANK0  000091
GetMemoryLong@MH                            cstackBANK0  00008F
GetMemoryLong@ML                            cstackBANK0  000090
GetMemoryLong@temp                          cstackBANK0  00008A
GetNumber@CommaNumber                       cstackBANK0  00007C
GetNumber@Hex                               cstackBANK0  000087
GetNumber@This                              cstackBANK0  00007A
GetNumber@count                             cstackBANK0  000086
GetNumber@i                                 cstackBANK0  000088
GetNumber@negative                          cstackBANK0  000085
GetNumber@result                            cstackBANK0  00007D
GetNumber@temp                              cstackBANK0  00008A
GetNumber@tempCommaNumber                   cstackBANK0  000084
GetNumber@tempThis                          cstackBANK0  000089
GetNumberUnsigned@CommaNumber               cstackBANK0  00007C
GetNumberUnsigned@Hex                       cstackBANK0  000086
GetNumberUnsigned@This                      cstackBANK0  00007A
GetNumberUnsigned@count                     cstackBANK0  000085
GetNumberUnsigned@i                         cstackBANK0  000087
GetNumberUnsigned@result                    cstackBANK0  00007D
GetNumberUnsigned@temp                      cstackBANK0  000088
GetNumberUnsigned@tempCommaNumber           cstackBANK0  000084
GetNumberUnsigned@tempThis                  cstackBANK0  00008C
GetStringAfterComma@CommaNumber             cstackBANK0  000070
GetStringAfterComma@This                    cstackBANK0  00006E
GetStringAfterComma@count                   cstackBANK0  000075
GetStringAfterComma@result                  cstackBANK0  000071
GetStringAfterComma@tempCommaNumber         cstackBANK0  000074
IRrawToNEC@Invert                           cstackCOMRAM 000003
IRrawToNEC@NEC                              cstackCOMRAM 000001
IRrawToNEC@NECtemp                          cstackCOMRAM 000006
IRrawToNEC@StartBit                         cstackCOMRAM 00000C
IRrawToNEC@first                            cstackCOMRAM 00000A
IRrawToNEC@i                                cstackCOMRAM 00000B
InitUART@Baud                               cstackBANK0  0000C3
InitUART@config                             cstackBANK0  0000D0
InitUART@spbrg                              cstackBANK0  0000CE
InitUART@temp                               cstackBANK0  0000D1
Init_System@buf                             cstackBANK1  0001BB
InternalADC_Read@ADCcounts                  cstackBANK0  000077
InternalADC_Read@AnaChanSel                 cstackBANK0  00007B
InternalADC_Read@channel                    cstackBANK0  00007C
Invert@data                                 cstackBANK0  00006E
IsAlphaNumeric@data                         cstackBANK0  00006F
IsAlphaNumericString@data                   cstackBANK0  000070
IsCharacter@data                            cstackCOMRAM 000001
IsLetter@data                               cstackBANK0  00006E
IsNumber@data                               cstackBANK0  00006E
OpenUSART@config                            cstackBANK0  000070
OpenUSART@spbrg                             cstackBANK0  00006E
PrintHeader@NumLetters                      cstackBANK0  0000DE
PrintHeader@PrintCharacters                 cstackBANK0  0000DD
PrintHeader@Title                           cstackBANK0  000089
PrintHeader@buf                             cstackBANK0  00008D
PrintHeader@i                               cstackBANK0  0000DF
ReadCodeButtons@temp                        cstackBANK0  000077
ReadEEPROM_1Byte@GIEstatus                  cstackBANK0  000070
ReadEEPROM_1Byte@PEIEstatus                 cstackBANK0  000071
ReadEEPROM_1Byte@address                    cstackBANK0  00006E
ReadUSART@data                              cstackBANK0  00006E
ReadVoltage@temp                            cstackBANK0  00009D
ReadVoltage@voltage                         cstackBANK0  00009A
Reverse_4Byte@This                          cstackBANK0  00006E
Reverse_4Byte@temp                          cstackBANK0  00007A
Reverse_Byte@This                           cstackBANK0  000071
Reverse_Byte@temp                           cstackBANK0  000070
Round@input                                 cstackBANK0  0000BC
Round@temp                                  cstackBANK0  0000BF
SendNEC_bytes@RepeatAmount                  cstackBANK0  000082
SendNEC_bytes@code                          cstackBANK0  00007E
SendNEC_wait@RepeatAmount                   cstackBANK0  000087
SendNEC_wait@code                           cstackBANK0  000083
SendNEC_wait@toggle                         cstackBANK0  000088
SendRF@Code                                 cstackBANK0  00006E
SendRF@Config                               cstackBANK0  000070
SendRF@RepeatAmount                         cstackBANK0  000072
SendRF@i                                    cstackBANK0  000075
SendRF@size                                 cstackBANK0  000071
SendRF_Channel@Conf3Channel                 cstackBANK0  00007E
SendRF_Channel@Conf3button                  cstackBANK0  00007F
SendRF_Channel@channel                      cstackBANK0  00007D
SendRF_wait@Code                            cstackBANK0  000076
SendRF_wait@Config                          cstackBANK0  000078
SendRF_wait@amount                          cstackBANK0  00007A
SendRF_wait@size                            cstackBANK0  000079
SetEEPROM1@Arrayspot                        cstackBANK0  0000AA
SetEEPROM1@burn                             cstackBANK0  0000A4
SetEEPROM1@fail                             cstackBANK0  0000AD
SetEEPROM1@i                                cstackBANK0  0000B1
SetEEPROM1@j                                cstackBANK0  0000B2
SetEEPROM1@temp                             cstackBANK0  0000AC
SetEEPROM2@Arrayspot                        cstackBANK0  0000AF
SetEEPROM2@burn                             cstackBANK0  0000A4
SetEEPROM2@fail                             cstackBANK0  0000AB
SetEEPROM2@i                                cstackBANK0  0000B1
SetEEPROM2@j                                cstackBANK0  0000B2
SetEEPROM2@k                                cstackBANK0  0000B3
SetEEPROM2@temp                             cstackBANK0  0000AA
SetEEPROMdefault@i                          cstackBANK0  0000B8
SetEEPROMdefault@j                          cstackBANK0  0000B9
SetEEPROMdefault@k                          cstackBANK0  0000B7
SetMemoryChar@AddressFirst                  cstackBANK0  000077
SetMemoryChar@Data                          cstackBANK0  00007A
SetMemoryChar@Test                          cstackBANK0  000079
SetMemoryLong@AddressFirst                  cstackBANK0  000096
SetMemoryLong@Data                          cstackBANK0  000092
SetMemoryLong@H                             cstackBANK0  0000A0
SetMemoryLong@L                             cstackBANK0  0000A3
SetMemoryLong@MH                            cstackBANK0  0000A1
SetMemoryLong@ML                            cstackBANK0  0000A2
SetMemoryLong@Test                          cstackBANK0  00009C
SetTimer0@temp                              cstackCOMRAM 000001
StringAddEqual@Input                        cstackBANK0  000089
StringAddEqual@NullPosition                 cstackBANK0  000091
StringAddEqual@equal                        cstackBANK0  000090
StringAddEqual@firstnumber                  cstackBANK0  000092
StringAddEqual@i                            cstackBANK0  000094
StringAddEqual@j                            cstackBANK0  000093
StringAddEqual@temp                         cstackBANK1  000100
StringContains@MatchAmount                  cstackBANK0  000074
StringContains@MatchCount                   cstackBANK0  000075
StringContains@That                         cstackBANK0  000070
StringContains@This                         cstackBANK0  00006E
StringContains@i                            cstackBANK0  000076
StringContainsCaseInsensitive@MatchAmount   cstackBANK0  000077
StringContainsCaseInsensitive@MatchCount    cstackBANK0  000078
StringContainsCaseInsensitive@That          cstackBANK0  000073
StringContainsCaseInsensitive@This          cstackBANK0  000071
StringContainsCaseInsensitive@i             cstackBANK0  00007B
StringContainsCaseInsensitive@tempThat      cstackBANK0  00007A
StringContainsCaseInsensitive@tempThis      cstackBANK0  000079
StringMatch@That                            cstackBANK0  000070
StringMatch@This                            cstackBANK0  00006E
StringMatchCaseInsensitive@That             cstackBANK0  000073
StringMatchCaseInsensitive@This             cstackBANK0  000071
StringMatchCaseInsensitive@tempThat         cstackBANK0  000076
StringMatchCaseInsensitive@tempThis         cstackBANK0  000075
SyncEEPROMToGlobal1@Temp1                   cstackBANK0  00009F
SyncEEPROMToGlobal1@i                       cstackBANK0  00009D
SyncEEPROMToGlobal1@j                       cstackBANK0  00009E
SyncEEPROMToGlobal2@Temp2                   cstackBANK1  000100
SyncEEPROMToGlobal2@i                       cstackBANK1  0001B6
SyncEEPROMToGlobal2@j                       cstackBANK1  0001B7
SyncEEPROMToGlobal2@k                       cstackBANK1  0001B8
SyncGlobalToEEPROM@ok                       cstackBANK0  0000B4
UARTchar@data                               cstackBANK0  000077
UARTchar_CONST@data                         cstackBANK0  000077
UARTchar_CONST@temp                         cstackBANK0  000078
UARTcommandMenu@Command                     cstackBANK0  00007B
UARTcommandMenu@Desc                        cstackBANK0  00007D
UARTcommandMenu@i                           cstackBANK0  000084
UARTcommandMenu@place                       cstackBANK0  000085
UARTstring@data                             cstackBANK0  000078
UARTstringCRLN@data                         cstackBANK0  00007B
UARTstringCRLN_CONST@data                   cstackBANK0  00007B
UARTstring_CONST@data                       cstackBANK0  000079
UseBluetooth@EmptyPlace                     cstackBANK2  00029C
UseBluetooth@EnteredNEC                     cstackBANK2  000292
UseBluetooth@EqualStatus                    cstackBANK2  000296
UseBluetooth@NecAddress                     cstackBANK2  00029E
UseBluetooth@NecCommand                     cstackBANK2  00029F
UseBluetooth@ReceivedStringPosOLD           cstackBANK2  00027A
UseBluetooth@SerialNumberTEMP               cstackBANK2  000289
UseBluetooth@String                         cstackBANK0  0000EF
UseBluetooth@StringPos                      cstackBANK0  0000F1
UseBluetooth@action                         cstackBANK2  00028E
UseBluetooth@buf                            cstackBANK2  00020C
UseBluetooth@bufSmall                       cstackBANK2  000270
UseBluetooth@button                         cstackBANK2  00028F
UseBluetooth@channel                        cstackBANK2  000297
UseBluetooth@device                         cstackBANK2  000290
UseBluetooth@i                              cstackBANK2  0002A5
UseBluetooth@j                              cstackBANK2  0002A4
UseBluetooth@k                              cstackBANK2  000298
UseBluetooth@ok                             cstackBANK2  00029B
UseBluetooth@rfchannelSTR                   cstackBANK2  00027B
UseBluetooth@rfconf                         cstackBANK2  00029D
UseBluetooth@set                            cstackBANK2  000291
UseBluetooth@system                         cstackBANK2  00028D
UseBluetooth@temp                           cstackBANK2  0002A0
UseBluetooth@tempNec                        cstackBANK2  000285
UseBluetooth@tempRFArray                    cstackBANK2  00029A
UseBluetooth@timeout                        cstackBANK2  000299
UseIRCode@Code                              cstackBANK0  0000B5
UseIRCode@NEC                               cstackBANK0  0000B7
UseIRCode@found                             cstackBANK0  0000BE
UseIRCode@i                                 cstackBANK0  0000C0
UseIRCode@j                                 cstackBANK0  0000BF
WaitForIRsignal@timeout                     cstackBANK0  00007D
WriteEEPROM_1Byte@GIEstatus                 cstackBANK0  000071
WriteEEPROM_1Byte@PEIEstatus                cstackBANK0  000072
WriteEEPROM_1Byte@address                   cstackBANK0  00006E
WriteEEPROM_1Byte@data                      cstackBANK0  000070
_ADCON0                                     (abs)        000FC2
_ADCON0bits                                 (abs)        000FC2
_ADCON1                                     (abs)        000FC1
_ADCON1bits                                 (abs)        000FC1
_ADCON2                                     (abs)        000FC0
_ADCON2bits                                 (abs)        000FC0
_ADRESH                                     (abs)        000FC4
_ADRESL                                     (abs)        000FC3
_ANSEL                                      (abs)        000F7E
_ANSELH                                     (abs)        000F7F
_BAUDCONbits                                (abs)        000FB8
_BatteryVoltage                             bssBANK3     0003CA
_BlueConnected                              text108      00C5AC
_BluetoothBroadcast                         bssBANK3     0003D2
_BluetoothChangeStatus                      bssBANK3     0003CD
_BluetoothConfigured                        text112      00C520
_BluetoothFirmware1                         bssBANK2     0002AB
_BluetoothFirmware2                         bssBANK5     0005B4
_BluetoothInitialSetup                      text77       0054EC
_BufferCopy                                 text109      008DE4
_BufferOverflow                             bssBANK3     0003CE
_CRLN                                       mediumconst  00E90F
_CheckReceivingIR                           text22       00C4FC
_ClearUSART                                 text106      00C50E
_CommandString                              bssBANK5     000550
_CommandStringPos                           bssCOMRAM    00004C
_Conf1_ChannelD                             mediumconst  00E8CF
_Conf1_ChannelD_STR                         mediumconst  00E876
_Conf1_ChannelE                             mediumconst  00E8DB
_Conf1_ChannelE_STR                         mediumconst  00E885
_Conf1_ChannelF                             mediumconst  00E8E7
_Conf1_ChannelF_STR                         mediumconst  00E894
_Conf1_Channels                             mediumconst  00E907
_Conf2_ChannelB_OFF                         mediumconst  00E7D6
_Conf2_ChannelB_OFF_STR                     mediumconst  00E736
_Conf2_ChannelB_ON                          mediumconst  00E7E6
_Conf2_ChannelB_ON_STR                      mediumconst  00E75C
_Conf2_ChannelB_STR                         mediumconst  00E8A3
_Conf2_ChannelB_Status                      bssBANK2     0002A6
_Conf2_ChannelD_OFF                         mediumconst  00E7F6
_Conf2_ChannelD_OFF_STR                     mediumconst  00E749
_Conf2_ChannelD_ON                          mediumconst  00E806
_Conf2_ChannelD_ON_STR                      mediumconst  00E76E
_Conf2_ChannelD_STR                         mediumconst  00E8B2
_Conf2_ChannelD_Status                      bssBANK2     0002A7
_Conf2_ChannelH_1_OFF                       mediumconst  00E816
_Conf2_ChannelH_1_OFF_STR                   mediumconst  00E6BB
_Conf2_ChannelH_1_ON                        mediumconst  00E826
_Conf2_ChannelH_1_ON_STR                    mediumconst  00E6FA
_Conf2_ChannelH_1_STR                       mediumconst  00E792
_Conf2_ChannelH_1_Status                    bssBANK2     0002A8
_Conf2_ChannelH_2_OFF                       mediumconst  00E836
_Conf2_ChannelH_2_OFF_STR                   mediumconst  00E6D0
_Conf2_ChannelH_2_ON                        mediumconst  00E846
_Conf2_ChannelH_2_ON_STR                    mediumconst  00E70E
_Conf2_ChannelH_2_STR                       mediumconst  00E7A3
_Conf2_ChannelH_2_Status                    bssBANK2     0002A9
_Conf2_ChannelH_3_OFF                       mediumconst  00E856
_Conf2_ChannelH_3_OFF_STR                   mediumconst  00E6E5
_Conf2_ChannelH_3_ON                        mediumconst  00E866
_Conf2_ChannelH_3_ON_STR                    mediumconst  00E722
_Conf2_ChannelH_3_STR                       mediumconst  00E7B4
_Conf2_ChannelH_3_Status                    bssBANK2     0002AA
_Conf2_Channels                             mediumconst  00E90B
_Conf3                                      mediumconst  00DF21
_Conf3_Buttons                              mediumconst  00E8FC
_Conf3_Channels                             mediumconst  00E7C5
_Conf3_Status                               bssBANK5     000500
_ConfigureOscillator                        text118      00C658
_DecodeNEC                                  text42       00B116
_DisplayRF_Channel                          text39       009518
_EEADR                                      (abs)        000FA9
_EEADRH                                     (abs)        000FAA
_EECON1bits                                 (abs)        000FA6
_EECON2                                     (abs)        000FA7
_EEDATA                                     (abs)        000FA8
_EEPROM_UNLOCK                              text74       00C458
_EEPROMinitialized                          text115      00C4AE
_EncodeNEC                                  text38       009914
_EnterCommandMode                           text82       0093BC
_EraseScreen                                text136      00C37E
_FirmVersion                                mediumconst  00E8F3
_Frequency                                  mediumconst  00E780
_GetEEPROM1                                 text49       00A800
_GetEEPROM2                                 text47       00AAC0
_GetMemoryChar                              text75       00C3A6
_GetMemoryLong                              text71       0090DE
_GetNumber                                  text35       006E0C
_GetNumberUnsigned                          text34       007292
_GetRFstatus                                text117      00C532
_GetStringAfterComma                        text33       00A3D0
_Global1                                    bssBANK2     0002C9
_Global2                                    bssBANK4     000400
_INTCON2bits                                (abs)        000FF1
_INTCONbits                                 (abs)        000FF2
_IOCBbits                                   (abs)        000F7D
_IPR1bits                                   (abs)        000F9F
_IPR2bits                                   (abs)        000FA2
_IRRawCode                                  bssBANK6     000600
_IR_NEC                                     bssBANK3     0003E7
_IR_New_Code                                bssBANK3     0003EB
_IRaddress                                  bssBANK0     0000F8
_IRbit                                      bssCOMRAM    00004D
_IRbitPosition                              dataBANK0    0000FA
_IRcodeBit                                  bssCOMRAM    00004E
_IRcodePlace                                dataBANK0    0000FB
_IRcommand                                  bssBANK0     0000F9
_IRmod                                      bssBANK0     0000F2
_IRpinOLD                                   bssCOMRAM    00004F
_IRrawCodeNum                               bssCOMRAM    000050
_IRrawToNEC                                 text135      007B0E
_IRreceiverIntOff                           text21       00C63A
_IRreceiverIntOn                            text65       00C640
_IRrepeatAmount                             bssCOMRAM    000051
_IRrepeatflag                               bssCOMRAM    000052
_IRsendCode                                 bssCOMRAM    000048
_IRsendFlag                                 bssCOMRAM    000053
_IRstarted                                  bssBANK3     0003CF
_IRtimeout                                  dataBANK3    0003EC
_InitADC                                    text113      00C46E
_InitApp                                    text116      00BCFE
_InitBluetooth                              text66       00B906
_InitIR                                     text60       00BD48
_InitTimer0                                 text64       00C556
_InitTimer1                                 text59       00C590
_InitTimer2                                 text58       00C582
_InitTimer3                                 text57       00C5F8
_InitTimers                                 text56       00C49A
_InitUART                                   text51       00A4EE
_InitUART$4456                              cstackBANK0  0000CB
_Init_System                                text44       008F68
_InternalADC_Read                           text27       00B30A
_Invert                                     text32       00C410
_IsAlphaNumeric                             text30       00C0E4
_IsAlphaNumericString                       text29       00C078
_IsCharacter                                text134      00C440
_IsLetter                                   text37       00C14A
_IsNumber                                   text31       00C3F2
_LATA                                       (abs)        000F89
_LATB                                       (abs)        000F8A
_LATC                                       (abs)        000F8B
_LEDTimerON                                 text16       00C4EA
_Local_CloseUSART                           text55       00C574
_NewReceivedString                          bssBANK3     0003D0
_OpenUSART                                  text54       00B71C
_PCBVersion                                 mediumconst  00E902
_PIE1bits                                   (abs)        000F9D
_PIE2bits                                   (abs)        000FA0
_PIR1bits                                   (abs)        000F9E
_PIR2bits                                   (abs)        000FA1
_PORTA                                      (abs)        000F80
_PORTB                                      (abs)        000F81
_PORTC                                      (abs)        000F82
_PR2                                        (abs)        000FCB
_PrintHeader                                text28       009F4A
_ProductName                                dataBANK6    0006A0
_ProjectName                                mediumconst  00E6A1
_RCONbits                                   (abs)        000FD0
_RCREG                                      (abs)        000FAE
_RCSTA                                      (abs)        000FAB
_RCSTAbits                                  (abs)        000FAB
_RFConfig                                   bssBANK0     0000F3
_RFPause                                    bssCOMRAM    000054
_RF_IR                                      dataBANK0    0000FC
_RF_IR_Postscaler                           dataBANK0    0000FD
_RFcodeBit                                  bssBANK0     0000F4
_RFcodePlace                                bssBANK0     0000F5
_RFoff                                      text147      00C4D6
_RFon                                       text146      00C4C2
_RFsendCode                                 bssCOMRAM    000034
_RFsendFlag                                 bssBANK0     0000F6
_ReadCodeButtons                            text3        00BC0E
_ReadEEPROM_1Byte                           text76       00BB08
_ReadIRpin                                  text63       00C59E
_ReadPushButton                             text2        00C566
_ReadUSART                                  text107      00C428
_ReadVoltage                                text23       00B44E
_ReceivedString                             bssBANK4     0004B6
_ReceivedStringPos                          bssBANK3     0003D1
_ReceivingIR                                dataCOMRAM   000058
_ResetADC                                   text114      00C5BA
_ResetBlue                                  text104      00A9DE
_ResetTimer0                                text62       00C602
_ResetTimer1                                text17       00C5E4
_ResetTimer3                                text145      00C62A
_Reverse_4Byte                              text20       00486E
_Reverse_Byte                               text43       00AFAC
_Round                                      text52       00B9E4
_SPBRG                                      (abs)        000FAF
_SPBRGH                                     (abs)        000FB0
_STKPTRbits                                 (abs)        000FFC
_SYNTAX_ERR                                 mediumconst  00E8C1
_SendNEC_bytes                              text19       00B610
_SendNEC_wait                               text18       00B268
_SendRF                                     text15       009E1E
_SendRF_Channel                             text13       0076F0
_SendRF_wait                                text14       00BE5E
_Send_RForIR_bit                            text144      006344
_Sendcount                                  bssBANK0     0000F7
_Sent                                       dataBANK0    0000FE
_SetEEPROM1                                 text69       009A62
_SetEEPROM2                                 text68       009BA8
_SetEEPROMdefault                           text50       00A070
_SetMemoryChar                              text72       00BE9C
_SetMemoryLong                              text70       00A604
_SetTimer0                                  text133      00C620
_StringAddEqual                             text12       008694
_StringContains                             text103      009CE4
_StringContainsCaseInsensitive              text80       0088FC
_StringMatch                                text11       00B88E
_StringMatchCaseInsensitive                 text10       00B4EC
_SyncEEPROMToGlobal                         text45       00C5EE
_SyncEEPROMToGlobal1                        text48       00ABA0
_SyncEEPROMToGlobal2                        text46       00A708
_SyncGlobalToEEPROM                         text67       00B798
_T0CONbits                                  (abs)        000FD5
_T1CONbits                                  (abs)        000FCD
_T2CONbits                                  (abs)        000FCA
_T3CONbits                                  (abs)        000FB1
_TABLAT                                     (abs)        000FF5
_TBLPTRH                                    (abs)        000FF7
_TBLPTRL                                    (abs)        000FF6
_TBLPTRU                                    (abs)        000FF8
_TMR0H                                      (abs)        000FD7
_TMR0L                                      (abs)        000FD6
_TMR1H                                      (abs)        000FCF
_TMR1L                                      (abs)        000FCE
_TMR2                                       (abs)        000FCC
_TMR3H                                      (abs)        000FB3
_TMR3L                                      (abs)        000FB2
_TRISAbits                                  (abs)        000F92
_TRISB                                      (abs)        000F93
_TRISBbits                                  (abs)        000F93
_TRISCbits                                  (abs)        000F94
_TXREG                                      (abs)        000FAD
_TXSTA                                      (abs)        000FAC
_TXSTAbits                                  (abs)        000FAC
_Timer1_Postscaler                          bssCOMRAM    000055
_Timer2_Postscaler                          bssCOMRAM    000056
_Timer3_Postscaler                          bssCOMRAM    000057
_UARTchar                                   text79       00C0AE
_UARTchar_CONST                             text102      00BFCE
_UARTcommandMenu                            text9        00A2B2
_UARTstring                                 text78       00C356
_UARTstringCRLN                             text8        00C008
_UARTstringCRLN_CONST                       text7        00BE1C
_UARTstring_CONST                           text101      00C17C
_UseBluetooth                               text4        000350
_UseIRCode                                  text1        007E3A
_VoltageDividerOFF                          text26       00C656
_WPUB                                       (abs)        000F7C
_WaitForIRsignal                            text6        00B580
_WriteEEPROM_1Byte                          text73       00BAAC
__CFG_BOREN$SBORDIS                         (abs)        000000
__CFG_BORV$18                               (abs)        000000
__CFG_CCP2MX$PORTC                          (abs)        000000
__CFG_CP0$OFF                               (abs)        000000
__CFG_CP1$OFF                               (abs)        000000
__CFG_CP2$OFF                               (abs)        000000
__CFG_CP3$OFF                               (abs)        000000
__CFG_CPB$OFF                               (abs)        000000
__CFG_CPD$OFF                               (abs)        000000
__CFG_EBTR0$OFF                             (abs)        000000
__CFG_EBTR1$OFF                             (abs)        000000
__CFG_EBTR2$OFF                             (abs)        000000
__CFG_EBTR3$OFF                             (abs)        000000
__CFG_EBTRB$OFF                             (abs)        000000
__CFG_FCMEN$OFF                             (abs)        000000
__CFG_FOSC$HSPLL                            (abs)        000000
__CFG_HFOFST$ON                             (abs)        000000
__CFG_IESO$OFF                              (abs)        000000
__CFG_LPT1OSC$OFF                           (abs)        000000
__CFG_LVP$OFF                               (abs)        000000
__CFG_MCLRE$ON                              (abs)        000000
__CFG_PBADEN$OFF                            (abs)        000000
__CFG_PWRT$OFF                              (abs)        000000
__CFG_STVREN$ON                             (abs)        000000
__CFG_WDTEN$OFF                             (abs)        000000
__CFG_WDTPS$32768                           (abs)        000000
__CFG_WRT0$OFF                              (abs)        000000
__CFG_WRT1$OFF                              (abs)        000000
__CFG_WRT2$OFF                              (abs)        000000
__CFG_WRT3$OFF                              (abs)        000000
__CFG_WRTB$OFF                              (abs)        000000
__CFG_WRTC$OFF                              (abs)        000000
__CFG_WRTD$OFF                              (abs)        000000
__CFG_XINST$OFF                             (abs)        000000
__HRAM                                      (abs)        000000
__Habs1                                     abs1         000000
__Hbank0                                    bank0        000000
__Hbank1                                    bank1        000000
__Hbank10                                   bank10       000000
__Hbank11                                   bank11       000000
__Hbank12                                   bank12       000000
__Hbank13                                   bank13       000000
__Hbank14                                   bank14       000000
__Hbank15                                   bank15       000000
__Hbank2                                    bank2        000000
__Hbank3                                    bank3        000000
__Hbank4                                    bank4        000000
__Hbank5                                    bank5        000000
__Hbank6                                    bank6        000000
__Hbank7                                    bank7        000000
__Hbank8                                    bank8        000000
__Hbank9                                    bank9        000000
__Hbigbss                                   bigbss       000000
__Hbigdata                                  bigdata      000000
__Hbigram                                   bigram       000000
__Hbss                                      bss          000000
__HbssBANK0                                 bssBANK0     000000
__HbssBANK2                                 bssBANK2     000000
__HbssBANK3                                 bssBANK3     000000
__HbssBANK4                                 bssBANK4     000000
__HbssBANK5                                 bssBANK5     000000
__HbssBANK6                                 bssBANK6     000000
__HbssCOMRAM                                bssCOMRAM    000000
__Hcinit                                    cinit        000000
__Hclrtext                                  clrtext      000000
__Hcomram                                   comram       000000
__Hconfig                                   config       30000E
__Hconst                                    const        000000
__HcstackBANK0                              cstackBANK0  000000
__HcstackBANK1                              cstackBANK1  000000
__HcstackBANK2                              cstackBANK2  000000
__HcstackBANK3                              cstackBANK3  000000
__HcstackCOMRAM                             cstackCOMRAM 000000
__Hdata                                     data         000000
__HdataBANK0                                dataBANK0    000000
__HdataBANK3                                dataBANK3    000000
__HdataBANK6                                dataBANK6    000000
__HdataCOMRAM                               dataCOMRAM   000000
__Heeprom_data                              eeprom_data  000000
__Hend_init                                 end_init     000350
__Hfarbss                                   farbss       000000
__Hfardata                                  fardata      000000
__Hibigdata                                 ibigdata     000000
__Hidata                                    idata        000000
__HidataBANK0                               idataBANK0   000000
__HidataBANK3                               idataBANK3   000000
__HidataBANK6                               idataBANK6   000000
__HidataCOMRAM                              idataCOMRAM  000000
__Hidloc                                    idloc        200008
__Hifardata                                 ifardata     000000
__Hinit                                     init         00034C
__Hintcode                                  intcode      000018
__Hintcode_body                             intcode_body 000000
__Hintcodelo                                intcodelo    00034C
__Hintentry                                 intentry     000000
__Hintret                                   intret       000000
__Hintsave_regs                             intsave_regs 000000
__Hirdata                                   irdata       000000
__Hmediumconst                              mediumconst  010000
__HnvFARRAM                                 nvFARRAM     000000
__Hnvbit                                    nvbit        000000
__Hnvrram                                   nvrram       000000
__Hparam                                    rparam       000000
__Hpowerup                                  powerup      00034C
__Hram                                      ram          000000
__Hramtop                                   ramtop       001000
__Hrbit                                     rbit         000000
__Hrbss                                     rbss         000000
__Hrdata                                    rdata        000000
__Hreset_vec                                reset_vec    000004
__Hrparam                                   rparam       000000
__Hsfr                                      sfr          000000
__Hsmallconst                               smallconst   000000
__Hspace_0                                  (abs)        30000E
__Hspace_1                                  (abs)        0006D2
__Hspace_2                                  (abs)        000000
__Hstack                                    stack        000000
__Hstruct                                   struct       000000
__Htemp                                     temp         000000
__Htext                                     text         000000
__Htext0                                    text0        000000
__Htext1                                    text1        000000
__Htext10                                   text10       000000
__Htext100                                  text100      000000
__Htext101                                  text101      000000
__Htext102                                  text102      000000
__Htext103                                  text103      000000
__Htext104                                  text104      000000
__Htext105                                  text105      000000
__Htext106                                  text106      000000
__Htext107                                  text107      000000
__Htext108                                  text108      000000
__Htext109                                  text109      000000
__Htext11                                   text11       000000
__Htext110                                  text110      000000
__Htext111                                  text111      000000
__Htext112                                  text112      000000
__Htext113                                  text113      000000
__Htext114                                  text114      000000
__Htext115                                  text115      000000
[...]
 Registers used:
		wreg, status,2, status,0
 Tracked objects:
		On entry : 
		On exit  : 
		Unchanged: 
 Data sizes:     COMRAM   BANK0   BANK1   BANK2   BANK3   BANK4   BANK5   BANK6   BANK7   BANK8   BANK9  BANK10  BANK11  BANK12  BANK13  BANK14  BANK15
      Params:         4       0       0       0       0       0       0       0       0       0       0       0       0       0       0       0       0
      Locals:         4       0       0       0       0       0       0       0       0       0       0       0       0       0       0       0       0
      Temps:          1       0       0       0       0       0       0       0       0       0       0       0       0       0       0       0       0
      Totals:         9       0       0       0       0       0       0       0       0       0       0       0       0       0       0       0       0
Total ram usage:        9 bytes
 Hardware stack levels used:    1
 This function calls:
		Nothing
 This function is called by:
		i2_UARTchar_CONST
 This function uses a non-reentrant model


 *************** function _Send_RForIR_bit *****************
 Defined at:
		line 419 in file "RF.c"
 Parameters:    Size  Location     Type
		None
 Auto vars:     Size  Location     Type
		None
 Return value:  Size  Location     Type
		None               void
 Registers used:
		wreg, fsr2l, fsr2h, status,2, status,0, prodl, prodh, cstack
 Tracked objects:
		On entry : 
		On exit  : 
		Unchanged: 
 Data sizes:     COMRAM   BANK0   BANK1   BANK2   BANK3   BANK4   BANK5   BANK6   BANK7   BANK8   BANK9  BANK10  BANK11  BANK12  BANK13  BANK14  BANK15
      Params:         0       0       0       0       0       0       0       0       0       0       0       0       0       0       0       0       0
      Locals:         0       0       0       0       0       0       0       0       0       0       0       0       0       0       0       0       0
      Temps:          1       0       0       0       0       0       0       0       0       0       0       0       0       0       0       0       0
      Totals:         1       0       0       0       0       0       0       0       0       0       0       0       0       0       0       0       0
Total ram usage:        1 bytes
 Hardware stack levels used:    1
 Hardware stack levels required when called:    1
 This function calls:
		_RFoff
		_RFon
		_ResetTimer3
 This function is called by:
		_high_isr
 This function uses a non-reentrant model


 *************** function _ResetTimer3 *****************
 Defined at:
		line 175 in file "Timer.c"
 Parameters:    Size  Location     Type
		None
 Auto vars:     Size  Location     Type
		None
 Return value:  Size  Location     Type
		None               void
 Registers used:
		wreg, status,2
 Tracked objects:
		On entry : 
		On exit  : 
		Unchanged: 
 Data sizes:     COMRAM   BANK0   BANK1   BANK2   BANK3   BANK4   BANK5   BANK6   BANK7   BANK8   BANK9  BANK10  BANK11  BANK12  BANK13  BANK14  BANK15
      Params:         0       0       0       0       0       0       0       0       0       0       0       0       0       0       0       0       0
      Locals:         0       0       0       0       0       0       0       0       0       0       0       0       0       0       0       0       0
      Temps:          0       0       0       0       0       0       0       0       0       0       0       0       0       0       0       0       0
      Totals:         0       0       0       0       0       0       0       0       0       0       0       0       0       0       0       0       0
Total ram usage:        0 bytes
 Hardware stack levels used:    1
 This function calls:
		Nothing
 This function is called by:
		_high_isr
		_Send_RForIR_bit
 This function uses a non-reentrant model


 *************** function _RFon *****************
 Defined at:
		line 377 in file "RF.c"
 Parameters:    Size  Location     Type
		None
 Auto vars:     Size  Location     Type
		None
 Return value:  Size  Location     Type
		None               void
 Registers used:
		wreg, status,2, status,0
 Tracked objects:
		On entry : 
		On exit  : 
		Unchanged: 
 Data sizes:     COMRAM   BANK0   BANK1   BANK2   BANK3   BANK4   BANK5   BANK6   BANK7   BANK8   BANK9  BANK10  BANK11  BANK12  BANK13  BANK14  BANK15
      Params:         0       0       0       0       0       0       0       0       0       0       0       0       0       0       0       0       0
      Locals:         0       0       0       0       0       0       0       0       0       0       0       0       0       0       0       0       0
      Temps:          0       0       0       0       0       0       0       0       0       0       0       0       0       0       0       0       0
      Totals:         0       0       0       0       0       0       0       0       0       0       0       0       0       0       0       0       0
Total ram usage:        0 bytes
 Hardware stack levels used:    1
 This function calls:
		Nothing
 This function is called by:
		_Send_RForIR_bit
 This function uses a non-reentrant model


 *************** function _RFoff *****************
 Defined at:
		line 398 in file "RF.c"
 Parameters:    Size  Location     Type
		None
 Auto vars:     Size  Location     Type
		None
 Return value:  Size  Location     Type
		None               void
 Registers used:
		wreg, status,2, status,0
 Tracked objects:
		On entry : 
		On exit  : 
		Unchanged: 
 Data sizes:     COMRAM   BANK0   BANK1   BANK2   BANK3   BANK4   BANK5   BANK6   BANK7   BANK8   BANK9  BANK10  BANK11  BANK12  BANK13  BANK14  BANK15
      Params:         0       0       0       0       0       0       0       0       0       0       0       0       0       0       0       0       0
      Locals:         0       0       0       0       0       0       0       0       0       0       0       0       0       0       0       0       0
      Temps:          0       0       0       0       0       0       0       0       0       0       0       0       0       0       0       0       0
      Totals:         0       0       0       0       0       0       0       0       0       0       0       0       0       0       0       0       0
Total ram usage:        0 bytes
 Hardware stack levels used:    1
 This function calls:
		Nothing
 This function is called by:
		_Send_RForIR_bit
 This function uses a non-reentrant model



MODULE INFORMATION

Module		Function		Class		Link	Load	Size
C:\Program Files (x86)\Microchip\xc8\v1.34\sources\common\ftge.c
		___ftge        		CODE           	AD4C	0000	207

C:\Program Files (x86)\Microchip\xc8\v1.34\sources\common\ftge.c estimated size: 207

UART.c
		_OpenUSART     		CODE           	B71C	0000	125
		_Local_CloseUSA		CODE           	C574	0000	15
		_InitUART      		CODE           	A4EE	0000	279
		_UARTstring_CON		CODE           	C17C	0000	51
		_UARTstring    		CODE           	C356	0000	41
		_UARTstringCRLN		CODE           	BE1C	0000	67
		_EraseScreen   		CODE           	C37E	0000	41
		_UARTstringCRLN		CODE           	C008	0000	57
		_PrintHeader   		CODE           	9F4A	0000	295
		_UARTchar      		CODE           	C0AE	0000	55
		_ClearUSART    		CODE           	C50E	0000	19
		_ReadUSART     		CODE           	C428	0000	25
		_UARTchar_CONST		CODE           	BFCE	0000	59
		_UARTcommandMen		CODE           	A2B2	0000	287

UART.c estimated size: 1416

Bluetooth.c
		_BluetoothConfi		CODE           	C520	0000	19
		_BlueConnected 		CODE           	C5AC	0000	15
		_ResetBlue     		CODE           	A9DE	0000	227
		_WaitForIRsigna		CODE           	B580	0000	145
		_BluetoothIniti		CODE           	54EC	0000	2023
		_InitBluetooth 		CODE           	B906	0000	119
		_UseBluetooth  		CODE           	0350	0000	13733
		_EnterCommandMo		CODE           	93BC	0000	349

Bluetooth.c estimated size: 16630

C:\Program Files (x86)\Microchip\xc8\v1.34\sources\common\ftdivl.c
		__tdiv_to_l_   		CODE           	8AAA	0000	423

C:\Program Files (x86)\Microchip\xc8\v1.34\sources\common\ftdivl.c estimated size: 423

C:\Program Files (x86)\Microchip\xc8\v1.34\sources\common\lbdiv.c
		___lbdiv       		CODE           	B97C	0000	105

C:\Program Files (x86)\Microchip\xc8\v1.34\sources\common\lbdiv.c estimated size: 105

Timer.c
		_InitTimer0    		CODE           	C556	0000	17
		_InitTimer1    		CODE           	C590	0000	15
		_InitTimer2    		CODE           	C582	0000	15
		_InitTimer3    		CODE           	C5F8	0000	11
		_InitTimers    		CODE           	C49A	0000	21
		_SetTimer0     		CODE           	C620	0000	11
		_LEDTimerON    		CODE           	C4EA	0000	19
		_ResetTimer0   		CODE           	C602	0000	11
		_ResetTimer1   		CODE           	C5E4	0000	11
		_ResetTimer3   		CODE           	C62A	0000	11

Timer.c estimated size: 142

C:\Program Files (x86)\Microchip\xc8\v1.34\sources\common\ftneg.c
		___ftneg       		CODE           	C212	0000	49

C:\Program Files (x86)\Microchip\xc8\v1.34\sources\common\ftneg.c estimated size: 49

interrupts.c
		_high_isr      		CODE           	0008	0000	247
		_low_isr       		CODE           	0018	0000	821

interrupts.c estimated size: 1068

C:\Program Files (x86)\Microchip\xc8\v1.34\sources\common\Umul32.c
		___lmul        		CODE           	B814	0000	123

C:\Program Files (x86)\Microchip\xc8\v1.34\sources\common\Umul32.c estimated size: 123

C:\Program Files (x86)\Microchip\xc8\v1.34\sources\common\fldivl.c
		__div_to_l_    		CODE           	8C50	0000	405

C:\Program Files (x86)\Microchip\xc8\v1.34\sources\common\fldivl.c estimated size: 405

C:\Program Files (x86)\Microchip\xc8\v1.34\sources\common\ftsub.c
		___ftsub       		CODE           	BC62	0000	81

C:\Program Files (x86)\Microchip\xc8\v1.34\sources\common\ftsub.c estimated size: 81

C:\Program Files (x86)\Microchip\xc8\v1.34\sources\common\float.c
		___ftpack      		CODE           	A192	0000	289

C:\Program Files (x86)\Microchip\xc8\v1.34\sources\common\float.c estimated size: 289

C:\Program Files (x86)\Microchip\xc8\v1.34\sources\common\awmod.c
		___awmod       		CODE           	B062	0000	181

C:\Program Files (x86)\Microchip\xc8\v1.34\sources\common\awmod.c estimated size: 181

RF.c
		_SendRF_wait   		CODE           	BE5E	0000	63
		_DisplayRF_Chan		CODE           	9518	0000	345
		_SendRF_Channel		CODE           	76F0	0000	1055
		_GetRFstatus   		CODE           	C532	0000	19
		_RFoff         		CODE           	C4D6	0000	21
		_SendRF        		CODE           	9E1E	0000	301
		_RFon          		CODE           	C4C2	0000	21
		_Send_RForIR_bi		CODE           	6344	0000	1477

RF.c estimated size: 3302

C:\Program Files (x86)\Microchip\xc8\v1.34\sources\common\llmod.c
		___llmod       		CODE           	B1C4	0000	165

C:\Program Files (x86)\Microchip\xc8\v1.34\sources\common\llmod.c estimated size: 165

Button.c
		_ReadPushButton		CODE           	C566	0000	15
		_ReadCodeButton		CODE           	BC0E	0000	85

Button.c estimated size: 100

C:\Program Files (x86)\Microchip\xc8\v1.34\sources\common\ftmul.c
		___ftmul       		CODE           	9250	0000	365

C:\Program Files (x86)\Microchip\xc8\v1.34\sources\common\ftmul.c estimated size: 365

C:\Program Files (x86)\Microchip\xc8\v1.34\sources\common\isdigit.c
		_isdigit       		CODE           	C2A2	0000	47

C:\Program Files (x86)\Microchip\xc8\v1.34\sources\common\isdigit.c estimated size: 47

EEPROM.c
		_SyncEEPROMToGl		CODE           	A708	0000	249
		_SetEEPROMdefau		CODE           	A070	0000	291
		_SetMemoryLong 		CODE           	A604	0000	261
		_SetMemoryChar 		CODE           	BE9C	0000	63
		_EEPROM_UNLOCK 		CODE           	C458	0000	23
		_EEPROMinitiali		CODE           	C4AE	0000	21
		_ReadEEPROM_1By		CODE           	BB08	0000	89
		_GetEEPROM1    		CODE           	A800	0000	249
		_GetEEPROM2    		CODE           	AAC0	0000	225
		_WriteEEPROM_1B		CODE           	BAAC	0000	93
		_SetEEPROM1    		CODE           	9A62	0000	327
		_SetEEPROM2    		CODE           	9BA8	0000	317
		_SyncEEPROMToGl		CODE           	C5EE	0000	11
		_SyncGlobalToEE		CODE           	B798	0000	125
		_GetMemoryLong 		CODE           	90DE	0000	371
		_GetMemoryChar 		CODE           	C3A6	0000	39
		_SyncEEPROMToGl		CODE           	ABA0	0000	221

EEPROM.c estimated size: 2975

C:\Program Files (x86)\Microchip\xc8\v1.34\sources\common\lwtoft.c
		___lwtoft      		CODE           	C2FE	0000	45

C:\Program Files (x86)\Microchip\xc8\v1.34\sources\common\lwtoft.c estimated size: 45

C:\Program Files (x86)\Microchip\xc8\v1.34\sources\common\ftdiv.c
		___ftdiv       		CODE           	9670	0000	339

C:\Program Files (x86)\Microchip\xc8\v1.34\sources\common\ftdiv.c estimated size: 339

C:\Program Files (x86)\Microchip\xc8\v1.34\sources\common\lltoft.c
		___lltoft      		CODE           	B69C	0000	129

C:\Program Files (x86)\Microchip\xc8\v1.34\sources\common\lltoft.c estimated size: 129

shared
		i1_UARTchar    		CODE           	C2D0	0000	47
		_Conf2_ChannelB		MEDIUMCONST    	E736	0000	20
		_Conf2_ChannelD		MEDIUMCONST    	E749	0000	20
		_Conf1_ChannelD		MEDIUMCONST    	E8CF	0000	13
		_Conf1_ChannelE		MEDIUMCONST    	E8DB	0000	13
		_Conf1_ChannelF		MEDIUMCONST    	E8E7	0000	13
		i1_UARTstring  		CODE           	C3CC	0000	39
		i1_cleanBuffer1		CODE           	BD90	0000	73
		_Conf1_Channels		MEDIUMCONST    	E907	0000	5
		__powers_      		MEDIUMCONST    	DEDA	0000	40
		_Conf2_ChannelB		MEDIUMCONST    	E7D6	0000	17
		_Conf2_ChannelD		MEDIUMCONST    	E7F6	0000	17
		_Conf2_ChannelH		MEDIUMCONST    	E6BB	0000	22
		i1_ReadIRpin   		CODE           	C5C8	0000	15
		_Conf2_ChannelH		MEDIUMCONST    	E6D0	0000	22
		_Conf2_ChannelH		MEDIUMCONST    	E6E5	0000	22
		_dpowers       		MEDIUMCONST    	DE8B	0000	41
		_SYNTAX_ERR    		MEDIUMCONST    	E8C1	0000	15
		_Conf2_ChannelH		MEDIUMCONST    	E792	0000	18
		_Conf2_ChannelH		MEDIUMCONST    	E7A3	0000	18
		_Conf2_ChannelH		MEDIUMCONST    	E7B4	0000	18
		_PCBVersion    		MEDIUMCONST    	E902	0000	6
		i1_BlueConnecte		CODE           	C5D6	0000	15
		i1_ResetTimer0 		CODE           	C60C	0000	11
		i1_ResetTimer1 		CODE           	C616	0000	11
		_Conf2_Channels		MEDIUMCONST    	E90B	0000	5
		_FirmVersion   		MEDIUMCONST    	E8F3	0000	10
		_Conf3         		MEDIUMCONST    	DF21	0000	1921
		__npowers_     		MEDIUMCONST    	DEB3	0000	40
		_Conf1_ChannelD		MEDIUMCONST    	E876	0000	16
		_Conf1_ChannelE		MEDIUMCONST    	E885	0000	16
		_Conf1_ChannelF		MEDIUMCONST    	E894	0000	16
		i1_ReadUSART   		CODE           	C484	0000	23
		__initializatio		CODE           	AE1A	0000	199
		_Conf3_Channels		MEDIUMCONST    	E7C5	0000	18
		_CRLN          		MEDIUMCONST    	E90F	0000	4
		i1_IRreceiverIn		CODE           	C646	0000	7
		_ProjectName   		MEDIUMCONST    	E6A1	0000	27
		_Conf2_ChannelH		MEDIUMCONST    	E816	0000	17
		_Conf2_ChannelH		MEDIUMCONST    	E836	0000	17
		_Conf2_ChannelH		MEDIUMCONST    	E856	0000	17
		i1_UARTstring_C		CODE           	C242	0000	49
		i2_UARTstring_C		CODE           	C272	0000	49
		_Conf2_ChannelH		MEDIUMCONST    	E6FA	0000	21
		i1_IRreceiverIn		CODE           	C64C	0000	7
		i1_UARTstringCR		CODE           	BF56	0000	61
		_Conf2_ChannelH		MEDIUMCONST    	E70E	0000	21
		_Conf2_ChannelH		MEDIUMCONST    	E722	0000	21
		_Conf2_ChannelB		MEDIUMCONST    	E8A3	0000	16
		i2_UARTstringCR		CODE           	BF92	0000	61
		_Conf2_ChannelD		MEDIUMCONST    	E8B2	0000	16
		_hexpowers     		MEDIUMCONST    	DF01	0000	33
		_Conf3_Buttons 		MEDIUMCONST    	E8FC	0000	7
		_Conf2_ChannelB		MEDIUMCONST    	E75C	0000	19
		_Conf2_ChannelD		MEDIUMCONST    	E76E	0000	19
		i1_LEDTimerON  		CODE           	C544	0000	19
		_Conf2_ChannelB		MEDIUMCONST    	E7E6	0000	17
		_Conf2_ChannelD		MEDIUMCONST    	E806	0000	17
		i1_delayUS     		CODE           	BEDA	0000	63
		_Conf2_ChannelH		MEDIUMCONST    	E826	0000	17
		i2_delayUS     		CODE           	BF18	0000	63
		_Frequency     		MEDIUMCONST    	E780	0000	19
		_Conf2_ChannelH		MEDIUMCONST    	E846	0000	17
		_Conf2_ChannelH		MEDIUMCONST    	E866	0000	17
		i1_UARTchar_CON		CODE           	C1AE	0000	51
		i2_UARTchar_CON		CODE           	C1E0	0000	51

shared estimated size: 3655

C:\Program Files (x86)\Microchip\xc8\v1.34\sources\common\altoft.c
		___altoft      		CODE           	B3AC	0000	163

C:\Program Files (x86)\Microchip\xc8\v1.34\sources\common\altoft.c estimated size: 163

ADC.c
		_InternalADC_Re		CODE           	B30A	0000	163
		_ReadVoltage   		CODE           	B44E	0000	159
		_VoltageDivider		CODE           	C656	0000	3
		_InitADC       		CODE           	C46E	0000	23
		_ResetADC      		CODE           	C5BA	0000	15

ADC.c estimated size: 363

C:\Program Files (x86)\Microchip\xc8\v1.34\sources\common\awdiv.c
		___awdiv       		CODE           	AC7C	0000	209

C:\Program Files (x86)\Microchip\xc8\v1.34\sources\common\awdiv.c estimated size: 209

MISC.c
		_Round         		CODE           	B9E4	0000	103
		_StringContains		CODE           	9CE4	0000	315
		_BufferCopy    		CODE           	8DE4	0000	389
		_StringContains		CODE           	88FC	0000	431
		_GetStringAfter		CODE           	A3D0	0000	287
		_cleanBuffer   		CODE           	BB60	0000	89
		_IsAlphaNumeric		CODE           	C078	0000	55
		_cleanBuffer16b		CODE           	BA4A	0000	99
		_lowercaseStrin		CODE           	BDD8	0000	69
		_delayUS       		CODE           	BBB8	0000	87
		_IsAlphaNumeric		CODE           	C0E4	0000	53
		_Invert        		CODE           	C410	0000	25
		_Reverse_Byte  		CODE           	AFAC	0000	183
		_IsLetter      		CODE           	C14A	0000	51
		_Reverse_4Byte 		CODE           	486E	0000	3199
		_IsNumber      		CODE           	C3F2	0000	31
		_StringAddEqual		CODE           	8694	0000	617
		_StringMatch   		CODE           	B88E	0000	121
		_GetNumber     		CODE           	6E0C	0000	1159
		_IsCharacter   		CODE           	C440	0000	25
		_StringMatchCas		CODE           	B4EC	0000	149
		_GetNumberUnsig		CODE           	7292	0000	1119
		_lowercaseChar 		CODE           	C32A	0000	45

MISC.c estimated size: 8701

C:\Program Files (x86)\Microchip\xc8\v1.34\sources\common\lbmod.c
		___lbmod       		CODE           	BCB2	0000	77

C:\Program Files (x86)\Microchip\xc8\v1.34\sources\common\lbmod.c estimated size: 77

IR.c
		_IRreceiverIntO		CODE           	C63A	0000	7
		_DecodeNEC     		CODE           	B116	0000	175
		_InitIR        		CODE           	BD48	0000	73
		_EncodeNEC     		CODE           	9914	0000	335
		_UseIRCode     		CODE           	7E3A	0000	773
		_IRrawToNEC    		CODE           	7B0E	0000	813
		_ReadIRpin     		CODE           	C59E	0000	15
		_IRreceiverIntO		CODE           	C640	0000	7
		_SendNEC_wait  		CODE           	B268	0000	163
		_SendNEC_bytes 		CODE           	B610	0000	141
		_CheckReceiving		CODE           	C4FC	0000	19

IR.c estimated size: 2521

C:\Program Files (x86)\Microchip\xc8\v1.34\sources\common\lldiv.c
		___lldiv       		CODE           	AEE6	0000	199

C:\Program Files (x86)\Microchip\xc8\v1.34\sources\common\lldiv.c estimated size: 199

user.c
		_InitApp       		CODE           	BCFE	0000	75
		_Init_System   		CODE           	8F68	0000	375

user.c estimated size: 450

C:\Program Files (x86)\Microchip\xc8\v1.34\sources\common\doprnt.c
		_scale         		CODE           	6908	0000	1285
		_sprintf       		CODE           	38F4	0000	3963
		_fround        		CODE           	813E	0000	729

C:\Program Files (x86)\Microchip\xc8\v1.34\sources\common\doprnt.c estimated size: 5977

C:\Program Files (x86)\Microchip\xc8\v1.34\sources\common\fttol.c
		___fttol       		CODE           	97C2	0000	339

C:\Program Files (x86)\Microchip\xc8\v1.34\sources\common\fttol.c estimated size: 339

main.c
		_main          		CODE           	5CD2	0000	1651

main.c estimated size: 1651

C:\Program Files (x86)\Microchip\xc8\v1.34\sources\common\Umul16.c
		___wmul        		CODE           	C040	0000	57

C:\Program Files (x86)\Microchip\xc8\v1.34\sources\common\Umul16.c estimated size: 57

system.c
		_ConfigureOscil		CODE           	C658	0000	3

system.c estimated size: 3

C:\Program Files (x86)\Microchip\xc8\v1.34\sources\common\ftadd.c
		___ftadd       		CODE           	8416	0000	639

C:\Program Files (x86)\Microchip\xc8\v1.34\sources\common\ftadd.c estimated size: 639

