Microchip MPLAB XC8 Compiler V1.33 ()

Linker command line:

-W-1 --edf=C:\Program Files (x86)\Microchip\xc8\v1.33\dat\en_msgs.txt -cs \
  -h+dist/xc8_pic18f26k20/production\PIC_IR_RF_Bluetooth_Home_Automation.production.sym \
  --cmf=dist/xc8_pic18f26k20/production\PIC_IR_RF_Bluetooth_Home_Automation.production.cmf \
  -z -Q18F26K20 -oC:\Users\David\AppData\Local\Temp\s6rc.6 \
  -Mdist/xc8_pic18f26k20/production/PIC_IR_RF_Bluetooth_Home_Automation.production.map \
  -E1 -ver=XC8 -ASTACK=0A00h-0f5fh -pstack=STACK -ACODE=00h-0FFFFh \
  -ACONST=00h-0FFFFh -ASMALLCONST=01000h-010FFhx240 \
  -AMEDIUMCONST=01000h-0FFFFh -ACOMRAM=01h-05Fh -AABS1=00h-0F5Fh \
  -ABIGRAM=01h-0F5Fh -ARAM=060h-0FFh,0100h-01FFhx14,0F00h-0F5Fh \
  -ABANK0=060h-0FFh -ABANK1=0100h-01FFh -ABANK2=0200h-02FFh \
  -ABANK3=0300h-03FFh -ABANK4=0400h-04FFh -ABANK5=0500h-05FFh \
  -ABANK6=0600h-06FFh -ABANK7=0700h-07FFh -ABANK8=0800h-08FFh \
  -ABANK9=0900h-09FFh -ABANK10=0A00h-0AFFh -ABANK11=0B00h-0BFFh \
  -ABANK12=0C00h-0CFFh -ABANK13=0D00h-0DFFh -ABANK14=0E00h-0EFFh \
  -ABANK15=0F00h-0F5Fh -ASFR=0F60h-0FFFh \
  -preset_vec=00h,intcode=08h,intcodelo=018h,powerup,init,end_init \
  -pramtop=01000h -psmallconst=SMALLCONST -pmediumconst=MEDIUMCONST \
  -pconst=CONST -AFARRAM=00h-00h -ACONFIG=0300000h-030000Dh -pconfig=CONFIG \
  -AIDLOC=0200000h-0200007h -pidloc=IDLOC -AEEDATA=0F00000h-0F003FFh \
  -peeprom_data=EEDATA \
  -prdata=COMRAM,nvrram=COMRAM,nvbit=COMRAM,rbss=COMRAM,rbit=COMRAM \
  -pfarbss=FARRAM,fardata=FARRAM,nvFARRAM=FARRAM \
  -pintsave_regs=BIGRAM,bigbss=BIGRAM,bigdata=BIGRAM -pbss=RAM \
  -pidata=CODE,irdata=CODE,ibigdata=CODE,ifardata=CODE \
  C:\Users\David\AppData\Local\Temp\s6rc.obj \
  dist/xc8_pic18f26k20/production\PIC_IR_RF_Bluetooth_Home_Automation.production.obj 

Object code version is 3.11

Machine type is 18F26K20

Call graph: (short form)




                Name                               Link     Load   Length Selector   Space Scale
C:\Users\David\AppData\Local\Temp\s6rc.obj
                end_init                            360      360        4        C       0
                reset_vec                             0        0        4        0       0
                idloc                            200000   200000        8   200000       0
                config                           300000   300000        E   300000       0
dist/xc8_pic18f26k20/production\PIC_IR_RF_Bluetooth_Home_Automation.production.obj
                intcodelo                            18       18      348        C       0
                intcode                               8        8       10        4       0
                mediumconst                        DE8A     DE8A     2176     6F45       0
                text147                            CC08     CC08       12        C       0
                text146                            CBF6     CBF6       12        C       0
                text145                            CD08     CD08        A        C       0
                text144                            6C22     6C22      53C        C       0
                text143                            C5E8     C5E8       3E        C       0
                text142                            C9CC     C9CC       2E        C       0
                text141                            C99E     C99E       2E        C       0
                text140                            C6D6     C6D6       3A        C       0
                intcode_body                       B236     B236       DC        C       0
                text138                            C5AA     C5AA       3E        C       0
                text137                            C970     C970       2E        C       0
                text136                            CAA0     CAA0       26        C       0
                text135                            7E58     7E58      404        C       0
                text134                            CB08     CB08       18        C       0
                text133                            CB88     CB88       14        C       0
                text132                            CCC0     CCC0        C        C       0
                text131                            CD2A     CD2A        6        C       0
                text130                            CD24     CD24        6        C       0
                text129                            CCFE     CCFE        A        C       0
                text128                            CBE4     CBE4       12        C       0
                text127                            CCB4     CCB4        C        C       0
                text126                            CB74     CB74       14        C       0
                text125                            CCF4     CCF4        A        C       0
                text124                            CA50     CA50       2A        C       0
                text123                            CAC6     CAC6       24        C       0
                text122                            C942     C942       2E        C       0
                text121                            C69C     C69C       3A        C       0
                text120                            C4E0     C4E0       46        C       0
                text118                            CD36     CD36        2        C       0
                text117                            CC82     CC82        E        C       0
                text116                            C44E     C44E       4A        C       0
                text115                            CBD2     CBD2       12        C       0
                text114                            CC74     CC74        E        C       0
                text113                            CB36     CB36       16        C       0
                text112                            CC3A     CC3A       10        C       0
                text111                            C7B4     C7B4       36        C       0
                text110                            C2BA     C2BA       5A        C       0
                text109                            9666     9666      186        C       0
                text108                            CCA8     CCA8        C        C       0
                text107                            CB20     CB20       16        C       0
                text106                            CBC0     CBC0       12        C       0
                text105                            C142     C142       62        C       0
                text104                            AA2C     AA2C      11E        C       0
                text103                            A6BC     A6BC      130        C       0
                text102                            C662     C662       3A        C       0
                text101                            C710     C710       38        C       0
                text100                            B3E6     B3E6       D4        C       0
                text99                             C8B4     C8B4       32        C       0
                text98                             AC56     AC56      10A        C       0
                text97                             887A     887A      280        C       0
                text96                             C626     C626       3C        C       0
                text95                             9968     9968      17C        C       0
                text94                             B312     B312       D4        C       0
                text93                             B9EC     B9EC       A4        C       0
                text92                             BF12     BF12       7E        C       0
                text91                             8D5C     8D5C      228        C       0
                text90                             8F84     8F84      1E0        C       0
                text89                             B154     B154       E2        C       0
                text88                             B71E     B71E       C4        C       0
                text87                             9C5E     9C5E      176        C       0
                text86                             825C     825C      32C        C       0
                text85                             C9FA     C9FA       2C        C       0
                text84                             6660     6660      5C2        C       0
                text83                             39E2     39E2      FE4        C       0
                text82                             94CC     94CC      19A        C       0
                text81                             C7EA     C7EA       34        C       0
                text80                             9164     9164      1C0        C       0
                text79                             C77E     C77E       36        C       0
                text78                             CA7A     CA7A       26        C       0
                text77                             56C0     56C0      8DA        C       0
                text76                             C202     C202       5E        C       0
                text75                             CA26     CA26       2A        C       0
                text74                             CB60     CB60       14        C       0
                text73                             C1A4     C1A4       5E        C       0
                text72                             C404     C404       4A        C       0
                text71                             97EC     97EC      17C        C       0
                text70                             AE66     AE66      102        C       0
                text69                             A31E     A31E      13C        C       0
                text68                             A45A     A45A      132        C       0
                text67                             BC68     BC68       96        C       0
                text66                             BE94     BE94       7E        C       0
                text65                             CD1E     CD1E        6        C       0
                text64                             CC2A     CC2A       10        C       0
                text63                             CC9C     CC9C        C        C       0
                text62                             CCEA     CCEA        A        C       0
                text61                             C0DE     C0DE       64        C       0
                text60                             C314     C314       54        C       0
                text59                             CC66     CC66        E        C       0
                text58                             CC58     CC58        E        C       0
                text57                             CCE0     CCE0        A        C       0
                text56                             CB4C     CB4C       14        C       0
                text55                             CC4A     CC4A        E        C       0
                text54                             C006     C006       74        C       0
                text53                             B654     B654       CA        C       0
                text52                             C07A     C07A       64        C       0
                text51                             A1DA     A1DA      144        C       0
                text50                             AB4A     AB4A      10C        C       0
                text49                             A096     A096      144        C       0
                text48                             B4BA     B4BA       CE        C       0
                text47                             AF68     AF68       FE        C       0
                text46                             B066     B066       EE        C       0
                text45                             CCD6     CCD6        A        C       0
                text44                             9324     9324      1A8        C       0
                text43                             B7E2     B7E2       B4        C       0
                text42                             B896     B896       B0        C       0
                text41                             C260     C260       5A        C       0
                text40                             C526     C526       44        C       0
                text39                             9DD4     9DD4      16A        C       0
                text38                             9AE4     9AE4      17A        C       0
                text37                             C914     C914       2E        C       0
                text36                             BD90     BD90       86        C       0
                text35                             715E     715E      492        C       0
                text34                             75F0     75F0      45C        C       0
                text33                             AD60     AD60      106        C       0
                text32                             CBAE     CBAE       12        C       0
                text31                             CAEA     CAEA       1E        C       0
                text30                             C882     C882       32        C       0
                text29                             C850     C850       32        C       0
                text28                             A58C     A58C      130        C       0
                text27                             BB2E     BB2E       9E        C       0
                text26                             CD34     CD34        2        C       0
                text25                             9F3E     9F3E      158        C       0
                text24                             C8E6     C8E6       2E        C       0
                text23                             BA90     BA90       9E        C       0
                text22                             CC1A     CC1A       10        C       0
                text21                             CD18     CD18        6        C       0
                text20                             49C6     49C6      CFA        C       0
                text19                             BE16     BE16       7E        C       0
                text18                             B946     B946       A6        C       0
                text17                             CCCC     CCCC        A        C       0
                text16                             CB9C     CB9C       12        C       0
                text15                             A90E     A90E      11E        C       0
                text14                             C56A     C56A       40        C       0
                text13                             7A4C     7A4C      40C        C       0
                text12                             8AFA     8AFA      262        C       0
                text11                             BF90     BF90       76        C       0
                text10                             BBCC     BBCC       9C        C       0
                text9                              A7EC     A7EC      122        C       0
                text8                              C748     C748       36        C       0
                text7                              C498     C498       48        C       0
                text6                              BCFE     BCFE       92        C       0
                text5                              C3BA     C3BA       4A        C       0
                text4                               364      364     367E        C       0
                text3                              C368     C368       52        C       0
                text2                              CC90     CC90        C        C       0
                text1                              8588     8588      2F2        C       0
                text0                              5F9A     5F9A      6C6        C       0
                cstackCOMRAM                          1        1       33        1       1
                cstackBANK0                          60       60       8F       60       1
                cstackBANK1                         100      100       FF      100       1
                cstackBANK2                         200      200       9E      200       1
                cstackBANK3                         300      300       CA      300       1
                bssBANK6                            600      600       A0      600       1
                dataBANK5                           5B4      5B4       32      500       1
                bssBANK5                            500      500       B4      500       1
                bssBANK4                            400      400       FC      400       1
                dataBANK3                           3EC      3EC        4      300       1
                bssBANK3                            3CA      3CA       22      300       1
                bssBANK2                            29E      29E       5E      200       1
                dataBANK0                            FA       FA        6       60       1
                bssBANK0                             EF       EF        B       60       1
                dataCOMRAM                           56       56        1        1       1
                bssCOMRAM                            34       34       22        1       1
                cinit                              B588     B588       CC        C       0
                idataBANK5                         C81E     C81E       32        C       0
                idataBANK3                         CD30     CD30        4        C       0
                idataBANK0                         CD12     CD12        6        C       0
                idataCOMRAM                        CD38     CD38        1        C       0

TOTAL           Name                               Link     Load   Length     Space
        CLASS   STACK          

        CLASS   CODE           
                end_init                            360      360        4         0
                intcodelo                            18       18      348         0
                intcode                               8        8       10         0
                reset_vec                             0        0        4         0
                text147                            CC08     CC08       12         0
                text146                            CBF6     CBF6       12         0
                text145                            CD08     CD08        A         0
                text144                            6C22     6C22      53C         0
                text143                            C5E8     C5E8       3E         0
                text142                            C9CC     C9CC       2E         0
                text141                            C99E     C99E       2E         0
                text140                            C6D6     C6D6       3A         0
                intcode_body                       B236     B236       DC         0
                text138                            C5AA     C5AA       3E         0
                text137                            C970     C970       2E         0
                text136                            CAA0     CAA0       26         0
                text135                            7E58     7E58      404         0
                text134                            CB08     CB08       18         0
                text133                            CB88     CB88       14         0
                text132                            CCC0     CCC0        C         0
                text131                            CD2A     CD2A        6         0
                text130                            CD24     CD24        6         0
                text129                            CCFE     CCFE        A         0
                text128                            CBE4     CBE4       12         0
                text127                            CCB4     CCB4        C         0
                text126                            CB74     CB74       14         0
                text125                            CCF4     CCF4        A         0
                text124                            CA50     CA50       2A         0
                text123                            CAC6     CAC6       24         0
                text122                            C942     C942       2E         0
                text121                            C69C     C69C       3A         0
                text120                            C4E0     C4E0       46         0
                text118                            CD36     CD36        2         0
                text117                            CC82     CC82        E         0
                text116                            C44E     C44E       4A         0
                text115                            CBD2     CBD2       12         0
                text114                            CC74     CC74        E         0
                text113                            CB36     CB36       16         0
                text112                            CC3A     CC3A       10         0
                text111                            C7B4     C7B4       36         0
                text110                            C2BA     C2BA       5A         0
                text109                            9666     9666      186         0
                text108                            CCA8     CCA8        C         0
                text107                            CB20     CB20       16         0
                text106                            CBC0     CBC0       12         0
                text105                            C142     C142       62         0
                text104                            AA2C     AA2C      11E         0
                text103                            A6BC     A6BC      130         0
                text102                            C662     C662       3A         0
                text101                            C710     C710       38         0
                text100                            B3E6     B3E6       D4         0
                text99                             C8B4     C8B4       32         0
                text98                             AC56     AC56      10A         0
                text97                             887A     887A      280         0
                text96                             C626     C626       3C         0
                text95                             9968     9968      17C         0
                text94                             B312     B312       D4         0
                text93                             B9EC     B9EC       A4         0
                text92                             BF12     BF12       7E         0
                text91                             8D5C     8D5C      228         0
                text90                             8F84     8F84      1E0         0
                text89                             B154     B154       E2         0
                text88                             B71E     B71E       C4         0
                text87                             9C5E     9C5E      176         0
                text86                             825C     825C      32C         0
                text85                             C9FA     C9FA       2C         0
                text84                             6660     6660      5C2         0
                text83                             39E2     39E2      FE4         0
                text82                             94CC     94CC      19A         0
                text81                             C7EA     C7EA       34         0
                text80                             9164     9164      1C0         0
                text79                             C77E     C77E       36         0
                text78                             CA7A     CA7A       26         0
                text77                             56C0     56C0      8DA         0
                text76                             C202     C202       5E         0
                text75                             CA26     CA26       2A         0
                text74                             CB60     CB60       14         0
                text73                             C1A4     C1A4       5E         0
                text72                             C404     C404       4A         0
                text71                             97EC     97EC      17C         0
                text70                             AE66     AE66      102         0
                text69                             A31E     A31E      13C         0
                text68                             A45A     A45A      132         0
                text67                             BC68     BC68       96         0
                text66                             BE94     BE94       7E         0
                text65                             CD1E     CD1E        6         0
                text64                             CC2A     CC2A       10         0
                text63                             CC9C     CC9C        C         0
                text62                             CCEA     CCEA        A         0
                text61                             C0DE     C0DE       64         0
                text60                             C314     C314       54         0
                text59                             CC66     CC66        E         0
                text58                             CC58     CC58        E         0
                text57                             CCE0     CCE0        A         0
                text56                             CB4C     CB4C       14         0
                text55                             CC4A     CC4A        E         0
                text54                             C006     C006       74         0
                text53                             B654     B654       CA         0
                text52                             C07A     C07A       64         0
                text51                             A1DA     A1DA      144         0
                text50                             AB4A     AB4A      10C         0
                text49                             A096     A096      144         0
                text48                             B4BA     B4BA       CE         0
                text47                             AF68     AF68       FE         0
                text46                             B066     B066       EE         0
                text45                             CCD6     CCD6        A         0
                text44                             9324     9324      1A8         0
                text43                             B7E2     B7E2       B4         0
                text42                             B896     B896       B0         0
                text41                             C260     C260       5A         0
                text40                             C526     C526       44         0
                text39                             9DD4     9DD4      16A         0
                text38                             9AE4     9AE4      17A         0
                text37                             C914     C914       2E         0
                text36                             BD90     BD90       86         0
                text35                             715E     715E      492         0
                text34                             75F0     75F0      45C         0
                text33                             AD60     AD60      106         0
                text32                             CBAE     CBAE       12         0
                text31                             CAEA     CAEA       1E         0
                text30                             C882     C882       32         0
                text29                             C850     C850       32         0
                text28                             A58C     A58C      130         0
                text27                             BB2E     BB2E       9E         0
                text26                             CD34     CD34        2         0
                text25                             9F3E     9F3E      158         0
                text24                             C8E6     C8E6       2E         0
                text23                             BA90     BA90       9E         0
                text22                             CC1A     CC1A       10         0
                text21                             CD18     CD18        6         0
                text20                             49C6     49C6      CFA         0
                text19                             BE16     BE16       7E         0
                text18                             B946     B946       A6         0
                text17                             CCCC     CCCC        A         0
                text16                             CB9C     CB9C       12         0
                text15                             A90E     A90E      11E         0
                text14                             C56A     C56A       40         0
                text13                             7A4C     7A4C      40C         0
                text12                             8AFA     8AFA      262         0
                text11                             BF90     BF90       76         0
                text10                             BBCC     BBCC       9C         0
                text9                              A7EC     A7EC      122         0
                text8                              C748     C748       36         0
                text7                              C498     C498       48         0
                text6                              BCFE     BCFE       92         0
                text5                              C3BA     C3BA       4A         0
                text4                               364      364     367E         0
                text3                              C368     C368       52         0
                text2                              CC90     CC90        C         0
                text1                              8588     8588      2F2         0
                text0                              5F9A     5F9A      6C6         0
                cinit                              B588     B588       CC         0
                idataBANK5                         C81E     C81E       32         0
                idataBANK3                         CD30     CD30        4         0
                idataBANK0                         CD12     CD12        6         0
                idataCOMRAM                        CD38     CD38        1         0

        CLASS   CONST          

        CLASS   SMALLCONST     

        CLASS   MEDIUMCONST    
                mediumconst                        DE8A     DE8A     2176         0

        CLASS   COMRAM         
                cstackCOMRAM                          1        1       33         1
                dataCOMRAM                           56       56        1         1
                bssCOMRAM                            34       34       22         1

        CLASS   ABS1           

        CLASS   BIGRAM         

        CLASS   RAM            

        CLASS   BANK0          
                cstackBANK0                          60       60       8F         1
                dataBANK0                            FA       FA        6         1
                bssBANK0                             EF       EF        B         1

        CLASS   BANK1          
                cstackBANK1                         100      100       FF         1

        CLASS   BANK2          
                cstackBANK2                         200      200       9E         1
                bssBANK2                            29E      29E       5E         1

        CLASS   BANK3          
                cstackBANK3                         300      300       CA         1
                dataBANK3                           3EC      3EC        4         1
                bssBANK3                            3CA      3CA       22         1

        CLASS   BANK4          
                bssBANK4                            400      400       FC         1

        CLASS   BANK5          
                dataBANK5                           5B4      5B4       32         1
                bssBANK5                            500      500       B4         1

        CLASS   BANK6          
                bssBANK6                            600      600       A0         1

        CLASS   BANK7          

        CLASS   BANK8          

        CLASS   BANK9          

        CLASS   BANK10         

        CLASS   BANK11         

        CLASS   BANK12         

        CLASS   BANK13         

        CLASS   BANK14         

        CLASS   BANK15         

        CLASS   SFR            

        CLASS   FARRAM         

        CLASS   CONFIG         
                config                           300000   300000        E         0

        CLASS   IDLOC          
                idloc                            200000   200000        8         0

        CLASS   EEDATA         



SEGMENTS        Name                           Load    Length   Top    Selector   Space  Class

                reset_vec                      000000  000004  000004         0       0  CODE    
                cstackCOMRAM                   000001  000056  000057         1       1  COMRAM  
                intcode                        000008  000010  000018         4       0  CODE    
                intcodelo                      000018  00CD21  00CD39         C       0  CODE    
                cstackBANK0                    000060  0000A0  000100        60       1  BANK0   
                cstackBANK1                    000100  0000FF  0001FF       100       1  BANK1   
                cstackBANK2                    000200  0000FC  0002FC       200       1  BANK2   
                cstackBANK3                    000300  0000F0  0003F0       300       1  BANK3   
                bssBANK4                       000400  0000FC  0004FC       400       1  BANK4   
                bssBANK5                       000500  0000E6  0005E6       500       1  BANK5   
                bssBANK6                       000600  0000A0  0006A0       600       1  BANK6   
                mediumconst                    00DE8A  002176  010000      6F45       0  MEDIUMCO
                idloc                          200000  000008  200008    200000       0  IDLOC   
                config                         300000  00000E  30000E    300000       0  CONFIG  


UNUSED ADDRESS RANGES

        Name                Unused          Largest block    Delta
        BANK1            0001FF-0001FF                1
        BANK10           000A00-000AFF              100
        BANK11           000B00-000BFF              100
        BANK12           000C00-000CFF              100
        BANK13           000D00-000DFF              100
        BANK14           000E00-000EFF              100
        BANK15           000F00-000F5F               60
        BANK2            0002FC-0002FF                4
        BANK3            0003F0-0003FF               10
        BANK4            0004FC-0004FF                4
        BANK5            0005E6-0005FF               1A
        BANK6            0006A0-0006FF               60
        BANK7            000700-0007FF              100
        BANK8            000800-0008FF              100
        BANK9            000900-0009FF              100
        BIGRAM           000057-00005F                9
                         0001FF-0001FF                1
                         0002FC-0002FF                4
                         0003F0-0003FF               10
                         0004FC-0004FF                4
                         0005E6-0005FF               1A
                         0006A0-000F5F              8C0
        CODE             000004-000007                4
                         00CD39-00DE89             1151
        COMRAM           000057-00005F                9
        CONST            000004-000007                4
                         00CD39-00DE89             1151
        EEDATA           F00000-F003FF              400
        MEDIUMCONST      00CD39-00DE89             1151
        RAM              0001FF-0001FF                1
                         0002FC-0002FF                4
                         0003F0-0003FF               10
                         0004FC-0004FF                4
                         0005E6-0005FF               1A
                         0006A0-000F5F              100
        SFR              000F60-000FFF               A0
        SMALLCONST       00CD39-00DE89              100
        STACK            000A00-000F5F              560

                                  Symbol Table

?_EncodeNEC                                 cstackBANK0  000072
?_GetMemoryChar                             cstackBANK0  000075
?_GetMemoryLong                             cstackBANK0  000075
?_ReadEEPROM_1Byte                          cstackBANK0  00006E
?_ReadVoltage                               cstackBANK0  000097
?_Reverse_4Byte                             cstackBANK0  00006E
?_Round                                     cstackBANK0  0000BC
?_SetEEPROM1                                cstackBANK0  0000A7
?_SetEEPROM2                                cstackBANK0  0000A7
?___altoft                                  cstackBANK0  000076
?___awdiv                                   cstackBANK0  000074
?___awmod                                   cstackBANK0  00006E
?___ftadd                                   cstackBANK0  0000A1
?___ftdiv                                   cstackBANK0  000079
?___ftmul                                   cstackBANK0  000088
?___ftneg                                   cstackBANK0  00006E
?___ftpack                                  cstackBANK0  00006E
?___ftsub                                   cstackBANK0  0000AD
?___fttol                                   cstackBANK0  0000AD
?___lldiv                                   cstackBANK0  00006E
?___llmod                                   cstackBANK0  00007B
?___lltoft                                  cstackBANK0  000076
?___lmul                                    cstackBANK0  00006E
?___lwtoft                                  cstackBANK0  000076
?___wmul                                    cstackBANK0  00007C
?__div_to_l_                                cstackBANK0  00006E
?__tdiv_to_l_                               cstackBANK0  00006E
?_fround                                    cstackBANK0  000097
?_scale                                     cstackBANK0  000097
?_sprintf                                   cstackBANK0  0000BC
BluetoothInitialSetup@BluetoothVersionLine1 cstackBANK1  000158
BluetoothInitialSetup@BluetoothVersionLine2 cstackBANK1  000176
BluetoothInitialSetup@BroadcastTEMP         cstackBANK1  000194
BluetoothInitialSetup@Default               cstackBANK1  0001DC
BluetoothInitialSetup@buf                   cstackBANK1  0001A9
BluetoothInitialSetup@first                 cstackBANK1  0001DB
BluetoothInitialSetup@i                     cstackBANK1  0001DF
BluetoothInitialSetup@j                     cstackBANK1  0001DD
BluetoothInitialSetup@ok                    cstackBANK1  0001DE
BufferCopy@count                            cstackBANK0  000086
BufferCopy@from                             cstackBANK0  000082
BufferCopy@i                                cstackBANK0  000088
BufferCopy@shift                            cstackBANK0  000087
BufferCopy@to                               cstackBANK0  000084
DecodeNEC@Nec                               cstackBANK0  000072
DecodeNEC@address                           cstackBANK0  000076
DecodeNEC@command                           cstackBANK0  000078
DecodeNEC@temp1                             cstackBANK0  000080
DecodeNEC@temp2                             cstackBANK0  00007E
DecodeNEC@temp3                             cstackBANK0  00007F
DisplayRF_Channel@Conf3Channel              cstackBANK1  000157
DisplayRF_Channel@Conf3button               cstackBANK1  000158
DisplayRF_Channel@buf                       cstackBANK1  000125
DisplayRF_Channel@channel                   cstackBANK1  000159
EncodeNEC@address                           cstackBANK0  00009A
EncodeNEC@command                           cstackBANK0  000072
EncodeNEC@temp1                             cstackBANK0  00008A
EncodeNEC@temp2                             cstackBANK0  00008E
EncodeNEC@temp3                             cstackBANK0  000092
EncodeNEC@temp4                             cstackBANK0  000096
EnterCommandMode@buf                        cstackBANK1  000125
EnterCommandMode@count                      cstackBANK1  000157
EraseScreen@characters                      cstackCOMRAM 00000C
EraseScreen@i                               cstackCOMRAM 00000D
GetEEPROM1@Arrayspot                        cstackBANK0  00009D
GetEEPROM1@Temp                             cstackBANK0  000095
GetEEPROM1@i                                cstackBANK0  00009E
GetEEPROM1@j                                cstackBANK0  00009F
GetEEPROM2@Arrayspot                        cstackBANK0  00009D
GetEEPROM2@Temp                             cstackBANK0  000095
GetEEPROM2@i                                cstackBANK0  00009F
GetEEPROM2@j                                cstackBANK0  0000A0
GetEEPROM2@k                                cstackBANK0  0000A1
GetMemoryChar@AddressFirst                  cstackBANK0  000075
GetMemoryChar@H                             cstackBANK0  000079
GetMemoryLong@AddressFirst                  cstackBANK0  000075
GetMemoryLong@H                             cstackBANK0  000091
GetMemoryLong@L                             cstackBANK0  000094
GetMemoryLong@MH                            cstackBANK0  000092
GetMemoryLong@ML                            cstackBANK0  000093
GetMemoryLong@temp                          cstackBANK0  00008D
GetNumber@CommaNumber                       cstackBANK0  00007C
GetNumber@Hex                               cstackBANK0  000087
GetNumber@This                              cstackBANK0  00007A
GetNumber@count                             cstackBANK0  000086
GetNumber@i                                 cstackBANK0  000088
GetNumber@negative                          cstackBANK0  000085
GetNumber@result                            cstackBANK0  00007D
GetNumber@temp                              cstackBANK0  00008A
GetNumber@tempCommaNumber                   cstackBANK0  000084
GetNumber@tempThis                          cstackBANK0  000089
GetNumberUnsigned@CommaNumber               cstackBANK0  00007C
GetNumberUnsigned@Hex                       cstackBANK0  000086
GetNumberUnsigned@This                      cstackBANK0  00007A
GetNumberUnsigned@count                     cstackBANK0  000085
GetNumberUnsigned@i                         cstackBANK0  000087
GetNumberUnsigned@result                    cstackBANK0  00007D
GetNumberUnsigned@temp                      cstackBANK0  000088
GetNumberUnsigned@tempCommaNumber           cstackBANK0  000084
GetNumberUnsigned@tempThis                  cstackBANK0  00008C
GetStringAfterComma@CommaNumber             cstackBANK0  000070
GetStringAfterComma@This                    cstackBANK0  00006E
GetStringAfterComma@count                   cstackBANK0  000074
GetStringAfterComma@result                  cstackBANK0  000071
GetStringAfterComma@tempCommaNumber         cstackBANK0  000073
IRrawToNEC@Invert                           cstackCOMRAM 000003
IRrawToNEC@NEC                              cstackCOMRAM 000001
IRrawToNEC@NECtemp                          cstackCOMRAM 000006
IRrawToNEC@StartBit                         cstackCOMRAM 00000C
IRrawToNEC@first                            cstackCOMRAM 00000A
IRrawToNEC@i                                cstackCOMRAM 00000B
InitUART@Baud                               cstackBANK0  0000C3
InitUART@config                             cstackBANK0  0000D0
InitUART@spbrg                              cstackBANK0  0000CE
InitUART@temp                               cstackBANK0  0000D1
Init_System@buf                             cstackBANK2  000200
InternalADC_Read@ADCcounts                  cstackBANK0  000077
InternalADC_Read@AnaChanSel                 cstackBANK0  00007B
InternalADC_Read@channel                    cstackBANK0  00007C
Invert@data                                 cstackBANK0  00006E
IsAlphaNumeric@data                         cstackBANK0  00006F
IsAlphaNumericString@data                   cstackBANK0  000070
IsCharacter@data                            cstackCOMRAM 000001
IsLetter@data                               cstackBANK0  00006E
IsNumber@data                               cstackBANK0  00006E
OpenUSART@config                            cstackBANK0  000073
OpenUSART@spbrg                             cstackBANK0  00006E
PrintHeader@NumLetters                      cstackBANK0  0000DE
PrintHeader@PrintCharacters                 cstackBANK0  0000DD
PrintHeader@Title                           cstackBANK0  000089
PrintHeader@buf                             cstackBANK0  00008D
PrintHeader@i                               cstackBANK0  0000DF
ReadCodeButtons@temp                        cstackBANK0  000077
ReadEEPROM_1Byte@GIEstatus                  cstackBANK0  000073
ReadEEPROM_1Byte@PEIEstatus                 cstackBANK0  000074
ReadEEPROM_1Byte@address                    cstackBANK0  00006E
ReadUSART@data                              cstackBANK0  00006E
ReadVoltage@temp                            cstackBANK0  00009D
ReadVoltage@voltage                         cstackBANK0  00009A
Reverse_4Byte@This                          cstackBANK0  00006E
Reverse_4Byte@temp                          cstackBANK0  00007A
Reverse_Byte@This                           cstackBANK0  000071
Reverse_Byte@temp                           cstackBANK0  000070
Round@input                                 cstackBANK0  0000BC
Round@temp                                  cstackBANK0  0000BF
SendNEC_bytes@RepeatAmount                  cstackBANK0  000082
SendNEC_bytes@code                          cstackBANK0  00007E
SendNEC_wait@RepeatAmount                   cstackBANK0  000087
SendNEC_wait@code                           cstackBANK0  000083
SendNEC_wait@toggle                         cstackBANK0  000088
SendRF@Code                                 cstackBANK0  00006E
SendRF@Config                               cstackBANK0  000070
SendRF@RepeatAmount                         cstackBANK0  000072
SendRF@i                                    cstackBANK0  000075
SendRF@size                                 cstackBANK0  000071
SendRF_Channel@Conf3Channel                 cstackBANK0  00007E
SendRF_Channel@Conf3button                  cstackBANK0  00007F
SendRF_Channel@channel                      cstackBANK0  00007D
SendRF_wait@Code                            cstackBANK0  000076
SendRF_wait@Config                          cstackBANK0  000078
SendRF_wait@amount                          cstackBANK0  00007A
SendRF_wait@size                            cstackBANK0  000079
SetEEPROM1@Arrayspot                        cstackBANK0  0000AD
SetEEPROM1@burn                             cstackBANK0  0000A7
SetEEPROM1@fail                             cstackBANK0  0000B0
SetEEPROM1@i                                cstackBANK0  0000B4
SetEEPROM1@j                                cstackBANK0  0000B5
SetEEPROM1@temp                             cstackBANK0  0000AF
SetEEPROM2@Arrayspot                        cstackBANK0  0000B2
SetEEPROM2@burn                             cstackBANK0  0000A7
SetEEPROM2@fail                             cstackBANK0  0000AE
SetEEPROM2@i                                cstackBANK0  0000B4
SetEEPROM2@j                                cstackBANK0  0000B5
SetEEPROM2@k                                cstackBANK0  0000B6
SetEEPROM2@temp                             cstackBANK0  0000AD
SetEEPROMdefault@i                          cstackBANK0  0000BF
SetEEPROMdefault@j                          cstackBANK0  0000C0
SetEEPROMdefault@k                          cstackBANK0  0000BE
SetMemoryChar@AddressFirst                  cstackBANK0  00007A
SetMemoryChar@Data                          cstackBANK0  000081
SetMemoryChar@Test                          cstackBANK0  000080
SetMemoryLong@AddressFirst                  cstackBANK0  000099
SetMemoryLong@Data                          cstackBANK0  000095
SetMemoryLong@H                             cstackBANK0  0000A3
SetMemoryLong@L                             cstackBANK0  0000A6
SetMemoryLong@MH                            cstackBANK0  0000A4
SetMemoryLong@ML                            cstackBANK0  0000A5
SetMemoryLong@Test                          cstackBANK0  00009F
SetTimer0@temp                              cstackCOMRAM 000001
StringAddEqual@Input                        cstackBANK0  000089
StringAddEqual@NullPosition                 cstackBANK0  000090
StringAddEqual@equal                        cstackBANK0  00008F
StringAddEqual@firstnumber                  cstackBANK0  000091
StringAddEqual@i                            cstackBANK0  000093
StringAddEqual@j                            cstackBANK0  000092
StringAddEqual@temp                         cstackBANK1  000100
StringContains@MatchAmount                  cstackBANK0  000074
StringContains@MatchCount                   cstackBANK0  000075
StringContains@That                         cstackBANK0  000070
StringContains@This                         cstackBANK0  00006E
StringContains@i                            cstackBANK0  000076
StringContainsCaseInsensitive@MatchAmount   cstackBANK0  000077
StringContainsCaseInsensitive@MatchCount    cstackBANK0  000078
StringContainsCaseInsensitive@That          cstackBANK0  000073
StringContainsCaseInsensitive@This          cstackBANK0  000071
StringContainsCaseInsensitive@i             cstackBANK0  00007B
StringContainsCaseInsensitive@tempThat      cstackBANK0  00007A
StringContainsCaseInsensitive@tempThis      cstackBANK0  000079
StringMatch@That                            cstackBANK0  000070
StringMatch@This                            cstackBANK0  00006E
StringMatchCaseInsensitive@That             cstackBANK0  000073
StringMatchCaseInsensitive@This             cstackBANK0  000071
StringMatchCaseInsensitive@tempThat         cstackBANK0  000076
StringMatchCaseInsensitive@tempThis         cstackBANK0  000075
SyncEEPROMToGlobal1@Temp1                   cstackBANK0  0000A6
SyncEEPROMToGlobal1@i                       cstackBANK0  0000A4
SyncEEPROMToGlobal1@j                       cstackBANK0  0000A5
SyncEEPROMToGlobal2@Temp2                   cstackBANK1  000100
SyncEEPROMToGlobal2@i                       cstackBANK1  0001B6
SyncEEPROMToGlobal2@j                       cstackBANK1  0001B7
SyncEEPROMToGlobal2@k                       cstackBANK1  0001B8
SyncGlobalToEEPROM@ok                       cstackBANK0  0000BB
UARTchar@data                               cstackBANK0  000077
UARTchar_CONST@data                         cstackBANK0  000077
UARTchar_CONST@temp                         cstackBANK0  000078
UARTcommandMenu@Command                     cstackBANK0  00007B
UARTcommandMenu@Desc                        cstackBANK0  00007D
UARTcommandMenu@i                           cstackBANK0  000084
UARTcommandMenu@place                       cstackBANK0  000085
UARTstring@data                             cstackBANK0  000078
UARTstringCRLN@data                         cstackBANK0  00007B
UARTstringCRLN_CONST@data                   cstackBANK0  00007B
UARTstring_CONST@data                       cstackBANK0  000079
UseBluetooth@EmptyPlace                     cstackBANK2  000290
UseBluetooth@EnteredNEC                     cstackBANK2  000286
UseBluetooth@EqualStatus                    cstackBANK2  00028A
UseBluetooth@NecAddress                     cstackBANK2  000292
UseBluetooth@NecCommand                     cstackBANK2  000293
UseBluetooth@ReceivedStringPosOLD           cstackBANK2  00026E
UseBluetooth@SerialNumberTEMP               cstackBANK2  00027D
UseBluetooth@String                         cstackBANK0  0000E0
UseBluetooth@StringPos                      cstackBANK0  0000E2
UseBluetooth@action                         cstackBANK2  000282
UseBluetooth@buf                            cstackBANK2  000200
UseBluetooth@bufSmall                       cstackBANK2  000264
UseBluetooth@button                         cstackBANK2  000283
UseBluetooth@channel                        cstackBANK2  00028B
UseBluetooth@device                         cstackBANK2  000284
UseBluetooth@i                              cstackBANK2  000299
UseBluetooth@j                              cstackBANK2  000298
UseBluetooth@k                              cstackBANK2  00028C
UseBluetooth@ok                             cstackBANK2  00028F
UseBluetooth@rfchannelSTR                   cstackBANK2  00026F
UseBluetooth@rfconf                         cstackBANK2  000291
UseBluetooth@set                            cstackBANK2  000285
UseBluetooth@system                         cstackBANK2  000281
UseBluetooth@temp                           cstackBANK2  000294
UseBluetooth@tempNec                        cstackBANK2  000279
UseBluetooth@tempRFArray                    cstackBANK2  00028E
UseBluetooth@timeout                        cstackBANK2  00028D
UseIRCode@Code                              cstackBANK0  0000BC
UseIRCode@NEC                               cstackBANK0  0000BE
UseIRCode@found                             cstackBANK0  0000C4
UseIRCode@i                                 cstackBANK0  0000C6
UseIRCode@j                                 cstackBANK0  0000C5
WaitForIRsignal@timeout                     cstackBANK0  00007D
WriteEEPROM_1Byte@GIEstatus                 cstackBANK0  000074
WriteEEPROM_1Byte@PEIEstatus                cstackBANK0  000075
WriteEEPROM_1Byte@address                   cstackBANK0  00006E
WriteEEPROM_1Byte@data                      cstackBANK0  000070
_ADCON0                                     (abs)        000FC2
_ADCON0bits                                 (abs)        000FC2
_ADCON1                                     (abs)        000FC1
_ADCON1bits                                 (abs)        000FC1
_ADCON2                                     (abs)        000FC0
_ADCON2bits                                 (abs)        000FC0
_ADRESH                                     (abs)        000FC4
_ADRESL                                     (abs)        000FC3
_ANSEL                                      (abs)        000F7E
_ANSELH                                     (abs)        000F7F
_BAUDCONbits                                (abs)        000FB8
_BatteryVoltage                             bssBANK3     0003CA
_BlueConnected                              text108      00CCA8
_BluetoothBroadcast                         bssBANK3     0003D2
_BluetoothChangeStatus                      bssBANK3     0003CD
_BluetoothConfigured                        text112      00CC3A
_BluetoothFirmware1                         bssBANK2     0002A2
_BluetoothFirmware2                         bssBANK2     0002C0
_BluetoothInitialSetup                      text77       0056C0
_BufferCopy                                 text109      009666
_BufferOverflow                             bssBANK3     0003CE
_CRLN                                       mediumconst  00E90F
_CheckReceivingIR                           text22       00CC1A
_ClearUSART                                 text106      00CBC0
_CommandString                              bssBANK5     000550
_CommandStringPos                           bssCOMRAM    00004C
_Conf1_ChannelD                             mediumconst  00E8CF
_Conf1_ChannelD_STR                         mediumconst  00E876
_Conf1_ChannelE                             mediumconst  00E8DB
_Conf1_ChannelE_STR                         mediumconst  00E885
_Conf1_ChannelF                             mediumconst  00E8E7
_Conf1_ChannelF_STR                         mediumconst  00E894
_Conf1_Channels                             mediumconst  00E907
_Conf2_ChannelB_OFF                         mediumconst  00E7D6
_Conf2_ChannelB_OFF_STR                     mediumconst  00E736
_Conf2_ChannelB_ON                          mediumconst  00E7E6
_Conf2_ChannelB_ON_STR                      mediumconst  00E75C
_Conf2_ChannelB_STR                         mediumconst  00E8A3
_Conf2_ChannelB_Status                      bssBANK0     0000EF
_Conf2_ChannelD_OFF                         mediumconst  00E7F6
_Conf2_ChannelD_OFF_STR                     mediumconst  00E749
_Conf2_ChannelD_ON                          mediumconst  00E806
_Conf2_ChannelD_ON_STR                      mediumconst  00E76E
_Conf2_ChannelD_STR                         mediumconst  00E8B2
_Conf2_ChannelD_Status                      bssBANK2     00029E
_Conf2_ChannelH_1_OFF                       mediumconst  00E816
_Conf2_ChannelH_1_OFF_STR                   mediumconst  00E6BB
_Conf2_ChannelH_1_ON                        mediumconst  00E826
_Conf2_ChannelH_1_ON_STR                    mediumconst  00E6FA
_Conf2_ChannelH_1_STR                       mediumconst  00E792
_Conf2_ChannelH_1_Status                    bssBANK2     00029F
_Conf2_ChannelH_2_OFF                       mediumconst  00E836
_Conf2_ChannelH_2_OFF_STR                   mediumconst  00E6D0
_Conf2_ChannelH_2_ON                        mediumconst  00E846
_Conf2_ChannelH_2_ON_STR                    mediumconst  00E70E
_Conf2_ChannelH_2_STR                       mediumconst  00E7A3
_Conf2_ChannelH_2_Status                    bssBANK2     0002A0
_Conf2_ChannelH_3_OFF                       mediumconst  00E856
_Conf2_ChannelH_3_OFF_STR                   mediumconst  00E6E5
_Conf2_ChannelH_3_ON                        mediumconst  00E866
_Conf2_ChannelH_3_ON_STR                    mediumconst  00E722
_Conf2_ChannelH_3_STR                       mediumconst  00E7B4
_Conf2_ChannelH_3_Status                    bssBANK2     0002A1
_Conf2_Channels                             mediumconst  00E90B
_Conf3                                      mediumconst  00DF21
_Conf3_Buttons                              mediumconst  00E8FC
_Conf3_Channels                             mediumconst  00E7C5
_Conf3_Status                               bssBANK5     000500
_ConfigureOscillator                        text118      00CD36
_DecodeNEC                                  text42       00B896
_DisplayRF_Channel                          text39       009DD4
_EEADR                                      (abs)        000FA9
_EEADRH                                     (abs)        000FAA
_EECON1bits                                 (abs)        000FA6
_EECON2                                     (abs)        000FA7
_EEDATA                                     (abs)        000FA8
_EEPROM_UNLOCK                              text74       00CB60
_EEPROMinitialized                          text115      00CBD2
_EncodeNEC                                  text38       009AE4
_EnterCommandMode                           text82       0094CC
_EraseScreen                                text136      00CAA0
_FirmVersion                                mediumconst  00E8F3
_Frequency                                  mediumconst  00E780
_GetEEPROM1                                 text49       00A096
_GetEEPROM2                                 text47       00AF68
_GetMemoryChar                              text75       00CA26
_GetMemoryLong                              text71       0097EC
_GetNumber                                  text35       00715E
_GetNumberUnsigned                          text34       0075F0
_GetRFstatus                                text117      00CC82
_GetStringAfterComma                        text33       00AD60
_Global1                                    bssBANK2     0002DE
_Global2                                    bssBANK4     000400
_INTCON2bits                                (abs)        000FF1
_INTCONbits                                 (abs)        000FF2
_IOCBbits                                   (abs)        000F7D
_IPR1bits                                   (abs)        000F9F
_IPR2bits                                   (abs)        000FA2
_IRRawCode                                  bssBANK6     000600
_IR_NEC                                     bssBANK3     0003E7
_IR_New_Code                                bssBANK3     0003EB
_IRaddress                                  bssBANK0     0000F8
_IRbit                                      bssCOMRAM    00004D
_IRbitPosition                              dataBANK0    0000FA
_IRcodeBit                                  bssCOMRAM    00004E
_IRcodePlace                                dataBANK0    0000FB
_IRcommand                                  bssBANK0     0000F9
_IRmod                                      bssBANK0     0000F0
_IRpinOLD                                   bssCOMRAM    00004F
_IRrawCodeNum                               bssCOMRAM    000050
_IRrawToNEC                                 text135      007E58
_IRreceiverIntOff                           text21       00CD18
_IRreceiverIntOn                            text65       00CD1E
_IRrepeatAmount                             bssBANK0     0000F1
_IRrepeatflag                               bssBANK0     0000F2
_IRsendCode                                 bssCOMRAM    000048
_IRsendFlag                                 bssCOMRAM    000051
_IRstarted                                  bssBANK3     0003CF
_IRtimeout                                  dataBANK3    0003EC
_InitADC                                    text113      00CB36
_InitApp                                    text116      00C44E
_InitBluetooth                              text66       00BE94
_InitIR                                     text60       00C314
_InitTimer0                                 text64       00CC2A
_InitTimer1                                 text59       00CC66
_InitTimer2                                 text58       00CC58
_InitTimer3                                 text57       00CCE0
_InitTimers                                 text56       00CB4C
_InitUART                                   text51       00A1DA
_InitUART$4465                              cstackBANK0  0000CB
_Init_System                                text44       009324
_InternalADC_Read                           text27       00BB2E
_Invert                                     text32       00CBAE
_IsAlphaNumeric                             text30       00C882
_IsAlphaNumericString                       text29       00C850
_IsCharacter                                text134      00CB08
_IsLetter                                   text37       00C914
_IsNumber                                   text31       00CAEA
_LATA                                       (abs)        000F89
_LATB                                       (abs)        000F8A
_LATC                                       (abs)        000F8B
_LEDTimerON                                 text16       00CB9C
_Local_CloseUSART                           text55       00CC4A
_NewReceivedString                          bssBANK3     0003D0
_OpenUSART                                  text54       00C006
_PCBVersion                                 mediumconst  00E902
_PIE1bits                                   (abs)        000F9D
_PIE2bits                                   (abs)        000FA0
_PIR1bits                                   (abs)        000F9E
_PIR2bits                                   (abs)        000FA1
_PORTA                                      (abs)        000F80
_PORTB                                      (abs)        000F81
_PORTC                                      (abs)        000F82
_PR2                                        (abs)        000FCB
_PrintHeader                                text28       00A58C
_ProductName                                dataBANK5    0005B4
_ProjectName                                mediumconst  00E6A1
_RCONbits                                   (abs)        000FD0
_RCREG                                      (abs)        000FAE
_RCSTA                                      (abs)        000FAB
_RCSTAbits                                  (abs)        000FAB
_RFConfig                                   bssBANK0     0000F3
_RFPause                                    bssCOMRAM    000052
_RF_IR                                      dataBANK0    0000FC
_RF_IR_Postscaler                           dataBANK0    0000FD
_RFcodeBit                                  bssBANK0     0000F4
_RFcodePlace                                bssBANK0     0000F5
_RFoff                                      text147      00CC08
_RFon                                       text146      00CBF6
_RFsendCode                                 bssCOMRAM    000034
_RFsendFlag                                 bssBANK0     0000F6
_ReadCodeButtons                            text3        00C368
_ReadEEPROM_1Byte                           text76       00C202
_ReadIRpin                                  text63       00CC9C
_ReadPushButton                             text2        00CC90
_ReadUSART                                  text107      00CB20
_ReadVoltage                                text23       00BA90
_ReceivedString                             bssBANK4     0004B6
_ReceivedStringPos                          bssBANK3     0003D1
_ReceivingIR                                dataCOMRAM   000056
_ResetADC                                   text114      00CC74
_ResetBlue                                  text104      00AA2C
_ResetTimer0                                text62       00CCEA
_ResetTimer1                                text17       00CCCC
_ResetTimer3                                text145      00CD08
_Reverse_4Byte                              text20       0049C6
_Reverse_Byte                               text43       00B7E2
_Round                                      text52       00C07A
_SPBRG                                      (abs)        000FAF
_SPBRGH                                     (abs)        000FB0
_STKPTRbits                                 (abs)        000FFC
_SYNTAX_ERR                                 mediumconst  00E8C1
_SendNEC_bytes                              text19       00BE16
_SendNEC_wait                               text18       00B946
_SendRF                                     text15       00A90E
_SendRF_Channel                             text13       007A4C
_SendRF_wait                                text14       00C56A
_Send_RForIR_bit                            text144      006C22
_Sendcount                                  bssBANK0     0000F7
_Sent                                       dataBANK0    0000FE
_SetEEPROM1                                 text69       00A31E
_SetEEPROM2                                 text68       00A45A
_SetEEPROMdefault                           text50       00AB4A
_SetMemoryChar                              text72       00C404
_SetMemoryLong                              text70       00AE66
_SetTimer0                                  text133      00CB88
_StringAddEqual                             text12       008AFA
_StringContains                             text103      00A6BC
_StringContainsCaseInsensitive              text80       009164
_StringMatch                                text11       00BF90
_StringMatchCaseInsensitive                 text10       00BBCC
_SyncEEPROMToGlobal                         text45       00CCD6
_SyncEEPROMToGlobal1                        text48       00B4BA
_SyncEEPROMToGlobal2                        text46       00B066
_SyncGlobalToEEPROM                         text67       00BC68
_T0CONbits                                  (abs)        000FD5
_T1CONbits                                  (abs)        000FCD
_T2CONbits                                  (abs)        000FCA
_T3CONbits                                  (abs)        000FB1
_TABLAT                                     (abs)        000FF5
_TBLPTRH                                    (abs)        000FF7
_TBLPTRL                                    (abs)        000FF6
_TBLPTRU                                    (abs)        000FF8
_TMR0H                                      (abs)        000FD7
_TMR0L                                      (abs)        000FD6
_TMR1H                                      (abs)        000FCF
_TMR1L                                      (abs)        000FCE
_TMR2                                       (abs)        000FCC
_TMR3H                                      (abs)        000FB3
_TMR3L                                      (abs)        000FB2
_TRISAbits                                  (abs)        000F92
_TRISB                                      (abs)        000F93
_TRISBbits                                  (abs)        000F93
_TRISCbits                                  (abs)        000F94
_TXREG                                      (abs)        000FAD
_TXSTA                                      (abs)        000FAC
_TXSTAbits                                  (abs)        000FAC
_Timer1_Postscaler                          bssCOMRAM    000053
_Timer2_Postscaler                          bssCOMRAM    000054
_Timer3_Postscaler                          bssCOMRAM    000055
_UARTchar                                   text79       00C77E
_UARTchar_CONST                             text102      00C662
_UARTcommandMenu                            text9        00A7EC
_UARTstring                                 text78       00CA7A
_UARTstringCRLN                             text8        00C748
_UARTstringCRLN_CONST                       text7        00C498
_UARTstring_CONST                           text101      00C710
_UseBluetooth                               text4        000364
_UseIRCode                                  text1        008588
_VoltageDividerOFF                          text26       00CD34
_WPUB                                       (abs)        000F7C
_WaitForIRsignal                            text6        00BCFE
_WriteEEPROM_1Byte                          text73       00C1A4
__CFG_BOREN$SBORDIS                         (abs)        000000
__CFG_BORV$18                               (abs)        000000
__CFG_CCP2MX$PORTC                          (abs)        000000
__CFG_CP0$OFF                               (abs)        000000
__CFG_CP1$OFF                               (abs)        000000
__CFG_CP2$OFF                               (abs)        000000
__CFG_CP3$OFF                               (abs)        000000
__CFG_CPB$OFF                               (abs)        000000
__CFG_CPD$OFF                               (abs)        000000
__CFG_EBTR0$OFF                             (abs)        000000
__CFG_EBTR1$OFF                             (abs)        000000
__CFG_EBTR2$OFF                             (abs)        000000
__CFG_EBTR3$OFF                             (abs)        000000
__CFG_EBTRB$OFF                             (abs)        000000
__CFG_FCMEN$OFF                             (abs)        000000
__CFG_FOSC$HSPLL                            (abs)        000000
__CFG_HFOFST$ON                             (abs)        000000
__CFG_IESO$OFF                              (abs)        000000
__CFG_LPT1OSC$OFF                           (abs)        000000
__CFG_LVP$OFF                               (abs)        000000
__CFG_MCLRE$ON                              (abs)        000000
__CFG_PBADEN$OFF                            (abs)        000000
__CFG_PWRT$OFF                              (abs)        000000
__CFG_STVREN$ON                             (abs)        000000
__CFG_WDTEN$OFF                             (abs)        000000
__CFG_WDTPS$32768                           (abs)        000000
__CFG_WRT0$OFF                              (abs)        000000
__CFG_WRT1$OFF                              (abs)        000000
__CFG_WRT2$OFF                              (abs)        000000
__CFG_WRT3$OFF                              (abs)        000000
__CFG_WRTB$OFF                              (abs)        000000
__CFG_WRTC$OFF                              (abs)        000000
__CFG_WRTD$OFF                              (abs)        000000
__CFG_XINST$OFF                             (abs)        000000
__HRAM                                      (abs)        000000
__Habs1                                     abs1         000000
__Hbank0                                    bank0        000000
__Hbank1                                    bank1        000000
__Hbank10                                   bank10       000000
__Hbank11                                   bank11       000000
__Hbank12                                   bank12       000000
__Hbank13                                   bank13       000000
__Hbank14                                   bank14       000000
__Hbank15                                   bank15       000000
__Hbank2                                    bank2        000000
__Hbank3                                    bank3        000000
__Hbank4                                    bank4        000000
__Hbank5                                    bank5        000000
__Hbank6                                    bank6        000000
__Hbank7                                    bank7        000000
__Hbank8                                    bank8        000000
__Hbank9                                    bank9        000000
__Hbigbss                                   bigbss       000000
__Hbigdata                                  bigdata      000000
__Hbigram                                   bigram       000000
__Hbss                                      bss          000000
__HbssBANK0                                 bssBANK0     000000
__HbssBANK2                                 bssBANK2     000000
__HbssBANK3                                 bssBANK3     000000
__HbssBANK4                                 bssBANK4     000000
__HbssBANK5                                 bssBANK5     000000
__HbssBANK6                                 bssBANK6     000000
__HbssCOMRAM                                bssCOMRAM    000000
__Hcinit                                    cinit        000000
__Hclrtext                                  clrtext      000000
__Hcomram                                   comram       000000
__Hconfig                                   config       30000E
__Hconst                                    const        000000
__HcstackBANK0                              cstackBANK0  000000
__HcstackBANK1                              cstackBANK1  000000
__HcstackBANK2                              cstackBANK2  000000
__HcstackBANK3                              cstackBANK3  000000
__HcstackCOMRAM                             cstackCOMRAM 000000
__Hdata                                     data         000000
__HdataBANK0                                dataBANK0    000000
__HdataBANK3                                dataBANK3    000000
__HdataBANK5                                dataBANK5    000000
__HdataCOMRAM                               dataCOMRAM   000000
__Heeprom_data                              eeprom_data  000000
__Hend_init                                 end_init     000364
__Hfarbss                                   farbss       000000
__Hfardata                                  fardata      000000
__Hibigdata                                 ibigdata     000000
__Hidata                                    idata        000000
__HidataBANK0                               idataBANK0   000000
__HidataBANK3                               idataBANK3   000000
__HidataBANK5                               idataBANK5   000000
__HidataCOMRAM                              idataCOMRAM  000000
__Hidloc                                    idloc        200008
__Hifardata                                 ifardata     000000
__Hinit                                     init         000360
__Hintcode                                  intcode      000018
__Hintcode_body                             intcode_body 000000
__Hintcodelo                                intcodelo    000360
__Hintentry                                 intentry     000000
__Hintret                                   intret       000000
__Hintsave_regs                             intsave_regs 000000
__Hirdata                                   irdata       000000
__Hmediumconst                              mediumconst  010000
__HnvFARRAM                                 nvFARRAM     000000
__Hnvbit                                    nvbit        000000
__Hnvrram                                   nvrram       000000
__Hparam                                    rparam       000000
__Hpowerup                                  powerup      000360
__Hram                                      ram          000000
__Hramtop                                   ramtop       001000
__Hrbit                                     rbit         000000
__Hrbss                                     rbss         000000
__Hrdata                                    rdata        000000
__Hreset_vec                                reset_vec    000004
__Hrparam                                   rparam       000000
__Hsfr                                      sfr          000000
__Hsmallconst                               smallconst   000000
__Hspace_0                                  (abs)        30000E
__Hspace_1                                  (abs)        0006A0
__Hspace_2                                  (abs)        000000
__Hstack                                    stack        000000
__Hstruct                                   struct       000000
__Htemp                                     temp         000000
__Htext                                     text         000000
__Htext0                                    text0        000000
__Htext1                                    text1        000000
__Htext10                                   text10       000000
__Htext100                                  text100      000000
__Htext101                                  text101      000000
__Htext102                                  text102      000000
__Htext103                                  text103      000000
__Htext104                                  text104      000000
__Htext105                                  text105      000000
__Htext106                                  text106      000000
__Htext107                                  text107      000000
__Htext108                                  text108      000000
__Htext109                                  text109      000000
__Htext11                                   text11       000000
__Htext110                                  text110      000000
__Htext111                                  text111      000000
__Htext112                                  text112      000000
__Htext113                                  text113      000000
__Htext114                                  text114      000000
__Htext115                                  text115      000000
[...]
 Tracked objects:
		On entry : 
		On exit  : 
		Unchanged: 
 Data sizes:     COMRAM   BANK0   BANK1   BANK2   BANK3   BANK4   BANK5   BANK6   BANK7   BANK8   BANK9  BANK10  BANK11  BANK12  BANK13  BANK14  BANK15
      Params:         4       0       0       0       0       0       0       0       0       0       0       0       0       0       0       0       0
      Locals:         4       0       0       0       0       0       0       0       0       0       0       0       0       0       0       0       0
      Temps:          1       0       0       0       0       0       0       0       0       0       0       0       0       0       0       0       0
      Totals:         9       0       0       0       0       0       0       0       0       0       0       0       0       0       0       0       0
Total ram usage:        9 bytes
 Hardware stack levels used:    1
 This function calls:
		Nothing
 This function is called by:
		i2_UARTchar_CONST
 This function uses a non-reentrant model


 *************** function _Send_RForIR_bit *****************
 Defined at:
		line 419 in file "RF.c"
 Parameters:    Size  Location     Type
		None
 Auto vars:     Size  Location     Type
		None
 Return value:  Size  Location     Type
		None               void
 Registers used:
		wreg, fsr2l, fsr2h, status,2, status,0, prodl, prodh, cstack
 Tracked objects:
		On entry : 
		On exit  : 
		Unchanged: 
 Data sizes:     COMRAM   BANK0   BANK1   BANK2   BANK3   BANK4   BANK5   BANK6   BANK7   BANK8   BANK9  BANK10  BANK11  BANK12  BANK13  BANK14  BANK15
      Params:         0       0       0       0       0       0       0       0       0       0       0       0       0       0       0       0       0
      Locals:         0       0       0       0       0       0       0       0       0       0       0       0       0       0       0       0       0
      Temps:          0       0       0       0       0       0       0       0       0       0       0       0       0       0       0       0       0
      Totals:         0       0       0       0       0       0       0       0       0       0       0       0       0       0       0       0       0
Total ram usage:        0 bytes
 Hardware stack levels used:    1
 Hardware stack levels required when called:    1
 This function calls:
		_RFoff
		_RFon
		_ResetTimer3
 This function is called by:
		_high_isr
 This function uses a non-reentrant model


 *************** function _ResetTimer3 *****************
 Defined at:
		line 175 in file "Timer.c"
 Parameters:    Size  Location     Type
		None
 Auto vars:     Size  Location     Type
		None
 Return value:  Size  Location     Type
		None               void
 Registers used:
		wreg, status,2
 Tracked objects:
		On entry : 
		On exit  : 
		Unchanged: 
 Data sizes:     COMRAM   BANK0   BANK1   BANK2   BANK3   BANK4   BANK5   BANK6   BANK7   BANK8   BANK9  BANK10  BANK11  BANK12  BANK13  BANK14  BANK15
      Params:         0       0       0       0       0       0       0       0       0       0       0       0       0       0       0       0       0
      Locals:         0       0       0       0       0       0       0       0       0       0       0       0       0       0       0       0       0
      Temps:          0       0       0       0       0       0       0       0       0       0       0       0       0       0       0       0       0
      Totals:         0       0       0       0       0       0       0       0       0       0       0       0       0       0       0       0       0
Total ram usage:        0 bytes
 Hardware stack levels used:    1
 This function calls:
		Nothing
 This function is called by:
		_high_isr
		_Send_RForIR_bit
 This function uses a non-reentrant model


 *************** function _RFon *****************
 Defined at:
		line 377 in file "RF.c"
 Parameters:    Size  Location     Type
		None
 Auto vars:     Size  Location     Type
		None
 Return value:  Size  Location     Type
		None               void
 Registers used:
		wreg, status,2, status,0
 Tracked objects:
		On entry : 
		On exit  : 
		Unchanged: 
 Data sizes:     COMRAM   BANK0   BANK1   BANK2   BANK3   BANK4   BANK5   BANK6   BANK7   BANK8   BANK9  BANK10  BANK11  BANK12  BANK13  BANK14  BANK15
      Params:         0       0       0       0       0       0       0       0       0       0       0       0       0       0       0       0       0
      Locals:         0       0       0       0       0       0       0       0       0       0       0       0       0       0       0       0       0
      Temps:          0       0       0       0       0       0       0       0       0       0       0       0       0       0       0       0       0
      Totals:         0       0       0       0       0       0       0       0       0       0       0       0       0       0       0       0       0
Total ram usage:        0 bytes
 Hardware stack levels used:    1
 This function calls:
		Nothing
 This function is called by:
		_Send_RForIR_bit
 This function uses a non-reentrant model


 *************** function _RFoff *****************
 Defined at:
		line 398 in file "RF.c"
 Parameters:    Size  Location     Type
		None
 Auto vars:     Size  Location     Type
		None
 Return value:  Size  Location     Type
		None               void
 Registers used:
		wreg, status,2, status,0
 Tracked objects:
		On entry : 
		On exit  : 
		Unchanged: 
 Data sizes:     COMRAM   BANK0   BANK1   BANK2   BANK3   BANK4   BANK5   BANK6   BANK7   BANK8   BANK9  BANK10  BANK11  BANK12  BANK13  BANK14  BANK15
      Params:         0       0       0       0       0       0       0       0       0       0       0       0       0       0       0       0       0
      Locals:         0       0       0       0       0       0       0       0       0       0       0       0       0       0       0       0       0
      Temps:          0       0       0       0       0       0       0       0       0       0       0       0       0       0       0       0       0
      Totals:         0       0       0       0       0       0       0       0       0       0       0       0       0       0       0       0       0
Total ram usage:        0 bytes
 Hardware stack levels used:    1
 This function calls:
		Nothing
 This function is called by:
		_Send_RForIR_bit
 This function uses a non-reentrant model



MODULE INFORMATION

Module		Function		Class		Link	Load	Size
C:\Program Files (x86)\Microchip\xc8\v1.33\sources\common\ftneg.c
		___ftneg       		CODE           	C8B4	0000	50

C:\Program Files (x86)\Microchip\xc8\v1.33\sources\common\ftneg.c estimated size: 50

UART.c
		_OpenUSART     		CODE           	C006	0000	116
		_Local_CloseUSA		CODE           	CC4A	0000	14
		_InitUART      		CODE           	A1DA	0000	324
		_UARTstring_CON		CODE           	C710	0000	56
		_UARTstring    		CODE           	CA7A	0000	38
		_UARTstringCRLN		CODE           	C498	0000	72
		_EraseScreen   		CODE           	CAA0	0000	38
		_UARTstringCRLN		CODE           	C748	0000	54
		_PrintHeader   		CODE           	A58C	0000	304
		_UARTchar      		CODE           	C77E	0000	54
		_ClearUSART    		CODE           	CBC0	0000	18
		_ReadUSART     		CODE           	CB20	0000	22
		_UARTchar_CONST		CODE           	C662	0000	58
		_UARTcommandMen		CODE           	A7EC	0000	290

UART.c estimated size: 1458

Bluetooth.c
		_BluetoothConfi		CODE           	CC3A	0000	16
		_BlueConnected 		CODE           	CCA8	0000	12
		_ResetBlue     		CODE           	AA2C	0000	286
		_WaitForIRsigna		CODE           	BCFE	0000	146
		_BluetoothIniti		CODE           	56C0	0000	2266
		_InitBluetooth 		CODE           	BE94	0000	126
		_UseBluetooth  		CODE           	0364	0000	13950
		_EnterCommandMo		CODE           	94CC	0000	410

Bluetooth.c estimated size: 17212

C:\Program Files (x86)\Microchip\xc8\v1.33\sources\common\ftge.c
		___ftge        		CODE           	B3E6	0000	212

C:\Program Files (x86)\Microchip\xc8\v1.33\sources\common\ftge.c estimated size: 212

Timer.c
		_InitTimer0    		CODE           	CC2A	0000	16
		_InitTimer1    		CODE           	CC66	0000	14
		_InitTimer2    		CODE           	CC58	0000	14
		_InitTimer3    		CODE           	CCE0	0000	10
		_InitTimers    		CODE           	CB4C	0000	20
		_SetTimer0     		CODE           	CB88	0000	20
		_LEDTimerON    		CODE           	CB9C	0000	18
		_ResetTimer0   		CODE           	CCEA	0000	10
		_ResetTimer1   		CODE           	CCCC	0000	10
		_ResetTimer3   		CODE           	CD08	0000	10

Timer.c estimated size: 142

C:\Program Files (x86)\Microchip\xc8\v1.33\sources\common\doprnt.c
		_scale         		CODE           	6660	0000	1474
		_sprintf       		CODE           	39E2	0000	4068
		_fround        		CODE           	825C	0000	812

C:\Program Files (x86)\Microchip\xc8\v1.33\sources\common\doprnt.c estimated size: 6354

C:\Program Files (x86)\Microchip\xc8\v1.33\sources\common\ftsub.c
		___ftsub       		CODE           	C626	0000	60

C:\Program Files (x86)\Microchip\xc8\v1.33\sources\common\ftsub.c estimated size: 60

C:\Program Files (x86)\Microchip\xc8\v1.33\sources\common\float.c
		___ftpack      		CODE           	AC56	0000	266

C:\Program Files (x86)\Microchip\xc8\v1.33\sources\common\float.c estimated size: 266

C:\Program Files (x86)\Microchip\xc8\v1.33\sources\common\ftdivl.c
		__tdiv_to_l_   		CODE           	8F84	0000	480

C:\Program Files (x86)\Microchip\xc8\v1.33\sources\common\ftdivl.c estimated size: 480

interrupts.c
		_high_isr      		CODE           	0008	0000	45834
		_low_isr       		CODE           	0018	0000	840

interrupts.c estimated size: 46674

C:\Program Files (x86)\Microchip\xc8\v1.33\sources\common\awmod.c
		___awmod       		CODE           	B71E	0000	196

C:\Program Files (x86)\Microchip\xc8\v1.33\sources\common\awmod.c estimated size: 196

C:\Program Files (x86)\Microchip\xc8\v1.33\sources\common\Umul16.c
		___wmul        		CODE           	C7B4	0000	54

C:\Program Files (x86)\Microchip\xc8\v1.33\sources\common\Umul16.c estimated size: 54

C:\Program Files (x86)\Microchip\xc8\v1.33\sources\common\llmod.c
		___llmod       		CODE           	B9EC	0000	164

C:\Program Files (x86)\Microchip\xc8\v1.33\sources\common\llmod.c estimated size: 164

RF.c
		_SendRF_wait   		CODE           	C56A	0000	64
		_DisplayRF_Chan		CODE           	9DD4	0000	362
		_SendRF_Channel		CODE           	7A4C	0000	1036
		_GetRFstatus   		CODE           	CC82	0000	14
		_RFoff         		CODE           	CC08	0000	18
		_SendRF        		CODE           	A90E	0000	286
		_RFon          		CODE           	CBF6	0000	18
		_Send_RForIR_bi		CODE           	6C22	0000	1340

RF.c estimated size: 3138

C:\Program Files (x86)\Microchip\xc8\v1.33\sources\common\ftmul.c
		___ftmul       		CODE           	9C5E	0000	374

C:\Program Files (x86)\Microchip\xc8\v1.33\sources\common\ftmul.c estimated size: 374

Button.c
		_ReadPushButton		CODE           	CC90	0000	12
		_ReadCodeButton		CODE           	C368	0000	82

Button.c estimated size: 94

C:\Program Files (x86)\Microchip\xc8\v1.33\sources\common\ftdiv.c
		___ftdiv       		CODE           	9F3E	0000	344

C:\Program Files (x86)\Microchip\xc8\v1.33\sources\common\ftdiv.c estimated size: 344

C:\Program Files (x86)\Microchip\xc8\v1.33\sources\common\Umul32.c
		___lmul        		CODE           	BD90	0000	134

C:\Program Files (x86)\Microchip\xc8\v1.33\sources\common\Umul32.c estimated size: 134

C:\Program Files (x86)\Microchip\xc8\v1.33\sources\common\fldivl.c
		__div_to_l_    		CODE           	8D5C	0000	552

C:\Program Files (x86)\Microchip\xc8\v1.33\sources\common\fldivl.c estimated size: 552

C:\Program Files (x86)\Microchip\xc8\v1.33\sources\common\awdiv.c
		___awdiv       		CODE           	B154	0000	226

C:\Program Files (x86)\Microchip\xc8\v1.33\sources\common\awdiv.c estimated size: 226

EEPROM.c
		_SyncEEPROMToGl		CODE           	B066	0000	238
		_SetEEPROMdefau		CODE           	AB4A	0000	268
		_SetMemoryLong 		CODE           	AE66	0000	258
		_SetMemoryChar 		CODE           	C404	0000	74
		_EEPROM_UNLOCK 		CODE           	CB60	0000	20
		_EEPROMinitiali		CODE           	CBD2	0000	18
		_ReadEEPROM_1By		CODE           	C202	0000	94
		_GetEEPROM1    		CODE           	A096	0000	324
		_GetEEPROM2    		CODE           	AF68	0000	254
		_WriteEEPROM_1B		CODE           	C1A4	0000	94
		_SetEEPROM1    		CODE           	A31E	0000	316
		_SetEEPROM2    		CODE           	A45A	0000	306
		_SyncEEPROMToGl		CODE           	CCD6	0000	10
		_SyncGlobalToEE		CODE           	BC68	0000	150
		_GetMemoryLong 		CODE           	97EC	0000	380
		_GetMemoryChar 		CODE           	CA26	0000	42
		_SyncEEPROMToGl		CODE           	B4BA	0000	206

EEPROM.c estimated size: 3052

C:\Program Files (x86)\Microchip\xc8\v1.33\sources\common\lbmod.c
		___lbmod       		CODE           	C526	0000	68

C:\Program Files (x86)\Microchip\xc8\v1.33\sources\common\lbmod.c estimated size: 68

C:\Program Files (x86)\Microchip\xc8\v1.33\sources\common\lldiv.c
		___lldiv       		CODE           	B312	0000	212

C:\Program Files (x86)\Microchip\xc8\v1.33\sources\common\lldiv.c estimated size: 212

shared
		i1_UARTchar    		CODE           	CA50	0000	42
		_Conf2_ChannelB		MEDIUMCONST    	E736	0000	19
		_Conf2_ChannelD		MEDIUMCONST    	E749	0000	19
		_Conf1_ChannelD		MEDIUMCONST    	E8CF	0000	12
		_Conf1_ChannelE		MEDIUMCONST    	E8DB	0000	12
		_Conf1_ChannelF		MEDIUMCONST    	E8E7	0000	12
		i1_UARTstring  		CODE           	CAC6	0000	36
		__stringdata   		MEDIUMCONST    	E912	0000	5869
		i1_cleanBuffer1		CODE           	C4E0	0000	70
		_Conf1_Channels		MEDIUMCONST    	E907	0000	4
		__powers_      		MEDIUMCONST    	DEDA	0000	39
		_Conf2_ChannelB		MEDIUMCONST    	E7D6	0000	16
		_Conf2_ChannelD		MEDIUMCONST    	E7F6	0000	16
		_Conf2_ChannelH		MEDIUMCONST    	E6BB	0000	21
		i1_ReadIRpin   		CODE           	CCB4	0000	12
		_Conf2_ChannelH		MEDIUMCONST    	E6D0	0000	21
		_Conf2_ChannelH		MEDIUMCONST    	E6E5	0000	21
		_dpowers       		MEDIUMCONST    	DE8B	0000	40
		_SYNTAX_ERR    		MEDIUMCONST    	E8C1	0000	14
		_Conf2_ChannelH		MEDIUMCONST    	E792	0000	17
		_Conf2_ChannelH		MEDIUMCONST    	E7A3	0000	17
		_Conf2_ChannelH		MEDIUMCONST    	E7B4	0000	17
		_PCBVersion    		MEDIUMCONST    	E902	0000	5
		i1_BlueConnecte		CODE           	CCC0	0000	12
		i1_ResetTimer0 		CODE           	CCF4	0000	10
		i1_ResetTimer1 		CODE           	CCFE	0000	10
		_Conf2_Channels		MEDIUMCONST    	E90B	0000	4
		_FirmVersion   		MEDIUMCONST    	E8F3	0000	9
		_Conf3         		MEDIUMCONST    	DF21	0000	1920
		__npowers_     		MEDIUMCONST    	DEB3	0000	39
		_Conf1_ChannelD		MEDIUMCONST    	E876	0000	15
		_Conf1_ChannelE		MEDIUMCONST    	E885	0000	15
		_Conf1_ChannelF		MEDIUMCONST    	E894	0000	15
		i1_ReadUSART   		CODE           	CB74	0000	20
		__initializatio		CODE           	B588	0000	198
		_Conf3_Channels		MEDIUMCONST    	E7C5	0000	17
		_CRLN          		MEDIUMCONST    	E90F	0000	3
		i1_IRreceiverIn		CODE           	CD24	0000	6
		_ProjectName   		MEDIUMCONST    	E6A1	0000	26
		_Conf2_ChannelH		MEDIUMCONST    	E816	0000	16
		_Conf2_ChannelH		MEDIUMCONST    	E836	0000	16
		_Conf2_ChannelH		MEDIUMCONST    	E856	0000	16
		i1_UARTstring_C		CODE           	C942	0000	46
		i2_UARTstring_C		CODE           	C99E	0000	46
		_Conf2_ChannelH		MEDIUMCONST    	E6FA	0000	20
		i1_IRreceiverIn		CODE           	CD2A	0000	6
		i1_UARTstringCR		CODE           	C69C	0000	58
		_Conf2_ChannelH		MEDIUMCONST    	E70E	0000	20
		_Conf2_ChannelH		MEDIUMCONST    	E722	0000	20
		_Conf2_ChannelB		MEDIUMCONST    	E8A3	0000	15
		i2_UARTstringCR		CODE           	C6D6	0000	58
		_Conf2_ChannelD		MEDIUMCONST    	E8B2	0000	15
		_hexpowers     		MEDIUMCONST    	DF01	0000	32
		_Conf3_Buttons 		MEDIUMCONST    	E8FC	0000	6
		_Conf2_ChannelB		MEDIUMCONST    	E75C	0000	18
		_Conf2_ChannelD		MEDIUMCONST    	E76E	0000	18
		i1_LEDTimerON  		CODE           	CBE4	0000	18
		_Conf2_ChannelB		MEDIUMCONST    	E7E6	0000	16
		_Conf2_ChannelD		MEDIUMCONST    	E806	0000	16
		i1_delayUS     		CODE           	C5AA	0000	62
		_Conf2_ChannelH		MEDIUMCONST    	E826	0000	16
		i2_delayUS     		CODE           	C5E8	0000	62
		_Frequency     		MEDIUMCONST    	E780	0000	18
		_Conf2_ChannelH		MEDIUMCONST    	E846	0000	16
		_Conf2_ChannelH		MEDIUMCONST    	E866	0000	16
		i1_UARTchar_CON		CODE           	C970	0000	46
		i2_UARTchar_CON		CODE           	C9CC	0000	46

shared estimated size: 9428

ADC.c
		_InternalADC_Re		CODE           	BB2E	0000	158
		_ReadVoltage   		CODE           	BA90	0000	158
		_VoltageDivider		CODE           	CD34	0000	2
		_InitADC       		CODE           	CB36	0000	22
		_ResetADC      		CODE           	CC74	0000	14

ADC.c estimated size: 354

MISC.c
		_Round         		CODE           	C07A	0000	100
		_StringContains		CODE           	A6BC	0000	304
		_BufferCopy    		CODE           	9666	0000	390
		_StringContains		CODE           	9164	0000	448
		_GetStringAfter		CODE           	AD60	0000	262
		_cleanBuffer   		CODE           	C2BA	0000	90
		_IsAlphaNumeric		CODE           	C850	0000	50
		_cleanBuffer16b		CODE           	C0DE	0000	100
		_lowercaseStrin		CODE           	C3BA	0000	74
		_delayUS       		CODE           	C142	0000	98
		_IsAlphaNumeric		CODE           	C882	0000	50
		_Invert        		CODE           	CBAE	0000	18
		_Reverse_Byte  		CODE           	B7E2	0000	180
		_IsLetter      		CODE           	C914	0000	46
		_Reverse_4Byte 		CODE           	49C6	0000	3322
		_IsNumber      		CODE           	CAEA	0000	30
		_StringAddEqual		CODE           	8AFA	0000	610
		_StringMatch   		CODE           	BF90	0000	118
		_GetNumber     		CODE           	715E	0000	1170
		_IsCharacter   		CODE           	CB08	0000	24
		_StringMatchCas		CODE           	BBCC	0000	156
		_GetNumberUnsig		CODE           	75F0	0000	1116
		_lowercaseChar 		CODE           	C7EA	0000	52

MISC.c estimated size: 8808

C:\Program Files (x86)\Microchip\xc8\v1.33\sources\common\fttol.c
		___fttol       		CODE           	9968	0000	380

C:\Program Files (x86)\Microchip\xc8\v1.33\sources\common\fttol.c estimated size: 380

C:\Program Files (x86)\Microchip\xc8\v1.33\sources\common\altoft.c
		___altoft      		CODE           	B654	0000	202

C:\Program Files (x86)\Microchip\xc8\v1.33\sources\common\altoft.c estimated size: 202

IR.c
		_IRreceiverIntO		CODE           	CD18	0000	6
		_DecodeNEC     		CODE           	B896	0000	176
		_InitIR        		CODE           	C314	0000	84
		_EncodeNEC     		CODE           	9AE4	0000	378
		_UseIRCode     		CODE           	8588	0000	754
		_IRrawToNEC    		CODE           	7E58	0000	1028
		_ReadIRpin     		CODE           	CC9C	0000	12
		_IRreceiverIntO		CODE           	CD1E	0000	6
		_SendNEC_wait  		CODE           	B946	0000	166
		_SendNEC_bytes 		CODE           	BE16	0000	126
		_CheckReceiving		CODE           	CC1A	0000	16

IR.c estimated size: 2752

user.c
		_InitApp       		CODE           	C44E	0000	74
		_Init_System   		CODE           	9324	0000	424

user.c estimated size: 498

C:\Program Files (x86)\Microchip\xc8\v1.33\sources\common\ftadd.c
		___ftadd       		CODE           	887A	0000	640

C:\Program Files (x86)\Microchip\xc8\v1.33\sources\common\ftadd.c estimated size: 640

main.c
		_main          		CODE           	5F9A	0000	1734

main.c estimated size: 1734

C:\Program Files (x86)\Microchip\xc8\v1.33\sources\common\lwtoft.c
		___lwtoft      		CODE           	C8E6	0000	46

C:\Program Files (x86)\Microchip\xc8\v1.33\sources\common\lwtoft.c estimated size: 46

C:\Program Files (x86)\Microchip\xc8\v1.33\sources\common\lltoft.c
		___lltoft      		CODE           	BF12	0000	126

C:\Program Files (x86)\Microchip\xc8\v1.33\sources\common\lltoft.c estimated size: 126

system.c
		_ConfigureOscil		CODE           	CD36	0000	2

system.c estimated size: 2

C:\Program Files (x86)\Microchip\xc8\v1.33\sources\common\lbdiv.c
		___lbdiv       		CODE           	C260	0000	90

C:\Program Files (x86)\Microchip\xc8\v1.33\sources\common\lbdiv.c estimated size: 90

C:\Program Files (x86)\Microchip\xc8\v1.33\sources\common\isdigit.c
		_isdigit       		CODE           	C9FA	0000	44

C:\Program Files (x86)\Microchip\xc8\v1.33\sources\common\isdigit.c estimated size: 44

