Microchip MPLAB XC8 Compiler V1.34 ()

Linker command line:

-W-1 --edf=C:\Program Files (x86)\Microchip\xc8\v1.34\dat\en_msgs.txt -cs \
  -h+dist/xc8_pic18f26k20/production\PIC_IR_RF_Bluetooth_Home_Automation.production.sym \
  --cmf=dist/xc8_pic18f26k20/production\PIC_IR_RF_Bluetooth_Home_Automation.production.cmf \
  -z -Q18F26K20 -oC:\Users\DWHITF~1.TDY\AppData\Local\Temp\sa3g.6 \
  -Mdist/xc8_pic18f26k20/production/PIC_IR_RF_Bluetooth_Home_Automation.production.map \
  -E1 -ver=XC8 -ASTACK=06C8h-0f5fh -pstack=STACK -ACODE=00h-0FFFFh \
  -ACONST=00h-0FFFFh -ASMALLCONST=01000h-010FFhx240 \
  -AMEDIUMCONST=01000h-0FFFFh -ACOMRAM=01h-05Fh -AABS1=00h-0F5Fh \
  -ABIGRAM=01h-0F5Fh -ARAM=060h-0FFh,0100h-01FFhx14,0F00h-0F5Fh \
  -ABANK0=060h-0FFh -ABANK1=0100h-01FFh -ABANK2=0200h-02FFh \
  -ABANK3=0300h-03FFh -ABANK4=0400h-04FFh -ABANK5=0500h-05FFh \
  -ABANK6=0600h-06FFh -ABANK7=0700h-07FFh -ABANK8=0800h-08FFh \
  -ABANK9=0900h-09FFh -ABANK10=0A00h-0AFFh -ABANK11=0B00h-0BFFh \
  -ABANK12=0C00h-0CFFh -ABANK13=0D00h-0DFFh -ABANK14=0E00h-0EFFh \
  -ABANK15=0F00h-0F5Fh -ASFR=0F60h-0FFFh \
  -preset_vec=00h,intcode=08h,intcodelo=018h,powerup,init,end_init \
  -pramtop=01000h -psmallconst=SMALLCONST -pmediumconst=MEDIUMCONST \
  -pconst=CONST -AFARRAM=00h-00h -ACONFIG=0300000h-030000Dh -pconfig=CONFIG \
  -AIDLOC=0200000h-0200007h -pidloc=IDLOC -AEEDATA=0F00000h-0F003FFh \
  -peeprom_data=EEDATA \
  -prdata=COMRAM,nvrram=COMRAM,nvbit=COMRAM,rbss=COMRAM,rbit=COMRAM \
  -pfarbss=FARRAM,fardata=FARRAM,nvFARRAM=FARRAM \
  -pintsave_regs=BIGRAM,bigbss=BIGRAM,bigdata=BIGRAM -pbss=RAM \
  -pidata=CODE,irdata=CODE,ibigdata=CODE,ifardata=CODE -prparam=COMRAM \
  C:\Users\DWHITF~1.TDY\AppData\Local\Temp\sa3g.obj \
  dist/xc8_pic18f26k20/production\PIC_IR_RF_Bluetooth_Home_Automation.production.obj 

Object code version is 3.11

Machine type is 18F26K20

Call graph: (short form)




                Name                               Link     Load   Length Selector   Space Scale
C:\Users\DWHITF~1.TDY\AppData\Local\Temp\sa3g.obj
                end_init                            1CC      1CC        4        C       0
                reset_vec                             0        0        4        0       0
                idloc                            200000   200000        8   200000       0
                config                           300000   300000        E   300000       0
dist/xc8_pic18f26k20/production\PIC_IR_RF_Bluetooth_Home_Automation.production.obj
                intcodelo                            18       18      1B4        C       0
                intcode                               8        8       10        4       0
                mediumconst                        EC7E     EC7E     1382     763F       0
                text125                            69AC     69AC      32C        C       0
                text124                            AF14     AF14        A        C       0
                text123                            AF0A     AF0A        A        C       0
                text122                            AED4     AED4        E        C       0
                text121                            AF00     AF00        A        C       0
                text120                            A938     A938       42        C       0
                intcode_body                       5634     5634      590        C       0
                text118                            ADCE     ADCE       16        C       0
                text117                            AC9A     AC9A       28        C       0
                text116                            AD74     AD74       18        C       0
                text115                            AEC6     AEC6        E        C       0
                text114                            ADB8     ADB8       16        C       0
                text113                            ACC2     ACC2       26        C       0
                text112                            AD42     AD42       1A        C       0
                text111                            AB92     AB92       30        C       0
                text109                            AF2A     AF2A        2     5794       0
                text108                            A8B2     A8B2       44        C       0
                text107                            ADF8     ADF8       14        C       0
                text106                            AEB8     AEB8        E        C       0
                text105                            ADA2     ADA2       16        C       0
                text104                            AE42     AE42       12        C       0
                text103                            A67A     A67A       5A        C       0
                text102                            A26C     A26C       8A        C       0
                text101                            AEAA     AEAA        E        C       0
                text100                            AD5C     AD5C       18        C       0
                text99                             AE30     AE30       12        C       0
                text98                             A72C     A72C       56        C       0
                text97                             945C     945C       E2        C       0
                text96                             896E     896E      13A        C       0
                text95                             ACE8     ACE8       20        C       0
                text94                             AB30     AB30       32        C       0
                text93                             97B8     97B8       CE        C       0
                text92                             AB62     AB62       30        C       0
                text91                             8BD4     8BD4      120        C       0
                text90                             7230     7230      27E        C       0
                text89                             A7D6     A7D6       50        C       0
                text88                             86CE     86CE      152        C       0
                text87                             9A1C     9A1C       C6        C       0
                text86                             9CFA     9CFA       A4        C       0
                text85                             A2F6     A2F6       80        C       0
                text84                             7E28     7E28      194        C       0
                text83                             7C82     7C82      1A6        C       0
                text82                             961A     961A       D0        C       0
                text81                             9B98     9B98       B4        C       0
                text80                             82B4     82B4      16C        C       0
                text79                             AA2A     AA2A       38        C       0
                text78                             6CD8     6CD8      2D8        C       0
                text77                             ABC2     ABC2       2E        C       0
                text76                             5BC4     5BC4      504        C       0
                text75                             2C44     2C44      F7A        C       0
                text74                             8420     8420      15C        C       0
                text73                             AC1C     AC1C       2C        C       0
                text72                             7AD4     7AD4      1AE        C       0
                text71                             AD26     AD26       1C        C       0
                text70                             AC72     AC72       28        C       0
                text69                             483C     483C      7E6        C       0
                text68                             A6D4     A6D4       58        C       0
                text67                             AC48     AC48       2A        C       0
                text66                             AD8C     AD8C       16        C       0
                text65                             A61E     A61E       5C        C       0
                text64                             A9B8     A9B8       3A        C       0
                text63                             8144     8144      170        C       0
                text62                             9272     9272       FA        C       0
                text61                             8AA8     8AA8      12C        C       0
                text60                             9164     9164      10E        C       0
                text59                             9EE2     9EE2       A0        C       0
                text58                             A4E4     A4E4       76        C       0
                text57                             AE54     AE54       10        C       0
                text56                             AE9C     AE9C        E        C       0
                text55                             AEF6     AEF6        A        C       0
                text54                             A5C0     A5C0       5E        C       0
                text53                             A826     A826       48        C       0
                text52                             AE8E     AE8E        E        C       0
                text51                             AE80     AE80        E        C       0
                text50                             AEEC     AEEC        A        C       0
                text49                             ADE4     ADE4       14        C       0
                text48                             AE72     AE72        E        C       0
                text47                             A376     A376       7C        C       0
                text46                             9E40     9E40       A2        C       0
                text45                             A55A     A55A       66        C       0
                text44                             904E     904E      116        C       0
                text43                             8F30     8F30      11E        C       0
                text42                             953E     953E       DC        C       0
                text41                             9952     9952       CA        C       0
                text40                             7906     7906      1CE        C       0
                text39                             7FBC     7FBC      188        C       0
                text38                             9AE2     9AE2       B6        C       0
                text37                             9C4C     9C4C       AE        C       0
                text36                             96EA     96EA       CE        C       0
                text35                             8820     8820      14E        C       0
                text34                             AAFE     AAFE       32        C       0
                text33                             A3F2     A3F2       7A        C       0
                text32                             60C8     60C8      486        C       0
                text31                             654E     654E      45E        C       0
                text30                             8E12     8E12      11E        C       0
                text29                             AD08     AD08       1E        C       0
                text28                             AA98     AA98       34        C       0
                text27                             AA62     AA62       36        C       0
                text26                             9D9E     9D9E       A2        C       0
                text25                             AF28     AF28        2     5794       0
                text24                             857C     857C      152        C       0
                text23                             ABF0     ABF0       2C        C       0
                text22                             A020     A020       9E        C       0
                text21                             AE1E     AE1E       12        C       0
                text20                             3BBE     3BBE      C7E        C       0
                text19                             A1E2     A1E2       8A        C       0
                text18                             9F82     9F82       9E        C       0
                text17                             AEE2     AEE2        A        C       0
                text16                             AE0C     AE0C       12        C       0
                text15                             936C     936C       F0        C       0
                text14                             A97A     A97A       3E        C       0
                text13                             6FB0     6FB0      280        C       0
                text12                             7706     7706      200        C       0
                text11                             A46C     A46C       78        C       0
                text10                             A0BE     A0BE       94        C       0
                text9                              8CF4     8CF4      11E        C       0
                text8                              A9F2     A9F2       38        C       0
                text7                              A8F6     A8F6       42        C       0
                text6                              A152     A152       90        C       0
                text5                              A86E     A86E       44        C       0
                text4                               1D0      1D0     2A74        C       0
                text3                              A782     A782       54        C       0
                text2                              AE64     AE64        E        C       0
                text1                              74AE     74AE      258        C       0
                text0                              5022     5022      612        C       0
                cstackCOMRAM                          1        1       39        1       1
                cstackBANK0                          60       60       95       60       1
                cstackBANK1                         100      100       FF      100       1
                cstackBANK2                         200      200       8A      200       1
                cstackBANK3                         300      300       E5      300       1
                bssBANK6                            600      600       C8      600       1
                dataBANK5                           500      500       32      500       1
                bssBANK5                            532      532       1E      500       1
                bssBANK4                            400      400       FB      400       1
                dataBANK3                           3F1      3F1        4      300       1
                bssBANK3                            3E5      3E5        C      300       1
                bssBANK2                            28A      28A       66      200       1
                dataBANK0                            FF       FF        1       60       1
                bssBANK0                             F5       F5        A       60       1
                dataCOMRAM                           4C       4C        5        1       1
                bssCOMRAM                            3A       3A       12        1       1
                cinit                              9886     9886       CC        C       0
                idataBANK5                         AACC     AACC       32        C       0
                idataBANK3                         AF23     AF23        4        C       0
                idataBANK0                         AF2C     AF2C        1     5794       0
                idataCOMRAM                        AF1E     AF1E        5        C       0

TOTAL           Name                               Link     Load   Length     Space
        CLASS   STACK          

        CLASS   CODE           
                end_init                            1CC      1CC        4         0
                intcodelo                            18       18      1B4         0
                intcode                               8        8       10         0
                reset_vec                             0        0        4         0
                text125                            69AC     69AC      32C         0
                text124                            AF14     AF14        A         0
                text123                            AF0A     AF0A        A         0
                text122                            AED4     AED4        E         0
                text121                            AF00     AF00        A         0
                text120                            A938     A938       42         0
                intcode_body                       5634     5634      590         0
                text118                            ADCE     ADCE       16         0
                text117                            AC9A     AC9A       28         0
                text116                            AD74     AD74       18         0
                text115                            AEC6     AEC6        E         0
                text114                            ADB8     ADB8       16         0
                text113                            ACC2     ACC2       26         0
                text112                            AD42     AD42       1A         0
                text111                            AB92     AB92       30         0
                text109                            AF2A     AF2A        2         0
                text108                            A8B2     A8B2       44         0
                text107                            ADF8     ADF8       14         0
                text106                            AEB8     AEB8        E         0
                text105                            ADA2     ADA2       16         0
                text104                            AE42     AE42       12         0
                text103                            A67A     A67A       5A         0
                text102                            A26C     A26C       8A         0
                text101                            AEAA     AEAA        E         0
                text100                            AD5C     AD5C       18         0
                text99                             AE30     AE30       12         0
                text98                             A72C     A72C       56         0
                text97                             945C     945C       E2         0
                text96                             896E     896E      13A         0
                text95                             ACE8     ACE8       20         0
                text94                             AB30     AB30       32         0
                text93                             97B8     97B8       CE         0
                text92                             AB62     AB62       30         0
                text91                             8BD4     8BD4      120         0
                text90                             7230     7230      27E         0
                text89                             A7D6     A7D6       50         0
                text88                             86CE     86CE      152         0
                text87                             9A1C     9A1C       C6         0
                text86                             9CFA     9CFA       A4         0
                text85                             A2F6     A2F6       80         0
                text84                             7E28     7E28      194         0
                text83                             7C82     7C82      1A6         0
                text82                             961A     961A       D0         0
                text81                             9B98     9B98       B4         0
                text80                             82B4     82B4      16C         0
                text79                             AA2A     AA2A       38         0
                text78                             6CD8     6CD8      2D8         0
                text77                             ABC2     ABC2       2E         0
                text76                             5BC4     5BC4      504         0
                text75                             2C44     2C44      F7A         0
                text74                             8420     8420      15C         0
                text73                             AC1C     AC1C       2C         0
                text72                             7AD4     7AD4      1AE         0
                text71                             AD26     AD26       1C         0
                text70                             AC72     AC72       28         0
                text69                             483C     483C      7E6         0
                text68                             A6D4     A6D4       58         0
                text67                             AC48     AC48       2A         0
                text66                             AD8C     AD8C       16         0
                text65                             A61E     A61E       5C         0
                text64                             A9B8     A9B8       3A         0
                text63                             8144     8144      170         0
                text62                             9272     9272       FA         0
                text61                             8AA8     8AA8      12C         0
                text60                             9164     9164      10E         0
                text59                             9EE2     9EE2       A0         0
                text58                             A4E4     A4E4       76         0
                text57                             AE54     AE54       10         0
                text56                             AE9C     AE9C        E         0
                text55                             AEF6     AEF6        A         0
                text54                             A5C0     A5C0       5E         0
                text53                             A826     A826       48         0
                text52                             AE8E     AE8E        E         0
                text51                             AE80     AE80        E         0
                text50                             AEEC     AEEC        A         0
                text49                             ADE4     ADE4       14         0
                text48                             AE72     AE72        E         0
                text47                             A376     A376       7C         0
                text46                             9E40     9E40       A2         0
                text45                             A55A     A55A       66         0
                text44                             904E     904E      116         0
                text43                             8F30     8F30      11E         0
                text42                             953E     953E       DC         0
                text41                             9952     9952       CA         0
                text40                             7906     7906      1CE         0
                text39                             7FBC     7FBC      188         0
                text38                             9AE2     9AE2       B6         0
                text37                             9C4C     9C4C       AE         0
                text36                             96EA     96EA       CE         0
                text35                             8820     8820      14E         0
                text34                             AAFE     AAFE       32         0
                text33                             A3F2     A3F2       7A         0
                text32                             60C8     60C8      486         0
                text31                             654E     654E      45E         0
                text30                             8E12     8E12      11E         0
                text29                             AD08     AD08       1E         0
                text28                             AA98     AA98       34         0
                text27                             AA62     AA62       36         0
                text26                             9D9E     9D9E       A2         0
                text25                             AF28     AF28        2         0
                text24                             857C     857C      152         0
                text23                             ABF0     ABF0       2C         0
                text22                             A020     A020       9E         0
                text21                             AE1E     AE1E       12         0
                text20                             3BBE     3BBE      C7E         0
                text19                             A1E2     A1E2       8A         0
                text18                             9F82     9F82       9E         0
                text17                             AEE2     AEE2        A         0
                text16                             AE0C     AE0C       12         0
                text15                             936C     936C       F0         0
                text14                             A97A     A97A       3E         0
                text13                             6FB0     6FB0      280         0
                text12                             7706     7706      200         0
                text11                             A46C     A46C       78         0
                text10                             A0BE     A0BE       94         0
                text9                              8CF4     8CF4      11E         0
                text8                              A9F2     A9F2       38         0
                text7                              A8F6     A8F6       42         0
                text6                              A152     A152       90         0
                text5                              A86E     A86E       44         0
                text4                               1D0      1D0     2A74         0
                text3                              A782     A782       54         0
                text2                              AE64     AE64        E         0
                text1                              74AE     74AE      258         0
                text0                              5022     5022      612         0
                cinit                              9886     9886       CC         0
                idataBANK5                         AACC     AACC       32         0
                idataBANK3                         AF23     AF23        4         0
                idataBANK0                         AF2C     AF2C        1         0
                idataCOMRAM                        AF1E     AF1E        5         0

        CLASS   CONST          

        CLASS   SMALLCONST     

        CLASS   MEDIUMCONST    
                mediumconst                        EC7E     EC7E     1382         0

        CLASS   COMRAM         
                cstackCOMRAM                          1        1       39         1
                dataCOMRAM                           4C       4C        5         1
                bssCOMRAM                            3A       3A       12         1

        CLASS   ABS1           

        CLASS   BIGRAM         

        CLASS   RAM            

        CLASS   BANK0          
                cstackBANK0                          60       60       95         1
                dataBANK0                            FF       FF        1         1
                bssBANK0                             F5       F5        A         1

        CLASS   BANK1          
                cstackBANK1                         100      100       FF         1

        CLASS   BANK2          
                cstackBANK2                         200      200       8A         1
                bssBANK2                            28A      28A       66         1

        CLASS   BANK3          
                cstackBANK3                         300      300       E5         1
                dataBANK3                           3F1      3F1        4         1
                bssBANK3                            3E5      3E5        C         1

        CLASS   BANK4          
                bssBANK4                            400      400       FB         1

        CLASS   BANK5          
                dataBANK5                           500      500       32         1
                bssBANK5                            532      532       1E         1

        CLASS   BANK6          
                bssBANK6                            600      600       C8         1

        CLASS   BANK7          

        CLASS   BANK8          

        CLASS   BANK9          

        CLASS   BANK10         

        CLASS   BANK11         

        CLASS   BANK12         

        CLASS   BANK13         

        CLASS   BANK14         

        CLASS   BANK15         

        CLASS   SFR            

        CLASS   FARRAM         

        CLASS   CONFIG         
                config                           300000   300000        E         0

        CLASS   IDLOC          
                idloc                            200000   200000        8         0

        CLASS   EEDATA         



SEGMENTS        Name                           Load    Length   Top    Selector   Space  Class

                reset_vec                      000000  000004  000004         0       0  CODE    
                cstackCOMRAM                   000001  000050  000051         1       1  COMRAM  
                intcode                        000008  000010  000018         4       0  CODE    
                intcodelo                      000018  00AF0F  00AF27         C       0  CODE    
                cstackBANK0                    000060  0000A0  000100        60       1  BANK0   
                cstackBANK1                    000100  0000FF  0001FF       100       1  BANK1   
                cstackBANK2                    000200  0000F0  0002F0       200       1  BANK2   
                cstackBANK3                    000300  0000F5  0003F5       300       1  BANK3   
                bssBANK4                       000400  0000FB  0004FB       400       1  BANK4   
                dataBANK5                      000500  000050  000550       500       1  BANK5   
                bssBANK6                       000600  0000C8  0006C8       600       1  BANK6   
                text25                         00AF28  000005  00AF2D      5794       0  CODE    
                mediumconst                    00EC7E  001382  010000      763F       0  MEDIUMCO
                idloc                          200000  000008  200008    200000       0  IDLOC   
                config                         300000  00000E  30000E    300000       0  CONFIG  


UNUSED ADDRESS RANGES

        Name                Unused          Largest block    Delta
        BANK1            0001FF-0001FF                1
        BANK10           000A00-000AFF              100
        BANK11           000B00-000BFF              100
        BANK12           000C00-000CFF              100
        BANK13           000D00-000DFF              100
        BANK14           000E00-000EFF              100
        BANK15           000F00-000F5F               60
        BANK2            0002F0-0002FF               10
        BANK3            0003F5-0003FF                B
        BANK4            0004FB-0004FF                5
        BANK5            000550-0005FF               B0
        BANK6            0006C8-0006FF               38
        BANK7            000700-0007FF              100
        BANK8            000800-0008FF              100
        BANK9            000900-0009FF              100
        BIGRAM           000051-00005F                F
                         0001FF-0001FF                1
                         0002F0-0002FF               10
                         0003F5-0003FF                B
                         0004FB-0004FF                5
                         000550-0005FF               B0
                         0006C8-000F5F              898
        CODE             000004-000007                4
                         00AF27-00AF27                1
                         00AF2D-00EC7D             3D51
        COMRAM           000051-00005F                F
        CONST            000004-000007                4
                         00AF27-00AF27                1
                         00AF2D-00EC7D             3D51
        EEDATA           F00000-F003FF              400
        MEDIUMCONST      00AF27-00AF27                1
                         00AF2D-00EC7D             3D51
        RAM              0001FF-0001FF                1
                         0002F0-0002FF               10
                         0003F5-0003FF                B
                         0004FB-0004FF                5
                         000550-0005FF               B0
                         0006C8-000F5F              100
        SFR              000F60-000FFF               A0
        SMALLCONST       00AF27-00AF27                1
                         00AF2D-00EC7D              100
        STACK            0006C8-000F5F              898

                                  Symbol Table

?_EncodeNEC                                 cstackBANK0  000064
?_GetMemoryChar                             cstackBANK0  000064
?_GetMemoryLong                             cstackBANK0  000064
?_ReadEEPROM_1Byte                          cstackBANK0  000060
?_ReadVoltage                               cstackBANK0  000089
?_Reverse_4Byte                             cstackBANK0  000060
?_Round                                     cstackBANK0  0000AE
?_SetEEPROM1                                cstackBANK0  000096
?_SetEEPROM2                                cstackBANK0  000096
?___altoft                                  cstackBANK0  000068
?___awdiv                                   cstackBANK0  000066
?___awmod                                   cstackBANK0  000060
?___ftadd                                   cstackBANK0  000093
?___ftdiv                                   cstackBANK0  00006B
?___ftmul                                   cstackBANK0  00007A
?___ftneg                                   cstackBANK0  000060
?___ftpack                                  cstackBANK0  000060
?___ftsub                                   cstackBANK0  00009F
?___fttol                                   cstackBANK0  00009F
?___lldiv                                   cstackBANK0  000060
?___llmod                                   cstackBANK0  00006D
?___lltoft                                  cstackBANK0  000068
?___lmul                                    cstackBANK0  000060
?___lwtoft                                  cstackBANK0  000068
?___wmul                                    cstackBANK0  00006E
?__div_to_l_                                cstackBANK0  000060
?__tdiv_to_l_                               cstackBANK0  000060
?_fround                                    cstackBANK0  000089
?_scale                                     cstackBANK0  000089
?_sprintf                                   cstackBANK0  0000AE
BluetoothInitialSetup@BluetoothVersionLine1 cstackBANK1  000133
BluetoothInitialSetup@BluetoothVersionLine2 cstackBANK1  000151
BluetoothInitialSetup@BroadcastTEMP         cstackBANK1  00016F
BluetoothInitialSetup@Default               cstackBANK1  0001B7
BluetoothInitialSetup@buf                   cstackBANK1  000184
BluetoothInitialSetup@first                 cstackBANK1  0001B6
BluetoothInitialSetup@i                     cstackBANK1  0001BA
BluetoothInitialSetup@j                     cstackBANK1  0001B8
BluetoothInitialSetup@ok                    cstackBANK1  0001B9
BufferCopy@count                            cstackBANK0  00006C
BufferCopy@from                             cstackBANK0  000068
BufferCopy@i                                cstackBANK0  00006E
BufferCopy@shift                            cstackBANK0  00006D
BufferCopy@to                               cstackBANK0  00006A
DecodeNEC@Nec                               cstackBANK0  000064
DecodeNEC@address                           cstackBANK0  000068
DecodeNEC@command                           cstackBANK0  00006A
DecodeNEC@temp1                             cstackBANK0  000072
DecodeNEC@temp2                             cstackBANK0  000070
DecodeNEC@temp3                             cstackBANK0  000071
DisplayRF_Channel@channel                   cstackBANK0  000064
EncodeNEC@address                           cstackBANK0  00008C
EncodeNEC@command                           cstackBANK0  000064
EncodeNEC@temp1                             cstackBANK0  00007C
EncodeNEC@temp2                             cstackBANK0  000080
EncodeNEC@temp3                             cstackBANK0  000084
EncodeNEC@temp4                             cstackBANK0  000088
EnterCommandMode@buf                        cstackBANK1  000100
EnterCommandMode@count                      cstackBANK1  000132
EraseScreen@characters                      cstackCOMRAM 000002
EraseScreen@i                               cstackCOMRAM 000003
GetEEPROM1@Arrayspot                        cstackBANK0  000089
GetEEPROM1@Temp                             cstackBANK0  000085
GetEEPROM1@i                                cstackBANK0  00008A
GetEEPROM1@j                                cstackBANK0  00008B
GetEEPROM2@Arrayspot                        cstackBANK0  000089
GetEEPROM2@Temp                             cstackBANK0  000085
GetEEPROM2@i                                cstackBANK0  00008A
GetEEPROM2@j                                cstackBANK0  00008B
GetEEPROM2@k                                cstackBANK0  00008C
GetMemoryChar@AddressFirst                  cstackBANK0  000068
GetMemoryChar@H                             cstackBANK0  000069
GetMemoryLong@AddressFirst                  cstackBANK0  000084
GetMemoryLong@H                             cstackBANK0  000080
GetMemoryLong@L                             cstackBANK0  000083
GetMemoryLong@MH                            cstackBANK0  000081
GetMemoryLong@ML                            cstackBANK0  000082
GetMemoryLong@temp                          cstackBANK0  00007C
GetNumber@CommaNumber                       cstackBANK0  00006E
GetNumber@Hex                               cstackBANK0  000079
GetNumber@This                              cstackBANK0  00006C
GetNumber@count                             cstackBANK0  000078
GetNumber@i                                 cstackBANK0  00007A
GetNumber@negative                          cstackBANK0  000077
GetNumber@result                            cstackBANK0  00006F
GetNumber@temp                              cstackBANK0  00007C
GetNumber@tempCommaNumber                   cstackBANK0  000076
GetNumber@tempThis                          cstackBANK0  00007B
GetNumberUnsigned@CommaNumber               cstackBANK0  00006E
GetNumberUnsigned@Hex                       cstackBANK0  000078
GetNumberUnsigned@This                      cstackBANK0  00006C
GetNumberUnsigned@count                     cstackBANK0  000077
GetNumberUnsigned@i                         cstackBANK0  000079
GetNumberUnsigned@result                    cstackBANK0  00006F
GetNumberUnsigned@temp                      cstackBANK0  00007A
GetNumberUnsigned@tempCommaNumber           cstackBANK0  000076
GetNumberUnsigned@tempThis                  cstackBANK0  00007E
GetStringAfterComma@CommaNumber             cstackBANK0  000062
GetStringAfterComma@This                    cstackBANK0  000060
GetStringAfterComma@count                   cstackBANK0  000067
GetStringAfterComma@result                  cstackBANK0  000063
GetStringAfterComma@tempCommaNumber         cstackBANK0  000066
IRrawToNEC@Invert                           cstackCOMRAM 00001B
IRrawToNEC@NEC                              cstackCOMRAM 000019
IRrawToNEC@NECtemp                          cstackCOMRAM 00001E
IRrawToNEC@Raw                              cstackCOMRAM 000017
IRrawToNEC@StartBit                         cstackCOMRAM 000024
IRrawToNEC@first                            cstackCOMRAM 000022
IRrawToNEC@i                                cstackCOMRAM 000023
InitUART@Baud                               cstackBANK0  0000B5
InitUART@config                             cstackBANK0  0000C2
InitUART@spbrg                              cstackBANK0  0000C0
InitUART@temp                               cstackBANK0  0000C3
Init_System@buf                             cstackBANK1  0001BB
InternalADC_Read@ADCcounts                  cstackBANK0  000069
InternalADC_Read@AnaChanSel                 cstackBANK0  00006D
InternalADC_Read@channel                    cstackBANK0  00006E
IsAlphaNumeric@data                         cstackBANK0  000061
IsAlphaNumericString@data                   cstackBANK0  000062
IsCharacter@data                            cstackCOMRAM 000001
IsLetter@data                               cstackBANK0  000060
IsNumber@data                               cstackBANK0  000060
OpenUSART@config                            cstackBANK0  000062
OpenUSART@spbrg                             cstackBANK0  000060
ReadCodeButtons@temp                        cstackBANK0  000069
ReadEEPROM_1Byte@GIEstatus                  cstackBANK0  000062
ReadEEPROM_1Byte@PEIEstatus                 cstackBANK0  000063
ReadEEPROM_1Byte@address                    cstackBANK0  000060
ReadUSART@data                              cstackBANK0  000060
ReadVoltage@temp                            cstackBANK0  00008F
ReadVoltage@voltage                         cstackBANK0  00008C
Reverse_4Byte@This                          cstackBANK0  000060
Reverse_4Byte@temp                          cstackBANK0  00006C
Reverse_Byte@This                           cstackBANK0  000063
Reverse_Byte@temp                           cstackBANK0  000062
Round@input                                 cstackBANK0  0000AE
Round@temp                                  cstackBANK0  0000B1
SendNEC_bytes@RepeatAmount                  cstackBANK0  000074
SendNEC_bytes@code                          cstackBANK0  000070
SendNEC_wait@RepeatAmount                   cstackBANK0  000079
SendNEC_wait@code                           cstackBANK0  000075
SendNEC_wait@toggle                         cstackBANK0  00007A
SendRF@Code                                 cstackBANK0  000060
SendRF@Config                               cstackBANK0  000062
SendRF@RepeatAmount                         cstackBANK0  000064
SendRF@i                                    cstackBANK0  000067
SendRF@size                                 cstackBANK0  000063
SendRF_Channel@channel                      cstackBANK0  00006D
SendRF_wait@Code                            cstackBANK0  000068
SendRF_wait@Config                          cstackBANK0  00006A
SendRF_wait@amount                          cstackBANK0  00006C
SendRF_wait@size                            cstackBANK0  00006B
SetEEPROM1@Arrayspot                        cstackBANK0  0000BB
SetEEPROM1@Temp                             cstackBANK0  000096
SetEEPROM1@burn                             cstackBANK0  0000B4
SetEEPROM1@fail                             cstackBANK0  0000BC
SetEEPROM1@i                                cstackBANK0  0000C0
SetEEPROM1@j                                cstackBANK0  0000C1
SetEEPROM1@temp                             cstackBANK0  0000BA
SetEEPROM2@Arrayspot                        cstackBANK0  0000D5
SetEEPROM2@Temp                             cstackBANK0  000096
SetEEPROM2@burn                             cstackBANK0  0000CA
SetEEPROM2@fail                             cstackBANK0  0000D1
SetEEPROM2@i                                cstackBANK0  0000D6
SetEEPROM2@j                                cstackBANK0  0000D7
SetEEPROM2@k                                cstackBANK0  0000D8
SetEEPROM2@temp                             cstackBANK0  0000D0
SetEEPROMdefault@i                          cstackBANK0  0000DD
SetEEPROMdefault@j                          cstackBANK0  0000DE
SetEEPROMdefault@k                          cstackBANK0  0000DC
SetMemoryChar@AddressFirst                  cstackBANK0  00006A
SetMemoryChar@Data                          cstackBANK0  00006C
SetMemoryChar@Test                          cstackBANK0  00006B
SetMemoryLong@AddressFirst                  cstackBANK0  000089
SetMemoryLong@Data                          cstackBANK0  000085
SetMemoryLong@H                             cstackBANK0  000092
SetMemoryLong@L                             cstackBANK0  000095
SetMemoryLong@MH                            cstackBANK0  000093
SetMemoryLong@ML                            cstackBANK0  000094
SetMemoryLong@Test                          cstackBANK0  00008E
SetTimer0@temp                              cstackCOMRAM 000017
StringAddEqual@Input                        cstackBANK0  00006F
StringAddEqual@NullPosition                 cstackBANK0  000073
StringAddEqual@firstnumber                  cstackBANK0  000074
StringAddEqual@i                            cstackBANK0  000075
StringAddEqual@j                            cstackBANK0  000076
StringAddEqual@temp                         cstackBANK1  000100
StringContains@MatchAmount                  cstackBANK0  000066
StringContains@MatchCount                   cstackBANK0  000067
StringContains@That                         cstackBANK0  000062
StringContains@This                         cstackBANK0  000060
StringContains@i                            cstackBANK0  000068
StringContainsCaseInsensitive@MatchAmount   cstackBANK0  000069
StringContainsCaseInsensitive@MatchCount    cstackBANK0  00006A
StringContainsCaseInsensitive@That          cstackBANK0  000065
StringContainsCaseInsensitive@This          cstackBANK0  000063
StringContainsCaseInsensitive@i             cstackBANK0  00006D
StringContainsCaseInsensitive@tempThat      cstackBANK0  00006C
StringContainsCaseInsensitive@tempThis      cstackBANK0  00006B
StringMatch@That                            cstackBANK0  000062
StringMatch@This                            cstackBANK0  000060
StringMatchCaseInsensitive@That             cstackBANK0  000065
StringMatchCaseInsensitive@This             cstackBANK0  000063
StringMatchCaseInsensitive@tempThat         cstackBANK0  000068
StringMatchCaseInsensitive@tempThis         cstackBANK0  000067
SyncEEPROMToGlobal@Temp1                    cstackBANK0  0000C6
SyncEEPROMToGlobal@Temp2                    cstackBANK0  000091
SyncEEPROMToGlobal@i                        cstackBANK0  0000E4
SyncEEPROMToGlobal@j                        cstackBANK0  0000E5
SyncEEPROMToGlobal@k                        cstackBANK0  0000C5
SyncGlobalToEEPROM@ok                       cstackBANK0  0000D9
UARTchar@data                               cstackBANK0  000060
UARTchar_CONST@data                         cstackBANK0  000060
UARTchar_CONST@temp                         cstackBANK0  000061
UARTcommandMenu@Command                     cstackBANK0  000064
UARTcommandMenu@Desc                        cstackBANK0  000066
UARTcommandMenu@i                           cstackBANK0  00006D
UARTcommandMenu@place                       cstackBANK0  00006E
UARTstring@data                             cstackBANK0  000061
UARTstringCRLN@data                         cstackBANK0  000064
UARTstringCRLN_CONST@data                   cstackBANK0  000064
UARTstring_CONST@data                       cstackBANK0  000062
UseBluetooth@EmptyPlace                     cstackBANK2  00027E
UseBluetooth@EnteredNEC                     cstackBANK2  000279
UseBluetooth@NecAddress                     cstackBANK2  000283
UseBluetooth@NecCommand                     cstackBANK2  000284
UseBluetooth@ReceivedStringPosOLD           cstackBANK2  00026F
UseBluetooth@SerialNumberTEMP               cstackBANK2  000274
UseBluetooth@String                         cstackBANK0  0000E6
UseBluetooth@StringPos                      cstackBANK0  0000E8
UseBluetooth@buf                            cstackBANK2  000200
UseBluetooth@device                         cstackBANK2  000278
UseBluetooth@i                              cstackBANK2  000289
UseBluetooth@j                              cstackBANK2  000282
UseBluetooth@ok                             cstackBANK2  00027D
UseBluetooth@rfchannelSTR                   cstackBANK2  000264
UseBluetooth@rfconf                         cstackBANK2  000281
UseBluetooth@set                            cstackBANK2  00026E
UseBluetooth@temp                           cstackBANK2  000285
UseBluetooth@tempNec                        cstackBANK2  000270
UseBluetooth@tempRFArray                    cstackBANK2  00027F
UseBluetooth@timeout                        cstackBANK2  000280
UseIRCode@Code                              cstackBANK0  0000DA
UseIRCode@NEC                               cstackBANK0  0000DC
UseIRCode@found                             cstackBANK0  0000E3
UseIRCode@i                                 cstackBANK0  0000E5
UseIRCode@j                                 cstackBANK0  0000E4
WaitForIRsignal@timeout                     cstackBANK0  000069
WriteEEPROM_1Byte@GIEstatus                 cstackBANK0  000063
WriteEEPROM_1Byte@PEIEstatus                cstackBANK0  000064
WriteEEPROM_1Byte@address                   cstackBANK0  000060
WriteEEPROM_1Byte@data                      cstackBANK0  000062
_ADCON0                                     (abs)        000FC2
_ADCON0bits                                 (abs)        000FC2
_ADCON1                                     (abs)        000FC1
_ADCON1bits                                 (abs)        000FC1
_ADCON2                                     (abs)        000FC0
_ADCON2bits                                 (abs)        000FC0
_ADRESH                                     (abs)        000FC4
_ADRESL                                     (abs)        000FC3
_ANSEL                                      (abs)        000F7E
_ANSELH                                     (abs)        000F7F
_BAUDCONbits                                (abs)        000FB8
_BatteryVoltage                             bssBANK3     0003E5
_BlueConnected                              text101      00AEAA
_BluetoothBroadcast                         bssBANK4     0004E6
_BluetoothChangeStatus                      bssBANK3     0003E8
_BluetoothConfigured                        text104      00AE42
_BluetoothFirmware1                         bssBANK4     0004C8
_BluetoothFirmware2                         bssBANK5     000532
_BluetoothInitialSetup                      text69       00483C
_BufferCopy                                 text102      00A26C
_BufferOverflow                             bssBANK3     0003E9
_CRLN                                       mediumconst  00EF5E
_CheckReceivingIR                           text21       00AE1E
_ClearUSART                                 text99       00AE30
_CommandString                              bssBANK4     000400
_CommandStringPos                           bssCOMRAM    00003E
_Conf1_ChannelD                             mediumconst  00EF20
_Conf1_ChannelD_STR                         mediumconst  00EEC7
_Conf1_ChannelE                             mediumconst  00EF2C
_Conf1_ChannelE_STR                         mediumconst  00EED6
_Conf1_ChannelF                             mediumconst  00EF38
_Conf1_ChannelF_STR                         mediumconst  00EEE5
_Conf1_Channels                             mediumconst  00EF52
_Conf2_ChannelB_OFF                         mediumconst  00EE27
_Conf2_ChannelB_OFF_STR                     mediumconst  00EDAA
_Conf2_ChannelB_ON                          mediumconst  00EE37
_Conf2_ChannelB_ON_STR                      mediumconst  00EDD0
_Conf2_ChannelB_STR                         mediumconst  00EEF4
_Conf2_ChannelB_Status                      bssBANK0     0000F5
_Conf2_ChannelD_OFF                         mediumconst  00EE47
_Conf2_ChannelD_OFF_STR                     mediumconst  00EDBD
_Conf2_ChannelD_ON                          mediumconst  00EE57
_Conf2_ChannelD_ON_STR                      mediumconst  00EDE2
_Conf2_ChannelD_STR                         mediumconst  00EF03
_Conf2_ChannelD_Status                      bssBANK0     0000F6
_Conf2_ChannelH_1_OFF                       mediumconst  00EE67
_Conf2_ChannelH_1_OFF_STR                   mediumconst  00ED2F
_Conf2_ChannelH_1_ON                        mediumconst  00EE77
_Conf2_ChannelH_1_ON_STR                    mediumconst  00ED6E
_Conf2_ChannelH_1_STR                       mediumconst  00EDF4
_Conf2_ChannelH_1_Status                    bssBANK0     0000F7
_Conf2_ChannelH_2_OFF                       mediumconst  00EE87
_Conf2_ChannelH_2_OFF_STR                   mediumconst  00ED44
_Conf2_ChannelH_2_ON                        mediumconst  00EE97
_Conf2_ChannelH_2_ON_STR                    mediumconst  00ED82
_Conf2_ChannelH_2_STR                       mediumconst  00EE05
_Conf2_ChannelH_2_Status                    bssBANK0     0000F8
_Conf2_ChannelH_3_OFF                       mediumconst  00EEA7
_Conf2_ChannelH_3_OFF_STR                   mediumconst  00ED59
_Conf2_ChannelH_3_ON                        mediumconst  00EEB7
_Conf2_ChannelH_3_ON_STR                    mediumconst  00ED96
_Conf2_ChannelH_3_STR                       mediumconst  00EE16
_Conf2_ChannelH_3_Status                    bssBANK0     0000F9
_Conf2_Channels                             mediumconst  00EF56
_ConfigureOscillator                        text109      00AF2A
_DecodeNEC                                  text37       009C4C
_DisplayRF_Channel                          text36       0096EA
_EEADR                                      (abs)        000FA9
_EEADRH                                     (abs)        000FAA
_EECON1bits                                 (abs)        000FA6
_EECON2                                     (abs)        000FA7
_EEDATA                                     (abs)        000FA8
_EEPROM_UNLOCK                              text66       00AD8C
_EEPROMinitialized                          text107      00ADF8
_EncodeNEC                                  text35       008820
_EnterCommandMode                           text74       008420
_EraseScreen                                text117      00AC9A
_FirmVersion                                mediumconst  00EF44
_Frequency                                  mediumconst  00EF5A
_GetEEPROM1                                 text42       00953E
_GetEEPROM2                                 text41       009952
_GetMemoryChar                              text67       00AC48
_GetMemoryLong                              text63       008144
_GetNumber                                  text32       0060C8
_GetNumberUnsigned                          text31       00654E
_GetStringAfterComma                        text30       008E12
_Global1                                    bssBANK2     0002D2
_Global2                                    bssBANK2     00029E
_INTCON2bits                                (abs)        000FF1
_INTCONbits                                 (abs)        000FF2
_IOCBbits                                   (abs)        000F7D
_IPR1bits                                   (abs)        000F9F
_IPR2bits                                   (abs)        000FA2
_IRRawCode                                  bssBANK6     000600
_IR_NEC                                     bssBANK3     0003EC
_IR_New_Code                                bssBANK3     0003F0
_IRaddress                                  bssBANK0     0000FD
_IRbit                                      bssCOMRAM    00003F
_IRbitPosition                              dataCOMRAM   00004C
_IRcodeBit                                  bssBANK0     0000FA
_IRcodePlace                                dataCOMRAM   00004D
_IRcommand                                  bssBANK0     0000FE
_IRmod                                      bssBANK0     0000FB
_IRpinOLD                                   bssCOMRAM    000040
_IRrawCodeNum                               bssCOMRAM    000041
_IRrawToNEC                                 text125      0069AC
_IRrepeatAmount                             bssCOMRAM    000042
_IRrepeatflag                               bssCOMRAM    000043
_IRsendCode                                 bssCOMRAM    00003A
_IRsendFlag                                 bssBANK0     0000FC
_IRtimeout                                  dataBANK3    0003F1
_InitADC                                    text105      00ADA2
_InitApp                                    text108      00A8B2
_InitBluetooth                              text58       00A4E4
_InitIR                                     text53       00A826
_InitTimer0                                 text57       00AE54
_InitTimer1                                 text52       00AE8E
_InitTimer2                                 text51       00AE80
_InitTimer3                                 text50       00AEEC
_InitTimers                                 text49       00ADE4
_InitUART                                   text44       00904E
_InitUART$4112                              cstackBANK0  0000BD
_Init_System                                text39       007FBC
_InternalADC_Read                           text26       009D9E
_IsAlphaNumeric                             text28       00AA98
_IsAlphaNumericString                       text27       00AA62
_IsCharacter                                text116      00AD74
_IsLetter                                   text34       00AAFE
_IsNumber                                   text29       00AD08
_LATA                                       (abs)        000F89
_LATB                                       (abs)        000F8A
_LATC                                       (abs)        000F8B
_LEDTimerON                                 text16       00AE0C
_Local_CloseUSART                           text48       00AE72
_NewReceivedString                          bssBANK3     0003EA
_OpenUSART                                  text47       00A376
_PCBVersion                                 mediumconst  00EF4D
_PIE1bits                                   (abs)        000F9D
_PIE2bits                                   (abs)        000FA0
_PIR1bits                                   (abs)        000F9E
_PIR2bits                                   (abs)        000FA1
_PORTA                                      (abs)        000F80
_PORTB                                      (abs)        000F81
_PORTC                                      (abs)        000F82
_PR2                                        (abs)        000FCB
_ProductName                                dataBANK5    000500
_ProjectName                                mediumconst  00ED15
_RCONbits                                   (abs)        000FD0
_RCREG                                      (abs)        000FAE
_RCSTA                                      (abs)        000FAB
_RCSTAbits                                  (abs)        000FAB
_RFConfig                                   bssCOMRAM    000044
_RF_IR                                      dataCOMRAM   00004E
_RF_IR_Postscaler                           dataCOMRAM   00004F
_RFcodeBit                                  bssCOMRAM    000045
_RFcodePlace                                bssCOMRAM    000046
_RFsendCode                                 bssBANK2     00028A
_RFsendFlag                                 bssCOMRAM    000047
_ReadCodeButtons                            text3        00A782
_ReadEEPROM_1Byte                           text68       00A6D4
_ReadIRpin                                  text56       00AE9C
_ReadPushButton                             text2        00AE64
_ReadUSART                                  text100      00AD5C
_ReadVoltage                                text22       00A020
_ReceivedString                             bssBANK4     000464
_ReceivedStringPos                          bssBANK3     0003EB
_ReceivingIR                                dataCOMRAM   000050
_ResetADC                                   text106      00AEB8
_ResetBlue                                  text97       00945C
_ResetTimer0                                text55       00AEF6
_ResetTimer1                                text17       00AEE2
_ResetTimer3                                text124      00AF14
_Reverse_4Byte                              text20       003BBE
_Reverse_Byte                               text38       009AE2
_Round                                      text45       00A55A
_SPBRG                                      (abs)        000FAF
_SPBRGH                                     (abs)        000FB0
_SYNTAX_ERR                                 mediumconst  00EF12
_SendNEC_bytes                              text19       00A1E2
_SendNEC_wait                               text18       009F82
_SendRF                                     text15       00936C
_SendRF_Channel                             text13       006FB0
_SendRF_wait                                text14       00A97A
_Sendcount                                  bssCOMRAM    000048
_Sent                                       dataBANK0    0000FF
_SetEEPROM1                                 text61       008AA8
_SetEEPROM2                                 text60       009164
_SetEEPROMdefault                           text43       008F30
_SetMemoryChar                              text64       00A9B8
_SetMemoryLong                              text62       009272
_SetTimer0                                  text123      00AF0A
_StringAddEqual                             text12       007706
_StringContains                             text96       00896E
_StringContainsCaseInsensitive              text72       007AD4
_StringMatch                                text11       00A46C
_StringMatchCaseInsensitive                 text10       00A0BE
_SyncEEPROMToGlobal                         text40       007906
_SyncGlobalToEEPROM                         text59       009EE2
_T0CONbits                                  (abs)        000FD5
_T1CONbits                                  (abs)        000FCD
_T2CONbits                                  (abs)        000FCA
_T3CONbits                                  (abs)        000FB1
_TABLAT                                     (abs)        000FF5
_TBLPTRH                                    (abs)        000FF7
_TBLPTRL                                    (abs)        000FF6
_TBLPTRU                                    (abs)        000FF8
_TMR0H                                      (abs)        000FD7
_TMR0L                                      (abs)        000FD6
_TMR1H                                      (abs)        000FCF
_TMR1L                                      (abs)        000FCE
_TMR2                                       (abs)        000FCC
_TMR3H                                      (abs)        000FB3
_TMR3L                                      (abs)        000FB2
_TRISAbits                                  (abs)        000F92
_TRISBbits                                  (abs)        000F93
_TRISCbits                                  (abs)        000F94
_TXREG                                      (abs)        000FAD
_TXSTA                                      (abs)        000FAC
_TXSTAbits                                  (abs)        000FAC
_Timer1_Postscaler                          bssCOMRAM    000049
_Timer2_Postscaler                          bssCOMRAM    00004A
_Timer3_Postscaler                          bssCOMRAM    00004B
_UARTchar                                   text71       00AD26
_UARTchar_CONST                             text95       00ACE8
_UARTcommandMenu                            text9        008CF4
_UARTstring                                 text70       00AC72
_UARTstringCRLN                             text8        00A9F2
_UARTstringCRLN_CONST                       text7        00A8F6
_UARTstring_CONST                           text94       00AB30
_UseBluetooth                               text4        0001D0
_UseIRCode                                  text1        0074AE
_VoltageDividerOFF                          text25       00AF28
_WPUB                                       (abs)        000F7C
_WaitForIRsignal                            text6        00A152
_WriteEEPROM_1Byte                          text65       00A61E
__CFG_BOREN$SBORDIS                         (abs)        000000
__CFG_BORV$27                               (abs)        000000
__CFG_CCP2MX$PORTC                          (abs)        000000
__CFG_CP0$OFF                               (abs)        000000
__CFG_CP1$OFF                               (abs)        000000
__CFG_CP2$OFF                               (abs)        000000
__CFG_CP3$OFF                               (abs)        000000
__CFG_CPB$OFF                               (abs)        000000
__CFG_CPD$OFF                               (abs)        000000
__CFG_EBTR0$OFF                             (abs)        000000
__CFG_EBTR1$OFF                             (abs)        000000
__CFG_EBTR2$OFF                             (abs)        000000
__CFG_EBTR3$OFF                             (abs)        000000
__CFG_EBTRB$OFF                             (abs)        000000
__CFG_FCMEN$OFF                             (abs)        000000
__CFG_FOSC$HSPLL                            (abs)        000000
__CFG_HFOFST$ON                             (abs)        000000
__CFG_IESO$OFF                              (abs)        000000
__CFG_LPT1OSC$OFF                           (abs)        000000
__CFG_LVP$OFF                               (abs)        000000
__CFG_MCLRE$ON                              (abs)        000000
__CFG_PBADEN$OFF                            (abs)        000000
__CFG_PWRT$OFF                              (abs)        000000
__CFG_STVREN$ON                             (abs)        000000
__CFG_WDTEN$OFF                             (abs)        000000
__CFG_WDTPS$32768                           (abs)        000000
__CFG_WRT0$OFF                              (abs)        000000
__CFG_WRT1$OFF                              (abs)        000000
__CFG_WRT2$OFF                              (abs)        000000
__CFG_WRT3$OFF                              (abs)        000000
__CFG_WRTB$OFF                              (abs)        000000
__CFG_WRTC$OFF                              (abs)        000000
__CFG_WRTD$OFF                              (abs)        000000
__CFG_XINST$OFF                             (abs)        000000
__HRAM                                      (abs)        000000
__Habs1                                     abs1         000000
__Hbank0                                    bank0        000000
__Hbank1                                    bank1        000000
__Hbank10                                   bank10       000000
__Hbank11                                   bank11       000000
__Hbank12                                   bank12       000000
__Hbank13                                   bank13       000000
__Hbank14                                   bank14       000000
__Hbank15                                   bank15       000000
__Hbank2                                    bank2        000000
__Hbank3                                    bank3        000000
__Hbank4                                    bank4        000000
__Hbank5                                    bank5        000000
__Hbank6                                    bank6        000000
__Hbank7                                    bank7        000000
__Hbank8                                    bank8        000000
__Hbank9                                    bank9        000000
__Hbigbss                                   bigbss       000000
__Hbigdata                                  bigdata      000000
__Hbigram                                   bigram       000000
__Hbss                                      bss          000000
__HbssBANK0                                 bssBANK0     000000
__HbssBANK2                                 bssBANK2     000000
__HbssBANK3                                 bssBANK3     000000
__HbssBANK4                                 bssBANK4     000000
__HbssBANK5                                 bssBANK5     000000
__HbssBANK6                                 bssBANK6     000000
__HbssCOMRAM                                bssCOMRAM    000000
__Hcinit                                    cinit        000000
__Hclrtext                                  clrtext      000000
__Hcomram                                   comram       000000
__Hconfig                                   config       30000E
__Hconst                                    const        000000
__HcstackBANK0                              cstackBANK0  000000
__HcstackBANK1                              cstackBANK1  000000
__HcstackBANK2                              cstackBANK2  000000
__HcstackBANK3                              cstackBANK3  000000
__HcstackCOMRAM                             cstackCOMRAM 000000
__Hdata                                     data         000000
__HdataBANK0                                dataBANK0    000000
__HdataBANK3                                dataBANK3    000000
__HdataBANK5                                dataBANK5    000000
__HdataCOMRAM                               dataCOMRAM   000000
__Heeprom_data                              eeprom_data  000000
__Hend_init                                 end_init     0001D0
__Hfarbss                                   farbss       000000
__Hfardata                                  fardata      000000
__Hibigdata                                 ibigdata     000000
__Hidata                                    idata        000000
__HidataBANK0                               idataBANK0   000000
__HidataBANK3                               idataBANK3   000000
__HidataBANK5                               idataBANK5   000000
__HidataCOMRAM                              idataCOMRAM  000000
__Hidloc                                    idloc        200008
__Hifardata                                 ifardata     000000
__Hinit                                     init         0001CC
__Hintcode                                  intcode      000018
__Hintcode_body                             intcode_body 000000
__Hintcodelo                                intcodelo    0001CC
__Hintentry                                 intentry     000000
__Hintret                                   intret       000000
__Hintsave_regs                             intsave_regs 000000
__Hirdata                                   irdata       000000
__Hmediumconst                              mediumconst  010000
__HnvFARRAM                                 nvFARRAM     000000
__Hnvbit                                    nvbit        000000
__Hnvrram                                   nvrram       000000
__Hparam                                    rparam       000000
__Hpowerup                                  powerup      0001CC
__Hram                                      ram          000000
__Hramtop                                   ramtop       001000
__Hrbit                                     rbit         000000
__Hrbss                                     rbss         000000
__Hrdata                                    rdata        000000
__Hreset_vec                                reset_vec    000004
__Hrparam                                   rparam       000000
__Hsfr                                      sfr          000000
__Hsmallconst                               smallconst   000000
__Hspace_0                                  (abs)        30000E
__Hspace_1                                  (abs)        0006C8
__Hspace_2                                  (abs)        000000
__Hstack                                    stack        000000
__Hstruct                                   struct       000000
__Htemp                                     temp         000000
__Htext                                     text         000000
__Htext0                                    text0        000000
__Htext1                                    text1        000000
__Htext10                                   text10       000000
__Htext100                                  text100      000000
__Htext101                                  text101      000000
__Htext102                                  text102      000000
__Htext103                                  text103      000000
__Htext104                                  text104      000000
__Htext105                                  text105      000000
__Htext106                                  text106      000000
__Htext107                                  text107      000000
__Htext108                                  text108      000000
__Htext109                                  text109      000000
__Htext11                                   text11       000000
__Htext111                                  text111      000000
__Htext112                                  text112      000000
__Htext113                                  text113      000000
__Htext114                                  text114      000000
__Htext115                                  text115      000000
__Htext116                                  text116      000000
__Htext117                                  text117      000000
__Htext118                                  text118      000000
__Htext12                                   text12       000000
__Htext120                                  text120      000000
__Htext121                                  text121      000000
__Htext122                                  text122      000000
__Htext123                                  text123      000000
__Htext124                                  text124      000000
__Htext125                                  text125      000000
__Htext13                                   text13       000000
__Htext14                                   text14       000000
__Htext15                                   text15       000000
__Htext16                                   text16       000000
__Htext17                                   text17       000000
__Htext18                                   text18       000000
__Htext19                                   text19       000000
__Htext2                                    text2        000000
__Htext20                                   text20       000000
__Htext21                                   text21       000000
__Htext22                                   text22       000000
__Htext23                                   text23       000000
__Htext24                                   text24       000000
__Htext25                                   text25       000000
__Htext26                                   text26       000000
__Htext27                                   text27       000000
__Htext28                                   text28       000000
__Htext29                                   text29       000000
__Htext3                                    text3        000000
__Htext30                                   text30       000000
__Htext31                                   text31       000000
__Htext32                                   text32       000000
__Htext33                                   text33       000000
__Htext34                                   text34       000000
__Htext35                                   text35       000000
__Htext36                                   text36       000000
__Htext37                                   text37       000000
__Htext38                                   text38       000000
__Htext39                                   text39       000000
__Htext4                                    text4        000000
__Htext40                                   text40       000000
__Htext41                                   text41       000000
__Htext42                                   text42       000000
__Htext43                                   text43       000000
__Htext44                                   text44       000000
__Htext45                                   text45       000000
__Htext46                                   text46       000000
__Htext47                                   text47       000000
__Htext48                                   text48       000000
__Htext49                                   text49       000000
__Htext5                                    text5        000000
__Htext50                                   text50       000000
__Htext51                                   text51       000000
__Htext52                                   text52       000000
__Htext53                                   text53       000000
__Htext54                                   text54       000000
__Htext55                                   text55       000000
__Htext56                                   text56       000000
__Htext57                                   text57       000000
__Htext58                                   text58       000000
__Htext59                                   text59       000000
__Htext6                                    text6        000000
__Htext60                                   text60       000000
__Htext61                                   text61       000000
__Htext62                                   text62       000000
__Htext63                                   text63       000000
__Htext64                                   text64       000000
__Htext65                                   text65       000000
__Htext66                                   text66       000000
__Htext67                                   text67       000000
__Htext68                                   text68       000000
__Htext69                                   text69       000000
__Htext7                                    text7        000000
__Htext70                                   text70       000000
__Htext71                                   text71       000000
__Htext72                                   text72       000000
__Htext73                                   text73       000000
__Htext74                                   text74       000000
__Htext75                                   text75       000000
__Htext76                                   text76       000000
__Htext77                                   text77       000000
__Htext78                                   text78       000000
__Htext79                                   text79       000000
__Htext8                                    text8        000000
__Htext80                                   text80       000000
__Htext81                                   text81       000000
__Htext82                                   text82       000000
__Htext83                                   text83       000000
__Htext84                                   text84       000000
__Htext85                                   text85       000000
__Htext86                                   text86       000000
__Htext87                                   text87       000000
[...]
		On exit  : 
		Unchanged: 
 Data sizes:     COMRAM   BANK0   BANK1   BANK2   BANK3   BANK4   BANK5   BANK6   BANK7   BANK8   BANK9  BANK10  BANK11  BANK12  BANK13  BANK14  BANK15
      Params:         4       0       0       0       0       0       0       0       0       0       0       0       0       0       0       0       0
      Locals:         1       0       0       0       0       0       0       0       0       0       0       0       0       0       0       0       0
      Temps:          3       0       0       0       0       0       0       0       0       0       0       0       0       0       0       0       0
      Totals:         8       0       0       0       0       0       0       0       0       0       0       0       0       0       0       0       0
Total ram usage:        8 bytes
 Hardware stack levels used:    1
 This function calls:
		Nothing
 This function is called by:
		_high_isr
 This function uses a non-reentrant model


 *************** function i2_ResetTimer0 *****************
 Defined at:
		line 79 in file "Timer.c"
 Parameters:    Size  Location     Type
		None
 Auto vars:     Size  Location     Type
		None
 Return value:  Size  Location     Type
		None               void
 Registers used:
		wreg, status,2
 Tracked objects:
		On entry : 
		On exit  : 
		Unchanged: 
 Data sizes:     COMRAM   BANK0   BANK1   BANK2   BANK3   BANK4   BANK5   BANK6   BANK7   BANK8   BANK9  BANK10  BANK11  BANK12  BANK13  BANK14  BANK15
      Params:         0       0       0       0       0       0       0       0       0       0       0       0       0       0       0       0       0
      Locals:         0       0       0       0       0       0       0       0       0       0       0       0       0       0       0       0       0
      Temps:          0       0       0       0       0       0       0       0       0       0       0       0       0       0       0       0       0
      Totals:         0       0       0       0       0       0       0       0       0       0       0       0       0       0       0       0       0
Total ram usage:        0 bytes
 Hardware stack levels used:    1
 This function calls:
		Nothing
 This function is called by:
		_high_isr
 This function uses a non-reentrant model


 *************** function i2_ReadIRpin *****************
 Defined at:
		line 107 in file "IR.c"
 Parameters:    Size  Location     Type
		None
 Auto vars:     Size  Location     Type
		None
 Return value:  Size  Location     Type
                  1    wreg      unsigned char 
 Registers used:
		wreg
 Tracked objects:
		On entry : 
		On exit  : 
		Unchanged: 
 Data sizes:     COMRAM   BANK0   BANK1   BANK2   BANK3   BANK4   BANK5   BANK6   BANK7   BANK8   BANK9  BANK10  BANK11  BANK12  BANK13  BANK14  BANK15
      Params:         0       0       0       0       0       0       0       0       0       0       0       0       0       0       0       0       0
      Locals:         0       0       0       0       0       0       0       0       0       0       0       0       0       0       0       0       0
      Temps:          0       0       0       0       0       0       0       0       0       0       0       0       0       0       0       0       0
      Totals:         0       0       0       0       0       0       0       0       0       0       0       0       0       0       0       0       0
Total ram usage:        0 bytes
 Hardware stack levels used:    1
 This function calls:
		Nothing
 This function is called by:
		_high_isr
 This function uses a non-reentrant model


 *************** function _SetTimer0 *****************
 Defined at:
		line 94 in file "Timer.c"
 Parameters:    Size  Location     Type
  temp            2   22[COMRAM] unsigned int 
 Auto vars:     Size  Location     Type
		None
 Return value:  Size  Location     Type
		None               void
 Registers used:
		wreg, status,2
 Tracked objects:
		On entry : 
		On exit  : 
		Unchanged: 
 Data sizes:     COMRAM   BANK0   BANK1   BANK2   BANK3   BANK4   BANK5   BANK6   BANK7   BANK8   BANK9  BANK10  BANK11  BANK12  BANK13  BANK14  BANK15
      Params:         2       0       0       0       0       0       0       0       0       0       0       0       0       0       0       0       0
      Locals:         0       0       0       0       0       0       0       0       0       0       0       0       0       0       0       0       0
      Temps:          0       0       0       0       0       0       0       0       0       0       0       0       0       0       0       0       0
      Totals:         2       0       0       0       0       0       0       0       0       0       0       0       0       0       0       0       0
Total ram usage:        2 bytes
 Hardware stack levels used:    1
 This function calls:
		Nothing
 This function is called by:
		_high_isr
 This function uses a non-reentrant model


 *************** function _ResetTimer3 *****************
 Defined at:
		line 175 in file "Timer.c"
 Parameters:    Size  Location     Type
		None
 Auto vars:     Size  Location     Type
		None
 Return value:  Size  Location     Type
		None               void
 Registers used:
		wreg, status,2
 Tracked objects:
		On entry : 
		On exit  : 
		Unchanged: 
 Data sizes:     COMRAM   BANK0   BANK1   BANK2   BANK3   BANK4   BANK5   BANK6   BANK7   BANK8   BANK9  BANK10  BANK11  BANK12  BANK13  BANK14  BANK15
      Params:         0       0       0       0       0       0       0       0       0       0       0       0       0       0       0       0       0
      Locals:         0       0       0       0       0       0       0       0       0       0       0       0       0       0       0       0       0
      Temps:          0       0       0       0       0       0       0       0       0       0       0       0       0       0       0       0       0
      Totals:         0       0       0       0       0       0       0       0       0       0       0       0       0       0       0       0       0
Total ram usage:        0 bytes
 Hardware stack levels used:    1
 This function calls:
		Nothing
 This function is called by:
		_high_isr
 This function uses a non-reentrant model


 *************** function _IRrawToNEC *****************
 Defined at:
		line 125 in file "IR.c"
 Parameters:    Size  Location     Type
  Raw             2   22[COMRAM] PTR unsigned int 
		 -> IRRawCode(200), 
  NEC             2   24[COMRAM] PTR unsigned long 
		 -> IR_NEC(4), 
  Invert          1   26[COMRAM] unsigned char 
 Auto vars:     Size  Location     Type
  NECtemp         4   29[COMRAM] unsigned long 
  StartBit        1   35[COMRAM] unsigned char 
  i               1   34[COMRAM] unsigned char 
  first           1   33[COMRAM] unsigned char 
 Return value:  Size  Location     Type
                  1    wreg      unsigned char 
 Registers used:
		wreg, fsr2l, fsr2h, status,2, status,0, prodl, prodh
 Tracked objects:
		On entry : 
		On exit  : 
		Unchanged: 
 Data sizes:     COMRAM   BANK0   BANK1   BANK2   BANK3   BANK4   BANK5   BANK6   BANK7   BANK8   BANK9  BANK10  BANK11  BANK12  BANK13  BANK14  BANK15
      Params:         5       0       0       0       0       0       0       0       0       0       0       0       0       0       0       0       0
      Locals:         7       0       0       0       0       0       0       0       0       0       0       0       0       0       0       0       0
      Temps:          2       0       0       0       0       0       0       0       0       0       0       0       0       0       0       0       0
      Totals:        14       0       0       0       0       0       0       0       0       0       0       0       0       0       0       0       0
Total ram usage:       14 bytes
 Hardware stack levels used:    1
 This function calls:
		Nothing
 This function is called by:
		_high_isr
 This function uses a non-reentrant model



MODULE INFORMATION

Module		Function		Class		Link	Load	Size
C:\Program Files (x86)\Microchip\xc8\v1.34\sources\common\ftge.c
		___ftge        		CODE           	97B8	0000	207

C:\Program Files (x86)\Microchip\xc8\v1.34\sources\common\ftge.c estimated size: 207

UART.c
		_OpenUSART     		CODE           	A376	0000	125
		_Local_CloseUSA		CODE           	AE72	0000	15
		_InitUART      		CODE           	904E	0000	279
		_UARTstring_CON		CODE           	AB30	0000	51
		_UARTstring    		CODE           	AC72	0000	41
		_UARTstringCRLN		CODE           	A8F6	0000	67
		_EraseScreen   		CODE           	AC9A	0000	41
		_UARTstringCRLN		CODE           	A9F2	0000	57
		_UARTchar      		CODE           	AD26	0000	29
		_ClearUSART    		CODE           	AE30	0000	19
		_ReadUSART     		CODE           	AD5C	0000	25
		_UARTchar_CONST		CODE           	ACE8	0000	33
		_UARTcommandMen		CODE           	8CF4	0000	287

UART.c estimated size: 1069

Bluetooth.c
		_BluetoothConfi		CODE           	AE42	0000	19
		_BlueConnected 		CODE           	AEAA	0000	15
		_ResetBlue     		CODE           	945C	0000	227
		_WaitForIRsigna		CODE           	A152	0000	145
		_BluetoothIniti		CODE           	483C	0000	2023
		_InitBluetooth 		CODE           	A4E4	0000	119
		_UseBluetooth  		CODE           	01D0	0000	10869
		_EnterCommandMo		CODE           	8420	0000	349

Bluetooth.c estimated size: 13766

C:\Program Files (x86)\Microchip\xc8\v1.34\sources\common\ftdivl.c
		__tdiv_to_l_   		CODE           	7C82	0000	423

C:\Program Files (x86)\Microchip\xc8\v1.34\sources\common\ftdivl.c estimated size: 423

Timer.c
		_InitTimer0    		CODE           	AE54	0000	17
		_InitTimer1    		CODE           	AE8E	0000	15
		_InitTimer2    		CODE           	AE80	0000	15
		_InitTimer3    		CODE           	AEEC	0000	11
		_InitTimers    		CODE           	ADE4	0000	21
		_SetTimer0     		CODE           	AF0A	0000	11
		_LEDTimerON    		CODE           	AE0C	0000	19
		_ResetTimer0   		CODE           	AEF6	0000	11
		_ResetTimer1   		CODE           	AEE2	0000	11
		_ResetTimer3   		CODE           	AF14	0000	11

Timer.c estimated size: 142

C:\Program Files (x86)\Microchip\xc8\v1.34\sources\common\ftneg.c
		___ftneg       		CODE           	AB62	0000	49

C:\Program Files (x86)\Microchip\xc8\v1.34\sources\common\ftneg.c estimated size: 49

interrupts.c
		_high_isr      		CODE           	0008	0000	1441
		_low_isr       		CODE           	0018	0000	437

interrupts.c estimated size: 1878

C:\Program Files (x86)\Microchip\xc8\v1.34\sources\common\Umul32.c
		___lmul        		CODE           	A3F2	0000	123

C:\Program Files (x86)\Microchip\xc8\v1.34\sources\common\Umul32.c estimated size: 123

C:\Program Files (x86)\Microchip\xc8\v1.34\sources\common\fldivl.c
		__div_to_l_    		CODE           	7E28	0000	405

C:\Program Files (x86)\Microchip\xc8\v1.34\sources\common\fldivl.c estimated size: 405

C:\Program Files (x86)\Microchip\xc8\v1.34\sources\common\ftsub.c
		___ftsub       		CODE           	A7D6	0000	81

C:\Program Files (x86)\Microchip\xc8\v1.34\sources\common\ftsub.c estimated size: 81

C:\Program Files (x86)\Microchip\xc8\v1.34\sources\common\float.c
		___ftpack      		CODE           	8BD4	0000	289

C:\Program Files (x86)\Microchip\xc8\v1.34\sources\common\float.c estimated size: 289

C:\Program Files (x86)\Microchip\xc8\v1.34\sources\common\awmod.c
		___awmod       		CODE           	9B98	0000	181

C:\Program Files (x86)\Microchip\xc8\v1.34\sources\common\awmod.c estimated size: 181

RF.c
		_SendRF_wait   		CODE           	A97A	0000	63
		_DisplayRF_Chan		CODE           	96EA	0000	207
		_SendRF_Channel		CODE           	6FB0	0000	641
		_SendRF        		CODE           	936C	0000	241

RF.c estimated size: 1152

C:\Program Files (x86)\Microchip\xc8\v1.34\sources\common\llmod.c
		___llmod       		CODE           	9CFA	0000	165

C:\Program Files (x86)\Microchip\xc8\v1.34\sources\common\llmod.c estimated size: 165

Button.c
		_ReadPushButton		CODE           	AE64	0000	15
		_ReadCodeButton		CODE           	A782	0000	85

Button.c estimated size: 100

C:\Program Files (x86)\Microchip\xc8\v1.34\sources\common\ftmul.c
		___ftmul       		CODE           	82B4	0000	365

C:\Program Files (x86)\Microchip\xc8\v1.34\sources\common\ftmul.c estimated size: 365

C:\Program Files (x86)\Microchip\xc8\v1.34\sources\common\isdigit.c
		_isdigit       		CODE           	ABC2	0000	47

C:\Program Files (x86)\Microchip\xc8\v1.34\sources\common\isdigit.c estimated size: 47

EEPROM.c
		_SetEEPROMdefau		CODE           	8F30	0000	287
		_SetMemoryLong 		CODE           	9272	0000	251
		_SetMemoryChar 		CODE           	A9B8	0000	59
		_EEPROM_UNLOCK 		CODE           	AD8C	0000	23
		_EEPROMinitiali		CODE           	ADF8	0000	21
		_ReadEEPROM_1By		CODE           	A6D4	0000	89
		_GetEEPROM1    		CODE           	953E	0000	221
		_GetEEPROM2    		CODE           	9952	0000	203
		_WriteEEPROM_1B		CODE           	A61E	0000	93
		_SetEEPROM1    		CODE           	8AA8	0000	301
		_SetEEPROM2    		CODE           	9164	0000	271
		_SyncEEPROMToGl		CODE           	7906	0000	463
		_SyncGlobalToEE		CODE           	9EE2	0000	161
		_GetMemoryLong 		CODE           	8144	0000	369
		_GetMemoryChar 		CODE           	AC48	0000	43

EEPROM.c estimated size: 2855

C:\Program Files (x86)\Microchip\xc8\v1.34\sources\common\lwtoft.c
		___lwtoft      		CODE           	ABF0	0000	45

C:\Program Files (x86)\Microchip\xc8\v1.34\sources\common\lwtoft.c estimated size: 45

C:\Program Files (x86)\Microchip\xc8\v1.34\sources\common\ftdiv.c
		___ftdiv       		CODE           	857C	0000	339

C:\Program Files (x86)\Microchip\xc8\v1.34\sources\common\ftdiv.c estimated size: 339

C:\Program Files (x86)\Microchip\xc8\v1.34\sources\common\lltoft.c
		___lltoft      		CODE           	A2F6	0000	129

C:\Program Files (x86)\Microchip\xc8\v1.34\sources\common\lltoft.c estimated size: 129

shared
		i1_UARTchar    		CODE           	ADCE	0000	23
		_Conf2_ChannelB		MEDIUMCONST    	EDAA	0000	20
		_Conf2_ChannelD		MEDIUMCONST    	EDBD	0000	20
		_Conf1_ChannelD		MEDIUMCONST    	EF20	0000	13
		_Conf1_ChannelE		MEDIUMCONST    	EF2C	0000	13
		_Conf1_ChannelF		MEDIUMCONST    	EF38	0000	13
		i1_UARTstring  		CODE           	ACC2	0000	39
		i2_cleanBuffer1		CODE           	A938	0000	67
		_Conf1_Channels		MEDIUMCONST    	EF52	0000	5
		__powers_      		MEDIUMCONST    	ECCE	0000	40
		_Conf2_ChannelB		MEDIUMCONST    	EE27	0000	17
		_Conf2_ChannelD		MEDIUMCONST    	EE47	0000	17
		_Conf2_ChannelH		MEDIUMCONST    	ED2F	0000	22
		_Conf2_ChannelH		MEDIUMCONST    	ED44	0000	22
		_Conf2_ChannelH		MEDIUMCONST    	ED59	0000	22
		i2_ReadIRpin   		CODE           	AED4	0000	15
		_dpowers       		MEDIUMCONST    	EC7F	0000	41
		_SYNTAX_ERR    		MEDIUMCONST    	EF12	0000	15
		_Conf2_ChannelH		MEDIUMCONST    	EDF4	0000	18
		_Conf2_ChannelH		MEDIUMCONST    	EE05	0000	18
		_Conf2_ChannelH		MEDIUMCONST    	EE16	0000	18
		_PCBVersion    		MEDIUMCONST    	EF4D	0000	6
		i1_BlueConnecte		CODE           	AEC6	0000	15
		i2_ResetTimer0 		CODE           	AF00	0000	11
		_Conf2_Channels		MEDIUMCONST    	EF56	0000	5
		_FirmVersion   		MEDIUMCONST    	EF44	0000	10
		__npowers_     		MEDIUMCONST    	ECA7	0000	40
		_Conf1_ChannelD		MEDIUMCONST    	EEC7	0000	16
		_Conf1_ChannelE		MEDIUMCONST    	EED6	0000	16
		_Conf1_ChannelF		MEDIUMCONST    	EEE5	0000	16
		i1_ReadUSART   		CODE           	ADB8	0000	23
		__initializatio		CODE           	9886	0000	199
		_CRLN          		MEDIUMCONST    	EF5E	0000	4
		_ProjectName   		MEDIUMCONST    	ED15	0000	27
		_Conf2_ChannelH		MEDIUMCONST    	EE67	0000	17
		_Conf2_ChannelH		MEDIUMCONST    	EE87	0000	17
		_Conf2_ChannelH		MEDIUMCONST    	EEA7	0000	17
		i1_UARTstring_C		CODE           	AB92	0000	49
		_Conf2_ChannelH		MEDIUMCONST    	ED6E	0000	21
		_Conf2_ChannelH		MEDIUMCONST    	ED82	0000	21
		_Conf2_ChannelH		MEDIUMCONST    	ED96	0000	21
		_Conf2_ChannelB		MEDIUMCONST    	EEF4	0000	16
		_Conf2_ChannelD		MEDIUMCONST    	EF03	0000	16
		_hexpowers     		MEDIUMCONST    	ECF5	0000	33
		_Conf2_ChannelB		MEDIUMCONST    	EDD0	0000	19
		_Conf2_ChannelD		MEDIUMCONST    	EDE2	0000	19
		_Conf2_ChannelB		MEDIUMCONST    	EE37	0000	17
		_Conf2_ChannelD		MEDIUMCONST    	EE57	0000	17
		_Conf2_ChannelH		MEDIUMCONST    	EE77	0000	17
		_Frequency     		MEDIUMCONST    	EF5A	0000	5
		_Conf2_ChannelH		MEDIUMCONST    	EE97	0000	17
		_Conf2_ChannelH		MEDIUMCONST    	EEB7	0000	17
		i1_UARTchar_CON		CODE           	AD42	0000	27

shared estimated size: 1249

C:\Program Files (x86)\Microchip\xc8\v1.34\sources\common\altoft.c
		___altoft      		CODE           	9E40	0000	163

C:\Program Files (x86)\Microchip\xc8\v1.34\sources\common\altoft.c estimated size: 163

ADC.c
		_InternalADC_Re		CODE           	9D9E	0000	163
		_ReadVoltage   		CODE           	A020	0000	159
		_VoltageDivider		CODE           	AF28	0000	3
		_InitADC       		CODE           	ADA2	0000	23
		_ResetADC      		CODE           	AEB8	0000	15

ADC.c estimated size: 363

C:\Program Files (x86)\Microchip\xc8\v1.34\sources\common\awdiv.c
		___awdiv       		CODE           	961A	0000	209

C:\Program Files (x86)\Microchip\xc8\v1.34\sources\common\awdiv.c estimated size: 209

MISC.c
		_Round         		CODE           	A55A	0000	103
		_StringContains		CODE           	896E	0000	315
		_BufferCopy    		CODE           	A26C	0000	139
		_StringContains		CODE           	7AD4	0000	431
		_GetStringAfter		CODE           	8E12	0000	287
		_cleanBuffer   		CODE           	A67A	0000	91
		_IsAlphaNumeric		CODE           	AA62	0000	55
		_cleanBuffer16b		CODE           	A5C0	0000	95
		_lowercaseStrin		CODE           	A86E	0000	69
		_delayUS       		CODE           	A72C	0000	87
		_IsAlphaNumeric		CODE           	AA98	0000	53
		_Reverse_Byte  		CODE           	9AE2	0000	183
		_IsLetter      		CODE           	AAFE	0000	51
		_Reverse_4Byte 		CODE           	3BBE	0000	3199
		_IsNumber      		CODE           	AD08	0000	31
		_StringAddEqual		CODE           	7706	0000	513
		_StringMatch   		CODE           	A46C	0000	121
		_GetNumber     		CODE           	60C8	0000	1159
		_IsCharacter   		CODE           	AD74	0000	25
		_StringMatchCas		CODE           	A0BE	0000	149
		_GetNumberUnsig		CODE           	654E	0000	1119
		_lowercaseChar 		CODE           	AC1C	0000	45

MISC.c estimated size: 8320

IR.c
		_DecodeNEC     		CODE           	9C4C	0000	175
		_InitIR        		CODE           	A826	0000	73
		_EncodeNEC     		CODE           	8820	0000	335
		_UseIRCode     		CODE           	74AE	0000	601
		_IRrawToNEC    		CODE           	69AC	0000	813
		_ReadIRpin     		CODE           	AE9C	0000	15
		_SendNEC_wait  		CODE           	9F82	0000	159
		_SendNEC_bytes 		CODE           	A1E2	0000	139
		_CheckReceiving		CODE           	AE1E	0000	19

IR.c estimated size: 2329

C:\Program Files (x86)\Microchip\xc8\v1.34\sources\common\lldiv.c
		___lldiv       		CODE           	9A1C	0000	199

C:\Program Files (x86)\Microchip\xc8\v1.34\sources\common\lldiv.c estimated size: 199

user.c
		_InitApp       		CODE           	A8B2	0000	69
		_Init_System   		CODE           	7FBC	0000	393

user.c estimated size: 462

C:\Program Files (x86)\Microchip\xc8\v1.34\sources\common\doprnt.c
		_scale         		CODE           	5BC4	0000	1285
		_sprintf       		CODE           	2C44	0000	3963
		_fround        		CODE           	6CD8	0000	729

C:\Program Files (x86)\Microchip\xc8\v1.34\sources\common\doprnt.c estimated size: 5977

C:\Program Files (x86)\Microchip\xc8\v1.34\sources\common\fttol.c
		___fttol       		CODE           	86CE	0000	339

C:\Program Files (x86)\Microchip\xc8\v1.34\sources\common\fttol.c estimated size: 339

main.c
		_main          		CODE           	5022	0000	1555

main.c estimated size: 1555

C:\Program Files (x86)\Microchip\xc8\v1.34\sources\common\Umul16.c
		___wmul        		CODE           	AA2A	0000	57

C:\Program Files (x86)\Microchip\xc8\v1.34\sources\common\Umul16.c estimated size: 57

system.c
		_ConfigureOscil		CODE           	AF2A	0000	3

system.c estimated size: 3

C:\Program Files (x86)\Microchip\xc8\v1.34\sources\common\ftadd.c
		___ftadd       		CODE           	7230	0000	639

C:\Program Files (x86)\Microchip\xc8\v1.34\sources\common\ftadd.c estimated size: 639

