Microchip MPLAB XC8 Compiler V1.34 ()

Linker command line:

-W-1 --edf=C:\Program Files (x86)\Microchip\xc8\v1.34\dat\en_msgs.txt -cs \
  -h+dist/xc8_pic18f26k20/production\PIC_IR_RF_Bluetooth_Home_Automation.production.sym \
  --cmf=dist/xc8_pic18f26k20/production\PIC_IR_RF_Bluetooth_Home_Automation.production.cmf \
  -z -Q18F26K20 -oC:\Users\DWHITF~1\AppData\Local\Temp\s80k.6 \
  -Mdist/xc8_pic18f26k20/production/PIC_IR_RF_Bluetooth_Home_Automation.production.map \
  -E1 -ver=XC8 -ASTACK=06C8h-0f5fh -pstack=STACK -ACODE=00h-0FFFFh \
  -ACONST=00h-0FFFFh -ASMALLCONST=01000h-010FFhx240 \
  -AMEDIUMCONST=01000h-0FFFFh -ACOMRAM=01h-05Fh -AABS1=00h-0F5Fh \
  -ABIGRAM=01h-0F5Fh -ARAM=060h-0FFh,0100h-01FFhx14,0F00h-0F5Fh \
  -ABANK0=060h-0FFh -ABANK1=0100h-01FFh -ABANK2=0200h-02FFh \
  -ABANK3=0300h-03FFh -ABANK4=0400h-04FFh -ABANK5=0500h-05FFh \
  -ABANK6=0600h-06FFh -ABANK7=0700h-07FFh -ABANK8=0800h-08FFh \
  -ABANK9=0900h-09FFh -ABANK10=0A00h-0AFFh -ABANK11=0B00h-0BFFh \
  -ABANK12=0C00h-0CFFh -ABANK13=0D00h-0DFFh -ABANK14=0E00h-0EFFh \
  -ABANK15=0F00h-0F5Fh -ASFR=0F60h-0FFFh \
  -preset_vec=00h,intcode=08h,intcodelo=018h,powerup,init,end_init \
  -pramtop=01000h -psmallconst=SMALLCONST -pmediumconst=MEDIUMCONST \
  -pconst=CONST -AFARRAM=00h-00h -ACONFIG=0300000h-030000Dh -pconfig=CONFIG \
  -AIDLOC=0200000h-0200007h -pidloc=IDLOC -AEEDATA=0F00000h-0F003FFh \
  -peeprom_data=EEDATA \
  -prdata=COMRAM,nvrram=COMRAM,nvbit=COMRAM,rbss=COMRAM,rbit=COMRAM \
  -pfarbss=FARRAM,fardata=FARRAM,nvFARRAM=FARRAM \
  -pintsave_regs=BIGRAM,bigbss=BIGRAM,bigdata=BIGRAM -pbss=RAM \
  -pidata=CODE,irdata=CODE,ibigdata=CODE,ifardata=CODE -prparam=COMRAM \
  C:\Users\DWHITF~1\AppData\Local\Temp\s80k.obj \
  dist/xc8_pic18f26k20/production\PIC_IR_RF_Bluetooth_Home_Automation.production.obj 

Object code version is 3.11

Machine type is 18F26K20

Call graph: (short form)




                Name                               Link     Load   Length Selector   Space Scale
C:\Users\DWHITF~1\AppData\Local\Temp\s80k.obj
                end_init                            1CC      1CC        4        C       0
                reset_vec                             0        0        4        0       0
                idloc                            200000   200000        8   200000       0
                config                           300000   300000        E   300000       0
dist/xc8_pic18f26k20/production\PIC_IR_RF_Bluetooth_Home_Automation.production.obj
                intcodelo                            18       18      1B4        C       0
                intcode                               8        8       10        4       0
                mediumconst                        EB26     EB26     14DA     7593       0
                text128                            6F08     6F08      32C        C       0
                text127                            B548     B548       12        C       0
                text126                            B536     B536       12        C       0
                text125                            B61A     B61A        A        C       0
                text124                            B610     B610        A        C       0
                text123                            B5DA     B5DA        E        C       0
                text122                            B606     B606        A        C       0
                text121                            AF78     AF78       42        C       0
                intcode_body                       549A     549A      674        C       0
                text119                            AFF8     AFF8       3E        C       0
                text118                            B310     B310       2E        C       0
                text117                            B3E8     B3E8       28        C       0
                text116                            B46C     B46C       18        C       0
                text115                            B5CC     B5CC        E        C       0
                text114                            B4B0     B4B0       16        C       0
                text113                            B410     B410       26        C       0
                text112                            B250     B250       32        C       0
                text111                            B2B2     B2B2       30        C       0
                text109                            B632     B632        2     5B18       0
                text108                            AEAC     AEAC       46        C       0
                text107                            B4DA     B4DA       14        C       0
                text106                            B5BE     B5BE        E        C       0
                text105                            B49A     B49A       16        C       0
                text104                            B524     B524       12        C       0
                text103                            ACB8     ACB8       5A        C       0
                text102                            A822     A822       8A        C       0
                text101                            B5B0     B5B0        E        C       0
                text100                            B454     B454       18        C       0
                text99                             B512     B512       12        C       0
                text98                             AD6A     AD6A       56        C       0
                text97                             9A92     9A92       E2        C       0
                text96                             8F8C     8F8C      13A        C       0
                text95                             B070     B070       3A        C       0
                text94                             B21E     B21E       32        C       0
                text93                             9EC4     9EC4       CE        C       0
                text92                             B282     B282       30        C       0
                text91                             91F2     91F2      120        C       0
                text90                             77E6     77E6      27E        C       0
                text89                             AE14     AE14       50        C       0
                text88                             8CEC     8CEC      152        C       0
                text87                             A05C     A05C       C6        C       0
                text86                             A33A     A33A       A4        C       0
                text85                             A934     A934       80        C       0
                text84                             8446     8446      194        C       0
                text83                             82A0     82A0      1A6        C       0
                text82                             9D26     9D26       D0        C       0
                text81                             A1D8     A1D8       B4        C       0
                text80                             88D2     88D2      16C        C       0
                text79                             B0E2     B0E2       38        C       0
                text78                             750E     750E      2D8        C       0
                text77                             B2E2     B2E2       2E        C       0
                text76                             6120     6120      504        C       0
                text75                             30BC     30BC      F7A        C       0
                text74                             8A3E     8A3E      15C        C       0
                text73                             B36A     B36A       2C        C       0
                text72                             80F2     80F2      1AE        C       0
                text71                             B150     B150       36        C       0
                text70                             B3C0     B3C0       28        C       0
                text69                             4CB4     4CB4      7E6        C       0
                text68                             AD12     AD12       58        C       0
                text67                             B396     B396       2A        C       0
                text66                             B484     B484       16        C       0
                text65                             AC5C     AC5C       5C        C       0
                text64                             B036     B036       3A        C       0
                text63                             8762     8762      170        C       0
                text62                             9998     9998       FA        C       0
                text61                             90C6     90C6      12C        C       0
                text60                             9782     9782      10E        C       0
                text59                             A522     A522       A0        C       0
                text58                             AB22     AB22       76        C       0
                text57                             B55A     B55A       10        C       0
                text56                             B5A2     B5A2        E        C       0
                text55                             B5FC     B5FC        A        C       0
                text54                             ABFE     ABFE       5E        C       0
                text53                             AE64     AE64       48        C       0
                text52                             B594     B594        E        C       0
                text51                             B586     B586        E        C       0
                text50                             B5F2     B5F2        A        C       0
                text49                             B4C6     B4C6       14        C       0
                text48                             B578     B578        E        C       0
                text47                             A9B4     A9B4       7C        C       0
                text46                             A480     A480       A2        C       0
                text45                             AB98     AB98       66        C       0
                text44                             966C     966C      116        C       0
                text43                             954E     954E      11E        C       0
                text42                             9B74     9B74       DC        C       0
                text41                             9F92     9F92       CA        C       0
                text40                             7F24     7F24      1CE        C       0
                text39                             85DA     85DA      188        C       0
                text38                             A122     A122       B6        C       0
                text37                             A28C     A28C       AE        C       0
                text36                             9DF6     9DF6       CE        C       0
                text35                             8E3E     8E3E      14E        C       0
                text34                             B1EC     B1EC       32        C       0
                text33                             AA30     AA30       7A        C       0
                text32                             6624     6624      486        C       0
                text31                             6AAA     6AAA      45E        C       0
                text30                             9430     9430      11E        C       0
                text29                             B436     B436       1E        C       0
                text28                             B186     B186       34        C       0
                text27                             B11A     B11A       36        C       0
                text26                             A3DE     A3DE       A2        C       0
                text25                             B630     B630        2     5B18       0
                text24                             8B9A     8B9A      152        C       0
                text23                             B33E     B33E       2C        C       0
                text22                             A660     A660       9E        C       0
                text21                             B500     B500       12        C       0
                text20                             4036     4036      C7E        C       0
                text19                             A8AC     A8AC       88        C       0
                text18                             A5C2     A5C2       9E        C       0
                text17                             B5E8     B5E8        A        C       0
                text16                             B4EE     B4EE       12        C       0
                text15                             9890     9890      108        C       0
                text14                             AFBA     AFBA       3E        C       0
                text13                             7CCC     7CCC      258        C       0
                text12                             7A64     7A64      268        C       0
                text11                             AAAA     AAAA       78        C       0
                text10                             A6FE     A6FE       94        C       0
                text9                              9312     9312      11E        C       0
                text8                              B0AA     B0AA       38        C       0
                text7                              AF36     AF36       42        C       0
                text6                              A792     A792       90        C       0
                text5                              AEF2     AEF2       44        C       0
                text4                               1D0      1D0     2EEC        C       0
                text3                              ADC0     ADC0       54        C       0
                text2                              B56A     B56A        E        C       0
                text1                              7234     7234      2DA        C       0
                text0                              5B0E     5B0E      612        C       0
                cstackCOMRAM                          1        1       3F        1       1
                cstackBANK0                          60       60       98       60       1
                cstackBANK1                         100      100       FF      100       1
                cstackBANK2                         200      200       8D      200       1
                cstackBANK3                         300      300       E5      300       1
                bssBANK6                            600      600       C8      600       1
                dataBANK5                           500      500       32      500       1
                bssBANK5                            532      532       1E      500       1
                bssBANK4                            400      400       FB      400       1
                dataBANK3                           3F1      3F1        4      300       1
                bssBANK3                            3E5      3E5        C      300       1
                bssBANK2                            28D      28D       66      200       1
                dataBANK0                            FC       FC        4       60       1
                bssBANK0                             F8       F8        4       60       1
                dataCOMRAM                           58       58        3        1       1
                bssCOMRAM                            40       40       18        1       1
                cinit                              9C50     9C50       D6        C       0
                idataBANK5                         B1BA     B1BA       32        C       0
                idataBANK3                         B628     B628        4        C       0
                idataBANK0                         B624     B624        4        C       0
                idataCOMRAM                        B62C     B62C        3        C       0

TOTAL           Name                               Link     Load   Length     Space
        CLASS   STACK          

        CLASS   CODE           
                end_init                            1CC      1CC        4         0
                intcodelo                            18       18      1B4         0
                intcode                               8        8       10         0
                reset_vec                             0        0        4         0
                text128                            6F08     6F08      32C         0
                text127                            B548     B548       12         0
                text126                            B536     B536       12         0
                text125                            B61A     B61A        A         0
                text124                            B610     B610        A         0
                text123                            B5DA     B5DA        E         0
                text122                            B606     B606        A         0
                text121                            AF78     AF78       42         0
                intcode_body                       549A     549A      674         0
                text119                            AFF8     AFF8       3E         0
                text118                            B310     B310       2E         0
                text117                            B3E8     B3E8       28         0
                text116                            B46C     B46C       18         0
                text115                            B5CC     B5CC        E         0
                text114                            B4B0     B4B0       16         0
                text113                            B410     B410       26         0
                text112                            B250     B250       32         0
                text111                            B2B2     B2B2       30         0
                text109                            B632     B632        2         0
                text108                            AEAC     AEAC       46         0
                text107                            B4DA     B4DA       14         0
                text106                            B5BE     B5BE        E         0
                text105                            B49A     B49A       16         0
                text104                            B524     B524       12         0
                text103                            ACB8     ACB8       5A         0
                text102                            A822     A822       8A         0
                text101                            B5B0     B5B0        E         0
                text100                            B454     B454       18         0
                text99                             B512     B512       12         0
                text98                             AD6A     AD6A       56         0
                text97                             9A92     9A92       E2         0
                text96                             8F8C     8F8C      13A         0
                text95                             B070     B070       3A         0
                text94                             B21E     B21E       32         0
                text93                             9EC4     9EC4       CE         0
                text92                             B282     B282       30         0
                text91                             91F2     91F2      120         0
                text90                             77E6     77E6      27E         0
                text89                             AE14     AE14       50         0
                text88                             8CEC     8CEC      152         0
                text87                             A05C     A05C       C6         0
                text86                             A33A     A33A       A4         0
                text85                             A934     A934       80         0
                text84                             8446     8446      194         0
                text83                             82A0     82A0      1A6         0
                text82                             9D26     9D26       D0         0
                text81                             A1D8     A1D8       B4         0
                text80                             88D2     88D2      16C         0
                text79                             B0E2     B0E2       38         0
                text78                             750E     750E      2D8         0
                text77                             B2E2     B2E2       2E         0
                text76                             6120     6120      504         0
                text75                             30BC     30BC      F7A         0
                text74                             8A3E     8A3E      15C         0
                text73                             B36A     B36A       2C         0
                text72                             80F2     80F2      1AE         0
                text71                             B150     B150       36         0
                text70                             B3C0     B3C0       28         0
                text69                             4CB4     4CB4      7E6         0
                text68                             AD12     AD12       58         0
                text67                             B396     B396       2A         0
                text66                             B484     B484       16         0
                text65                             AC5C     AC5C       5C         0
                text64                             B036     B036       3A         0
                text63                             8762     8762      170         0
                text62                             9998     9998       FA         0
                text61                             90C6     90C6      12C         0
                text60                             9782     9782      10E         0
                text59                             A522     A522       A0         0
                text58                             AB22     AB22       76         0
                text57                             B55A     B55A       10         0
                text56                             B5A2     B5A2        E         0
                text55                             B5FC     B5FC        A         0
                text54                             ABFE     ABFE       5E         0
                text53                             AE64     AE64       48         0
                text52                             B594     B594        E         0
                text51                             B586     B586        E         0
                text50                             B5F2     B5F2        A         0
                text49                             B4C6     B4C6       14         0
                text48                             B578     B578        E         0
                text47                             A9B4     A9B4       7C         0
                text46                             A480     A480       A2         0
                text45                             AB98     AB98       66         0
                text44                             966C     966C      116         0
                text43                             954E     954E      11E         0
                text42                             9B74     9B74       DC         0
                text41                             9F92     9F92       CA         0
                text40                             7F24     7F24      1CE         0
                text39                             85DA     85DA      188         0
                text38                             A122     A122       B6         0
                text37                             A28C     A28C       AE         0
                text36                             9DF6     9DF6       CE         0
                text35                             8E3E     8E3E      14E         0
                text34                             B1EC     B1EC       32         0
                text33                             AA30     AA30       7A         0
                text32                             6624     6624      486         0
                text31                             6AAA     6AAA      45E         0
                text30                             9430     9430      11E         0
                text29                             B436     B436       1E         0
                text28                             B186     B186       34         0
                text27                             B11A     B11A       36         0
                text26                             A3DE     A3DE       A2         0
                text25                             B630     B630        2         0
                text24                             8B9A     8B9A      152         0
                text23                             B33E     B33E       2C         0
                text22                             A660     A660       9E         0
                text21                             B500     B500       12         0
                text20                             4036     4036      C7E         0
                text19                             A8AC     A8AC       88         0
                text18                             A5C2     A5C2       9E         0
                text17                             B5E8     B5E8        A         0
                text16                             B4EE     B4EE       12         0
                text15                             9890     9890      108         0
                text14                             AFBA     AFBA       3E         0
                text13                             7CCC     7CCC      258         0
                text12                             7A64     7A64      268         0
                text11                             AAAA     AAAA       78         0
                text10                             A6FE     A6FE       94         0
                text9                              9312     9312      11E         0
                text8                              B0AA     B0AA       38         0
                text7                              AF36     AF36       42         0
                text6                              A792     A792       90         0
                text5                              AEF2     AEF2       44         0
                text4                               1D0      1D0     2EEC         0
                text3                              ADC0     ADC0       54         0
                text2                              B56A     B56A        E         0
                text1                              7234     7234      2DA         0
                text0                              5B0E     5B0E      612         0
                cinit                              9C50     9C50       D6         0
                idataBANK5                         B1BA     B1BA       32         0
                idataBANK3                         B628     B628        4         0
                idataBANK0                         B624     B624        4         0
                idataCOMRAM                        B62C     B62C        3         0

        CLASS   CONST          

        CLASS   SMALLCONST     

        CLASS   MEDIUMCONST    
                mediumconst                        EB26     EB26     14DA         0

        CLASS   COMRAM         
                cstackCOMRAM                          1        1       3F         1
                dataCOMRAM                           58       58        3         1
                bssCOMRAM                            40       40       18         1

        CLASS   ABS1           

        CLASS   BIGRAM         

        CLASS   RAM            

        CLASS   BANK0          
                cstackBANK0                          60       60       98         1
                dataBANK0                            FC       FC        4         1
                bssBANK0                             F8       F8        4         1

        CLASS   BANK1          
                cstackBANK1                         100      100       FF         1

        CLASS   BANK2          
                cstackBANK2                         200      200       8D         1
                bssBANK2                            28D      28D       66         1

        CLASS   BANK3          
                cstackBANK3                         300      300       E5         1
                dataBANK3                           3F1      3F1        4         1
                bssBANK3                            3E5      3E5        C         1

        CLASS   BANK4          
                bssBANK4                            400      400       FB         1

        CLASS   BANK5          
                dataBANK5                           500      500       32         1
                bssBANK5                            532      532       1E         1

        CLASS   BANK6          
                bssBANK6                            600      600       C8         1

        CLASS   BANK7          

        CLASS   BANK8          

        CLASS   BANK9          

        CLASS   BANK10         

        CLASS   BANK11         

        CLASS   BANK12         

        CLASS   BANK13         

        CLASS   BANK14         

        CLASS   BANK15         

        CLASS   SFR            

        CLASS   FARRAM         

        CLASS   CONFIG         
                config                           300000   300000        E         0

        CLASS   IDLOC          
                idloc                            200000   200000        8         0

        CLASS   EEDATA         



SEGMENTS        Name                           Load    Length   Top    Selector   Space  Class

                reset_vec                      000000  000004  000004         0       0  CODE    
                cstackCOMRAM                   000001  00005A  00005B         1       1  COMRAM  
                intcode                        000008  000010  000018         4       0  CODE    
                intcodelo                      000018  00B617  00B62F         C       0  CODE    
                cstackBANK0                    000060  0000A0  000100        60       1  BANK0   
                cstackBANK1                    000100  0000FF  0001FF       100       1  BANK1   
                cstackBANK2                    000200  0000F3  0002F3       200       1  BANK2   
                cstackBANK3                    000300  0000F5  0003F5       300       1  BANK3   
                bssBANK4                       000400  0000FB  0004FB       400       1  BANK4   
                dataBANK5                      000500  000050  000550       500       1  BANK5   
                bssBANK6                       000600  0000C8  0006C8       600       1  BANK6   
                text25                         00B630  000004  00B634      5B18       0  CODE    
                mediumconst                    00EB26  0014DA  010000      7593       0  MEDIUMCO
                idloc                          200000  000008  200008    200000       0  IDLOC   
                config                         300000  00000E  30000E    300000       0  CONFIG  


UNUSED ADDRESS RANGES

        Name                Unused          Largest block    Delta
        BANK1            0001FF-0001FF                1
        BANK10           000A00-000AFF              100
        BANK11           000B00-000BFF              100
        BANK12           000C00-000CFF              100
        BANK13           000D00-000DFF              100
        BANK14           000E00-000EFF              100
        BANK15           000F00-000F5F               60
        BANK2            0002F3-0002FF                D
        BANK3            0003F5-0003FF                B
        BANK4            0004FB-0004FF                5
        BANK5            000550-0005FF               B0
        BANK6            0006C8-0006FF               38
        BANK7            000700-0007FF              100
        BANK8            000800-0008FF              100
        BANK9            000900-0009FF              100
        BIGRAM           00005B-00005F                5
                         0001FF-0001FF                1
                         0002F3-0002FF                D
                         0003F5-0003FF                B
                         0004FB-0004FF                5
                         000550-0005FF               B0
                         0006C8-000F5F              898
        CODE             000004-000007                4
                         00B62F-00B62F                1
                         00B634-00EB25             34F2
        COMRAM           00005B-00005F                5
        CONST            000004-000007                4
                         00B62F-00B62F                1
                         00B634-00EB25             34F2
        EEDATA           F00000-F003FF              400
        MEDIUMCONST      00B62F-00B62F                1
                         00B634-00EB25             34F2
        RAM              0001FF-0001FF                1
                         0002F3-0002FF                D
                         0003F5-0003FF                B
                         0004FB-0004FF                5
                         000550-0005FF               B0
                         0006C8-000F5F              100
        SFR              000F60-000FFF               A0
        SMALLCONST       00B62F-00B62F                1
                         00B634-00EB25              100
        STACK            0006C8-000F5F              898

                                  Symbol Table

?_EncodeNEC                                 cstackBANK0  000067
?_GetMemoryChar                             cstackBANK0  000067
?_GetMemoryLong                             cstackBANK0  000067
?_ReadEEPROM_1Byte                          cstackBANK0  000063
?_ReadVoltage                               cstackBANK0  00008C
?_Reverse_4Byte                             cstackBANK0  000063
?_Round                                     cstackBANK0  0000B1
?_SetEEPROM1                                cstackBANK0  000099
?_SetEEPROM2                                cstackBANK0  000099
?___altoft                                  cstackBANK0  00006B
?___awdiv                                   cstackBANK0  000069
?___awmod                                   cstackBANK0  000063
?___ftadd                                   cstackBANK0  000096
?___ftdiv                                   cstackBANK0  00006E
?___ftmul                                   cstackBANK0  00007D
?___ftneg                                   cstackBANK0  000063
?___ftpack                                  cstackBANK0  000063
?___ftsub                                   cstackBANK0  0000A2
?___fttol                                   cstackBANK0  0000A2
?___lldiv                                   cstackBANK0  000063
?___llmod                                   cstackBANK0  000070
?___lltoft                                  cstackBANK0  00006B
?___lmul                                    cstackBANK0  000063
?___lwtoft                                  cstackBANK0  00006B
?___wmul                                    cstackBANK0  000071
?__div_to_l_                                cstackBANK0  000063
?__tdiv_to_l_                               cstackBANK0  000063
?_fround                                    cstackBANK0  00008C
?_scale                                     cstackBANK0  00008C
?_sprintf                                   cstackBANK0  0000B1
BluetoothInitialSetup@BluetoothVersionLine1 cstackBANK1  000133
BluetoothInitialSetup@BluetoothVersionLine2 cstackBANK1  000151
BluetoothInitialSetup@BroadcastTEMP         cstackBANK1  00016F
BluetoothInitialSetup@Default               cstackBANK1  0001B7
BluetoothInitialSetup@buf                   cstackBANK1  000184
BluetoothInitialSetup@first                 cstackBANK1  0001B6
BluetoothInitialSetup@i                     cstackBANK1  0001BA
BluetoothInitialSetup@j                     cstackBANK1  0001B8
BluetoothInitialSetup@ok                    cstackBANK1  0001B9
BufferCopy@count                            cstackBANK0  00006F
BufferCopy@from                             cstackBANK0  00006B
BufferCopy@i                                cstackBANK0  000071
BufferCopy@shift                            cstackBANK0  000070
BufferCopy@to                               cstackBANK0  00006D
DecodeNEC@Nec                               cstackBANK0  000067
DecodeNEC@address                           cstackBANK0  00006B
DecodeNEC@command                           cstackBANK0  00006D
DecodeNEC@temp1                             cstackBANK0  000075
DecodeNEC@temp2                             cstackBANK0  000073
DecodeNEC@temp3                             cstackBANK0  000074
DisplayRF_Channel@channel                   cstackBANK0  000070
EncodeNEC@address                           cstackBANK0  00008F
EncodeNEC@command                           cstackBANK0  000067
EncodeNEC@temp1                             cstackBANK0  00007F
EncodeNEC@temp2                             cstackBANK0  000083
EncodeNEC@temp3                             cstackBANK0  000087
EncodeNEC@temp4                             cstackBANK0  00008B
EnterCommandMode@buf                        cstackBANK1  000100
EnterCommandMode@count                      cstackBANK1  000132
EraseScreen@characters                      cstackCOMRAM 00000B
EraseScreen@i                               cstackCOMRAM 00000C
GetEEPROM1@Arrayspot                        cstackBANK0  00008C
GetEEPROM1@Temp                             cstackBANK0  000088
GetEEPROM1@i                                cstackBANK0  00008D
GetEEPROM1@j                                cstackBANK0  00008E
GetEEPROM2@Arrayspot                        cstackBANK0  00008C
GetEEPROM2@Temp                             cstackBANK0  000088
GetEEPROM2@i                                cstackBANK0  00008D
GetEEPROM2@j                                cstackBANK0  00008E
GetEEPROM2@k                                cstackBANK0  00008F
GetMemoryChar@AddressFirst                  cstackBANK0  00006B
GetMemoryChar@H                             cstackBANK0  00006C
GetMemoryLong@AddressFirst                  cstackBANK0  000087
GetMemoryLong@H                             cstackBANK0  000083
GetMemoryLong@L                             cstackBANK0  000086
GetMemoryLong@MH                            cstackBANK0  000084
GetMemoryLong@ML                            cstackBANK0  000085
GetMemoryLong@temp                          cstackBANK0  00007F
GetNumber@CommaNumber                       cstackBANK0  000071
GetNumber@Hex                               cstackBANK0  00007C
GetNumber@This                              cstackBANK0  00006F
GetNumber@count                             cstackBANK0  00007B
GetNumber@i                                 cstackBANK0  00007D
GetNumber@negative                          cstackBANK0  00007A
GetNumber@result                            cstackBANK0  000072
GetNumber@temp                              cstackBANK0  00007F
GetNumber@tempCommaNumber                   cstackBANK0  000079
GetNumber@tempThis                          cstackBANK0  00007E
GetNumberUnsigned@CommaNumber               cstackBANK0  000071
GetNumberUnsigned@Hex                       cstackBANK0  00007B
GetNumberUnsigned@This                      cstackBANK0  00006F
GetNumberUnsigned@count                     cstackBANK0  00007A
GetNumberUnsigned@i                         cstackBANK0  00007C
GetNumberUnsigned@result                    cstackBANK0  000072
GetNumberUnsigned@temp                      cstackBANK0  00007D
GetNumberUnsigned@tempCommaNumber           cstackBANK0  000079
GetNumberUnsigned@tempThis                  cstackBANK0  000081
GetStringAfterComma@CommaNumber             cstackBANK0  000065
GetStringAfterComma@This                    cstackBANK0  000063
GetStringAfterComma@count                   cstackBANK0  00006A
GetStringAfterComma@result                  cstackBANK0  000066
GetStringAfterComma@tempCommaNumber         cstackBANK0  000069
IRrawToNEC@Invert                           cstackCOMRAM 000024
IRrawToNEC@NEC                              cstackCOMRAM 000022
IRrawToNEC@NECtemp                          cstackCOMRAM 000027
IRrawToNEC@Raw                              cstackCOMRAM 000020
IRrawToNEC@StartBit                         cstackCOMRAM 00002D
IRrawToNEC@first                            cstackCOMRAM 00002B
IRrawToNEC@i                                cstackCOMRAM 00002C
InitUART@Baud                               cstackBANK0  0000B8
InitUART@config                             cstackBANK0  0000C5
InitUART@spbrg                              cstackBANK0  0000C3
InitUART@temp                               cstackBANK0  0000C6
Init_System@buf                             cstackBANK1  0001BB
InternalADC_Read@ADCcounts                  cstackBANK0  00006C
InternalADC_Read@AnaChanSel                 cstackBANK0  000070
InternalADC_Read@channel                    cstackBANK0  000071
IsAlphaNumeric@data                         cstackBANK0  000064
IsAlphaNumericString@data                   cstackBANK0  000065
IsCharacter@data                            cstackCOMRAM 000001
IsLetter@data                               cstackBANK0  000063
IsNumber@data                               cstackBANK0  000063
OpenUSART@config                            cstackBANK0  000065
OpenUSART@spbrg                             cstackBANK0  000063
ReadCodeButtons@temp                        cstackBANK0  00006C
ReadEEPROM_1Byte@GIEstatus                  cstackBANK0  000065
ReadEEPROM_1Byte@PEIEstatus                 cstackBANK0  000066
ReadEEPROM_1Byte@address                    cstackBANK0  000063
ReadUSART@data                              cstackBANK0  000063
ReadVoltage@temp                            cstackBANK0  000092
ReadVoltage@voltage                         cstackBANK0  00008F
Reverse_4Byte@This                          cstackBANK0  000063
Reverse_4Byte@temp                          cstackBANK0  00006F
Reverse_Byte@This                           cstackBANK0  000066
Reverse_Byte@temp                           cstackBANK0  000065
Round@input                                 cstackBANK0  0000B1
Round@temp                                  cstackBANK0  0000B4
SendNEC_bytes@RepeatAmount                  cstackBANK0  000077
SendNEC_bytes@code                          cstackBANK0  000073
SendNEC_wait@RepeatAmount                   cstackBANK0  00007C
SendNEC_wait@code                           cstackBANK0  000078
SendNEC_wait@toggle                         cstackBANK0  00007D
SendRF@Code                                 cstackBANK0  000063
SendRF@Config                               cstackBANK0  000065
SendRF@RepeatAmount                         cstackBANK0  000067
SendRF@i                                    cstackBANK0  00006A
SendRF@size                                 cstackBANK0  000066
SendRF_Channel@channel                      cstackBANK0  000070
SendRF_wait@Code                            cstackBANK0  00006B
SendRF_wait@Config                          cstackBANK0  00006D
SendRF_wait@amount                          cstackBANK0  00006F
SendRF_wait@size                            cstackBANK0  00006E
SetEEPROM1@Arrayspot                        cstackBANK0  0000BE
SetEEPROM1@Temp                             cstackBANK0  000099
SetEEPROM1@burn                             cstackBANK0  0000B7
SetEEPROM1@fail                             cstackBANK0  0000BF
SetEEPROM1@i                                cstackBANK0  0000C3
SetEEPROM1@j                                cstackBANK0  0000C4
SetEEPROM1@temp                             cstackBANK0  0000BD
SetEEPROM2@Arrayspot                        cstackBANK0  0000D8
SetEEPROM2@Temp                             cstackBANK0  000099
SetEEPROM2@burn                             cstackBANK0  0000CD
SetEEPROM2@fail                             cstackBANK0  0000D4
SetEEPROM2@i                                cstackBANK0  0000D9
SetEEPROM2@j                                cstackBANK0  0000DA
SetEEPROM2@k                                cstackBANK0  0000DB
SetEEPROM2@temp                             cstackBANK0  0000D3
SetEEPROMdefault@i                          cstackBANK0  0000E0
SetEEPROMdefault@j                          cstackBANK0  0000E1
SetEEPROMdefault@k                          cstackBANK0  0000DF
SetMemoryChar@AddressFirst                  cstackBANK0  00006D
SetMemoryChar@Data                          cstackBANK0  00006F
SetMemoryChar@Test                          cstackBANK0  00006E
SetMemoryLong@AddressFirst                  cstackBANK0  00008C
SetMemoryLong@Data                          cstackBANK0  000088
SetMemoryLong@H                             cstackBANK0  000095
SetMemoryLong@L                             cstackBANK0  000098
SetMemoryLong@MH                            cstackBANK0  000096
SetMemoryLong@ML                            cstackBANK0  000097
SetMemoryLong@Test                          cstackBANK0  000091
SetTimer0@temp                              cstackCOMRAM 000020
StringAddEqual@Input                        cstackBANK0  000072
StringAddEqual@NullPosition                 cstackBANK0  00007A
StringAddEqual@equal                        cstackBANK0  000079
StringAddEqual@firstnumber                  cstackBANK0  00007B
StringAddEqual@i                            cstackBANK0  00007D
StringAddEqual@j                            cstackBANK0  00007C
StringAddEqual@temp                         cstackBANK1  000100
StringContains@MatchAmount                  cstackBANK0  000069
StringContains@MatchCount                   cstackBANK0  00006A
StringContains@That                         cstackBANK0  000065
StringContains@This                         cstackBANK0  000063
StringContains@i                            cstackBANK0  00006B
StringContainsCaseInsensitive@MatchAmount   cstackBANK0  00006C
StringContainsCaseInsensitive@MatchCount    cstackBANK0  00006D
StringContainsCaseInsensitive@That          cstackBANK0  000068
StringContainsCaseInsensitive@This          cstackBANK0  000066
StringContainsCaseInsensitive@i             cstackBANK0  000070
StringContainsCaseInsensitive@tempThat      cstackBANK0  00006F
StringContainsCaseInsensitive@tempThis      cstackBANK0  00006E
StringMatch@That                            cstackBANK0  000065
StringMatch@This                            cstackBANK0  000063
StringMatchCaseInsensitive@That             cstackBANK0  000068
StringMatchCaseInsensitive@This             cstackBANK0  000066
StringMatchCaseInsensitive@tempThat         cstackBANK0  00006B
StringMatchCaseInsensitive@tempThis         cstackBANK0  00006A
SyncEEPROMToGlobal@Temp1                    cstackBANK0  0000C9
SyncEEPROMToGlobal@Temp2                    cstackBANK0  000094
SyncEEPROMToGlobal@i                        cstackBANK0  0000E7
SyncEEPROMToGlobal@j                        cstackBANK0  0000E8
SyncEEPROMToGlobal@k                        cstackBANK0  0000C8
SyncGlobalToEEPROM@ok                       cstackBANK0  0000DC
UARTchar@data                               cstackBANK0  00006C
UARTchar_CONST@data                         cstackBANK0  00006C
UARTchar_CONST@temp                         cstackBANK0  00006D
UARTcommandMenu@Command                     cstackBANK0  000070
UARTcommandMenu@Desc                        cstackBANK0  000072
UARTcommandMenu@i                           cstackBANK0  000079
UARTcommandMenu@place                       cstackBANK0  00007A
UARTstring@data                             cstackBANK0  00006D
UARTstringCRLN@data                         cstackBANK0  000070
UARTstringCRLN_CONST@data                   cstackBANK0  000070
UARTstring_CONST@data                       cstackBANK0  00006E
UseBluetooth@EmptyPlace                     cstackBANK2  000283
UseBluetooth@EnteredNEC                     cstackBANK2  00027A
UseBluetooth@EqualStatus                    cstackBANK2  00027E
UseBluetooth@NecAddress                     cstackBANK2  000285
UseBluetooth@NecCommand                     cstackBANK2  000286
UseBluetooth@ReceivedStringPosOLD           cstackBANK2  00026E
UseBluetooth@SerialNumberTEMP               cstackBANK2  000273
UseBluetooth@String                         cstackBANK0  0000E9
UseBluetooth@StringPos                      cstackBANK0  0000EB
UseBluetooth@buf                            cstackBANK2  000200
UseBluetooth@device                         cstackBANK2  000278
UseBluetooth@i                              cstackBANK2  00028C
UseBluetooth@j                              cstackBANK2  00028B
UseBluetooth@k                              cstackBANK2  000284
UseBluetooth@ok                             cstackBANK2  00027F
UseBluetooth@rfchannelSTR                   cstackBANK2  000264
UseBluetooth@rfconf                         cstackBANK2  000282
UseBluetooth@set                            cstackBANK2  000279
UseBluetooth@system                         cstackBANK2  000277
UseBluetooth@temp                           cstackBANK2  000287
UseBluetooth@tempNec                        cstackBANK2  00026F
UseBluetooth@tempRFArray                    cstackBANK2  000280
UseBluetooth@timeout                        cstackBANK2  000281
UseIRCode@Code                              cstackBANK0  0000DD
UseIRCode@NEC                               cstackBANK0  0000DF
UseIRCode@found                             cstackBANK0  0000E6
UseIRCode@i                                 cstackBANK0  0000E8
UseIRCode@j                                 cstackBANK0  0000E7
WaitForIRsignal@timeout                     cstackBANK0  000072
WriteEEPROM_1Byte@GIEstatus                 cstackBANK0  000066
WriteEEPROM_1Byte@PEIEstatus                cstackBANK0  000067
WriteEEPROM_1Byte@address                   cstackBANK0  000063
WriteEEPROM_1Byte@data                      cstackBANK0  000065
_ADCON0                                     (abs)        000FC2
_ADCON0bits                                 (abs)        000FC2
_ADCON1                                     (abs)        000FC1
_ADCON1bits                                 (abs)        000FC1
_ADCON2                                     (abs)        000FC0
_ADCON2bits                                 (abs)        000FC0
_ADRESH                                     (abs)        000FC4
_ADRESL                                     (abs)        000FC3
_ANSEL                                      (abs)        000F7E
_ANSELH                                     (abs)        000F7F
_BAUDCONbits                                (abs)        000FB8
_BatteryVoltage                             bssBANK3     0003E5
_BlueConnected                              text101      00B5B0
_BluetoothBroadcast                         bssBANK4     0004E6
_BluetoothChangeStatus                      bssBANK3     0003E8
_BluetoothConfigured                        text104      00B524
_BluetoothFirmware1                         bssBANK4     0004C8
_BluetoothFirmware2                         bssBANK5     000532
_BluetoothInitialSetup                      text69       004CB4
_BufferCopy                                 text102      00A822
_BufferOverflow                             bssBANK3     0003E9
_CRLN                                       mediumconst  00EE14
_CheckReceivingIR                           text21       00B500
_ClearUSART                                 text99       00B512
_CommandString                              bssBANK4     000400
_CommandStringPos                           bssCOMRAM    000044
_Conf1_ChannelD                             mediumconst  00EDDA
_Conf1_ChannelD_STR                         mediumconst  00ED81
_Conf1_ChannelE                             mediumconst  00EDE6
_Conf1_ChannelE_STR                         mediumconst  00ED90
_Conf1_ChannelF                             mediumconst  00EDF2
_Conf1_ChannelF_STR                         mediumconst  00ED9F
_Conf1_Channels                             mediumconst  00EE0C
_Conf2_ChannelB_OFF                         mediumconst  00ECE1
_Conf2_ChannelB_OFF_STR                     mediumconst  00EC52
_Conf2_ChannelB_ON                          mediumconst  00ECF1
_Conf2_ChannelB_ON_STR                      mediumconst  00EC78
_Conf2_ChannelB_STR                         mediumconst  00EDAE
_Conf2_ChannelB_Status                      bssCOMRAM    000045
_Conf2_ChannelD_OFF                         mediumconst  00ED01
_Conf2_ChannelD_OFF_STR                     mediumconst  00EC65
_Conf2_ChannelD_ON                          mediumconst  00ED11
_Conf2_ChannelD_ON_STR                      mediumconst  00EC8A
_Conf2_ChannelD_STR                         mediumconst  00EDBD
_Conf2_ChannelD_Status                      bssCOMRAM    000046
_Conf2_ChannelH_1_OFF                       mediumconst  00ED21
_Conf2_ChannelH_1_OFF_STR                   mediumconst  00EBD7
_Conf2_ChannelH_1_ON                        mediumconst  00ED31
_Conf2_ChannelH_1_ON_STR                    mediumconst  00EC16
_Conf2_ChannelH_1_STR                       mediumconst  00ECAE
_Conf2_ChannelH_1_Status                    bssCOMRAM    000047
_Conf2_ChannelH_2_OFF                       mediumconst  00ED41
_Conf2_ChannelH_2_OFF_STR                   mediumconst  00EBEC
_Conf2_ChannelH_2_ON                        mediumconst  00ED51
_Conf2_ChannelH_2_ON_STR                    mediumconst  00EC2A
_Conf2_ChannelH_2_STR                       mediumconst  00ECBF
_Conf2_ChannelH_2_Status                    bssCOMRAM    000048
_Conf2_ChannelH_3_OFF                       mediumconst  00ED61
_Conf2_ChannelH_3_OFF_STR                   mediumconst  00EC01
_Conf2_ChannelH_3_ON                        mediumconst  00ED71
_Conf2_ChannelH_3_ON_STR                    mediumconst  00EC3E
_Conf2_ChannelH_3_STR                       mediumconst  00ECD0
_Conf2_ChannelH_3_Status                    bssCOMRAM    000049
_Conf2_Channels                             mediumconst  00EE10
_ConfigureOscillator                        text109      00B632
_DecodeNEC                                  text37       00A28C
_DisplayRF_Channel                          text36       009DF6
_EEADR                                      (abs)        000FA9
_EEADRH                                     (abs)        000FAA
_EECON1bits                                 (abs)        000FA6
_EECON2                                     (abs)        000FA7
_EEDATA                                     (abs)        000FA8
_EEPROM_UNLOCK                              text66       00B484
_EEPROMinitialized                          text107      00B4DA
_EncodeNEC                                  text35       008E3E
_EnterCommandMode                           text74       008A3E
_EraseScreen                                text117      00B3E8
_FirmVersion                                mediumconst  00EDFE
_Frequency                                  mediumconst  00EC9C
_GetEEPROM1                                 text42       009B74
_GetEEPROM2                                 text41       009F92
_GetMemoryChar                              text67       00B396
_GetMemoryLong                              text63       008762
_GetNumber                                  text32       006624
_GetNumberUnsigned                          text31       006AAA
_GetStringAfterComma                        text30       009430
_Global1                                    bssBANK2     0002D5
_Global2                                    bssBANK2     0002A1
_INTCON2bits                                (abs)        000FF1
_INTCONbits                                 (abs)        000FF2
_IOCBbits                                   (abs)        000F7D
_IPR1bits                                   (abs)        000F9F
_IPR2bits                                   (abs)        000FA2
_IRRawCode                                  bssBANK6     000600
_IR_NEC                                     bssBANK3     0003EC
_IR_New_Code                                bssBANK3     0003F0
_IRaddress                                  bssCOMRAM    000056
_IRbit                                      bssCOMRAM    00004A
_IRbitPosition                              dataBANK0    0000FC
_IRcodeBit                                  bssCOMRAM    00004B
_IRcodePlace                                dataBANK0    0000FD
_IRcommand                                  bssCOMRAM    000057
_IRmod                                      bssCOMRAM    00004C
_IRpinOLD                                   bssCOMRAM    00004D
_IRrawCodeNum                               bssBANK0     0000F8
_IRrawToNEC                                 text128      006F08
_IRrepeatAmount                             bssCOMRAM    00004E
_IRrepeatflag                               bssCOMRAM    00004F
_IRsendCode                                 bssCOMRAM    000040
_IRsendFlag                                 bssCOMRAM    000050
_IRtimeout                                  dataBANK3    0003F1
_InitADC                                    text105      00B49A
_InitApp                                    text108      00AEAC
_InitBluetooth                              text58       00AB22
_InitIR                                     text53       00AE64
_InitTimer0                                 text57       00B55A
_InitTimer1                                 text52       00B594
_InitTimer2                                 text51       00B586
_InitTimer3                                 text50       00B5F2
_InitTimers                                 text49       00B4C6
_InitUART                                   text44       00966C
_InitUART$4181                              cstackBANK0  0000C0
_Init_System                                text39       0085DA
_InternalADC_Read                           text26       00A3DE
_IsAlphaNumeric                             text28       00B186
_IsAlphaNumericString                       text27       00B11A
_IsCharacter                                text116      00B46C
_IsLetter                                   text34       00B1EC
_IsNumber                                   text29       00B436
_LATA                                       (abs)        000F89
_LATB                                       (abs)        000F8A
_LATC                                       (abs)        000F8B
_LEDTimerON                                 text16       00B4EE
_Local_CloseUSART                           text48       00B578
_NewReceivedString                          bssBANK3     0003EA
_OpenUSART                                  text47       00A9B4
_PCBVersion                                 mediumconst  00EE07
_PIE1bits                                   (abs)        000F9D
_PIE2bits                                   (abs)        000FA0
_PIR1bits                                   (abs)        000F9E
_PIR2bits                                   (abs)        000FA1
_PORTA                                      (abs)        000F80
_PORTB                                      (abs)        000F81
_PORTC                                      (abs)        000F82
_PR2                                        (abs)        000FCB
_ProductName                                dataBANK5    000500
_ProjectName                                mediumconst  00EBBD
_RCONbits                                   (abs)        000FD0
_RCREG                                      (abs)        000FAE
_RCSTA                                      (abs)        000FAB
_RCSTAbits                                  (abs)        000FAB
_RFConfig                                   bssBANK0     0000F9
_RF_IR                                      dataCOMRAM   000058
_RF_IR_Postscaler                           dataBANK0    0000FE
_RFcodeBit                                  bssCOMRAM    000051
_RFcodePlace                                bssBANK0     0000FA
_RFoff                                      text127      00B548
_RFon                                       text126      00B536
_RFsendCode                                 bssBANK2     00028D
_RFsendFlag                                 bssBANK0     0000FB
_ReadCodeButtons                            text3        00ADC0
_ReadEEPROM_1Byte                           text68       00AD12
_ReadIRpin                                  text56       00B5A2
_ReadPushButton                             text2        00B56A
_ReadUSART                                  text100      00B454
_ReadVoltage                                text22       00A660
_ReceivedString                             bssBANK4     000464
_ReceivedStringPos                          bssBANK3     0003EB
_ReceivingIR                                dataCOMRAM   000059
_ResetADC                                   text106      00B5BE
_ResetBlue                                  text97       009A92
_ResetTimer0                                text55       00B5FC
_ResetTimer1                                text17       00B5E8
_ResetTimer3                                text125      00B61A
_Reverse_4Byte                              text20       004036
_Reverse_Byte                               text38       00A122
_Round                                      text45       00AB98
_SPBRG                                      (abs)        000FAF
_SPBRGH                                     (abs)        000FB0
_SYNTAX_ERR                                 mediumconst  00EDCC
_SendNEC_bytes                              text19       00A8AC
_SendNEC_wait                               text18       00A5C2
_SendRF                                     text15       009890
_SendRF_Channel                             text13       007CCC
_SendRF_wait                                text14       00AFBA
_Sendcount                                  bssCOMRAM    000052
_Sent                                       dataBANK0    0000FF
_SetEEPROM1                                 text61       0090C6
_SetEEPROM2                                 text60       009782
_SetEEPROMdefault                           text43       00954E
_SetMemoryChar                              text64       00B036
_SetMemoryLong                              text62       009998
_SetTimer0                                  text124      00B610
_StringAddEqual                             text12       007A64
_StringContains                             text96       008F8C
_StringContainsCaseInsensitive              text72       0080F2
_StringMatch                                text11       00AAAA
_StringMatchCaseInsensitive                 text10       00A6FE
_SyncEEPROMToGlobal                         text40       007F24
_SyncGlobalToEEPROM                         text59       00A522
_T0CONbits                                  (abs)        000FD5
_T1CONbits                                  (abs)        000FCD
_T2CONbits                                  (abs)        000FCA
_T3CONbits                                  (abs)        000FB1
_TABLAT                                     (abs)        000FF5
_TBLPTRH                                    (abs)        000FF7
_TBLPTRL                                    (abs)        000FF6
_TBLPTRU                                    (abs)        000FF8
_TMR0H                                      (abs)        000FD7
_TMR0L                                      (abs)        000FD6
_TMR1H                                      (abs)        000FCF
_TMR1L                                      (abs)        000FCE
_TMR2                                       (abs)        000FCC
_TMR3H                                      (abs)        000FB3
_TMR3L                                      (abs)        000FB2
_TRISAbits                                  (abs)        000F92
_TRISBbits                                  (abs)        000F93
_TRISCbits                                  (abs)        000F94
_TXREG                                      (abs)        000FAD
_TXSTA                                      (abs)        000FAC
_TXSTAbits                                  (abs)        000FAC
_Timer1_Postscaler                          bssCOMRAM    000053
_Timer2_Postscaler                          bssCOMRAM    000054
_Timer3_Postscaler                          bssCOMRAM    000055
_UARTchar                                   text71       00B150
_UARTchar_CONST                             text95       00B070
_UARTcommandMenu                            text9        009312
_UARTstring                                 text70       00B3C0
_UARTstringCRLN                             text8        00B0AA
_UARTstringCRLN_CONST                       text7        00AF36
_UARTstring_CONST                           text94       00B21E
_UseBluetooth                               text4        0001D0
_UseIRCode                                  text1        007234
_VoltageDividerOFF                          text25       00B630
_WPUB                                       (abs)        000F7C
_WaitForIRsignal                            text6        00A792
_WriteEEPROM_1Byte                          text65       00AC5C
__CFG_BOREN$SBORDIS                         (abs)        000000
__CFG_BORV$27                               (abs)        000000
__CFG_CCP2MX$PORTC                          (abs)        000000
__CFG_CP0$OFF                               (abs)        000000
__CFG_CP1$OFF                               (abs)        000000
__CFG_CP2$OFF                               (abs)        000000
__CFG_CP3$OFF                               (abs)        000000
__CFG_CPB$OFF                               (abs)        000000
__CFG_CPD$OFF                               (abs)        000000
__CFG_EBTR0$OFF                             (abs)        000000
__CFG_EBTR1$OFF                             (abs)        000000
__CFG_EBTR2$OFF                             (abs)        000000
__CFG_EBTR3$OFF                             (abs)        000000
__CFG_EBTRB$OFF                             (abs)        000000
__CFG_FCMEN$OFF                             (abs)        000000
__CFG_FOSC$HSPLL                            (abs)        000000
__CFG_HFOFST$ON                             (abs)        000000
__CFG_IESO$OFF                              (abs)        000000
__CFG_LPT1OSC$OFF                           (abs)        000000
__CFG_LVP$OFF                               (abs)        000000
__CFG_MCLRE$ON                              (abs)        000000
__CFG_PBADEN$OFF                            (abs)        000000
__CFG_PWRT$OFF                              (abs)        000000
__CFG_STVREN$ON                             (abs)        000000
__CFG_WDTEN$OFF                             (abs)        000000
__CFG_WDTPS$32768                           (abs)        000000
__CFG_WRT0$OFF                              (abs)        000000
__CFG_WRT1$OFF                              (abs)        000000
__CFG_WRT2$OFF                              (abs)        000000
__CFG_WRT3$OFF                              (abs)        000000
__CFG_WRTB$OFF                              (abs)        000000
__CFG_WRTC$OFF                              (abs)        000000
__CFG_WRTD$OFF                              (abs)        000000
__CFG_XINST$OFF                             (abs)        000000
__HRAM                                      (abs)        000000
__Habs1                                     abs1         000000
__Hbank0                                    bank0        000000
__Hbank1                                    bank1        000000
__Hbank10                                   bank10       000000
__Hbank11                                   bank11       000000
__Hbank12                                   bank12       000000
__Hbank13                                   bank13       000000
__Hbank14                                   bank14       000000
__Hbank15                                   bank15       000000
__Hbank2                                    bank2        000000
__Hbank3                                    bank3        000000
__Hbank4                                    bank4        000000
__Hbank5                                    bank5        000000
__Hbank6                                    bank6        000000
__Hbank7                                    bank7        000000
__Hbank8                                    bank8        000000
__Hbank9                                    bank9        000000
__Hbigbss                                   bigbss       000000
__Hbigdata                                  bigdata      000000
__Hbigram                                   bigram       000000
__Hbss                                      bss          000000
__HbssBANK0                                 bssBANK0     000000
__HbssBANK2                                 bssBANK2     000000
__HbssBANK3                                 bssBANK3     000000
__HbssBANK4                                 bssBANK4     000000
__HbssBANK5                                 bssBANK5     000000
__HbssBANK6                                 bssBANK6     000000
__HbssCOMRAM                                bssCOMRAM    000000
__Hcinit                                    cinit        000000
__Hclrtext                                  clrtext      000000
__Hcomram                                   comram       000000
__Hconfig                                   config       30000E
__Hconst                                    const        000000
__HcstackBANK0                              cstackBANK0  000000
__HcstackBANK1                              cstackBANK1  000000
__HcstackBANK2                              cstackBANK2  000000
__HcstackBANK3                              cstackBANK3  000000
__HcstackCOMRAM                             cstackCOMRAM 000000
__Hdata                                     data         000000
__HdataBANK0                                dataBANK0    000000
__HdataBANK3                                dataBANK3    000000
__HdataBANK5                                dataBANK5    000000
__HdataCOMRAM                               dataCOMRAM   000000
__Heeprom_data                              eeprom_data  000000
__Hend_init                                 end_init     0001D0
__Hfarbss                                   farbss       000000
__Hfardata                                  fardata      000000
__Hibigdata                                 ibigdata     000000
__Hidata                                    idata        000000
__HidataBANK0                               idataBANK0   000000
__HidataBANK3                               idataBANK3   000000
__HidataBANK5                               idataBANK5   000000
__HidataCOMRAM                              idataCOMRAM  000000
__Hidloc                                    idloc        200008
__Hifardata                                 ifardata     000000
__Hinit                                     init         0001CC
__Hintcode                                  intcode      000018
__Hintcode_body                             intcode_body 000000
__Hintcodelo                                intcodelo    0001CC
__Hintentry                                 intentry     000000
__Hintret                                   intret       000000
__Hintsave_regs                             intsave_regs 000000
__Hirdata                                   irdata       000000
__Hmediumconst                              mediumconst  010000
__HnvFARRAM                                 nvFARRAM     000000
__Hnvbit                                    nvbit        000000
__Hnvrram                                   nvrram       000000
__Hparam                                    rparam       000000
__Hpowerup                                  powerup      0001CC
__Hram                                      ram          000000
__Hramtop                                   ramtop       001000
__Hrbit                                     rbit         000000
__Hrbss                                     rbss         000000
__Hrdata                                    rdata        000000
__Hreset_vec                                reset_vec    000004
__Hrparam                                   rparam       000000
__Hsfr                                      sfr          000000
__Hsmallconst                               smallconst   000000
__Hspace_0                                  (abs)        30000E
__Hspace_1                                  (abs)        0006C8
__Hspace_2                                  (abs)        000000
__Hstack                                    stack        000000
__Hstruct                                   struct       000000
__Htemp                                     temp         000000
__Htext                                     text         000000
__Htext0                                    text0        000000
__Htext1                                    text1        000000
__Htext10                                   text10       000000
__Htext100                                  text100      000000
__Htext101                                  text101      000000
__Htext102                                  text102      000000
__Htext103                                  text103      000000
__Htext104                                  text104      000000
__Htext105                                  text105      000000
__Htext106                                  text106      000000
__Htext107                                  text107      000000
__Htext108                                  text108      000000
__Htext109                                  text109      000000
__Htext11                                   text11       000000
__Htext111                                  text111      000000
__Htext112                                  text112      000000
__Htext113                                  text113      000000
__Htext114                                  text114      000000
__Htext115                                  text115      000000
__Htext116                                  text116      000000
__Htext117                                  text117      000000
__Htext118                                  text118      000000
__Htext119                                  text119      000000
__Htext12                                   text12       000000
__Htext121                                  text121      000000
__Htext122                                  text122      000000
__Htext123                                  text123      000000
__Htext124                                  text124      000000
__Htext125                                  text125      000000
__Htext126                                  text126      000000
__Htext127                                  text127      000000
__Htext128                                  text128      000000
__Htext13                                   text13       000000
__Htext14                                   text14       000000
__Htext15                                   text15       000000
__Htext16                                   text16       000000
__Htext17                                   text17       000000
__Htext18                                   text18       000000
__Htext19                                   text19       000000
__Htext2                                    text2        000000
__Htext20                                   text20       000000
__Htext21                                   text21       000000
__Htext22                                   text22       000000
__Htext23                                   text23       000000
__Htext24                                   text24       000000
__Htext25                                   text25       000000
__Htext26                                   text26       000000
__Htext27                                   text27       000000
__Htext28                                   text28       000000
__Htext29                                   text29       000000
__Htext3                                    text3        000000
__Htext30                                   text30       000000
__Htext31                                   text31       000000
__Htext32                                   text32       000000
__Htext33                                   text33       000000
__Htext34                                   text34       000000
__Htext35                                   text35       000000
__Htext36                                   text36       000000
__Htext37                                   text37       000000
__Htext38                                   text38       000000
__Htext39                                   text39       000000
__Htext4                                    text4        000000
__Htext40                                   text40       000000
__Htext41                                   text41       000000
__Htext42                                   text42       000000
__Htext43                                   text43       000000
__Htext44                                   text44       000000
__Htext45                                   text45       000000
__Htext46                                   text46       000000
__Htext47                                   text47       000000
__Htext48                                   text48       000000
__Htext49                                   text49       000000
__Htext5                                    text5        000000
__Htext50                                   text50       000000
__Htext51                                   text51       000000
__Htext52                                   text52       000000
__Htext53                                   text53       000000
__Htext54                                   text54       000000
__Htext55                                   text55       000000
__Htext56                                   text56       000000
__Htext57                                   text57       000000
__Htext58                                   text58       000000
__Htext59                                   text59       000000
__Htext6                                    text6        000000
__Htext60                                   text60       000000
__Htext61                                   text61       000000
__Htext62                                   text62       000000
__Htext63                                   text63       000000
__Htext64                                   text64       000000
__Htext65                                   text65       000000
__Htext66                                   text66       000000
__Htext67                                   text67       000000
__Htext68                                   text68       000000
__Htext69                                   text69       000000
__Htext7                                    text7        000000
__Htext70                                   text70       000000
__Htext71                                   text71       000000
[...]
      Params:         0       0       0       0       0       0       0       0       0       0       0       0       0       0       0       0       0
      Locals:         0       0       0       0       0       0       0       0       0       0       0       0       0       0       0       0       0
      Temps:          0       0       0       0       0       0       0       0       0       0       0       0       0       0       0       0       0
      Totals:         0       0       0       0       0       0       0       0       0       0       0       0       0       0       0       0       0
Total ram usage:        0 bytes
 Hardware stack levels used:    1
 This function calls:
		Nothing
 This function is called by:
		_high_isr
 This function uses a non-reentrant model


 *************** function _SetTimer0 *****************
 Defined at:
		line 94 in file "Timer.c"
 Parameters:    Size  Location     Type
  temp            2   31[COMRAM] unsigned int 
 Auto vars:     Size  Location     Type
		None
 Return value:  Size  Location     Type
		None               void
 Registers used:
		wreg, status,2
 Tracked objects:
		On entry : 
		On exit  : 
		Unchanged: 
 Data sizes:     COMRAM   BANK0   BANK1   BANK2   BANK3   BANK4   BANK5   BANK6   BANK7   BANK8   BANK9  BANK10  BANK11  BANK12  BANK13  BANK14  BANK15
      Params:         2       0       0       0       0       0       0       0       0       0       0       0       0       0       0       0       0
      Locals:         0       0       0       0       0       0       0       0       0       0       0       0       0       0       0       0       0
      Temps:          0       0       0       0       0       0       0       0       0       0       0       0       0       0       0       0       0
      Totals:         2       0       0       0       0       0       0       0       0       0       0       0       0       0       0       0       0
Total ram usage:        2 bytes
 Hardware stack levels used:    1
 This function calls:
		Nothing
 This function is called by:
		_high_isr
 This function uses a non-reentrant model


 *************** function _ResetTimer3 *****************
 Defined at:
		line 175 in file "Timer.c"
 Parameters:    Size  Location     Type
		None
 Auto vars:     Size  Location     Type
		None
 Return value:  Size  Location     Type
		None               void
 Registers used:
		wreg, status,2
 Tracked objects:
		On entry : 
		On exit  : 
		Unchanged: 
 Data sizes:     COMRAM   BANK0   BANK1   BANK2   BANK3   BANK4   BANK5   BANK6   BANK7   BANK8   BANK9  BANK10  BANK11  BANK12  BANK13  BANK14  BANK15
      Params:         0       0       0       0       0       0       0       0       0       0       0       0       0       0       0       0       0
      Locals:         0       0       0       0       0       0       0       0       0       0       0       0       0       0       0       0       0
      Temps:          0       0       0       0       0       0       0       0       0       0       0       0       0       0       0       0       0
      Totals:         0       0       0       0       0       0       0       0       0       0       0       0       0       0       0       0       0
Total ram usage:        0 bytes
 Hardware stack levels used:    1
 This function calls:
		Nothing
 This function is called by:
		_high_isr
 This function uses a non-reentrant model


 *************** function _RFon *****************
 Defined at:
		line 308 in file "RF.c"
 Parameters:    Size  Location     Type
		None
 Auto vars:     Size  Location     Type
		None
 Return value:  Size  Location     Type
		None               void
 Registers used:
		wreg, status,2, status,0
 Tracked objects:
		On entry : 
		On exit  : 
		Unchanged: 
 Data sizes:     COMRAM   BANK0   BANK1   BANK2   BANK3   BANK4   BANK5   BANK6   BANK7   BANK8   BANK9  BANK10  BANK11  BANK12  BANK13  BANK14  BANK15
      Params:         0       0       0       0       0       0       0       0       0       0       0       0       0       0       0       0       0
      Locals:         0       0       0       0       0       0       0       0       0       0       0       0       0       0       0       0       0
      Temps:          0       0       0       0       0       0       0       0       0       0       0       0       0       0       0       0       0
      Totals:         0       0       0       0       0       0       0       0       0       0       0       0       0       0       0       0       0
Total ram usage:        0 bytes
 Hardware stack levels used:    1
 This function calls:
		Nothing
 This function is called by:
		_high_isr
 This function uses a non-reentrant model


 *************** function _RFoff *****************
 Defined at:
		line 329 in file "RF.c"
 Parameters:    Size  Location     Type
		None
 Auto vars:     Size  Location     Type
		None
 Return value:  Size  Location     Type
		None               void
 Registers used:
		wreg, status,2, status,0
 Tracked objects:
		On entry : 
		On exit  : 
		Unchanged: 
 Data sizes:     COMRAM   BANK0   BANK1   BANK2   BANK3   BANK4   BANK5   BANK6   BANK7   BANK8   BANK9  BANK10  BANK11  BANK12  BANK13  BANK14  BANK15
      Params:         0       0       0       0       0       0       0       0       0       0       0       0       0       0       0       0       0
      Locals:         0       0       0       0       0       0       0       0       0       0       0       0       0       0       0       0       0
      Temps:          0       0       0       0       0       0       0       0       0       0       0       0       0       0       0       0       0
      Totals:         0       0       0       0       0       0       0       0       0       0       0       0       0       0       0       0       0
Total ram usage:        0 bytes
 Hardware stack levels used:    1
 This function calls:
		Nothing
 This function is called by:
		_high_isr
 This function uses a non-reentrant model


 *************** function _IRrawToNEC *****************
 Defined at:
		line 127 in file "IR.c"
 Parameters:    Size  Location     Type
  Raw             2   31[COMRAM] PTR unsigned int 
		 -> IRRawCode(200), 
  NEC             2   33[COMRAM] PTR unsigned long 
		 -> IR_NEC(4), 
  Invert          1   35[COMRAM] unsigned char 
 Auto vars:     Size  Location     Type
  NECtemp         4   38[COMRAM] unsigned long 
  StartBit        1   44[COMRAM] unsigned char 
  i               1   43[COMRAM] unsigned char 
  first           1   42[COMRAM] unsigned char 
 Return value:  Size  Location     Type
                  1    wreg      unsigned char 
 Registers used:
		wreg, fsr2l, fsr2h, status,2, status,0, prodl, prodh
 Tracked objects:
		On entry : 
		On exit  : 
		Unchanged: 
 Data sizes:     COMRAM   BANK0   BANK1   BANK2   BANK3   BANK4   BANK5   BANK6   BANK7   BANK8   BANK9  BANK10  BANK11  BANK12  BANK13  BANK14  BANK15
      Params:         5       0       0       0       0       0       0       0       0       0       0       0       0       0       0       0       0
      Locals:         7       0       0       0       0       0       0       0       0       0       0       0       0       0       0       0       0
      Temps:          2       0       0       0       0       0       0       0       0       0       0       0       0       0       0       0       0
      Totals:        14       0       0       0       0       0       0       0       0       0       0       0       0       0       0       0       0
Total ram usage:       14 bytes
 Hardware stack levels used:    1
 This function calls:
		Nothing
 This function is called by:
		_high_isr
 This function uses a non-reentrant model



MODULE INFORMATION

Module		Function		Class		Link	Load	Size
C:\Program Files (x86)\Microchip\xc8\v1.34\sources\common\ftge.c
		___ftge        		CODE           	9EC4	0000	207

C:\Program Files (x86)\Microchip\xc8\v1.34\sources\common\ftge.c estimated size: 207

UART.c
		_OpenUSART     		CODE           	A9B4	0000	125
		_Local_CloseUSA		CODE           	B578	0000	15
		_InitUART      		CODE           	966C	0000	279
		_UARTstring_CON		CODE           	B21E	0000	51
		_UARTstring    		CODE           	B3C0	0000	41
		_UARTstringCRLN		CODE           	AF36	0000	67
		_EraseScreen   		CODE           	B3E8	0000	41
		_UARTstringCRLN		CODE           	B0AA	0000	57
		_UARTchar      		CODE           	B150	0000	55
		_ClearUSART    		CODE           	B512	0000	19
		_ReadUSART     		CODE           	B454	0000	25
		_UARTchar_CONST		CODE           	B070	0000	59
		_UARTcommandMen		CODE           	9312	0000	287

UART.c estimated size: 1121

Bluetooth.c
		_BluetoothConfi		CODE           	B524	0000	19
		_BlueConnected 		CODE           	B5B0	0000	15
		_ResetBlue     		CODE           	9A92	0000	227
		_WaitForIRsigna		CODE           	A792	0000	145
		_BluetoothIniti		CODE           	4CB4	0000	2023
		_InitBluetooth 		CODE           	AB22	0000	119
		_UseBluetooth  		CODE           	01D0	0000	12013
		_EnterCommandMo		CODE           	8A3E	0000	349

Bluetooth.c estimated size: 14910

C:\Program Files (x86)\Microchip\xc8\v1.34\sources\common\ftdivl.c
		__tdiv_to_l_   		CODE           	82A0	0000	423

C:\Program Files (x86)\Microchip\xc8\v1.34\sources\common\ftdivl.c estimated size: 423

Timer.c
		_InitTimer0    		CODE           	B55A	0000	17
		_InitTimer1    		CODE           	B594	0000	15
		_InitTimer2    		CODE           	B586	0000	15
		_InitTimer3    		CODE           	B5F2	0000	11
		_InitTimers    		CODE           	B4C6	0000	21
		_SetTimer0     		CODE           	B610	0000	11
		_LEDTimerON    		CODE           	B4EE	0000	19
		_ResetTimer0   		CODE           	B5FC	0000	11
		_ResetTimer1   		CODE           	B5E8	0000	11
		_ResetTimer3   		CODE           	B61A	0000	11

Timer.c estimated size: 142

C:\Program Files (x86)\Microchip\xc8\v1.34\sources\common\ftneg.c
		___ftneg       		CODE           	B282	0000	49

C:\Program Files (x86)\Microchip\xc8\v1.34\sources\common\ftneg.c estimated size: 49

interrupts.c
		_high_isr      		CODE           	0008	0000	1669
		_low_isr       		CODE           	0018	0000	437

interrupts.c estimated size: 2106

C:\Program Files (x86)\Microchip\xc8\v1.34\sources\common\Umul32.c
		___lmul        		CODE           	AA30	0000	123

C:\Program Files (x86)\Microchip\xc8\v1.34\sources\common\Umul32.c estimated size: 123

C:\Program Files (x86)\Microchip\xc8\v1.34\sources\common\fldivl.c
		__div_to_l_    		CODE           	8446	0000	405

C:\Program Files (x86)\Microchip\xc8\v1.34\sources\common\fldivl.c estimated size: 405

C:\Program Files (x86)\Microchip\xc8\v1.34\sources\common\ftsub.c
		___ftsub       		CODE           	AE14	0000	81

C:\Program Files (x86)\Microchip\xc8\v1.34\sources\common\ftsub.c estimated size: 81

C:\Program Files (x86)\Microchip\xc8\v1.34\sources\common\float.c
		___ftpack      		CODE           	91F2	0000	289

C:\Program Files (x86)\Microchip\xc8\v1.34\sources\common\float.c estimated size: 289

C:\Program Files (x86)\Microchip\xc8\v1.34\sources\common\awmod.c
		___awmod       		CODE           	A1D8	0000	181

C:\Program Files (x86)\Microchip\xc8\v1.34\sources\common\awmod.c estimated size: 181

RF.c
		_SendRF_wait   		CODE           	AFBA	0000	63
		_DisplayRF_Chan		CODE           	9DF6	0000	207
		_SendRF_Channel		CODE           	7CCC	0000	601
		_RFoff         		CODE           	B548	0000	19
		_SendRF        		CODE           	9890	0000	265
		_RFon          		CODE           	B536	0000	19

RF.c estimated size: 1174

C:\Program Files (x86)\Microchip\xc8\v1.34\sources\common\llmod.c
		___llmod       		CODE           	A33A	0000	165

C:\Program Files (x86)\Microchip\xc8\v1.34\sources\common\llmod.c estimated size: 165

Button.c
		_ReadPushButton		CODE           	B56A	0000	15
		_ReadCodeButton		CODE           	ADC0	0000	85

Button.c estimated size: 100

C:\Program Files (x86)\Microchip\xc8\v1.34\sources\common\ftmul.c
		___ftmul       		CODE           	88D2	0000	365

C:\Program Files (x86)\Microchip\xc8\v1.34\sources\common\ftmul.c estimated size: 365

C:\Program Files (x86)\Microchip\xc8\v1.34\sources\common\isdigit.c
		_isdigit       		CODE           	B2E2	0000	47

C:\Program Files (x86)\Microchip\xc8\v1.34\sources\common\isdigit.c estimated size: 47

EEPROM.c
		_SetEEPROMdefau		CODE           	954E	0000	287
		_SetMemoryLong 		CODE           	9998	0000	251
		_SetMemoryChar 		CODE           	B036	0000	59
		_EEPROM_UNLOCK 		CODE           	B484	0000	23
		_EEPROMinitiali		CODE           	B4DA	0000	21
		_ReadEEPROM_1By		CODE           	AD12	0000	89
		_GetEEPROM1    		CODE           	9B74	0000	221
		_GetEEPROM2    		CODE           	9F92	0000	203
		_WriteEEPROM_1B		CODE           	AC5C	0000	93
		_SetEEPROM1    		CODE           	90C6	0000	301
		_SetEEPROM2    		CODE           	9782	0000	271
		_SyncEEPROMToGl		CODE           	7F24	0000	463
		_SyncGlobalToEE		CODE           	A522	0000	161
		_GetMemoryLong 		CODE           	8762	0000	369
		_GetMemoryChar 		CODE           	B396	0000	43

EEPROM.c estimated size: 2855

C:\Program Files (x86)\Microchip\xc8\v1.34\sources\common\lwtoft.c
		___lwtoft      		CODE           	B33E	0000	45

C:\Program Files (x86)\Microchip\xc8\v1.34\sources\common\lwtoft.c estimated size: 45

C:\Program Files (x86)\Microchip\xc8\v1.34\sources\common\ftdiv.c
		___ftdiv       		CODE           	8B9A	0000	339

C:\Program Files (x86)\Microchip\xc8\v1.34\sources\common\ftdiv.c estimated size: 339

C:\Program Files (x86)\Microchip\xc8\v1.34\sources\common\lltoft.c
		___lltoft      		CODE           	A934	0000	129

C:\Program Files (x86)\Microchip\xc8\v1.34\sources\common\lltoft.c estimated size: 129

shared
		i1_UARTchar    		CODE           	B310	0000	47
		_Conf2_ChannelB		MEDIUMCONST    	EC52	0000	20
		_Conf2_ChannelD		MEDIUMCONST    	EC65	0000	20
		_Conf1_ChannelD		MEDIUMCONST    	EDDA	0000	13
		_Conf1_ChannelE		MEDIUMCONST    	EDE6	0000	13
		_Conf1_ChannelF		MEDIUMCONST    	EDF2	0000	13
		i1_UARTstring  		CODE           	B410	0000	39
		i2_cleanBuffer1		CODE           	AF78	0000	67
		_Conf1_Channels		MEDIUMCONST    	EE0C	0000	5
		__powers_      		MEDIUMCONST    	EB76	0000	40
		_Conf2_ChannelB		MEDIUMCONST    	ECE1	0000	17
		_Conf2_ChannelD		MEDIUMCONST    	ED01	0000	17
		_Conf2_ChannelH		MEDIUMCONST    	EBD7	0000	22
		_Conf2_ChannelH		MEDIUMCONST    	EBEC	0000	22
		_Conf2_ChannelH		MEDIUMCONST    	EC01	0000	22
		i2_ReadIRpin   		CODE           	B5DA	0000	15
		_dpowers       		MEDIUMCONST    	EB27	0000	41
		_SYNTAX_ERR    		MEDIUMCONST    	EDCC	0000	15
		_Conf2_ChannelH		MEDIUMCONST    	ECAE	0000	18
		_Conf2_ChannelH		MEDIUMCONST    	ECBF	0000	18
		_Conf2_ChannelH		MEDIUMCONST    	ECD0	0000	18
		_PCBVersion    		MEDIUMCONST    	EE07	0000	6
		i1_BlueConnecte		CODE           	B5CC	0000	15
		i2_ResetTimer0 		CODE           	B606	0000	11
		_Conf2_Channels		MEDIUMCONST    	EE10	0000	5
		_FirmVersion   		MEDIUMCONST    	EDFE	0000	10
		__npowers_     		MEDIUMCONST    	EB4F	0000	40
		_Conf1_ChannelD		MEDIUMCONST    	ED81	0000	16
		_Conf1_ChannelE		MEDIUMCONST    	ED90	0000	16
		_Conf1_ChannelF		MEDIUMCONST    	ED9F	0000	16
		i1_ReadUSART   		CODE           	B4B0	0000	23
		__initializatio		CODE           	9C50	0000	209
		_CRLN          		MEDIUMCONST    	EE14	0000	4
		_ProjectName   		MEDIUMCONST    	EBBD	0000	27
		_Conf2_ChannelH		MEDIUMCONST    	ED21	0000	17
		_Conf2_ChannelH		MEDIUMCONST    	ED41	0000	17
		_Conf2_ChannelH		MEDIUMCONST    	ED61	0000	17
		i1_UARTstring_C		CODE           	B2B2	0000	49
		_Conf2_ChannelH		MEDIUMCONST    	EC16	0000	21
		_Conf2_ChannelH		MEDIUMCONST    	EC2A	0000	21
		_Conf2_ChannelH		MEDIUMCONST    	EC3E	0000	21
		_Conf2_ChannelB		MEDIUMCONST    	EDAE	0000	16
		_Conf2_ChannelD		MEDIUMCONST    	EDBD	0000	16
		_hexpowers     		MEDIUMCONST    	EB9D	0000	33
		_Conf2_ChannelB		MEDIUMCONST    	EC78	0000	19
		_Conf2_ChannelD		MEDIUMCONST    	EC8A	0000	19
		_Conf2_ChannelB		MEDIUMCONST    	ECF1	0000	17
		_Conf2_ChannelD		MEDIUMCONST    	ED11	0000	17
		i1_delayUS     		CODE           	AFF8	0000	63
		_Conf2_ChannelH		MEDIUMCONST    	ED31	0000	17
		_Frequency     		MEDIUMCONST    	EC9C	0000	19
		_Conf2_ChannelH		MEDIUMCONST    	ED51	0000	17
		_Conf2_ChannelH		MEDIUMCONST    	ED71	0000	17
		i1_UARTchar_CON		CODE           	B250	0000	51

shared estimated size: 1384

C:\Program Files (x86)\Microchip\xc8\v1.34\sources\common\altoft.c
		___altoft      		CODE           	A480	0000	163

C:\Program Files (x86)\Microchip\xc8\v1.34\sources\common\altoft.c estimated size: 163

ADC.c
		_InternalADC_Re		CODE           	A3DE	0000	163
		_ReadVoltage   		CODE           	A660	0000	159
		_VoltageDivider		CODE           	B630	0000	3
		_InitADC       		CODE           	B49A	0000	23
		_ResetADC      		CODE           	B5BE	0000	15

ADC.c estimated size: 363

C:\Program Files (x86)\Microchip\xc8\v1.34\sources\common\awdiv.c
		___awdiv       		CODE           	9D26	0000	209

C:\Program Files (x86)\Microchip\xc8\v1.34\sources\common\awdiv.c estimated size: 209

MISC.c
		_Round         		CODE           	AB98	0000	103
		_StringContains		CODE           	8F8C	0000	315
		_BufferCopy    		CODE           	A822	0000	139
		_StringContains		CODE           	80F2	0000	431
		_GetStringAfter		CODE           	9430	0000	287
		_cleanBuffer   		CODE           	ACB8	0000	91
		_IsAlphaNumeric		CODE           	B11A	0000	55
		_cleanBuffer16b		CODE           	ABFE	0000	95
		_lowercaseStrin		CODE           	AEF2	0000	69
		_delayUS       		CODE           	AD6A	0000	87
		_IsAlphaNumeric		CODE           	B186	0000	53
		_Reverse_Byte  		CODE           	A122	0000	183
		_IsLetter      		CODE           	B1EC	0000	51
		_Reverse_4Byte 		CODE           	4036	0000	3199
		_IsNumber      		CODE           	B436	0000	31
		_StringAddEqual		CODE           	7A64	0000	617
		_StringMatch   		CODE           	AAAA	0000	121
		_GetNumber     		CODE           	6624	0000	1159
		_IsCharacter   		CODE           	B46C	0000	25
		_StringMatchCas		CODE           	A6FE	0000	149
		_GetNumberUnsig		CODE           	6AAA	0000	1119
		_lowercaseChar 		CODE           	B36A	0000	45

MISC.c estimated size: 8424

IR.c
		_DecodeNEC     		CODE           	A28C	0000	175
		_InitIR        		CODE           	AE64	0000	73
		_EncodeNEC     		CODE           	8E3E	0000	335
		_UseIRCode     		CODE           	7234	0000	731
		_IRrawToNEC    		CODE           	6F08	0000	813
		_ReadIRpin     		CODE           	B5A2	0000	15
		_SendNEC_wait  		CODE           	A5C2	0000	159
		_SendNEC_bytes 		CODE           	A8AC	0000	137
		_CheckReceiving		CODE           	B500	0000	19

IR.c estimated size: 2457

C:\Program Files (x86)\Microchip\xc8\v1.34\sources\common\lldiv.c
		___lldiv       		CODE           	A05C	0000	199

C:\Program Files (x86)\Microchip\xc8\v1.34\sources\common\lldiv.c estimated size: 199

user.c
		_InitApp       		CODE           	AEAC	0000	71
		_Init_System   		CODE           	85DA	0000	393

user.c estimated size: 464

C:\Program Files (x86)\Microchip\xc8\v1.34\sources\common\doprnt.c
		_scale         		CODE           	6120	0000	1285
		_sprintf       		CODE           	30BC	0000	3963
		_fround        		CODE           	750E	0000	729

C:\Program Files (x86)\Microchip\xc8\v1.34\sources\common\doprnt.c estimated size: 5977

C:\Program Files (x86)\Microchip\xc8\v1.34\sources\common\fttol.c
		___fttol       		CODE           	8CEC	0000	339

C:\Program Files (x86)\Microchip\xc8\v1.34\sources\common\fttol.c estimated size: 339

main.c
		_main          		CODE           	5B0E	0000	1555

main.c estimated size: 1555

C:\Program Files (x86)\Microchip\xc8\v1.34\sources\common\Umul16.c
		___wmul        		CODE           	B0E2	0000	57

C:\Program Files (x86)\Microchip\xc8\v1.34\sources\common\Umul16.c estimated size: 57

system.c
		_ConfigureOscil		CODE           	B632	0000	3

system.c estimated size: 3

C:\Program Files (x86)\Microchip\xc8\v1.34\sources\common\ftadd.c
		___ftadd       		CODE           	77E6	0000	639

C:\Program Files (x86)\Microchip\xc8\v1.34\sources\common\ftadd.c estimated size: 639

