Microchip MPLAB XC8 Compiler V1.34 ()

Linker command line:

-W-1 --edf=C:\Program Files (x86)\Microchip\xc8\v1.34\dat\en_msgs.txt -cs \
  -h+dist/xc8_pic18f26k20/production\PIC_IR_RF_Bluetooth_Home_Automation.production.sym \
  --cmf=dist/xc8_pic18f26k20/production\PIC_IR_RF_Bluetooth_Home_Automation.production.cmf \
  -z -Q18F26K20 -oC:\Users\DWHITF~1\AppData\Local\Temp\s29g.6 \
  -Mdist/xc8_pic18f26k20/production/PIC_IR_RF_Bluetooth_Home_Automation.production.map \
  -E1 -ver=XC8 -ASTACK=06D2h-0f5fh -pstack=STACK -ACODE=00h-0FFFFh \
  -ACONST=00h-0FFFFh -ASMALLCONST=01000h-010FFhx240 \
  -AMEDIUMCONST=01000h-0FFFFh -ACOMRAM=01h-05Fh -AABS1=00h-0F5Fh \
  -ABIGRAM=01h-0F5Fh -ARAM=060h-0FFh,0100h-01FFhx14,0F00h-0F5Fh \
  -ABANK0=060h-0FFh -ABANK1=0100h-01FFh -ABANK2=0200h-02FFh \
  -ABANK3=0300h-03FFh -ABANK4=0400h-04FFh -ABANK5=0500h-05FFh \
  -ABANK6=0600h-06FFh -ABANK7=0700h-07FFh -ABANK8=0800h-08FFh \
  -ABANK9=0900h-09FFh -ABANK10=0A00h-0AFFh -ABANK11=0B00h-0BFFh \
  -ABANK12=0C00h-0CFFh -ABANK13=0D00h-0DFFh -ABANK14=0E00h-0EFFh \
  -ABANK15=0F00h-0F5Fh -ASFR=0F60h-0FFFh \
  -preset_vec=00h,intcode=08h,intcodelo=018h,powerup,init,end_init \
  -pramtop=01000h -psmallconst=SMALLCONST -pmediumconst=MEDIUMCONST \
  -pconst=CONST -AFARRAM=00h-00h -ACONFIG=0300000h-030000Dh -pconfig=CONFIG \
  -AIDLOC=0200000h-0200007h -pidloc=IDLOC -AEEDATA=0F00000h-0F003FFh \
  -peeprom_data=EEDATA \
  -prdata=COMRAM,nvrram=COMRAM,nvbit=COMRAM,rbss=COMRAM,rbit=COMRAM \
  -pfarbss=FARRAM,fardata=FARRAM,nvFARRAM=FARRAM \
  -pintsave_regs=BIGRAM,bigbss=BIGRAM,bigdata=BIGRAM -pbss=RAM \
  -pidata=CODE,irdata=CODE,ibigdata=CODE,ifardata=CODE -prparam=COMRAM \
  C:\Users\DWHITF~1\AppData\Local\Temp\s29g.obj \
  dist/xc8_pic18f26k20/production\PIC_IR_RF_Bluetooth_Home_Automation.production.obj 

Object code version is 3.11

Machine type is 18F26K20

Call graph: (short form)




                Name                               Link     Load   Length Selector   Space Scale
C:\Users\DWHITF~1\AppData\Local\Temp\s29g.obj
                end_init                            354      354        4        C       0
                reset_vec                             0        0        4        0       0
                idloc                            200000   200000        8   200000       0
                config                           300000   300000        E   300000       0
dist/xc8_pic18f26k20/production\PIC_IR_RF_Bluetooth_Home_Automation.production.obj
                intcodelo                            18       18      33C        C       0
                intcode                               8        8       10        4       0
                mediumconst                        DE8A     DE8A     2176     6F45       0
                text147                            C4E2     C4E2       14        C       0
                text146                            C4CE     C4CE       14        C       0
                text145                            C636     C636        A        C       0
                text144                            634C     634C      5C4        C       0
                text143                            BF24     BF24       3E        C       0
                text142                            C1EC     C1EC       32        C       0
                text141                            C27E     C27E       30        C       0
                text140                            BF9E     BF9E       3C        C       0
                intcode_body                       A900     A900       EA        C       0
                text138                            BEE6     BEE6       3E        C       0
                text137                            C1BA     C1BA       32        C       0
                text136                            C38A     C38A       28        C       0
                text135                            7B16     7B16      32C        C       0
                text134                            C44C     C44C       18        C       0
                text133                            C62C     C62C        A        C       0
                text132                            C5E2     C5E2        E        C       0
                text131                            C658     C658        6        C       0
                text130                            C652     C652        6        C       0
                text129                            C622     C622        A        C       0
                text128                            C550     C550       12        C       0
                text127                            C5D4     C5D4        E        C       0
                text126                            C490     C490       16        C       0
                text125                            C618     C618        A        C       0
                text124                            C2DC     C2DC       2E        C       0
                text123                            C3D8     C3D8       26        C       0
                text122                            C24E     C24E       30        C       0
                text121                            BF62     BF62       3C        C       0
                text120                            BD9C     BD9C       48        C       0
                text118                            C662     C662        4        C       0
                text117                            C53E     C53E       12        C       0
                text116                            BD0A     BD0A       4A        C       0
                text115                            C4BA     C4BA       14        C       0
                text114                            C5C6     C5C6        E        C       0
                text113                            C47A     C47A       16        C       0
                text112                            C52C     C52C       12        C       0
                text111                            C04C     C04C       38        C       0
                text110                            BB6C     BB6C       58        C       0
                text109                            8DEC     8DEC      184        C       0
                text108                            C5B8     C5B8        E        C       0
                text107                            C434     C434       18        C       0
                text106                            C51A     C51A       12        C       0
                text105                            BBC4     BBC4       56        C       0
                text104                            A9EA     A9EA       E2        C       0
                text103                            9CEC     9CEC      13A        C       0
                text102                            BFDA     BFDA       3A        C       0
                text101                            C188     C188       32        C       0
                text100                            AD58     AD58       CE        C       0
                text99                             C21E     C21E       30        C       0
                text98                             A19A     A19A      120        C       0
                text97                             841E     841E      27E        C       0
                text96                             BC6E     BC6E       50        C       0
                text95                             97CA     97CA      152        C       0
                text94                             AEF2     AEF2       C6        C       0
                text93                             B1D0     B1D0       A4        C       0
                text92                             B6A8     B6A8       80        C       0
                text91                             8C58     8C58      194        C       0
                text90                             8AB2     8AB2      1A6        C       0
                text89                             AC88     AC88       D0        C       0
                text88                             B06E     B06E       B4        C       0
                text87                             9258     9258      16C        C       0
                text86                             8146     8146      2D8        C       0
                text85                             C2AE     C2AE       2E        C       0
                text84                             6910     6910      504        C       0
                text83                             38FC     38FC      F7A        C       0
                text82                             93C4     93C4      15C        C       0
                text81                             C336     C336       2C        C       0
                text80                             8904     8904      1AE        C       0
                text79                             C0BA     C0BA       36        C       0
                text78                             C362     C362       28        C       0
                text77                             54F4     54F4      7E6        C       0
                text76                             BB14     BB14       58        C       0
                text75                             C3B2     C3B2       26        C       0
                text74                             C464     C464       16        C       0
                text73                             BAB8     BAB8       5C        C       0
                text72                             BEA8     BEA8       3E        C       0
                text71                             90E6     90E6      172        C       0
                text70                             A60C     A60C      104        C       0
                text69                             9A6A     9A6A      146        C       0
                text68                             9BB0     9BB0      13C        C       0
                text67                             B7A4     B7A4       7C        C       0
                text66                             B912     B912       76        C       0
                text65                             C64C     C64C        6        C       0
                text64                             C562     C562       10        C       0
                text63                             C5AA     C5AA        E        C       0
                text62                             C60E     C60E        A        C       0
                text61                             BA56     BA56       62        C       0
                text60                             BD54     BD54       48        C       0
                text59                             C59C     C59C        E        C       0
                text58                             C58E     C58E        E        C       0
                text57                             C604     C604        A        C       0
                text56                             C4A6     C4A6       14        C       0
                text55                             C580     C580        E        C       0
                text54                             B728     B728       7C        C       0
                text53                             B3B8     B3B8       A2        C       0
                text52                             B9F0     B9F0       66        C       0
                text51                             A4F6     A4F6      116        C       0
                text50                             A078     A078      122        C       0
                text49                             A808     A808       F8        C       0
                text48                             ABAC     ABAC       DC        C       0
                text47                             AACC     AACC       E0        C       0
                text46                             A710     A710       F8        C       0
                text45                             C5FA     C5FA        A        C       0
                text44                             8F70     8F70      176        C       0
                text43                             AFB8     AFB8       B6        C       0
                text42                             B122     B122       AE        C       0
                text41                             B988     B988       68        C       0
                text40                             BCBE     BCBE       4C        C       0
                text39                             9520     9520      158        C       0
                text38                             991C     991C      14E        C       0
                text37                             C156     C156       32        C       0
                text36                             B820     B820       7A        C       0
                text35                             6E14     6E14      486        C       0
                text34                             729A     729A      45E        C       0
                text33                             A3D8     A3D8      11E        C       0
                text32                             C41C     C41C       18        C       0
                text31                             C3FE     C3FE       1E        C       0
                text30                             C0F0     C0F0       34        C       0
                text29                             C084     C084       36        C       0
                text28                             9F52     9F52      126        C       0
                text27                             B316     B316       A2        C       0
                text26                             C666     C666        2        C       0
                text25                             9678     9678      152        C       0
                text24                             C30A     C30A       2C        C       0
                text23                             B45A     B45A       9E        C       0
                text22                             C508     C508       12        C       0
                text21                             C646     C646        6        C       0
                text20                             4876     4876      C7E        C       0
                text19                             B61C     B61C       8C        C       0
                text18                             B274     B274       A2        C       0
                text17                             C5F0     C5F0        A        C       0
                text16                             C4F6     C4F6       12        C       0
                text15                             9E26     9E26      12C        C       0
                text14                             BE6A     BE6A       3E        C       0
                text13                             76F8     76F8      41E        C       0
                text12                             869C     869C      268        C       0
                text11                             B89A     B89A       78        C       0
                text10                             B4F8     B4F8       94        C       0
                text9                              A2BA     A2BA      11E        C       0
                text8                              C014     C014       38        C       0
                text7                              BE28     BE28       42        C       0
                text6                              B58C     B58C       90        C       0
                text5                              BDE4     BDE4       44        C       0
                text4                               358      358     35A4        C       0
                text3                              BC1A     BC1A       54        C       0
                text2                              C572     C572        E        C       0
                text1                              7E42     7E42      304        C       0
                text0                              5CDA     5CDA      672        C       0
                cstackCOMRAM                          1        1       33        1       1
                cstackBANK0                          60       60       92       60       1
                cstackBANK1                         100      100       FF      100       1
                cstackBANK2                         200      200       A6      200       1
                cstackBANK3                         300      300       CA      300       1
                dataBANK6                           6A0      6A0       32      600       1
                bssBANK6                            600      600       A0      600       1
                bssBANK5                            500      500       D2      500       1
                bssBANK4                            400      400       FC      400       1
                dataBANK3                           3EC      3EC        4      300       1
                bssBANK3                            3CA      3CA       22      300       1
                bssBANK2                            2A6      2A6       41      200       1
                dataBANK0                            FA       FA        6       60       1
                bssBANK0                             F2       F2        8       60       1
                dataCOMRAM                           58       58        1        1       1
                bssCOMRAM                            34       34       24        1       1
                cinit                              AE26     AE26       CC        C       0
                idataBANK6                         C124     C124       32        C       0
                idataBANK3                         C65E     C65E        4        C       0
                idataBANK0                         C640     C640        6        C       0
                idataCOMRAM                        C668     C668        1        C       0

TOTAL           Name                               Link     Load   Length     Space
        CLASS   STACK          

        CLASS   CODE           
                end_init                            354      354        4         0
                intcodelo                            18       18      33C         0
                intcode                               8        8       10         0
                reset_vec                             0        0        4         0
                text147                            C4E2     C4E2       14         0
                text146                            C4CE     C4CE       14         0
                text145                            C636     C636        A         0
                text144                            634C     634C      5C4         0
                text143                            BF24     BF24       3E         0
                text142                            C1EC     C1EC       32         0
                text141                            C27E     C27E       30         0
                text140                            BF9E     BF9E       3C         0
                intcode_body                       A900     A900       EA         0
                text138                            BEE6     BEE6       3E         0
                text137                            C1BA     C1BA       32         0
                text136                            C38A     C38A       28         0
                text135                            7B16     7B16      32C         0
                text134                            C44C     C44C       18         0
                text133                            C62C     C62C        A         0
                text132                            C5E2     C5E2        E         0
                text131                            C658     C658        6         0
                text130                            C652     C652        6         0
                text129                            C622     C622        A         0
                text128                            C550     C550       12         0
                text127                            C5D4     C5D4        E         0
                text126                            C490     C490       16         0
                text125                            C618     C618        A         0
                text124                            C2DC     C2DC       2E         0
                text123                            C3D8     C3D8       26         0
                text122                            C24E     C24E       30         0
                text121                            BF62     BF62       3C         0
                text120                            BD9C     BD9C       48         0
                text118                            C662     C662        4         0
                text117                            C53E     C53E       12         0
                text116                            BD0A     BD0A       4A         0
                text115                            C4BA     C4BA       14         0
                text114                            C5C6     C5C6        E         0
                text113                            C47A     C47A       16         0
                text112                            C52C     C52C       12         0
                text111                            C04C     C04C       38         0
                text110                            BB6C     BB6C       58         0
                text109                            8DEC     8DEC      184         0
                text108                            C5B8     C5B8        E         0
                text107                            C434     C434       18         0
                text106                            C51A     C51A       12         0
                text105                            BBC4     BBC4       56         0
                text104                            A9EA     A9EA       E2         0
                text103                            9CEC     9CEC      13A         0
                text102                            BFDA     BFDA       3A         0
                text101                            C188     C188       32         0
                text100                            AD58     AD58       CE         0
                text99                             C21E     C21E       30         0
                text98                             A19A     A19A      120         0
                text97                             841E     841E      27E         0
                text96                             BC6E     BC6E       50         0
                text95                             97CA     97CA      152         0
                text94                             AEF2     AEF2       C6         0
                text93                             B1D0     B1D0       A4         0
                text92                             B6A8     B6A8       80         0
                text91                             8C58     8C58      194         0
                text90                             8AB2     8AB2      1A6         0
                text89                             AC88     AC88       D0         0
                text88                             B06E     B06E       B4         0
                text87                             9258     9258      16C         0
                text86                             8146     8146      2D8         0
                text85                             C2AE     C2AE       2E         0
                text84                             6910     6910      504         0
                text83                             38FC     38FC      F7A         0
                text82                             93C4     93C4      15C         0
                text81                             C336     C336       2C         0
                text80                             8904     8904      1AE         0
                text79                             C0BA     C0BA       36         0
                text78                             C362     C362       28         0
                text77                             54F4     54F4      7E6         0
                text76                             BB14     BB14       58         0
                text75                             C3B2     C3B2       26         0
                text74                             C464     C464       16         0
                text73                             BAB8     BAB8       5C         0
                text72                             BEA8     BEA8       3E         0
                text71                             90E6     90E6      172         0
                text70                             A60C     A60C      104         0
                text69                             9A6A     9A6A      146         0
                text68                             9BB0     9BB0      13C         0
                text67                             B7A4     B7A4       7C         0
                text66                             B912     B912       76         0
                text65                             C64C     C64C        6         0
                text64                             C562     C562       10         0
                text63                             C5AA     C5AA        E         0
                text62                             C60E     C60E        A         0
                text61                             BA56     BA56       62         0
                text60                             BD54     BD54       48         0
                text59                             C59C     C59C        E         0
                text58                             C58E     C58E        E         0
                text57                             C604     C604        A         0
                text56                             C4A6     C4A6       14         0
                text55                             C580     C580        E         0
                text54                             B728     B728       7C         0
                text53                             B3B8     B3B8       A2         0
                text52                             B9F0     B9F0       66         0
                text51                             A4F6     A4F6      116         0
                text50                             A078     A078      122         0
                text49                             A808     A808       F8         0
                text48                             ABAC     ABAC       DC         0
                text47                             AACC     AACC       E0         0
                text46                             A710     A710       F8         0
                text45                             C5FA     C5FA        A         0
                text44                             8F70     8F70      176         0
                text43                             AFB8     AFB8       B6         0
                text42                             B122     B122       AE         0
                text41                             B988     B988       68         0
                text40                             BCBE     BCBE       4C         0
                text39                             9520     9520      158         0
                text38                             991C     991C      14E         0
                text37                             C156     C156       32         0
                text36                             B820     B820       7A         0
                text35                             6E14     6E14      486         0
                text34                             729A     729A      45E         0
                text33                             A3D8     A3D8      11E         0
                text32                             C41C     C41C       18         0
                text31                             C3FE     C3FE       1E         0
                text30                             C0F0     C0F0       34         0
                text29                             C084     C084       36         0
                text28                             9F52     9F52      126         0
                text27                             B316     B316       A2         0
                text26                             C666     C666        2         0
                text25                             9678     9678      152         0
                text24                             C30A     C30A       2C         0
                text23                             B45A     B45A       9E         0
                text22                             C508     C508       12         0
                text21                             C646     C646        6         0
                text20                             4876     4876      C7E         0
                text19                             B61C     B61C       8C         0
                text18                             B274     B274       A2         0
                text17                             C5F0     C5F0        A         0
                text16                             C4F6     C4F6       12         0
                text15                             9E26     9E26      12C         0
                text14                             BE6A     BE6A       3E         0
                text13                             76F8     76F8      41E         0
                text12                             869C     869C      268         0
                text11                             B89A     B89A       78         0
                text10                             B4F8     B4F8       94         0
                text9                              A2BA     A2BA      11E         0
                text8                              C014     C014       38         0
                text7                              BE28     BE28       42         0
                text6                              B58C     B58C       90         0
                text5                              BDE4     BDE4       44         0
                text4                               358      358     35A4         0
                text3                              BC1A     BC1A       54         0
                text2                              C572     C572        E         0
                text1                              7E42     7E42      304         0
                text0                              5CDA     5CDA      672         0
                cinit                              AE26     AE26       CC         0
                idataBANK6                         C124     C124       32         0
                idataBANK3                         C65E     C65E        4         0
                idataBANK0                         C640     C640        6         0
                idataCOMRAM                        C668     C668        1         0

        CLASS   CONST          

        CLASS   SMALLCONST     

        CLASS   MEDIUMCONST    
                mediumconst                        DE8A     DE8A     2176         0

        CLASS   COMRAM         
                cstackCOMRAM                          1        1       33         1
                dataCOMRAM                           58       58        1         1
                bssCOMRAM                            34       34       24         1

        CLASS   ABS1           

        CLASS   BIGRAM         

        CLASS   RAM            

        CLASS   BANK0          
                cstackBANK0                          60       60       92         1
                dataBANK0                            FA       FA        6         1
                bssBANK0                             F2       F2        8         1

        CLASS   BANK1          
                cstackBANK1                         100      100       FF         1

        CLASS   BANK2          
                cstackBANK2                         200      200       A6         1
                bssBANK2                            2A6      2A6       41         1

        CLASS   BANK3          
                cstackBANK3                         300      300       CA         1
                dataBANK3                           3EC      3EC        4         1
                bssBANK3                            3CA      3CA       22         1

        CLASS   BANK4          
                bssBANK4                            400      400       FC         1

        CLASS   BANK5          
                bssBANK5                            500      500       D2         1

        CLASS   BANK6          
                dataBANK6                           6A0      6A0       32         1
                bssBANK6                            600      600       A0         1

        CLASS   BANK7          

        CLASS   BANK8          

        CLASS   BANK9          

        CLASS   BANK10         

        CLASS   BANK11         

        CLASS   BANK12         

        CLASS   BANK13         

        CLASS   BANK14         

        CLASS   BANK15         

        CLASS   SFR            

        CLASS   FARRAM         

        CLASS   CONFIG         
                config                           300000   300000        E         0

        CLASS   IDLOC          
                idloc                            200000   200000        8         0

        CLASS   EEDATA         



SEGMENTS        Name                           Load    Length   Top    Selector   Space  Class

                reset_vec                      000000  000004  000004         0       0  CODE    
                cstackCOMRAM                   000001  000058  000059         1       1  COMRAM  
                intcode                        000008  000010  000018         4       0  CODE    
                intcodelo                      000018  00C651  00C669         C       0  CODE    
                cstackBANK0                    000060  0000A0  000100        60       1  BANK0   
                cstackBANK1                    000100  0000FF  0001FF       100       1  BANK1   
                cstackBANK2                    000200  0000E7  0002E7       200       1  BANK2   
                cstackBANK3                    000300  0000F0  0003F0       300       1  BANK3   
                bssBANK4                       000400  0000FC  0004FC       400       1  BANK4   
                bssBANK5                       000500  0000D2  0005D2       500       1  BANK5   
                bssBANK6                       000600  0000D2  0006D2       600       1  BANK6   
                mediumconst                    00DE8A  002176  010000      6F45       0  MEDIUMCO
                idloc                          200000  000008  200008    200000       0  IDLOC   
                config                         300000  00000E  30000E    300000       0  CONFIG  


UNUSED ADDRESS RANGES

        Name                Unused          Largest block    Delta
        BANK1            0001FF-0001FF                1
        BANK10           000A00-000AFF              100
        BANK11           000B00-000BFF              100
        BANK12           000C00-000CFF              100
        BANK13           000D00-000DFF              100
        BANK14           000E00-000EFF              100
        BANK15           000F00-000F5F               60
        BANK2            0002E7-0002FF               19
        BANK3            0003F0-0003FF               10
        BANK4            0004FC-0004FF                4
        BANK5            0005D2-0005FF               2E
        BANK6            0006D2-0006FF               2E
        BANK7            000700-0007FF              100
        BANK8            000800-0008FF              100
        BANK9            000900-0009FF              100
        BIGRAM           000059-00005F                7
                         0001FF-0001FF                1
                         0002E7-0002FF               19
                         0003F0-0003FF               10
                         0004FC-0004FF                4
                         0005D2-0005FF               2E
                         0006D2-000F5F              88E
        CODE             000004-000007                4
                         00C669-00DE89             1821
        COMRAM           000059-00005F                7
        CONST            000004-000007                4
                         00C669-00DE89             1821
        EEDATA           F00000-F003FF              400
        MEDIUMCONST      00C669-00DE89             1821
        RAM              0001FF-0001FF                1
                         0002E7-0002FF               19
                         0003F0-0003FF               10
                         0004FC-0004FF                4
                         0005D2-0005FF               2E
                         0006D2-000F5F              100
        SFR              000F60-000FFF               A0
        SMALLCONST       00C669-00DE89              100
        STACK            0006D2-000F5F              88E

                                  Symbol Table

?_EncodeNEC                                 cstackBANK0  000072
?_GetMemoryChar                             cstackBANK0  000072
?_GetMemoryLong                             cstackBANK0  000072
?_ReadEEPROM_1Byte                          cstackBANK0  00006E
?_ReadVoltage                               cstackBANK0  000097
?_Reverse_4Byte                             cstackBANK0  00006E
?_Round                                     cstackBANK0  0000BC
?_SetEEPROM1                                cstackBANK0  0000A4
?_SetEEPROM2                                cstackBANK0  0000A4
?___altoft                                  cstackBANK0  000076
?___awdiv                                   cstackBANK0  000074
?___awmod                                   cstackBANK0  00006E
?___ftadd                                   cstackBANK0  0000A1
?___ftdiv                                   cstackBANK0  000079
?___ftmul                                   cstackBANK0  000088
?___ftneg                                   cstackBANK0  00006E
?___ftpack                                  cstackBANK0  00006E
?___ftsub                                   cstackBANK0  0000AD
?___fttol                                   cstackBANK0  0000AD
?___lldiv                                   cstackBANK0  00006E
?___llmod                                   cstackBANK0  00007B
?___lltoft                                  cstackBANK0  000076
?___lmul                                    cstackBANK0  00006E
?___lwtoft                                  cstackBANK0  000076
?___wmul                                    cstackBANK0  00007C
?__div_to_l_                                cstackBANK0  00006E
?__tdiv_to_l_                               cstackBANK0  00006E
?_fround                                    cstackBANK0  000097
?_scale                                     cstackBANK0  000097
?_sprintf                                   cstackBANK0  0000BC
BluetoothInitialSetup@BluetoothVersionLine1 cstackBANK1  000133
BluetoothInitialSetup@BluetoothVersionLine2 cstackBANK1  000151
BluetoothInitialSetup@BroadcastTEMP         cstackBANK1  00016F
BluetoothInitialSetup@Default               cstackBANK1  0001B7
BluetoothInitialSetup@buf                   cstackBANK1  000184
BluetoothInitialSetup@first                 cstackBANK1  0001B6
BluetoothInitialSetup@i                     cstackBANK1  0001BA
BluetoothInitialSetup@j                     cstackBANK1  0001B8
BluetoothInitialSetup@ok                    cstackBANK1  0001B9
BufferCopy@count                            cstackBANK0  000086
BufferCopy@from                             cstackBANK0  000082
BufferCopy@i                                cstackBANK0  000088
BufferCopy@shift                            cstackBANK0  000087
BufferCopy@to                               cstackBANK0  000084
DecodeNEC@Nec                               cstackBANK0  000072
DecodeNEC@address                           cstackBANK0  000076
DecodeNEC@command                           cstackBANK0  000078
DecodeNEC@temp1                             cstackBANK0  000080
DecodeNEC@temp2                             cstackBANK0  00007E
DecodeNEC@temp3                             cstackBANK0  00007F
DisplayRF_Channel@Conf3Channel              cstackBANK1  000132
DisplayRF_Channel@Conf3button               cstackBANK1  000133
DisplayRF_Channel@buf                       cstackBANK1  000100
DisplayRF_Channel@channel                   cstackBANK1  000134
EncodeNEC@address                           cstackBANK0  00009A
EncodeNEC@command                           cstackBANK0  000072
EncodeNEC@temp1                             cstackBANK0  00008A
EncodeNEC@temp2                             cstackBANK0  00008E
EncodeNEC@temp3                             cstackBANK0  000092
EncodeNEC@temp4                             cstackBANK0  000096
EnterCommandMode@buf                        cstackBANK1  000100
EnterCommandMode@count                      cstackBANK1  000132
EraseScreen@characters                      cstackCOMRAM 00000C
EraseScreen@i                               cstackCOMRAM 00000D
GetEEPROM1@Arrayspot                        cstackBANK0  000096
GetEEPROM1@Temp                             cstackBANK0  000092
GetEEPROM1@i                                cstackBANK0  000097
GetEEPROM1@j                                cstackBANK0  000098
GetEEPROM2@Arrayspot                        cstackBANK0  000096
GetEEPROM2@Temp                             cstackBANK0  000092
GetEEPROM2@i                                cstackBANK0  000098
GetEEPROM2@j                                cstackBANK0  000099
GetEEPROM2@k                                cstackBANK0  00009A
GetMemoryChar@AddressFirst                  cstackBANK0  000072
GetMemoryChar@H                             cstackBANK0  000076
GetMemoryLong@AddressFirst                  cstackBANK0  000072
GetMemoryLong@H                             cstackBANK0  00008E
GetMemoryLong@L                             cstackBANK0  000091
GetMemoryLong@MH                            cstackBANK0  00008F
GetMemoryLong@ML                            cstackBANK0  000090
GetMemoryLong@temp                          cstackBANK0  00008A
GetNumber@CommaNumber                       cstackBANK0  00007C
GetNumber@Hex                               cstackBANK0  000087
GetNumber@This                              cstackBANK0  00007A
GetNumber@count                             cstackBANK0  000086
GetNumber@i                                 cstackBANK0  000088
GetNumber@negative                          cstackBANK0  000085
GetNumber@result                            cstackBANK0  00007D
GetNumber@temp                              cstackBANK0  00008A
GetNumber@tempCommaNumber                   cstackBANK0  000084
GetNumber@tempThis                          cstackBANK0  000089
GetNumberUnsigned@CommaNumber               cstackBANK0  00007C
GetNumberUnsigned@Hex                       cstackBANK0  000086
GetNumberUnsigned@This                      cstackBANK0  00007A
GetNumberUnsigned@count                     cstackBANK0  000085
GetNumberUnsigned@i                         cstackBANK0  000087
GetNumberUnsigned@result                    cstackBANK0  00007D
GetNumberUnsigned@temp                      cstackBANK0  000088
GetNumberUnsigned@tempCommaNumber           cstackBANK0  000084
GetNumberUnsigned@tempThis                  cstackBANK0  00008C
GetStringAfterComma@CommaNumber             cstackBANK0  000070
GetStringAfterComma@This                    cstackBANK0  00006E
GetStringAfterComma@count                   cstackBANK0  000075
GetStringAfterComma@result                  cstackBANK0  000071
GetStringAfterComma@tempCommaNumber         cstackBANK0  000074
IRrawToNEC@Invert                           cstackCOMRAM 000003
IRrawToNEC@NEC                              cstackCOMRAM 000001
IRrawToNEC@NECtemp                          cstackCOMRAM 000006
IRrawToNEC@StartBit                         cstackCOMRAM 00000C
IRrawToNEC@first                            cstackCOMRAM 00000A
IRrawToNEC@i                                cstackCOMRAM 00000B
InitUART@Baud                               cstackBANK0  0000C3
InitUART@config                             cstackBANK0  0000D0
InitUART@spbrg                              cstackBANK0  0000CE
InitUART@temp                               cstackBANK0  0000D1
Init_System@buf                             cstackBANK1  0001BB
InternalADC_Read@ADCcounts                  cstackBANK0  000077
InternalADC_Read@AnaChanSel                 cstackBANK0  00007B
InternalADC_Read@channel                    cstackBANK0  00007C
Invert@data                                 cstackBANK0  00006E
IsAlphaNumeric@data                         cstackBANK0  00006F
IsAlphaNumericString@data                   cstackBANK0  000070
IsCharacter@data                            cstackCOMRAM 000001
IsLetter@data                               cstackBANK0  00006E
IsNumber@data                               cstackBANK0  00006E
OpenUSART@config                            cstackBANK0  000070
OpenUSART@spbrg                             cstackBANK0  00006E
PrintHeader@NumLetters                      cstackBANK0  0000DE
PrintHeader@PrintCharacters                 cstackBANK0  0000DD
PrintHeader@Title                           cstackBANK0  000089
PrintHeader@buf                             cstackBANK0  00008D
PrintHeader@i                               cstackBANK0  0000DF
ReadCodeButtons@temp                        cstackBANK0  000077
ReadEEPROM_1Byte@GIEstatus                  cstackBANK0  000070
ReadEEPROM_1Byte@PEIEstatus                 cstackBANK0  000071
ReadEEPROM_1Byte@address                    cstackBANK0  00006E
ReadUSART@data                              cstackBANK0  00006E
ReadVoltage@temp                            cstackBANK0  00009D
ReadVoltage@voltage                         cstackBANK0  00009A
Reverse_4Byte@This                          cstackBANK0  00006E
Reverse_4Byte@temp                          cstackBANK0  00007A
Reverse_Byte@This                           cstackBANK0  000071
Reverse_Byte@temp                           cstackBANK0  000070
Round@input                                 cstackBANK0  0000BC
Round@temp                                  cstackBANK0  0000BF
SendNEC_bytes@RepeatAmount                  cstackBANK0  000082
SendNEC_bytes@code                          cstackBANK0  00007E
SendNEC_wait@RepeatAmount                   cstackBANK0  000087
SendNEC_wait@code                           cstackBANK0  000083
SendNEC_wait@toggle                         cstackBANK0  000088
SendRF@Code                                 cstackBANK0  00006E
SendRF@Config                               cstackBANK0  000070
SendRF@RepeatAmount                         cstackBANK0  000072
SendRF@i                                    cstackBANK0  000075
SendRF@size                                 cstackBANK0  000071
SendRF_Channel@Conf3Channel                 cstackBANK0  00007E
SendRF_Channel@Conf3button                  cstackBANK0  00007F
SendRF_Channel@channel                      cstackBANK0  00007D
SendRF_wait@Code                            cstackBANK0  000076
SendRF_wait@Config                          cstackBANK0  000078
SendRF_wait@amount                          cstackBANK0  00007A
SendRF_wait@size                            cstackBANK0  000079
SetEEPROM1@Arrayspot                        cstackBANK0  0000AA
SetEEPROM1@burn                             cstackBANK0  0000A4
SetEEPROM1@fail                             cstackBANK0  0000AD
SetEEPROM1@i                                cstackBANK0  0000B1
SetEEPROM1@j                                cstackBANK0  0000B2
SetEEPROM1@temp                             cstackBANK0  0000AC
SetEEPROM2@Arrayspot                        cstackBANK0  0000AF
SetEEPROM2@burn                             cstackBANK0  0000A4
SetEEPROM2@fail                             cstackBANK0  0000AB
SetEEPROM2@i                                cstackBANK0  0000B1
SetEEPROM2@j                                cstackBANK0  0000B2
SetEEPROM2@k                                cstackBANK0  0000B3
SetEEPROM2@temp                             cstackBANK0  0000AA
SetEEPROMdefault@i                          cstackBANK0  0000B8
SetEEPROMdefault@j                          cstackBANK0  0000B9
SetEEPROMdefault@k                          cstackBANK0  0000B7
SetMemoryChar@AddressFirst                  cstackBANK0  000077
SetMemoryChar@Data                          cstackBANK0  00007A
SetMemoryChar@Test                          cstackBANK0  000079
SetMemoryLong@AddressFirst                  cstackBANK0  000096
SetMemoryLong@Data                          cstackBANK0  000092
SetMemoryLong@H                             cstackBANK0  0000A0
SetMemoryLong@L                             cstackBANK0  0000A3
SetMemoryLong@MH                            cstackBANK0  0000A1
SetMemoryLong@ML                            cstackBANK0  0000A2
SetMemoryLong@Test                          cstackBANK0  00009C
SetTimer0@temp                              cstackCOMRAM 000001
StringAddEqual@Input                        cstackBANK0  000089
StringAddEqual@NullPosition                 cstackBANK0  000091
StringAddEqual@equal                        cstackBANK0  000090
StringAddEqual@firstnumber                  cstackBANK0  000092
StringAddEqual@i                            cstackBANK0  000094
StringAddEqual@j                            cstackBANK0  000093
StringAddEqual@temp                         cstackBANK1  000100
StringContains@MatchAmount                  cstackBANK0  000074
StringContains@MatchCount                   cstackBANK0  000075
StringContains@That                         cstackBANK0  000070
StringContains@This                         cstackBANK0  00006E
StringContains@i                            cstackBANK0  000076
StringContainsCaseInsensitive@MatchAmount   cstackBANK0  000077
StringContainsCaseInsensitive@MatchCount    cstackBANK0  000078
StringContainsCaseInsensitive@That          cstackBANK0  000073
StringContainsCaseInsensitive@This          cstackBANK0  000071
StringContainsCaseInsensitive@i             cstackBANK0  00007B
StringContainsCaseInsensitive@tempThat      cstackBANK0  00007A
StringContainsCaseInsensitive@tempThis      cstackBANK0  000079
StringMatch@That                            cstackBANK0  000070
StringMatch@This                            cstackBANK0  00006E
StringMatchCaseInsensitive@That             cstackBANK0  000073
StringMatchCaseInsensitive@This             cstackBANK0  000071
StringMatchCaseInsensitive@tempThat         cstackBANK0  000076
StringMatchCaseInsensitive@tempThis         cstackBANK0  000075
SyncEEPROMToGlobal1@Temp1                   cstackBANK0  00009F
SyncEEPROMToGlobal1@i                       cstackBANK0  00009D
SyncEEPROMToGlobal1@j                       cstackBANK0  00009E
SyncEEPROMToGlobal2@Temp2                   cstackBANK1  000100
SyncEEPROMToGlobal2@i                       cstackBANK1  0001B6
SyncEEPROMToGlobal2@j                       cstackBANK1  0001B7
SyncEEPROMToGlobal2@k                       cstackBANK1  0001B8
SyncGlobalToEEPROM@ok                       cstackBANK0  0000B4
UARTchar@data                               cstackBANK0  000077
UARTchar_CONST@data                         cstackBANK0  000077
UARTchar_CONST@temp                         cstackBANK0  000078
UARTcommandMenu@Command                     cstackBANK0  00007B
UARTcommandMenu@Desc                        cstackBANK0  00007D
UARTcommandMenu@i                           cstackBANK0  000084
UARTcommandMenu@place                       cstackBANK0  000085
UARTstring@data                             cstackBANK0  000078
UARTstringCRLN@data                         cstackBANK0  00007B
UARTstringCRLN_CONST@data                   cstackBANK0  00007B
UARTstring_CONST@data                       cstackBANK0  000079
UseBluetooth@EmptyPlace                     cstackBANK2  00029C
UseBluetooth@EnteredNEC                     cstackBANK2  000292
UseBluetooth@EqualStatus                    cstackBANK2  000296
UseBluetooth@NecAddress                     cstackBANK2  00029E
UseBluetooth@NecCommand                     cstackBANK2  00029F
UseBluetooth@ReceivedStringPosOLD           cstackBANK2  00027A
UseBluetooth@SerialNumberTEMP               cstackBANK2  000289
UseBluetooth@String                         cstackBANK0  0000EF
UseBluetooth@StringPos                      cstackBANK0  0000F1
UseBluetooth@action                         cstackBANK2  00028E
UseBluetooth@buf                            cstackBANK2  00020C
UseBluetooth@bufSmall                       cstackBANK2  000270
UseBluetooth@button                         cstackBANK2  00028F
UseBluetooth@channel                        cstackBANK2  000297
UseBluetooth@device                         cstackBANK2  000290
UseBluetooth@i                              cstackBANK2  0002A5
UseBluetooth@j                              cstackBANK2  0002A4
UseBluetooth@k                              cstackBANK2  000298
UseBluetooth@ok                             cstackBANK2  00029B
UseBluetooth@rfchannelSTR                   cstackBANK2  00027B
UseBluetooth@rfconf                         cstackBANK2  00029D
UseBluetooth@set                            cstackBANK2  000291
UseBluetooth@system                         cstackBANK2  00028D
UseBluetooth@temp                           cstackBANK2  0002A0
UseBluetooth@tempNec                        cstackBANK2  000285
UseBluetooth@tempRFArray                    cstackBANK2  00029A
UseBluetooth@timeout                        cstackBANK2  000299
UseIRCode@Code                              cstackBANK0  0000B5
UseIRCode@NEC                               cstackBANK0  0000B7
UseIRCode@found                             cstackBANK0  0000BE
UseIRCode@i                                 cstackBANK0  0000C0
UseIRCode@j                                 cstackBANK0  0000BF
WaitForIRsignal@timeout                     cstackBANK0  00007D
WriteEEPROM_1Byte@GIEstatus                 cstackBANK0  000071
WriteEEPROM_1Byte@PEIEstatus                cstackBANK0  000072
WriteEEPROM_1Byte@address                   cstackBANK0  00006E
WriteEEPROM_1Byte@data                      cstackBANK0  000070
_ADCON0                                     (abs)        000FC2
_ADCON0bits                                 (abs)        000FC2
_ADCON1                                     (abs)        000FC1
_ADCON1bits                                 (abs)        000FC1
_ADCON2                                     (abs)        000FC0
_ADCON2bits                                 (abs)        000FC0
_ADRESH                                     (abs)        000FC4
_ADRESL                                     (abs)        000FC3
_ANSEL                                      (abs)        000F7E
_ANSELH                                     (abs)        000F7F
_BAUDCONbits                                (abs)        000FB8
_BatteryVoltage                             bssBANK3     0003CA
_BlueConnected                              text108      00C5B8
_BluetoothBroadcast                         bssBANK3     0003D2
_BluetoothChangeStatus                      bssBANK3     0003CD
_BluetoothConfigured                        text112      00C52C
_BluetoothFirmware1                         bssBANK2     0002AB
_BluetoothFirmware2                         bssBANK5     0005B4
_BluetoothInitialSetup                      text77       0054F4
_BufferCopy                                 text109      008DEC
_BufferOverflow                             bssBANK3     0003CE
_CRLN                                       mediumconst  00E90F
_CheckReceivingIR                           text22       00C508
_ClearUSART                                 text106      00C51A
_CommandString                              bssBANK5     000550
_CommandStringPos                           bssCOMRAM    00004C
_Conf1_ChannelD                             mediumconst  00E8CF
_Conf1_ChannelD_STR                         mediumconst  00E876
_Conf1_ChannelE                             mediumconst  00E8DB
_Conf1_ChannelE_STR                         mediumconst  00E885
_Conf1_ChannelF                             mediumconst  00E8E7
_Conf1_ChannelF_STR                         mediumconst  00E894
_Conf1_Channels                             mediumconst  00E907
_Conf2_ChannelB_OFF                         mediumconst  00E7D6
_Conf2_ChannelB_OFF_STR                     mediumconst  00E736
_Conf2_ChannelB_ON                          mediumconst  00E7E6
_Conf2_ChannelB_ON_STR                      mediumconst  00E75C
_Conf2_ChannelB_STR                         mediumconst  00E8A3
_Conf2_ChannelB_Status                      bssBANK2     0002A6
_Conf2_ChannelD_OFF                         mediumconst  00E7F6
_Conf2_ChannelD_OFF_STR                     mediumconst  00E749
_Conf2_ChannelD_ON                          mediumconst  00E806
_Conf2_ChannelD_ON_STR                      mediumconst  00E76E
_Conf2_ChannelD_STR                         mediumconst  00E8B2
_Conf2_ChannelD_Status                      bssBANK2     0002A7
_Conf2_ChannelH_1_OFF                       mediumconst  00E816
_Conf2_ChannelH_1_OFF_STR                   mediumconst  00E6BB
_Conf2_ChannelH_1_ON                        mediumconst  00E826
_Conf2_ChannelH_1_ON_STR                    mediumconst  00E6FA
_Conf2_ChannelH_1_STR                       mediumconst  00E792
_Conf2_ChannelH_1_Status                    bssBANK2     0002A8
_Conf2_ChannelH_2_OFF                       mediumconst  00E836
_Conf2_ChannelH_2_OFF_STR                   mediumconst  00E6D0
_Conf2_ChannelH_2_ON                        mediumconst  00E846
_Conf2_ChannelH_2_ON_STR                    mediumconst  00E70E
_Conf2_ChannelH_2_STR                       mediumconst  00E7A3
_Conf2_ChannelH_2_Status                    bssBANK2     0002A9
_Conf2_ChannelH_3_OFF                       mediumconst  00E856
_Conf2_ChannelH_3_OFF_STR                   mediumconst  00E6E5
_Conf2_ChannelH_3_ON                        mediumconst  00E866
_Conf2_ChannelH_3_ON_STR                    mediumconst  00E722
_Conf2_ChannelH_3_STR                       mediumconst  00E7B4
_Conf2_ChannelH_3_Status                    bssBANK2     0002AA
_Conf2_Channels                             mediumconst  00E90B
_Conf3                                      mediumconst  00DF21
_Conf3_Buttons                              mediumconst  00E8FC
_Conf3_Channels                             mediumconst  00E7C5
_Conf3_Status                               bssBANK5     000500
_ConfigureOscillator                        text118      00C662
_DecodeNEC                                  text42       00B122
_DisplayRF_Channel                          text39       009520
_EEADR                                      (abs)        000FA9
_EEADRH                                     (abs)        000FAA
_EECON1bits                                 (abs)        000FA6
_EECON2                                     (abs)        000FA7
_EEDATA                                     (abs)        000FA8
_EEPROM_UNLOCK                              text74       00C464
_EEPROMinitialized                          text115      00C4BA
_EncodeNEC                                  text38       00991C
_EnterCommandMode                           text82       0093C4
_EraseScreen                                text136      00C38A
_FirmVersion                                mediumconst  00E8F3
_Frequency                                  mediumconst  00E780
_GetEEPROM1                                 text49       00A808
_GetEEPROM2                                 text47       00AACC
_GetMemoryChar                              text75       00C3B2
_GetMemoryLong                              text71       0090E6
_GetNumber                                  text35       006E14
_GetNumberUnsigned                          text34       00729A
_GetRFstatus                                text117      00C53E
_GetStringAfterComma                        text33       00A3D8
_Global1                                    bssBANK2     0002C9
_Global2                                    bssBANK4     000400
_INTCON2bits                                (abs)        000FF1
_INTCONbits                                 (abs)        000FF2
_IOCBbits                                   (abs)        000F7D
_IPR1bits                                   (abs)        000F9F
_IPR2bits                                   (abs)        000FA2
_IRRawCode                                  bssBANK6     000600
_IR_NEC                                     bssBANK3     0003E7
_IR_New_Code                                bssBANK3     0003EB
_IRaddress                                  bssBANK0     0000F8
_IRbit                                      bssCOMRAM    00004D
_IRbitPosition                              dataBANK0    0000FA
_IRcodeBit                                  bssCOMRAM    00004E
_IRcodePlace                                dataBANK0    0000FB
_IRcommand                                  bssBANK0     0000F9
_IRmod                                      bssBANK0     0000F2
_IRpinOLD                                   bssCOMRAM    00004F
_IRrawCodeNum                               bssCOMRAM    000050
_IRrawToNEC                                 text135      007B16
_IRreceiverIntOff                           text21       00C646
_IRreceiverIntOn                            text65       00C64C
_IRrepeatAmount                             bssCOMRAM    000051
_IRrepeatflag                               bssCOMRAM    000052
_IRsendCode                                 bssCOMRAM    000048
_IRsendFlag                                 bssCOMRAM    000053
_IRstarted                                  bssBANK3     0003CF
_IRtimeout                                  dataBANK3    0003EC
_InitADC                                    text113      00C47A
_InitApp                                    text116      00BD0A
_InitBluetooth                              text66       00B912
_InitIR                                     text60       00BD54
_InitTimer0                                 text64       00C562
_InitTimer1                                 text59       00C59C
_InitTimer2                                 text58       00C58E
_InitTimer3                                 text57       00C604
_InitTimers                                 text56       00C4A6
_InitUART                                   text51       00A4F6
_InitUART$4505                              cstackBANK0  0000CB
_Init_System                                text44       008F70
_InternalADC_Read                           text27       00B316
_Invert                                     text32       00C41C
_IsAlphaNumeric                             text30       00C0F0
_IsAlphaNumericString                       text29       00C084
_IsCharacter                                text134      00C44C
_IsLetter                                   text37       00C156
_IsNumber                                   text31       00C3FE
_LATA                                       (abs)        000F89
_LATB                                       (abs)        000F8A
_LATC                                       (abs)        000F8B
_LEDTimerON                                 text16       00C4F6
_Local_CloseUSART                           text55       00C580
_NewReceivedString                          bssBANK3     0003D0
_OSCTUNEbits                                (abs)        000F9B
_OpenUSART                                  text54       00B728
_PCBVersion                                 mediumconst  00E902
_PIE1bits                                   (abs)        000F9D
_PIE2bits                                   (abs)        000FA0
_PIR1bits                                   (abs)        000F9E
_PIR2bits                                   (abs)        000FA1
_PORTA                                      (abs)        000F80
_PORTB                                      (abs)        000F81
_PORTC                                      (abs)        000F82
_PR2                                        (abs)        000FCB
_PrintHeader                                text28       009F52
_ProductName                                dataBANK6    0006A0
_ProjectName                                mediumconst  00E6A1
_RCONbits                                   (abs)        000FD0
_RCREG                                      (abs)        000FAE
_RCSTA                                      (abs)        000FAB
_RCSTAbits                                  (abs)        000FAB
_RFConfig                                   bssBANK0     0000F3
_RFPause                                    bssCOMRAM    000054
_RF_IR                                      dataBANK0    0000FC
_RF_IR_Postscaler                           dataBANK0    0000FD
_RFcodeBit                                  bssBANK0     0000F4
_RFcodePlace                                bssBANK0     0000F5
_RFoff                                      text147      00C4E2
_RFon                                       text146      00C4CE
_RFsendCode                                 bssCOMRAM    000034
_RFsendFlag                                 bssBANK0     0000F6
_ReadCodeButtons                            text3        00BC1A
_ReadEEPROM_1Byte                           text76       00BB14
_ReadIRpin                                  text63       00C5AA
_ReadPushButton                             text2        00C572
_ReadUSART                                  text107      00C434
_ReadVoltage                                text23       00B45A
_ReceivedString                             bssBANK4     0004B6
_ReceivedStringPos                          bssBANK3     0003D1
_ReceivingIR                                dataCOMRAM   000058
_ResetADC                                   text114      00C5C6
_ResetBlue                                  text104      00A9EA
_ResetTimer0                                text62       00C60E
_ResetTimer1                                text17       00C5F0
_ResetTimer3                                text145      00C636
_Reverse_4Byte                              text20       004876
_Reverse_Byte                               text43       00AFB8
_Round                                      text52       00B9F0
_SPBRG                                      (abs)        000FAF
_SPBRGH                                     (abs)        000FB0
_STKPTRbits                                 (abs)        000FFC
_SYNTAX_ERR                                 mediumconst  00E8C1
_SendNEC_bytes                              text19       00B61C
_SendNEC_wait                               text18       00B274
_SendRF                                     text15       009E26
_SendRF_Channel                             text13       0076F8
_SendRF_wait                                text14       00BE6A
_Send_RForIR_bit                            text144      00634C
_Sendcount                                  bssBANK0     0000F7
_Sent                                       dataBANK0    0000FE
_SetEEPROM1                                 text69       009A6A
_SetEEPROM2                                 text68       009BB0
_SetEEPROMdefault                           text50       00A078
_SetMemoryChar                              text72       00BEA8
_SetMemoryLong                              text70       00A60C
_SetTimer0                                  text133      00C62C
_StringAddEqual                             text12       00869C
_StringContains                             text103      009CEC
_StringContainsCaseInsensitive              text80       008904
_StringMatch                                text11       00B89A
_StringMatchCaseInsensitive                 text10       00B4F8
_SyncEEPROMToGlobal                         text45       00C5FA
_SyncEEPROMToGlobal1                        text48       00ABAC
_SyncEEPROMToGlobal2                        text46       00A710
_SyncGlobalToEEPROM                         text67       00B7A4
_T0CONbits                                  (abs)        000FD5
_T1CONbits                                  (abs)        000FCD
_T2CONbits                                  (abs)        000FCA
_T3CONbits                                  (abs)        000FB1
_TABLAT                                     (abs)        000FF5
_TBLPTRH                                    (abs)        000FF7
_TBLPTRL                                    (abs)        000FF6
_TBLPTRU                                    (abs)        000FF8
_TMR0H                                      (abs)        000FD7
_TMR0L                                      (abs)        000FD6
_TMR1H                                      (abs)        000FCF
_TMR1L                                      (abs)        000FCE
_TMR2                                       (abs)        000FCC
_TMR3H                                      (abs)        000FB3
_TMR3L                                      (abs)        000FB2
_TRISAbits                                  (abs)        000F92
_TRISB                                      (abs)        000F93
_TRISBbits                                  (abs)        000F93
_TRISCbits                                  (abs)        000F94
_TXREG                                      (abs)        000FAD
_TXSTA                                      (abs)        000FAC
_TXSTAbits                                  (abs)        000FAC
_Timer1_Postscaler                          bssCOMRAM    000055
_Timer2_Postscaler                          bssCOMRAM    000056
_Timer3_Postscaler                          bssCOMRAM    000057
_UARTchar                                   text79       00C0BA
_UARTchar_CONST                             text102      00BFDA
_UARTcommandMenu                            text9        00A2BA
_UARTstring                                 text78       00C362
_UARTstringCRLN                             text8        00C014
_UARTstringCRLN_CONST                       text7        00BE28
_UARTstring_CONST                           text101      00C188
_UseBluetooth                               text4        000358
_UseIRCode                                  text1        007E42
_VoltageDividerOFF                          text26       00C666
_WPUB                                       (abs)        000F7C
_WaitForIRsignal                            text6        00B58C
_WriteEEPROM_1Byte                          text73       00BAB8
__CFG_BOREN$SBORDIS                         (abs)        000000
__CFG_BORV$18                               (abs)        000000
__CFG_CCP2MX$PORTC                          (abs)        000000
__CFG_CP0$OFF                               (abs)        000000
__CFG_CP1$OFF                               (abs)        000000
__CFG_CP2$OFF                               (abs)        000000
__CFG_CP3$OFF                               (abs)        000000
__CFG_CPB$OFF                               (abs)        000000
__CFG_CPD$OFF                               (abs)        000000
__CFG_EBTR0$OFF                             (abs)        000000
__CFG_EBTR1$OFF                             (abs)        000000
__CFG_EBTR2$OFF                             (abs)        000000
__CFG_EBTR3$OFF                             (abs)        000000
__CFG_EBTRB$OFF                             (abs)        000000
__CFG_FCMEN$OFF                             (abs)        000000
__CFG_FOSC$HSPLL                            (abs)        000000
__CFG_HFOFST$ON                             (abs)        000000
__CFG_IESO$OFF                              (abs)        000000
__CFG_LPT1OSC$OFF                           (abs)        000000
__CFG_LVP$OFF                               (abs)        000000
__CFG_MCLRE$ON                              (abs)        000000
__CFG_PBADEN$OFF                            (abs)        000000
__CFG_PWRT$OFF                              (abs)        000000
__CFG_STVREN$ON                             (abs)        000000
__CFG_WDTEN$OFF                             (abs)        000000
__CFG_WDTPS$32768                           (abs)        000000
__CFG_WRT0$OFF                              (abs)        000000
__CFG_WRT1$OFF                              (abs)        000000
__CFG_WRT2$OFF                              (abs)        000000
__CFG_WRT3$OFF                              (abs)        000000
__CFG_WRTB$OFF                              (abs)        000000
__CFG_WRTC$OFF                              (abs)        000000
__CFG_WRTD$OFF                              (abs)        000000
__CFG_XINST$OFF                             (abs)        000000
__HRAM                                      (abs)        000000
__Habs1                                     abs1         000000
__Hbank0                                    bank0        000000
__Hbank1                                    bank1        000000
__Hbank10                                   bank10       000000
__Hbank11                                   bank11       000000
__Hbank12                                   bank12       000000
__Hbank13                                   bank13       000000
__Hbank14                                   bank14       000000
__Hbank15                                   bank15       000000
__Hbank2                                    bank2        000000
__Hbank3                                    bank3        000000
__Hbank4                                    bank4        000000
__Hbank5                                    bank5        000000
__Hbank6                                    bank6        000000
__Hbank7                                    bank7        000000
__Hbank8                                    bank8        000000
__Hbank9                                    bank9        000000
__Hbigbss                                   bigbss       000000
__Hbigdata                                  bigdata      000000
__Hbigram                                   bigram       000000
__Hbss                                      bss          000000
__HbssBANK0                                 bssBANK0     000000
__HbssBANK2                                 bssBANK2     000000
__HbssBANK3                                 bssBANK3     000000
__HbssBANK4                                 bssBANK4     000000
__HbssBANK5                                 bssBANK5     000000
__HbssBANK6                                 bssBANK6     000000
__HbssCOMRAM                                bssCOMRAM    000000
__Hcinit                                    cinit        000000
__Hclrtext                                  clrtext      000000
__Hcomram                                   comram       000000
__Hconfig                                   config       30000E
__Hconst                                    const        000000
__HcstackBANK0                              cstackBANK0  000000
__HcstackBANK1                              cstackBANK1  000000
__HcstackBANK2                              cstackBANK2  000000
__HcstackBANK3                              cstackBANK3  000000
__HcstackCOMRAM                             cstackCOMRAM 000000
__Hdata                                     data         000000
__HdataBANK0                                dataBANK0    000000
__HdataBANK3                                dataBANK3    000000
__HdataBANK6                                dataBANK6    000000
__HdataCOMRAM                               dataCOMRAM   000000
__Heeprom_data                              eeprom_data  000000
__Hend_init                                 end_init     000358
__Hfarbss                                   farbss       000000
__Hfardata                                  fardata      000000
__Hibigdata                                 ibigdata     000000
__Hidata                                    idata        000000
__HidataBANK0                               idataBANK0   000000
__HidataBANK3                               idataBANK3   000000
__HidataBANK6                               idataBANK6   000000
__HidataCOMRAM                              idataCOMRAM  000000
__Hidloc                                    idloc        200008
__Hifardata                                 ifardata     000000
__Hinit                                     init         000354
__Hintcode                                  intcode      000018
__Hintcode_body                             intcode_body 000000
__Hintcodelo                                intcodelo    000354
__Hintentry                                 intentry     000000
__Hintret                                   intret       000000
__Hintsave_regs                             intsave_regs 000000
__Hirdata                                   irdata       000000
__Hmediumconst                              mediumconst  010000
__HnvFARRAM                                 nvFARRAM     000000
__Hnvbit                                    nvbit        000000
__Hnvrram                                   nvrram       000000
__Hparam                                    rparam       000000
__Hpowerup                                  powerup      000354
__Hram                                      ram          000000
__Hramtop                                   ramtop       001000
__Hrbit                                     rbit         000000
__Hrbss                                     rbss         000000
__Hrdata                                    rdata        000000
__Hreset_vec                                reset_vec    000004
__Hrparam                                   rparam       000000
__Hsfr                                      sfr          000000
__Hsmallconst                               smallconst   000000
__Hspace_0                                  (abs)        30000E
__Hspace_1                                  (abs)        0006D2
__Hspace_2                                  (abs)        000000
__Hstack                                    stack        000000
__Hstruct                                   struct       000000
__Htemp                                     temp         000000
__Htext                                     text         000000
__Htext0                                    text0        000000
__Htext1                                    text1        000000
__Htext10                                   text10       000000
__Htext100                                  text100      000000
__Htext101                                  text101      000000
__Htext102                                  text102      000000
__Htext103                                  text103      000000
__Htext104                                  text104      000000
__Htext105                                  text105      000000
__Htext106                                  text106      000000
__Htext107                                  text107      000000
__Htext108                                  text108      000000
__Htext109                                  text109      000000
__Htext11                                   text11       000000
__Htext110                                  text110      000000
__Htext111                                  text111      000000
__Htext112                                  text112      000000
__Htext113                                  text113      000000
__Htext114                                  text114      000000
[...]
 Registers used:
		wreg, status,2, status,0
 Tracked objects:
		On entry : 
		On exit  : 
		Unchanged: 
 Data sizes:     COMRAM   BANK0   BANK1   BANK2   BANK3   BANK4   BANK5   BANK6   BANK7   BANK8   BANK9  BANK10  BANK11  BANK12  BANK13  BANK14  BANK15
      Params:         4       0       0       0       0       0       0       0       0       0       0       0       0       0       0       0       0
      Locals:         4       0       0       0       0       0       0       0       0       0       0       0       0       0       0       0       0
      Temps:          1       0       0       0       0       0       0       0       0       0       0       0       0       0       0       0       0
      Totals:         9       0       0       0       0       0       0       0       0       0       0       0       0       0       0       0       0
Total ram usage:        9 bytes
 Hardware stack levels used:    1
 This function calls:
		Nothing
 This function is called by:
		i2_UARTchar_CONST
 This function uses a non-reentrant model


 *************** function _Send_RForIR_bit *****************
 Defined at:
		line 419 in file "RF.c"
 Parameters:    Size  Location     Type
		None
 Auto vars:     Size  Location     Type
		None
 Return value:  Size  Location     Type
		None               void
 Registers used:
		wreg, fsr2l, fsr2h, status,2, status,0, prodl, prodh, cstack
 Tracked objects:
		On entry : 
		On exit  : 
		Unchanged: 
 Data sizes:     COMRAM   BANK0   BANK1   BANK2   BANK3   BANK4   BANK5   BANK6   BANK7   BANK8   BANK9  BANK10  BANK11  BANK12  BANK13  BANK14  BANK15
      Params:         0       0       0       0       0       0       0       0       0       0       0       0       0       0       0       0       0
      Locals:         0       0       0       0       0       0       0       0       0       0       0       0       0       0       0       0       0
      Temps:          1       0       0       0       0       0       0       0       0       0       0       0       0       0       0       0       0
      Totals:         1       0       0       0       0       0       0       0       0       0       0       0       0       0       0       0       0
Total ram usage:        1 bytes
 Hardware stack levels used:    1
 Hardware stack levels required when called:    1
 This function calls:
		_RFoff
		_RFon
		_ResetTimer3
 This function is called by:
		_high_isr
 This function uses a non-reentrant model


 *************** function _ResetTimer3 *****************
 Defined at:
		line 175 in file "Timer.c"
 Parameters:    Size  Location     Type
		None
 Auto vars:     Size  Location     Type
		None
 Return value:  Size  Location     Type
		None               void
 Registers used:
		wreg, status,2
 Tracked objects:
		On entry : 
		On exit  : 
		Unchanged: 
 Data sizes:     COMRAM   BANK0   BANK1   BANK2   BANK3   BANK4   BANK5   BANK6   BANK7   BANK8   BANK9  BANK10  BANK11  BANK12  BANK13  BANK14  BANK15
      Params:         0       0       0       0       0       0       0       0       0       0       0       0       0       0       0       0       0
      Locals:         0       0       0       0       0       0       0       0       0       0       0       0       0       0       0       0       0
      Temps:          0       0       0       0       0       0       0       0       0       0       0       0       0       0       0       0       0
      Totals:         0       0       0       0       0       0       0       0       0       0       0       0       0       0       0       0       0
Total ram usage:        0 bytes
 Hardware stack levels used:    1
 This function calls:
		Nothing
 This function is called by:
		_high_isr
		_Send_RForIR_bit
 This function uses a non-reentrant model


 *************** function _RFon *****************
 Defined at:
		line 377 in file "RF.c"
 Parameters:    Size  Location     Type
		None
 Auto vars:     Size  Location     Type
		None
 Return value:  Size  Location     Type
		None               void
 Registers used:
		wreg, status,2, status,0
 Tracked objects:
		On entry : 
		On exit  : 
		Unchanged: 
 Data sizes:     COMRAM   BANK0   BANK1   BANK2   BANK3   BANK4   BANK5   BANK6   BANK7   BANK8   BANK9  BANK10  BANK11  BANK12  BANK13  BANK14  BANK15
      Params:         0       0       0       0       0       0       0       0       0       0       0       0       0       0       0       0       0
      Locals:         0       0       0       0       0       0       0       0       0       0       0       0       0       0       0       0       0
      Temps:          0       0       0       0       0       0       0       0       0       0       0       0       0       0       0       0       0
      Totals:         0       0       0       0       0       0       0       0       0       0       0       0       0       0       0       0       0
Total ram usage:        0 bytes
 Hardware stack levels used:    1
 This function calls:
		Nothing
 This function is called by:
		_Send_RForIR_bit
 This function uses a non-reentrant model


 *************** function _RFoff *****************
 Defined at:
		line 398 in file "RF.c"
 Parameters:    Size  Location     Type
		None
 Auto vars:     Size  Location     Type
		None
 Return value:  Size  Location     Type
		None               void
 Registers used:
		wreg, status,2, status,0
 Tracked objects:
		On entry : 
		On exit  : 
		Unchanged: 
 Data sizes:     COMRAM   BANK0   BANK1   BANK2   BANK3   BANK4   BANK5   BANK6   BANK7   BANK8   BANK9  BANK10  BANK11  BANK12  BANK13  BANK14  BANK15
      Params:         0       0       0       0       0       0       0       0       0       0       0       0       0       0       0       0       0
      Locals:         0       0       0       0       0       0       0       0       0       0       0       0       0       0       0       0       0
      Temps:          0       0       0       0       0       0       0       0       0       0       0       0       0       0       0       0       0
      Totals:         0       0       0       0       0       0       0       0       0       0       0       0       0       0       0       0       0
Total ram usage:        0 bytes
 Hardware stack levels used:    1
 This function calls:
		Nothing
 This function is called by:
		_Send_RForIR_bit
 This function uses a non-reentrant model



MODULE INFORMATION

Module		Function		Class		Link	Load	Size
C:\Program Files (x86)\Microchip\xc8\v1.34\sources\common\ftge.c
		___ftge        		CODE           	AD58	0000	207

C:\Program Files (x86)\Microchip\xc8\v1.34\sources\common\ftge.c estimated size: 207

UART.c
		_OpenUSART     		CODE           	B728	0000	125
		_Local_CloseUSA		CODE           	C580	0000	15
		_InitUART      		CODE           	A4F6	0000	279
		_UARTstring_CON		CODE           	C188	0000	51
		_UARTstring    		CODE           	C362	0000	41
		_UARTstringCRLN		CODE           	BE28	0000	67
		_EraseScreen   		CODE           	C38A	0000	41
		_UARTstringCRLN		CODE           	C014	0000	57
		_PrintHeader   		CODE           	9F52	0000	295
		_UARTchar      		CODE           	C0BA	0000	55
		_ClearUSART    		CODE           	C51A	0000	19
		_ReadUSART     		CODE           	C434	0000	25
		_UARTchar_CONST		CODE           	BFDA	0000	59
		_UARTcommandMen		CODE           	A2BA	0000	287

UART.c estimated size: 1416

Bluetooth.c
		_BluetoothConfi		CODE           	C52C	0000	19
		_BlueConnected 		CODE           	C5B8	0000	15
		_ResetBlue     		CODE           	A9EA	0000	227
		_WaitForIRsigna		CODE           	B58C	0000	145
		_BluetoothIniti		CODE           	54F4	0000	2023
		_InitBluetooth 		CODE           	B912	0000	119
		_UseBluetooth  		CODE           	0358	0000	13733
		_EnterCommandMo		CODE           	93C4	0000	349

Bluetooth.c estimated size: 16630

C:\Program Files (x86)\Microchip\xc8\v1.34\sources\common\ftdivl.c
		__tdiv_to_l_   		CODE           	8AB2	0000	423

C:\Program Files (x86)\Microchip\xc8\v1.34\sources\common\ftdivl.c estimated size: 423

C:\Program Files (x86)\Microchip\xc8\v1.34\sources\common\lbdiv.c
		___lbdiv       		CODE           	B988	0000	105

C:\Program Files (x86)\Microchip\xc8\v1.34\sources\common\lbdiv.c estimated size: 105

Timer.c
		_InitTimer0    		CODE           	C562	0000	17
		_InitTimer1    		CODE           	C59C	0000	15
		_InitTimer2    		CODE           	C58E	0000	15
		_InitTimer3    		CODE           	C604	0000	11
		_InitTimers    		CODE           	C4A6	0000	21
		_SetTimer0     		CODE           	C62C	0000	11
		_LEDTimerON    		CODE           	C4F6	0000	19
		_ResetTimer0   		CODE           	C60E	0000	11
		_ResetTimer1   		CODE           	C5F0	0000	11
		_ResetTimer3   		CODE           	C636	0000	11

Timer.c estimated size: 142

C:\Program Files (x86)\Microchip\xc8\v1.34\sources\common\ftneg.c
		___ftneg       		CODE           	C21E	0000	49

C:\Program Files (x86)\Microchip\xc8\v1.34\sources\common\ftneg.c estimated size: 49

interrupts.c
		_high_isr      		CODE           	0008	0000	251
		_low_isr       		CODE           	0018	0000	829

interrupts.c estimated size: 1080

C:\Program Files (x86)\Microchip\xc8\v1.34\sources\common\Umul32.c
		___lmul        		CODE           	B820	0000	123

C:\Program Files (x86)\Microchip\xc8\v1.34\sources\common\Umul32.c estimated size: 123

C:\Program Files (x86)\Microchip\xc8\v1.34\sources\common\fldivl.c
		__div_to_l_    		CODE           	8C58	0000	405

C:\Program Files (x86)\Microchip\xc8\v1.34\sources\common\fldivl.c estimated size: 405

C:\Program Files (x86)\Microchip\xc8\v1.34\sources\common\ftsub.c
		___ftsub       		CODE           	BC6E	0000	81

C:\Program Files (x86)\Microchip\xc8\v1.34\sources\common\ftsub.c estimated size: 81

C:\Program Files (x86)\Microchip\xc8\v1.34\sources\common\float.c
		___ftpack      		CODE           	A19A	0000	289

C:\Program Files (x86)\Microchip\xc8\v1.34\sources\common\float.c estimated size: 289

C:\Program Files (x86)\Microchip\xc8\v1.34\sources\common\awmod.c
		___awmod       		CODE           	B06E	0000	181

C:\Program Files (x86)\Microchip\xc8\v1.34\sources\common\awmod.c estimated size: 181

RF.c
		_SendRF_wait   		CODE           	BE6A	0000	63
		_DisplayRF_Chan		CODE           	9520	0000	345
		_SendRF_Channel		CODE           	76F8	0000	1055
		_GetRFstatus   		CODE           	C53E	0000	19
		_RFoff         		CODE           	C4E2	0000	21
		_SendRF        		CODE           	9E26	0000	301
		_RFon          		CODE           	C4CE	0000	21
		_Send_RForIR_bi		CODE           	634C	0000	1477

RF.c estimated size: 3302

C:\Program Files (x86)\Microchip\xc8\v1.34\sources\common\llmod.c
		___llmod       		CODE           	B1D0	0000	165

C:\Program Files (x86)\Microchip\xc8\v1.34\sources\common\llmod.c estimated size: 165

Button.c
		_ReadPushButton		CODE           	C572	0000	15
		_ReadCodeButton		CODE           	BC1A	0000	85

Button.c estimated size: 100

C:\Program Files (x86)\Microchip\xc8\v1.34\sources\common\ftmul.c
		___ftmul       		CODE           	9258	0000	365

C:\Program Files (x86)\Microchip\xc8\v1.34\sources\common\ftmul.c estimated size: 365

C:\Program Files (x86)\Microchip\xc8\v1.34\sources\common\isdigit.c
		_isdigit       		CODE           	C2AE	0000	47

C:\Program Files (x86)\Microchip\xc8\v1.34\sources\common\isdigit.c estimated size: 47

EEPROM.c
		_SyncEEPROMToGl		CODE           	A710	0000	249
		_SetEEPROMdefau		CODE           	A078	0000	291
		_SetMemoryLong 		CODE           	A60C	0000	261
		_SetMemoryChar 		CODE           	BEA8	0000	63
		_EEPROM_UNLOCK 		CODE           	C464	0000	23
		_EEPROMinitiali		CODE           	C4BA	0000	21
		_ReadEEPROM_1By		CODE           	BB14	0000	89
		_GetEEPROM1    		CODE           	A808	0000	249
		_GetEEPROM2    		CODE           	AACC	0000	225
		_WriteEEPROM_1B		CODE           	BAB8	0000	93
		_SetEEPROM1    		CODE           	9A6A	0000	327
		_SetEEPROM2    		CODE           	9BB0	0000	317
		_SyncEEPROMToGl		CODE           	C5FA	0000	11
		_SyncGlobalToEE		CODE           	B7A4	0000	125
		_GetMemoryLong 		CODE           	90E6	0000	371
		_GetMemoryChar 		CODE           	C3B2	0000	39
		_SyncEEPROMToGl		CODE           	ABAC	0000	221

EEPROM.c estimated size: 2975

C:\Program Files (x86)\Microchip\xc8\v1.34\sources\common\lwtoft.c
		___lwtoft      		CODE           	C30A	0000	45

C:\Program Files (x86)\Microchip\xc8\v1.34\sources\common\lwtoft.c estimated size: 45

C:\Program Files (x86)\Microchip\xc8\v1.34\sources\common\ftdiv.c
		___ftdiv       		CODE           	9678	0000	339

C:\Program Files (x86)\Microchip\xc8\v1.34\sources\common\ftdiv.c estimated size: 339

C:\Program Files (x86)\Microchip\xc8\v1.34\sources\common\lltoft.c
		___lltoft      		CODE           	B6A8	0000	129

C:\Program Files (x86)\Microchip\xc8\v1.34\sources\common\lltoft.c estimated size: 129

shared
		i1_UARTchar    		CODE           	C2DC	0000	47
		_Conf2_ChannelB		MEDIUMCONST    	E736	0000	20
		_Conf2_ChannelD		MEDIUMCONST    	E749	0000	20
		_Conf1_ChannelD		MEDIUMCONST    	E8CF	0000	13
		_Conf1_ChannelE		MEDIUMCONST    	E8DB	0000	13
		_Conf1_ChannelF		MEDIUMCONST    	E8E7	0000	13
		i1_UARTstring  		CODE           	C3D8	0000	39
		i1_cleanBuffer1		CODE           	BD9C	0000	73
		_Conf1_Channels		MEDIUMCONST    	E907	0000	5
		__powers_      		MEDIUMCONST    	DEDA	0000	40
		_Conf2_ChannelB		MEDIUMCONST    	E7D6	0000	17
		_Conf2_ChannelD		MEDIUMCONST    	E7F6	0000	17
		_Conf2_ChannelH		MEDIUMCONST    	E6BB	0000	22
		i1_ReadIRpin   		CODE           	C5D4	0000	15
		_Conf2_ChannelH		MEDIUMCONST    	E6D0	0000	22
		_Conf2_ChannelH		MEDIUMCONST    	E6E5	0000	22
		_dpowers       		MEDIUMCONST    	DE8B	0000	41
		_SYNTAX_ERR    		MEDIUMCONST    	E8C1	0000	15
		_Conf2_ChannelH		MEDIUMCONST    	E792	0000	18
		_Conf2_ChannelH		MEDIUMCONST    	E7A3	0000	18
		_Conf2_ChannelH		MEDIUMCONST    	E7B4	0000	18
		_PCBVersion    		MEDIUMCONST    	E902	0000	6
		i1_BlueConnecte		CODE           	C5E2	0000	15
		i1_ResetTimer0 		CODE           	C618	0000	11
		i1_ResetTimer1 		CODE           	C622	0000	11
		_Conf2_Channels		MEDIUMCONST    	E90B	0000	5
		_FirmVersion   		MEDIUMCONST    	E8F3	0000	10
		_Conf3         		MEDIUMCONST    	DF21	0000	1921
		__npowers_     		MEDIUMCONST    	DEB3	0000	40
		_Conf1_ChannelD		MEDIUMCONST    	E876	0000	16
		_Conf1_ChannelE		MEDIUMCONST    	E885	0000	16
		_Conf1_ChannelF		MEDIUMCONST    	E894	0000	16
		i1_ReadUSART   		CODE           	C490	0000	23
		__initializatio		CODE           	AE26	0000	199
		_Conf3_Channels		MEDIUMCONST    	E7C5	0000	18
		_CRLN          		MEDIUMCONST    	E90F	0000	4
		i1_IRreceiverIn		CODE           	C652	0000	7
		_ProjectName   		MEDIUMCONST    	E6A1	0000	27
		_Conf2_ChannelH		MEDIUMCONST    	E816	0000	17
		_Conf2_ChannelH		MEDIUMCONST    	E836	0000	17
		_Conf2_ChannelH		MEDIUMCONST    	E856	0000	17
		i1_UARTstring_C		CODE           	C24E	0000	49
		i2_UARTstring_C		CODE           	C27E	0000	49
		_Conf2_ChannelH		MEDIUMCONST    	E6FA	0000	21
		i1_IRreceiverIn		CODE           	C658	0000	7
		i1_UARTstringCR		CODE           	BF62	0000	61
		_Conf2_ChannelH		MEDIUMCONST    	E70E	0000	21
		_Conf2_ChannelH		MEDIUMCONST    	E722	0000	21
		_Conf2_ChannelB		MEDIUMCONST    	E8A3	0000	16
		i2_UARTstringCR		CODE           	BF9E	0000	61
		_Conf2_ChannelD		MEDIUMCONST    	E8B2	0000	16
		_hexpowers     		MEDIUMCONST    	DF01	0000	33
		_Conf3_Buttons 		MEDIUMCONST    	E8FC	0000	7
		_Conf2_ChannelB		MEDIUMCONST    	E75C	0000	19
		_Conf2_ChannelD		MEDIUMCONST    	E76E	0000	19
		i1_LEDTimerON  		CODE           	C550	0000	19
		_Conf2_ChannelB		MEDIUMCONST    	E7E6	0000	17
		_Conf2_ChannelD		MEDIUMCONST    	E806	0000	17
		i1_delayUS     		CODE           	BEE6	0000	63
		_Conf2_ChannelH		MEDIUMCONST    	E826	0000	17
		i2_delayUS     		CODE           	BF24	0000	63
		_Frequency     		MEDIUMCONST    	E780	0000	19
		_Conf2_ChannelH		MEDIUMCONST    	E846	0000	17
		_Conf2_ChannelH		MEDIUMCONST    	E866	0000	17
		i1_UARTchar_CON		CODE           	C1BA	0000	51
		i2_UARTchar_CON		CODE           	C1EC	0000	51

shared estimated size: 3655

C:\Program Files (x86)\Microchip\xc8\v1.34\sources\common\altoft.c
		___altoft      		CODE           	B3B8	0000	163

C:\Program Files (x86)\Microchip\xc8\v1.34\sources\common\altoft.c estimated size: 163

ADC.c
		_InternalADC_Re		CODE           	B316	0000	163
		_ReadVoltage   		CODE           	B45A	0000	159
		_VoltageDivider		CODE           	C666	0000	3
		_InitADC       		CODE           	C47A	0000	23
		_ResetADC      		CODE           	C5C6	0000	15

ADC.c estimated size: 363

C:\Program Files (x86)\Microchip\xc8\v1.34\sources\common\awdiv.c
		___awdiv       		CODE           	AC88	0000	209

C:\Program Files (x86)\Microchip\xc8\v1.34\sources\common\awdiv.c estimated size: 209

MISC.c
		_Round         		CODE           	B9F0	0000	103
		_StringContains		CODE           	9CEC	0000	315
		_BufferCopy    		CODE           	8DEC	0000	389
		_StringContains		CODE           	8904	0000	431
		_GetStringAfter		CODE           	A3D8	0000	287
		_cleanBuffer   		CODE           	BB6C	0000	89
		_IsAlphaNumeric		CODE           	C084	0000	55
		_cleanBuffer16b		CODE           	BA56	0000	99
		_lowercaseStrin		CODE           	BDE4	0000	69
		_delayUS       		CODE           	BBC4	0000	87
		_IsAlphaNumeric		CODE           	C0F0	0000	53
		_Invert        		CODE           	C41C	0000	25
		_Reverse_Byte  		CODE           	AFB8	0000	183
		_IsLetter      		CODE           	C156	0000	51
		_Reverse_4Byte 		CODE           	4876	0000	3199
		_IsNumber      		CODE           	C3FE	0000	31
		_StringAddEqual		CODE           	869C	0000	617
		_StringMatch   		CODE           	B89A	0000	121
		_GetNumber     		CODE           	6E14	0000	1159
		_IsCharacter   		CODE           	C44C	0000	25
		_StringMatchCas		CODE           	B4F8	0000	149
		_GetNumberUnsig		CODE           	729A	0000	1119
		_lowercaseChar 		CODE           	C336	0000	45

MISC.c estimated size: 8701

C:\Program Files (x86)\Microchip\xc8\v1.34\sources\common\lbmod.c
		___lbmod       		CODE           	BCBE	0000	77

C:\Program Files (x86)\Microchip\xc8\v1.34\sources\common\lbmod.c estimated size: 77

IR.c
		_IRreceiverIntO		CODE           	C646	0000	7
		_DecodeNEC     		CODE           	B122	0000	175
		_InitIR        		CODE           	BD54	0000	73
		_EncodeNEC     		CODE           	991C	0000	335
		_UseIRCode     		CODE           	7E42	0000	773
		_IRrawToNEC    		CODE           	7B16	0000	813
		_ReadIRpin     		CODE           	C5AA	0000	15
		_IRreceiverIntO		CODE           	C64C	0000	7
		_SendNEC_wait  		CODE           	B274	0000	163
		_SendNEC_bytes 		CODE           	B61C	0000	141
		_CheckReceiving		CODE           	C508	0000	19

IR.c estimated size: 2521

C:\Program Files (x86)\Microchip\xc8\v1.34\sources\common\lldiv.c
		___lldiv       		CODE           	AEF2	0000	199

C:\Program Files (x86)\Microchip\xc8\v1.34\sources\common\lldiv.c estimated size: 199

user.c
		_InitApp       		CODE           	BD0A	0000	75
		_Init_System   		CODE           	8F70	0000	375

user.c estimated size: 450

C:\Program Files (x86)\Microchip\xc8\v1.34\sources\common\doprnt.c
		_scale         		CODE           	6910	0000	1285
		_sprintf       		CODE           	38FC	0000	3963
		_fround        		CODE           	8146	0000	729

C:\Program Files (x86)\Microchip\xc8\v1.34\sources\common\doprnt.c estimated size: 5977

C:\Program Files (x86)\Microchip\xc8\v1.34\sources\common\fttol.c
		___fttol       		CODE           	97CA	0000	339

C:\Program Files (x86)\Microchip\xc8\v1.34\sources\common\fttol.c estimated size: 339

main.c
		_main          		CODE           	5CDA	0000	1651

main.c estimated size: 1651

C:\Program Files (x86)\Microchip\xc8\v1.34\sources\common\Umul16.c
		___wmul        		CODE           	C04C	0000	57

C:\Program Files (x86)\Microchip\xc8\v1.34\sources\common\Umul16.c estimated size: 57

system.c
		_ConfigureOscil		CODE           	C662	0000	5

system.c estimated size: 5

C:\Program Files (x86)\Microchip\xc8\v1.34\sources\common\ftadd.c
		___ftadd       		CODE           	841E	0000	639

C:\Program Files (x86)\Microchip\xc8\v1.34\sources\common\ftadd.c estimated size: 639

