Microchip MPLAB XC8 Compiler V1.34 ()

Linker command line:

--edf=C:\Program Files (x86)\Microchip\xc8\v1.34\dat\en_msgs.txt -cs \
  -h+dist/xc8_pic18f26k20/production\PIC_IR_RF_Bluetooth_Home_Automation.production.sym \
  --cmf=dist/xc8_pic18f26k20/production\PIC_IR_RF_Bluetooth_Home_Automation.production.cmf \
  -z -Q18F26K20 -oC:\Users\DWHITF~1.TDY\AppData\Local\Temp\s6a0.6 \
  -Mdist/xc8_pic18f26k20/production/PIC_IR_RF_Bluetooth_Home_Automation.production.map \
  -E1 -ver=XC8 -ASTACK=0433h-0f5fh -pstack=STACK -ACODE=00h-0FFFFh \
  -ACONST=00h-0FFFFh -ASMALLCONST=01000h-010FFhx240 \
  -AMEDIUMCONST=01000h-0FFFFh -ACOMRAM=01h-05Fh -AABS1=00h-0F5Fh \
  -ABIGRAM=01h-0F5Fh -ARAM=060h-0FFh,0100h-01FFhx14,0F00h-0F5Fh \
  -ABANK0=060h-0FFh -ABANK1=0100h-01FFh -ABANK2=0200h-02FFh \
  -ABANK3=0300h-03FFh -ABANK4=0400h-04FFh -ABANK5=0500h-05FFh \
  -ABANK6=0600h-06FFh -ABANK7=0700h-07FFh -ABANK8=0800h-08FFh \
  -ABANK9=0900h-09FFh -ABANK10=0A00h-0AFFh -ABANK11=0B00h-0BFFh \
  -ABANK12=0C00h-0CFFh -ABANK13=0D00h-0DFFh -ABANK14=0E00h-0EFFh \
  -ABANK15=0F00h-0F5Fh -ASFR=0F60h-0FFFh \
  -preset_vec=00h,intcode=08h,intcodelo=018h,powerup,init,end_init \
  -pramtop=01000h -psmallconst=SMALLCONST -pmediumconst=MEDIUMCONST \
  -pconst=CONST -AFARRAM=00h-00h -ACONFIG=0300000h-030000Dh -pconfig=CONFIG \
  -AIDLOC=0200000h-0200007h -pidloc=IDLOC -AEEDATA=0F00000h-0F003FFh \
  -peeprom_data=EEDATA \
  -prdata=COMRAM,nvrram=COMRAM,nvbit=COMRAM,rbss=COMRAM,rbit=COMRAM \
  -pfarbss=FARRAM,fardata=FARRAM,nvFARRAM=FARRAM \
  -pintsave_regs=BIGRAM,bigbss=BIGRAM,bigdata=BIGRAM -pbss=RAM \
  -pidata=CODE,irdata=CODE,ibigdata=CODE,ifardata=CODE -prparam=COMRAM \
  C:\Users\DWHITF~1.TDY\AppData\Local\Temp\s6a0.obj \
  dist/xc8_pic18f26k20/production\PIC_IR_RF_Bluetooth_Home_Automation.production.obj 

Object code version is 3.11

Machine type is 18F26K20

Call graph: (short form)




                Name                               Link     Load   Length Selector   Space Scale
C:\Users\DWHITF~1.TDY\AppData\Local\Temp\s6a0.obj
                end_init                            146      146        4        C       0
                reset_vec                             0        0        4        0       0
                idloc                            200000   200000        8   200000       0
                config                           300000   300000        E   300000       0
dist/xc8_pic18f26k20/production\PIC_IR_RF_Bluetooth_Home_Automation.production.obj
                intcodelo                            18       18      12E        C       0
                intcode                               8        8       10        4       0
                smallconst                         1000     1000       A6      800       0
                text81                             1456     1456      3A2      853       0
                text80                             3DA2     3DA2        A      853       0
                text79                             3D98     3D98        A      853       0
                text78                             3D6E     3D6E        C      853       0
                text77                             3D54     3D54        E      853       0
                text76                             340C     340C       80      853       0
                text75                             3C16     3C16       1E      853       0
                text74                             3AFE     3AFE       32      853       0
                text73                             3BF8     3BF8       1E      853       0
                text72                             3CAA     3CAA       16      853       0
                text71                             3A5E     3A5E       38      853       0
                text70                             3B5C     3B5C       2C      853       0
                text69                             2A3C     2A3C       FA      853       0
                text68                             2CCC     2CCC       C8      853       0
                text67                             3508     3508       7C      853       0
                text66                             38F0     38F0       46      853       0
                text65                             3812     3812       4E      853       0
                text64                             25CA     25CA      146      853       0
                text63                             3D46     3D46        E      853       0
                text62                             3D8E     3D8E        A      853       0
                intcode_body                       17F8     17F8      390      853       0
                text60                             3C50     3C50       18      853       0
                text59                             3C94     3C94       16      853       0
                text58                             3D38     3D38        E      853       0
                text56                             3DB6     3DB6        2      853       0
                text55                             3A26     3A26       38      853       0
                text54                             3D2A     3D2A        E      853       0
                text53                             3C7E     3C7E       16      853       0
                text52                             3976     3976       3C      853       0
                text51                             3B88     3B88       2A      853       0
                text50                             3C68     3C68       16      853       0
                text49                             3936     3936       40      853       0
                text48                             39EC     39EC       3A      853       0
                text47                             204A     204A      170      853       0
                text46                             2942     2942       FA      853       0
                text45                             3306     3306       86      853       0
                text44                             38AA     38AA       46      853       0
                text43                             3C34     3C34       1C      853       0
                text42                             3D1C     3D1C        E      853       0
                text41                             3584     3584       6C      853       0
                text40                             3ACC     3ACC       32      853       0
                text39                             311E     311E       A4      853       0
                text38                             3BDA     3BDA       1E      853       0
                text37                             370E     370E       5A      853       0
                text36                             36B4     36B4       5A      853       0
                text35                             2C04     2C04       C8      853       0
                text34                             2D94     2D94       C6      853       0
                text33                             307A     307A       A4      853       0
                text32                             1E06     1E06      244      853       0
                text31                             10A6     10A6      3B0      853       0
                text30                             37BE     37BE       54      853       0
                text29                             3CD4     3CD4       10      853       0
                text28                             3D0E     3D0E        E      853       0
                text27                             3D84     3D84        A      853       0
                text26                             3656     3656       5E      853       0
                text25                             3860     3860       4A      853       0
                text24                             3D00     3D00        E      853       0
                text23                             3CF2     3CF2        E      853       0
                text22                             3D7A     3D7A        A      853       0
                text21                             3CC0     3CC0       14      853       0
                text20                             3CE4     3CE4        E      853       0
                text19                             348C     348C       7C      853       0
                text18                             2710     2710      120      853       0
                text17                             3264     3264       A2      853       0
                text16                             1B88     1B88      27E      853       0
                text15                             2478     2478      152      853       0
                text14                             35F0     35F0       66      853       0
                text13                             338C     338C       80      853       0
                text12                             2830     2830      112      853       0
                text11                             39B2     39B2       3A      853       0
                text10                             3BB2     3BB2       28      853       0
                text9                              3768     3768       56      853       0
                text8                              31C2     31C2       A2      853       0
                text7                              3DB2     3DB2        4      853       0
                text6                              3DAC     3DAC        6      853       0
                text5                              2326     2326      152      853       0
                text4                              21BA     21BA      16C      853       0
                text3                              3B30     3B30       2C      853       0
                text2                              2F1E     2F1E       B8      853       0
                text1                              2B36     2B36       CE      853       0
                text0                              2E5A     2E5A       C4      853       0
                cstackCOMRAM                          1        1       46        1       1
                cstackBANK0                          60       60       3F       60       1
                cstackBANK1                         1C6      1C6       32      100       1
                cstackBANK4                         400      400       33      400       1
                bssBANK3                            300      300       FF      300       1
                bssBANK2                            200      200       FF      200       1
                dataBANK1                           190      190       36      100       1
                bssBANK1                            100      100       90      100       1
                dataBANK0                            C8       C8        C       60       1
                bssBANK0                             9F       9F       29       60       1
                dataCOMRAM                           4B       4B        1        1       1
                bssCOMRAM                            47       47        4        1       1
                cinit                              2FD6     2FD6       A4      853       0
                idataBANK1                         3A96     3A96       36      853       0
                idataBANK0                         3D62     3D62        C      853       0
                idataCOMRAM                        3DB8     3DB8        1      853       0

TOTAL           Name                               Link     Load   Length     Space
        CLASS   STACK          

        CLASS   CODE           
                end_init                            146      146        4         0
                intcodelo                            18       18      12E         0
                intcode                               8        8       10         0
                reset_vec                             0        0        4         0
                text81                             1456     1456      3A2         0
                text80                             3DA2     3DA2        A         0
                text79                             3D98     3D98        A         0
                text78                             3D6E     3D6E        C         0
                text77                             3D54     3D54        E         0
                text76                             340C     340C       80         0
                text75                             3C16     3C16       1E         0
                text74                             3AFE     3AFE       32         0
                text73                             3BF8     3BF8       1E         0
                text72                             3CAA     3CAA       16         0
                text71                             3A5E     3A5E       38         0
                text70                             3B5C     3B5C       2C         0
                text69                             2A3C     2A3C       FA         0
                text68                             2CCC     2CCC       C8         0
                text67                             3508     3508       7C         0
                text66                             38F0     38F0       46         0
                text65                             3812     3812       4E         0
                text64                             25CA     25CA      146         0
                text63                             3D46     3D46        E         0
                text62                             3D8E     3D8E        A         0
                intcode_body                       17F8     17F8      390         0
                text60                             3C50     3C50       18         0
                text59                             3C94     3C94       16         0
                text58                             3D38     3D38        E         0
                text56                             3DB6     3DB6        2         0
                text55                             3A26     3A26       38         0
                text54                             3D2A     3D2A        E         0
                text53                             3C7E     3C7E       16         0
                text52                             3976     3976       3C         0
                text51                             3B88     3B88       2A         0
                text50                             3C68     3C68       16         0
                text49                             3936     3936       40         0
                text48                             39EC     39EC       3A         0
                text47                             204A     204A      170         0
                text46                             2942     2942       FA         0
                text45                             3306     3306       86         0
                text44                             38AA     38AA       46         0
                text43                             3C34     3C34       1C         0
                text42                             3D1C     3D1C        E         0
                text41                             3584     3584       6C         0
                text40                             3ACC     3ACC       32         0
                text39                             311E     311E       A4         0
                text38                             3BDA     3BDA       1E         0
                text37                             370E     370E       5A         0
                text36                             36B4     36B4       5A         0
                text35                             2C04     2C04       C8         0
                text34                             2D94     2D94       C6         0
                text33                             307A     307A       A4         0
                text32                             1E06     1E06      244         0
                text31                             10A6     10A6      3B0         0
                text30                             37BE     37BE       54         0
                text29                             3CD4     3CD4       10         0
                text28                             3D0E     3D0E        E         0
                text27                             3D84     3D84        A         0
                text26                             3656     3656       5E         0
                text25                             3860     3860       4A         0
                text24                             3D00     3D00        E         0
                text23                             3CF2     3CF2        E         0
                text22                             3D7A     3D7A        A         0
                text21                             3CC0     3CC0       14         0
                text20                             3CE4     3CE4        E         0
                text19                             348C     348C       7C         0
                text18                             2710     2710      120         0
                text17                             3264     3264       A2         0
                text16                             1B88     1B88      27E         0
                text15                             2478     2478      152         0
                text14                             35F0     35F0       66         0
                text13                             338C     338C       80         0
                text12                             2830     2830      112         0
                text11                             39B2     39B2       3A         0
                text10                             3BB2     3BB2       28         0
                text9                              3768     3768       56         0
                text8                              31C2     31C2       A2         0
                text7                              3DB2     3DB2        4         0
                text6                              3DAC     3DAC        6         0
                text5                              2326     2326      152         0
                text4                              21BA     21BA      16C         0
                text3                              3B30     3B30       2C         0
                text2                              2F1E     2F1E       B8         0
                text1                              2B36     2B36       CE         0
                text0                              2E5A     2E5A       C4         0
                cinit                              2FD6     2FD6       A4         0
                idataBANK1                         3A96     3A96       36         0
                idataBANK0                         3D62     3D62        C         0
                idataCOMRAM                        3DB8     3DB8        1         0

        CLASS   CONST          

        CLASS   SMALLCONST     
                smallconst                         1000     1000       A6         0

        CLASS   MEDIUMCONST    

        CLASS   COMRAM         
                cstackCOMRAM                          1        1       46         1
                dataCOMRAM                           4B       4B        1         1
                bssCOMRAM                            47       47        4         1

        CLASS   ABS1           

        CLASS   BIGRAM         

        CLASS   RAM            

        CLASS   BANK0          
                cstackBANK0                          60       60       3F         1
                dataBANK0                            C8       C8        C         1
                bssBANK0                             9F       9F       29         1

        CLASS   BANK1          
                cstackBANK1                         1C6      1C6       32         1
                dataBANK1                           190      190       36         1
                bssBANK1                            100      100       90         1

        CLASS   BANK2          
                bssBANK2                            200      200       FF         1

        CLASS   BANK3          
                bssBANK3                            300      300       FF         1

        CLASS   BANK4          
                cstackBANK4                         400      400       33         1

        CLASS   BANK5          

        CLASS   BANK6          

        CLASS   BANK7          

        CLASS   BANK8          

        CLASS   BANK9          

        CLASS   BANK10         

        CLASS   BANK11         

        CLASS   BANK12         

        CLASS   BANK13         

        CLASS   BANK14         

        CLASS   BANK15         

        CLASS   SFR            

        CLASS   FARRAM         

        CLASS   CONFIG         
                config                           300000   300000        E         0

        CLASS   IDLOC          
                idloc                            200000   200000        8         0

        CLASS   EEDATA         



SEGMENTS        Name                           Load    Length   Top    Selector   Space  Class

                reset_vec                      000000  000004  000004         0       0  CODE    
                cstackCOMRAM                   000001  00004B  00004C         1       1  COMRAM  
                intcode                        000008  000010  000018         4       0  CODE    
                intcodelo                      000018  000132  00014A         C       0  CODE    
                cstackBANK0                    000060  000074  0000D4        60       1  BANK0   
                bssBANK1                       000100  0000F8  0001F8       100       1  BANK1   
                bssBANK2                       000200  0000FF  0002FF       200       1  BANK2   
                bssBANK3                       000300  0000FF  0003FF       300       1  BANK3   
                cstackBANK4                    000400  000033  000433       400       1  BANK4   
                smallconst                     001000  0000A6  0010A6       800       0  SMALLCON
                text31                         0010A6  002D13  003DB9       853       0  CODE    
                idloc                          200000  000008  200008    200000       0  IDLOC   
                config                         300000  00000E  30000E    300000       0  CONFIG  


UNUSED ADDRESS RANGES

        Name                Unused          Largest block    Delta
        BANK0            0000D4-0000FF               2C
        BANK1            0001F8-0001FF                8
        BANK10           000A00-000AFF              100
        BANK11           000B00-000BFF              100
        BANK12           000C00-000CFF              100
        BANK13           000D00-000DFF              100
        BANK14           000E00-000EFF              100
        BANK15           000F00-000F5F               60
        BANK2            0002FF-0002FF                1
        BANK3            0003FF-0003FF                1
        BANK4            000433-0004FF               CD
        BANK5            000500-0005FF              100
        BANK6            000600-0006FF              100
        BANK7            000700-0007FF              100
        BANK8            000800-0008FF              100
        BANK9            000900-0009FF              100
        BIGRAM           00004C-00005F               14
                         0000D4-0000FF               2C
                         0001F8-0001FF                8
                         0002FF-0002FF                1
                         0003FF-0003FF                1
                         000433-000F5F              B2D
        CODE             000004-000007                4
                         00014A-000FFF              EB6
                         003DB9-00FFFF             C247
        COMRAM           00004C-00005F               14
        CONST            000004-000007                4
                         00014A-000FFF              EB6
                         003DB9-00FFFF             C247
        EEDATA           F00000-F003FF              400
        MEDIUMCONST      003DB9-00FFFF             C247
        RAM              0000D4-0000FF               2C
                         0001F8-0001FF                8
                         0002FF-0002FF                1
                         0003FF-0003FF                1
                         000433-000F5F              100
        SFR              000F60-000FFF               A0
        SMALLCONST       003DB9-00FFFF              100
        STACK            000433-000F5F              B2D

                                  Symbol Table

?_GetEEPROM                     cstackBANK1  0001DA
?_GetMemoryChar                 cstackBANK0  00008F
?_GetMemoryLong                 cstackBANK0  00008F
?_ReadEEPROM_1Byte              cstackBANK0  00008C
?_ReadVoltage                   cstackBANK1  0001DE
?_Round                         cstackBANK1  0001D8
?_SetEEPROM                     cstackBANK1  0001EB
?___altoft                      cstackBANK0  000094
?___ftadd                       cstackBANK0  000094
?___ftdiv                       cstackBANK0  000097
?___ftmul                       cstackBANK1  0001CF
?___ftpack                      cstackBANK0  00008C
?___fttol                       cstackBANK1  0001C9
?___lldiv                       cstackBANK0  00008C
?___llmod                       cstackBANK1  0001C6
?___lltoft                      cstackBANK0  000094
?___lwtoft                      cstackBANK0  000094
?_sprintf                       cstackBANK1  0001CE
?i2_GetMemoryChar               cstackCOMRAM 000017
?i2_GetMemoryLong               cstackCOMRAM 000017
?i2_ReadEEPROM_1Byte            cstackCOMRAM 000014
?i2_SetEEPROM                   cstackBANK0  000068
BluetoothInitialSetup@buf       cstackBANK4  000400
BluetoothInitialSetup@ok        cstackBANK4  000432
EnterCommandMode@count          cstackBANK0  000096
GetEEPROM@Temp                  cstackBANK1  0001DF
GetMemoryChar@AddressFirst      cstackBANK0  000093
GetMemoryChar@H                 cstackBANK0  000094
GetMemoryLong@AddressFirst      cstackBANK0  00009B
GetMemoryLong@H                 cstackBANK0  000097
GetMemoryLong@L                 cstackBANK0  00009A
GetMemoryLong@MH                cstackBANK0  000098
GetMemoryLong@ML                cstackBANK0  000099
GetMemoryLong@temp              cstackBANK0  000093
IRrawToNEC@Invert               cstackCOMRAM 000018
IRrawToNEC@NEC                  cstackCOMRAM 000016
IRrawToNEC@NECtemp              cstackCOMRAM 00001B
IRrawToNEC@Raw                  cstackCOMRAM 000014
IRrawToNEC@StartBit             cstackCOMRAM 000021
IRrawToNEC@first                cstackCOMRAM 00001F
IRrawToNEC@i                    cstackCOMRAM 000020
InitUART@Baud                   cstackBANK1  0001DF
InitUART@config                 cstackBANK1  0001EC
InitUART@spbrg                  cstackBANK1  0001EA
InitUART@temp                   cstackBANK1  0001ED
InternalADC_Read@ADCcounts      cstackBANK0  000096
InternalADC_Read@AnaChanSel     cstackBANK0  00009A
InternalADC_Read@channel        cstackBANK0  00009B
IsCharacter@data                cstackCOMRAM 000001
OpenUSART@config                cstackBANK0  00008E
OpenUSART@spbrg                 cstackBANK0  00008C
ReadEEPROM_1Byte@GIEstatus      cstackBANK0  00008E
ReadEEPROM_1Byte@address        cstackBANK0  00008C
ReadUSART@data                  cstackCOMRAM 000001
ReadVoltage@temp                cstackBANK1  0001E4
ReadVoltage@voltage             cstackBANK1  0001E1
Round@input                     cstackBANK1  0001D8
Round@temp                      cstackBANK1  0001DB
SendRF@Code                     cstackCOMRAM 000014
SendRF@RepeatAmount             cstackCOMRAM 000017
SendRF@i                        cstackCOMRAM 000018
SendRF@size                     cstackCOMRAM 000016
SendRF_wait@Code                cstackCOMRAM 000019
SendRF_wait@amount              cstackCOMRAM 00001C
SendRF_wait@size                cstackCOMRAM 00001B
SetEEPROM@Temp                  cstackBANK1  0001EB
SetEEPROM@burn                  cstackBANK1  0001F0
SetEEPROM@fail                  cstackBANK1  0001F4
SetMemoryChar@AddressFirst      cstackBANK0  000095
SetMemoryChar@Data              cstackBANK0  000097
SetMemoryChar@Test              cstackBANK0  000096
SetMemoryLong@AddressFirst      cstackBANK1  0001DE
SetMemoryLong@Data              cstackBANK1  0001DA
SetMemoryLong@H                 cstackBANK1  0001E7
SetMemoryLong@L                 cstackBANK1  0001EA
SetMemoryLong@MH                cstackBANK1  0001E8
SetMemoryLong@ML                cstackBANK1  0001E9
SetMemoryLong@Test              cstackBANK1  0001E3
StringContains@That             cstackBANK0  00008E
StringContains@This             cstackBANK0  00008C
SyncEEPROMToGlobal@Temp         cstackBANK1  0001E4
UARTchar@data                   cstackBANK0  00008C
UARTstring@data                 cstackBANK0  00008D
UseIRCode@Code                  cstackBANK0  000071
UseIRCode@NEC                   cstackBANK0  000073
UseIRCode@i                     cstackCOMRAM 000046
WriteEEPROM_1Byte@GIEstatus     cstackBANK0  00008F
WriteEEPROM_1Byte@address       cstackBANK0  00008C
WriteEEPROM_1Byte@data          cstackBANK0  00008E
_ADCON0                         (abs)        000FC2
_ADCON0bits                     (abs)        000FC2
_ADCON1                         (abs)        000FC1
_ADCON1bits                     (abs)        000FC1
_ADCON2                         (abs)        000FC0
_ADCON2bits                     (abs)        000FC0
_ADRESH                         (abs)        000FC4
_ADRESL                         (abs)        000FC3
_ANSEL                          (abs)        000F7E
_ANSELH                         (abs)        000F7F
_BAUDCONbits                    (abs)        000FB8
_BatteryVoltage                 bssBANK0     0000B8
_BlueConnected                  text42       003D1C
_BluetoothConfigured            text43       003C34
_BluetoothInitialSetup          text31       0010A6
_ChannelF                       dataBANK0    0000C8
_CommandString                  bssBANK2     000200
_CommandStringPos               bssCOMRAM    000047
_ConfigureOscillator            text56       003DB6
_EEADR                          (abs)        000FA9
_EEADRH                         (abs)        000FAA
_EECON1bits                     (abs)        000FA6
_EECON2                         (abs)        000FA7
_EEDATA                         (abs)        000FA8
_EEPROM_UNLOCK                  text50       003C68
_EnterCommandMode               text35       002C04
_GetEEPROM                      text11       0039B2
_GetMemoryChar                  text51       003B88
_GetMemoryLong                  text47       00204A
_Global                         bssBANK0     0000B3
_INTCON2bits                    (abs)        000FF1
_INTCONbits                     (abs)        000FF2
_IOCBbits                       (abs)        000F7D
_IPR1bits                       (abs)        000F9F
_IPR2bits                       (abs)        000FA2
_IRRawCode                      bssBANK1     000100
_IR_NEC                         bssBANK0     0000C3
_IR_New_Code                    bssBANK0     0000C7
_IRpinOLD                       bssBANK0     0000BB
_IRrawCodeNum                   bssBANK0     0000BC
_IRrawToNEC                     text81       001456
_InitADC                        text53       003C7E
_InitApp                        text55       003A26
_InitBluetooth                  text30       0037BE
_InitIR                         text25       003860
_InitTimer0                     text29       003CD4
_InitTimer1                     text24       003D00
_InitTimer2                     text23       003CF2
_InitTimer3                     text22       003D7A
_InitTimers                     text21       003CC0
_InitUART                       text12       002830
_InitUART$2732                  cstackBANK1  0001E7
_Init_System                    text9        003768
_InternalADC_Read               text8        0031C2
_IsCharacter                    text60       003C50
_LATA                           (abs)        000F89
_LATB                           (abs)        000F8A
_LATC                           (abs)        000F8B
_LEDTimerON                     text78       003D6E
_Local_CloseUSART               text20       003CE4
_NewReceivedString              bssCOMRAM    000048
_OpenUSART                      text19       00348C
_PIE1bits                       (abs)        000F9D
_PIE2bits                       (abs)        000FA0
_PIR1bits                       (abs)        000F9E
_PIR2bits                       (abs)        000FA1
_PORTA                          (abs)        000F80
_PORTB                          (abs)        000F81
_PORTC                          (abs)        000F82
_PR2                            (abs)        000FCB
_ProductName                    dataBANK1    000190
_RCONbits                       (abs)        000FD0
_RCREG                          (abs)        000FAE
_RCSTA                          (abs)        000FAB
_RCSTAbits                      (abs)        000FAB
_RFcodeBit                      bssBANK0     0000BD
_RFcodePlace                    bssBANK0     0000BE
_RFsendCode                     bssBANK0     00009F
_RFsendFlag                     bssBANK0     0000BF
_ReadEEPROM_1Byte               text52       003976
_ReadIRpin                      text28       003D0E
_ReadPushButton                 text77       003D54
_ReadUSART                      text59       003C94
_ReadVoltage                    text2        002F1E
_ReceivedString                 bssBANK3     000300
_ReceivedStringPos              bssCOMRAM    000049
_ResetADC                       text54       003D2A
_ResetBlue                      text40       003ACC
_ResetTimer0                    text27       003D84
_ResetTimer1                    text79       003D98
_ResetTimer3                    text80       003DA2
_Round                          text14       0035F0
_SN                             dataBANK1    0001C2
_SPBRG                          (abs)        000FAF
_SPBRGH                         (abs)        000FB0
_SendRF                         text76       00340C
_SendRF_wait                    text75       003C16
_Sendcount                      bssBANK0     0000C0
_Sent                           dataCOMRAM   00004B
_SetEEPROM                      text45       003306
_SetMemoryChar                  text48       0039EC
_SetMemoryLong                  text46       002942
_StringContains                 text39       00311E
_SyncEEPROMToGlobal             text10       003BB2
_SyncGlobalToEEPROM             text44       0038AA
_T0CONbits                      (abs)        000FD5
_T1CONbits                      (abs)        000FCD
_T2CONbits                      (abs)        000FCA
_T3CONbits                      (abs)        000FB1
_TMR0H                          (abs)        000FD7
_TMR0L                          (abs)        000FD6
_TMR1H                          (abs)        000FCF
_TMR1L                          (abs)        000FCE
_TMR2                           (abs)        000FCC
_TMR3H                          (abs)        000FB3
_TMR3L                          (abs)        000FB2
_TRISAbits                      (abs)        000F92
_TRISBbits                      (abs)        000F93
_TRISCbits                      (abs)        000F94
_TXREG                          (abs)        000FAD
_TXSTA                          (abs)        000FAC
_TXSTAbits                      (abs)        000FAC
_Timer1_Postscaler              bssCOMRAM    00004A
_Timer2_Postscaler              bssBANK0     0000C1
_Timer3_Postscaler              bssBANK0     0000C2
_UARTchar                       text38       003BDA
_UARTstring                     text37       00370E
_UseIRCode                      text64       0025CA
_Version                        smallconst   001029
_VoltageDividerOFF              text7        003DB2
_VoltageDividerON               text6        003DAC
_WPUB                           (abs)        000F7C
_WriteEEPROM_1Byte              text49       003936
__CFG_BOREN$SBORDIS             (abs)        000000
__CFG_BORV$18                   (abs)        000000
__CFG_CCP2MX$PORTC              (abs)        000000
__CFG_CP0$OFF                   (abs)        000000
__CFG_CP1$OFF                   (abs)        000000
__CFG_CP2$OFF                   (abs)        000000
__CFG_CP3$OFF                   (abs)        000000
__CFG_CPB$OFF                   (abs)        000000
__CFG_CPD$OFF                   (abs)        000000
__CFG_EBTR0$OFF                 (abs)        000000
__CFG_EBTR1$OFF                 (abs)        000000
__CFG_EBTR2$OFF                 (abs)        000000
__CFG_EBTR3$OFF                 (abs)        000000
__CFG_EBTRB$OFF                 (abs)        000000
__CFG_FCMEN$OFF                 (abs)        000000
__CFG_FOSC$HSPLL                (abs)        000000
__CFG_HFOFST$ON                 (abs)        000000
__CFG_IESO$OFF                  (abs)        000000
__CFG_LPT1OSC$OFF               (abs)        000000
__CFG_LVP$OFF                   (abs)        000000
__CFG_MCLRE$ON                  (abs)        000000
__CFG_PBADEN$ON                 (abs)        000000
__CFG_PWRT$OFF                  (abs)        000000
__CFG_STVREN$ON                 (abs)        000000
__CFG_WDTEN$OFF                 (abs)        000000
__CFG_WDTPS$32768               (abs)        000000
__CFG_WRT0$OFF                  (abs)        000000
__CFG_WRT1$OFF                  (abs)        000000
__CFG_WRT2$OFF                  (abs)        000000
__CFG_WRT3$OFF                  (abs)        000000
__CFG_WRTB$OFF                  (abs)        000000
__CFG_WRTC$OFF                  (abs)        000000
__CFG_WRTD$OFF                  (abs)        000000
__CFG_XINST$OFF                 (abs)        000000
__HRAM                          (abs)        000000
__Habs1                         abs1         000000
__Hbank0                        bank0        000000
__Hbank1                        bank1        000000
__Hbank10                       bank10       000000
__Hbank11                       bank11       000000
__Hbank12                       bank12       000000
__Hbank13                       bank13       000000
__Hbank14                       bank14       000000
__Hbank15                       bank15       000000
__Hbank2                        bank2        000000
__Hbank3                        bank3        000000
__Hbank4                        bank4        000000
__Hbank5                        bank5        000000
__Hbank6                        bank6        000000
__Hbank7                        bank7        000000
__Hbank8                        bank8        000000
__Hbank9                        bank9        000000
__Hbigbss                       bigbss       000000
__Hbigdata                      bigdata      000000
__Hbigram                       bigram       000000
__Hbss                          bss          000000
__HbssBANK0                     bssBANK0     000000
__HbssBANK1                     bssBANK1     000000
__HbssBANK2                     bssBANK2     000000
__HbssBANK3                     bssBANK3     000000
__HbssCOMRAM                    bssCOMRAM    000000
__Hcinit                        cinit        000000
__Hclrtext                      clrtext      000000
__Hcomram                       comram       000000
__Hconfig                       config       30000E
__Hconst                        const        000000
__HcstackBANK0                  cstackBANK0  000000
__HcstackBANK1                  cstackBANK1  000000
__HcstackBANK4                  cstackBANK4  000000
__HcstackCOMRAM                 cstackCOMRAM 000000
__Hdata                         data         000000
__HdataBANK0                    dataBANK0    000000
__HdataBANK1                    dataBANK1    000000
__HdataCOMRAM                   dataCOMRAM   000000
__Heeprom_data                  eeprom_data  000000
__Hend_init                     end_init     00014A
__Hfarbss                       farbss       000000
__Hfardata                      fardata      000000
__Hibigdata                     ibigdata     000000
__Hidata                        idata        000000
__HidataBANK0                   idataBANK0   000000
__HidataBANK1                   idataBANK1   000000
__HidataCOMRAM                  idataCOMRAM  000000
__Hidloc                        idloc        200008
__Hifardata                     ifardata     000000
__Hinit                         init         000146
__Hintcode                      intcode      000018
__Hintcode_body                 intcode_body 000000
__Hintcodelo                    intcodelo    000146
__Hintentry                     intentry     000000
__Hintret                       intret       000000
__Hintsave_regs                 intsave_regs 000000
__Hirdata                       irdata       000000
__Hmediumconst                  mediumconst  000000
__HnvFARRAM                     nvFARRAM     000000
__Hnvbit                        nvbit        000000
__Hnvrram                       nvrram       000000
__Hparam                        rparam       000000
__Hpowerup                      powerup      000146
__Hram                          ram          000000
__Hramtop                       ramtop       001000
__Hrbit                         rbit         000000
__Hrbss                         rbss         000000
__Hrdata                        rdata        000000
__Hreset_vec                    reset_vec    000004
__Hrparam                       rparam       000000
__Hsfr                          sfr          000000
__Hsmallconst                   smallconst   0010A6
__Hspace_0                      (abs)        30000E
__Hspace_1                      (abs)        000433
__Hspace_2                      (abs)        000000
__Hstack                        stack        000000
__Hstruct                       struct       000000
__Htemp                         temp         000000
__Htext                         text         000000
__Htext0                        text0        000000
__Htext1                        text1        000000
__Htext10                       text10       000000
__Htext11                       text11       000000
__Htext12                       text12       000000
__Htext13                       text13       000000
__Htext14                       text14       000000
__Htext15                       text15       000000
__Htext16                       text16       000000
__Htext17                       text17       000000
__Htext18                       text18       000000
__Htext19                       text19       000000
__Htext2                        text2        000000
__Htext20                       text20       000000
__Htext21                       text21       000000
__Htext22                       text22       000000
__Htext23                       text23       000000
__Htext24                       text24       000000
__Htext25                       text25       000000
__Htext26                       text26       000000
__Htext27                       text27       000000
__Htext28                       text28       000000
__Htext29                       text29       000000
__Htext3                        text3        000000
__Htext30                       text30       000000
__Htext31                       text31       000000
__Htext32                       text32       000000
__Htext33                       text33       000000
__Htext34                       text34       000000
__Htext35                       text35       000000
__Htext36                       text36       000000
__Htext37                       text37       000000
__Htext38                       text38       000000
__Htext39                       text39       000000
__Htext4                        text4        000000
__Htext40                       text40       000000
__Htext41                       text41       000000
__Htext42                       text42       000000
__Htext43                       text43       000000
__Htext44                       text44       000000
__Htext45                       text45       000000
__Htext46                       text46       000000
__Htext47                       text47       000000
__Htext48                       text48       000000
__Htext49                       text49       000000
__Htext5                        text5        000000
__Htext50                       text50       000000
__Htext51                       text51       000000
__Htext52                       text52       000000
__Htext53                       text53       000000
__Htext54                       text54       000000
__Htext55                       text55       000000
__Htext56                       text56       000000
__Htext58                       text58       000000
__Htext59                       text59       000000
__Htext6                        text6        000000
__Htext60                       text60       000000
__Htext62                       text62       000000
__Htext63                       text63       000000
__Htext64                       text64       000000
__Htext65                       text65       000000
__Htext66                       text66       000000
__Htext67                       text67       000000
__Htext68                       text68       000000
__Htext69                       text69       000000
__Htext7                        text7        000000
__Htext70                       text70       000000
__Htext71                       text71       000000
__Htext72                       text72       000000
__Htext73                       text73       000000
__Htext74                       text74       000000
__Htext75                       text75       000000
__Htext76                       text76       000000
__Htext77                       text77       000000
__Htext78                       text78       000000
__Htext79                       text79       000000
__Htext8                        text8        000000
__Htext80                       text80       000000
__Htext81                       text81       000000
__Htext9                        text9        000000
__LRAM                          (abs)        000001
__Labs1                         abs1         000000
__Lbank0                        bank0        000000
__Lbank1                        bank1        000000
__Lbank10                       bank10       000000
__Lbank11                       bank11       000000
__Lbank12                       bank12       000000
__Lbank13                       bank13       000000
__Lbank14                       bank14       000000
__Lbank15                       bank15       000000
__Lbank2                        bank2        000000
__Lbank3                        bank3        000000
__Lbank4                        bank4        000000
__Lbank5                        bank5        000000
__Lbank6                        bank6        000000
__Lbank7                        bank7        000000
__Lbank8                        bank8        000000
__Lbank9                        bank9        000000
__Lbigbss                       bigbss       000000
__Lbigdata                      bigdata      000000
__Lbigram                       bigram       000000
__Lbss                          bss          000000
__LbssBANK0                     bssBANK0     000000
__LbssBANK1                     bssBANK1     000000
__LbssBANK2                     bssBANK2     000000
__LbssBANK3                     bssBANK3     000000
__LbssCOMRAM                    bssCOMRAM    000000
__Lcinit                        cinit        000000
__Lclrtext                      clrtext      000000
__Lcomram                       comram       000000
__Lconfig                       config       300000
__Lconst                        const        000000
__LcstackBANK0                  cstackBANK0  000000
__LcstackBANK1                  cstackBANK1  000000
__LcstackBANK4                  cstackBANK4  000000
__LcstackCOMRAM                 cstackCOMRAM 000000
__Ldata                         data         000000
__LdataBANK0                    dataBANK0    000000
__LdataBANK1                    dataBANK1    000000
__LdataCOMRAM                   dataCOMRAM   000000
__Leeprom_data                  eeprom_data  000000
__Lend_init                     end_init     000146
__Lfarbss                       farbss       000000
__Lfardata                      fardata      000000
__Libigdata                     ibigdata     000000
__Lidata                        idata        000000
__LidataBANK0                   idataBANK0   000000
__LidataBANK1                   idataBANK1   000000
__LidataCOMRAM                  idataCOMRAM  000000
__Lidloc                        idloc        200000
__Lifardata                     ifardata     000000
__Linit                         init         000146
__Lintcode                      intcode      000008
__Lintcode_body                 intcode_body 000000
__Lintcodelo                    intcodelo    000018
__Lintentry                     intentry     000000
__Lintret                       intret       000000
__Lintsave_regs                 intsave_regs 000000
__Lirdata                       irdata       000000
__Lmediumconst                  mediumconst  000000
__LnvFARRAM                     nvFARRAM     000000
__Lnvbit                        nvbit        000000
__Lnvrram                       nvrram       000000
__Lparam                        rparam       000000
__Lpowerup                      powerup      000146
__Lram                          ram          000000
__Lramtop                       ramtop       001000
__Lrbit                         rbit         000000
__Lrbss                         rbss         000000
__Lrdata                        rdata        000000
__Lreset_vec                    reset_vec    000000
__Lrparam                       rparam       000000
__Lsfr                          sfr          000000
__Lsmallconst                   smallconst   001000
__Lspace_0                      (abs)        000000
__Lspace_1                      (abs)        000000
__Lspace_2                      (abs)        000000
__Lstack                        stack        000000
__Lstruct                       struct       000000
__Ltemp                         temp         000000
__Ltext                         text         000000
__Ltext0                        text0        000000
__Ltext1                        text1        000000
__Ltext10                       text10       000000
__Ltext11                       text11       000000
__Ltext12                       text12       000000
__Ltext13                       text13       000000
__Ltext14                       text14       000000
__Ltext15                       text15       000000
__Ltext16                       text16       000000
__Ltext17                       text17       000000
__Ltext18                       text18       000000
__Ltext19                       text19       000000
__Ltext2                        text2        000000
__Ltext20                       text20       000000
__Ltext21                       text21       000000
__Ltext22                       text22       000000
__Ltext23                       text23       000000
__Ltext24                       text24       000000
__Ltext25                       text25       000000
__Ltext26                       text26       000000
__Ltext27                       text27       000000
__Ltext28                       text28       000000
__Ltext29                       text29       000000
__Ltext3                        text3        000000
__Ltext30                       text30       000000
__Ltext31                       text31       000000
__Ltext32                       text32       000000
__Ltext33                       text33       000000
__Ltext34                       text34       000000
__Ltext35                       text35       000000
__Ltext36                       text36       000000
__Ltext37                       text37       000000
__Ltext38                       text38       000000
__Ltext39                       text39       000000
__Ltext4                        text4        000000
__Ltext40                       text40       000000
__Ltext41                       text41       000000
__Ltext42                       text42       000000
__Ltext43                       text43       000000
__Ltext44                       text44       000000
__Ltext45                       text45       000000
__Ltext46                       text46       000000
__Ltext47                       text47       000000
__Ltext48                       text48       000000
__Ltext49                       text49       000000
__Ltext5                        text5        000000
__Ltext50                       text50       000000
__Ltext51                       text51       000000
__Ltext52                       text52       000000
__Ltext53                       text53       000000
__Ltext54                       text54       000000
__Ltext55                       text55       000000
__Ltext56                       text56       000000
__Ltext58                       text58       000000
__Ltext59                       text59       000000
__Ltext6                        text6        000000
__Ltext60                       text60       000000
__Ltext62                       text62       000000
__Ltext63                       text63       000000
__Ltext64                       text64       000000
__Ltext65                       text65       000000
__Ltext66                       text66       000000
__Ltext67                       text67       000000
__Ltext68                       text68       000000
__Ltext69                       text69       000000
__Ltext7                        text7        000000
__Ltext70                       text70       000000
__Ltext71                       text71       000000
__Ltext72                       text72       000000
__Ltext73                       text73       000000
__Ltext74                       text74       000000
__Ltext75                       text75       000000
__Ltext76                       text76       000000
__Ltext77                       text77       000000
__Ltext78                       text78       000000
__Ltext79                       text79       000000
__Ltext8                        text8        000000
__Ltext80                       text80       000000
__Ltext81                       text81       000000
__Ltext9                        text9        000000
__S0                            (abs)        30000E
__S1                            (abs)        000433
__S2                            (abs)        000000
___altoft                       text17       003264
___altoft@c                     cstackBANK0  000094
___altoft@exp                   cstackBANK0  00009C
___altoft@sign                  cstackBANK0  00009D
___ftadd                        text16       001B88
___ftadd@exp1                   cstackBANK1  0001C8
___ftadd@exp2                   cstackBANK1  0001C7
___ftadd@f1                     cstackBANK0  000094
___ftadd@f2                     cstackBANK0  000097
___ftadd@sign                   cstackBANK1  0001C6
___ftdiv                        text5        002326
___ftdiv@cntr                   cstackBANK1  0001C9
___ftdiv@exp                    cstackBANK1  0001CD
___ftdiv@f1                     cstackBANK0  000097
___ftdiv@f2                     cstackBANK0  00009A
___ftdiv@f3                     cstackBANK1  0001CA
___ftdiv@sign                   cstackBANK1  0001CE
___ftge                         text1        002B36
___ftge@ff1                     cstackBANK0  00008C
___ftge@ff2                     cstackBANK0  00008F
___ftmul                        text4        0021BA
___ftmul@cntr                   cstackBANK1  0001DC
___ftmul@exp                    cstackBANK1  0001D8
___ftmul@f1                     cstackBANK1  0001CF
___ftmul@f2                     cstackBANK1  0001D2
___ftmul@f3_as_product          cstackBANK1  0001D9
___ftmul@sign                   cstackBANK1  0001DD
___ftpack                       text18       002710
___ftpack@arg                   cstackBANK0  00008C
___ftpack@exp                   cstackBANK0  00008F
___ftpack@sign                  cstackBANK0  000090
___fttol                        text15       002478
___fttol@exp1                   cstackBANK1  0001D7
___fttol@f1                     cstackBANK1  0001C9
___fttol@lval                   cstackBANK1  0001D3
___fttol@sign1                  cstackBANK1  0001D2
___inthi_sp                     stack        000000
___intlo_sp                     stack        000000
___lldiv                        text34       002D94
___lldiv@counter                cstackBANK0  000098
___lldiv@dividend               cstackBANK0  00008C
___lldiv@divisor                cstackBANK0  000090
___lldiv@quotient               cstackBANK0  000094
___llmod                        text33       00307A
___llmod@counter                cstackBANK0  000099
___llmod@dividend               cstackBANK1  0001C6
___llmod@divisor                cstackBANK1  0001CA
___lltoft                       text13       00338C
___lltoft@c                     cstackBANK0  000094
___lltoft@exp                   cstackBANK0  00009C
___lwtoft                       text3        003B30
___lwtoft@c                     cstackBANK0  000094
___param_bank                   (abs)        000010
___rparam_used                  (abs)        000001
___sp                           stack        000000
__accesstop                     (abs)        000060
__activetblptr                  (abs)        000002
__end_of_BlueConnected          text42       003D2A
__end_of_BluetoothConfigured    text43       003C50
__end_of_BluetoothInitialSetup  text31       001456
__end_of_ConfigureOscillator    text56       003DB8
__end_of_EEPROM_UNLOCK          text50       003C7E
__end_of_EnterCommandMode       text35       002CCC
__end_of_GetEEPROM              text11       0039EC
__end_of_GetMemoryChar          text51       003BB2
__end_of_GetMemoryLong          text47       0021BA
__end_of_IRrawToNEC             text81       0017F8
__end_of_InitADC                text53       003C94
__end_of_InitApp                text55       003A5E
__end_of_InitBluetooth          text30       003812
__end_of_InitIR                 text25       0038AA
__end_of_InitTimer0             text29       003CE4
__end_of_InitTimer1             text24       003D0E
__end_of_InitTimer2             text23       003D00
__end_of_InitTimer3             text22       003D84
__end_of_InitTimers             text21       003CD4
__end_of_InitUART               text12       002942
__end_of_Init_System            text9        0037BE
__end_of_InternalADC_Read       text8        003264
__end_of_IsCharacter            text60       003C68
__end_of_LEDTimerON             text78       003D7A
__end_of_Local_CloseUSART       text20       003CF2
__end_of_OpenUSART              text19       003508
__end_of_ReadEEPROM_1Byte       text52       0039B2
__end_of_ReadIRpin              text28       003D1C
__end_of_ReadPushButton         text77       003D62
__end_of_ReadUSART              text59       003CAA
__end_of_ReadVoltage            text2        002FD6
__end_of_ResetADC               text54       003D38
__end_of_ResetBlue              text40       003AFE
__end_of_ResetTimer0            text27       003D8E
__end_of_ResetTimer1            text79       003DA2
__end_of_ResetTimer3            text80       003DAC
__end_of_Round                  text14       003656
__end_of_SendRF                 text76       00348C
__end_of_SendRF_wait            text75       003C34
__end_of_SetEEPROM              text45       00338C
__end_of_SetMemoryChar          text48       003A26
__end_of_SetMemoryLong          text46       002A3C
__end_of_StringContains         text39       0031C2
__end_of_SyncEEPROMToGlobal     text10       003BDA
__end_of_SyncGlobalToEEPROM     text44       0038F0
__end_of_UARTchar               text38       003BF8
__end_of_UARTstring             text37       003768
__end_of_UseIRCode              text64       002710
__end_of_Version                smallconst   001032
__end_of_VoltageDividerOFF      text7        003DB6
__end_of_VoltageDividerON       text6        003DB2
__end_of_WriteEEPROM_1Byte      text49       003976
__end_of___altoft               text17       003306
__end_of___ftadd                text16       001E06
__end_of___ftdiv                text5        002478
__end_of___ftge                 text1        002C04
__end_of___ftmul                text4        002326
__end_of___ftpack               text18       002830
__end_of___fttol                text15       0025CA
__end_of___lldiv                text34       002E5A
__end_of___llmod                text33       00311E
__end_of___lltoft               text13       00340C
__end_of___lwtoft               text3        003B5C
__end_of__initialization        cinit        003070
__end_of_cleanBuffer            text36       00370E
__end_of_cleanBuffer16bit       text26       0036B4
__end_of_delayUS                text41       0035F0
__end_of_dpowers                smallconst   001029
__end_of_high_isr               intcode_body 001B88
__end_of_low_isr                intcodelo    000146
__end_of_main                   text0        002F1E
__end_of_sprintf                text32       00204A
__end_ofi1_BlueConnected        text58       003D46
__end_ofi2_EEPROM_UNLOCK        text72       003CC0
__end_ofi2_GetMemoryChar        text73       003C16
__end_ofi2_GetMemoryLong        text69       002B36
__end_ofi2_ReadEEPROM_1Byte     text74       003B30
__end_ofi2_ReadIRpin            text63       003D54
__end_ofi2_ResetTimer0          text62       003D98
__end_ofi2_SetEEPROM            text67       003584
__end_ofi2_SetMemoryChar        text70       003B88
__end_ofi2_SetMemoryLong        text68       002D94
__end_ofi2_SyncGlobalToEEPROM   text66       003936
__end_ofi2_WriteEEPROM_1Byte    text71       003A96
__end_ofi2_delayUS              text65       003860
__initialization                cinit        002FD6
__mediumconst                   mediumconst  000000
__pbssBANK0                     bssBANK0     00009F
__pbssBANK1                     bssBANK1     000100
__pbssBANK2                     bssBANK2     000200
__pbssBANK3                     bssBANK3     000300
__pbssCOMRAM                    bssCOMRAM    000047
__pcinit                        cinit        002FD6
__pcstackBANK0                  cstackBANK0  000060
__pcstackBANK1                  cstackBANK1  0001C6
__pcstackBANK4                  cstackBANK4  000400
__pcstackCOMRAM                 cstackCOMRAM 000001
__pdataBANK0                    dataBANK0    0000C8
__pdataBANK1                    dataBANK1    000190
__pdataCOMRAM                   dataCOMRAM   00004B
__pidataBANK0                   idataBANK0   003D62
__pidataBANK1                   idataBANK1   003A96
__pidataCOMRAM                  idataCOMRAM  003DB8
__pintcode                      intcode      000008
__pintcode_body                 intcode_body 0017F8
__pintcodelo                    intcodelo    000018
__psmallconst                   smallconst   001000
__ptext0                        text0        002E5A
__ptext1                        text1        002B36
__ptext10                       text10       003BB2
__ptext11                       text11       0039B2
__ptext12                       text12       002830
__ptext13                       text13       00338C
__ptext14                       text14       0035F0
__ptext15                       text15       002478
__ptext16                       text16       001B88
__ptext17                       text17       003264
__ptext18                       text18       002710
__ptext19                       text19       00348C
__ptext2                        text2        002F1E
__ptext20                       text20       003CE4
__ptext21                       text21       003CC0
__ptext22                       text22       003D7A
__ptext23                       text23       003CF2
__ptext24                       text24       003D00
__ptext25                       text25       003860
__ptext26                       text26       003656
__ptext27                       text27       003D84
__ptext28                       text28       003D0E
__ptext29                       text29       003CD4
__ptext3                        text3        003B30
__ptext30                       text30       0037BE
__ptext31                       text31       0010A6
__ptext32                       text32       001E06
__ptext33                       text33       00307A
__ptext34                       text34       002D94
__ptext35                       text35       002C04
__ptext36                       text36       0036B4
__ptext37                       text37       00370E
__ptext38                       text38       003BDA
__ptext39                       text39       00311E
__ptext4                        text4        0021BA
__ptext40                       text40       003ACC
__ptext41                       text41       003584
__ptext42                       text42       003D1C
__ptext43                       text43       003C34
__ptext44                       text44       0038AA
__ptext45                       text45       003306
__ptext46                       text46       002942
__ptext47                       text47       00204A
__ptext48                       text48       0039EC
__ptext49                       text49       003936
__ptext5                        text5        002326
__ptext50                       text50       003C68
__ptext51                       text51       003B88
__ptext52                       text52       003976
__ptext53                       text53       003C7E
__ptext54                       text54       003D2A
__ptext55                       text55       003A26
__ptext56                       text56       003DB6
__ptext58                       text58       003D38
__ptext59                       text59       003C94
__ptext6                        text6        003DAC
__ptext60                       text60       003C50
__ptext62                       text62       003D8E
__ptext63                       text63       003D46
__ptext64                       text64       0025CA
__ptext65                       text65       003812
__ptext66                       text66       0038F0
__ptext67                       text67       003508
__ptext68                       text68       002CCC
__ptext69                       text69       002A3C
__ptext7                        text7        003DB2
__ptext70                       text70       003B5C
__ptext71                       text71       003A5E
__ptext72                       text72       003CAA
__ptext73                       text73       003BF8
__ptext74                       text74       003AFE
__ptext75                       text75       003C16
__ptext76                       text76       00340C
__ptext77                       text77       003D54
__ptext78                       text78       003D6E
__ptext79                       text79       003D98
__ptext8                        text8        0031C2
__ptext80                       text80       003DA2
__ptext81                       text81       001456
__ptext9                        text9        003768
__ramtop                        ramtop       001000
__size_of_BlueConnected         (abs)        000000
__size_of_BluetoothConfigured   (abs)        000000
__size_of_BluetoothInitialSetup (abs)        000000
__size_of_ConfigureOscillator   (abs)        000000
__size_of_EEPROM_UNLOCK         (abs)        000000
__size_of_EnterCommandMode      (abs)        000000
__size_of_GetEEPROM             (abs)        000000
__size_of_GetMemoryChar         (abs)        000000
__size_of_GetMemoryLong         (abs)        000000
__size_of_IRrawToNEC            (abs)        000000
__size_of_InitADC               (abs)        000000
__size_of_InitApp               (abs)        000000
__size_of_InitBluetooth         (abs)        000000
__size_of_InitIR                (abs)        000000
__size_of_InitTimer0            (abs)        000000
__size_of_InitTimer1            (abs)        000000
__size_of_InitTimer2            (abs)        000000
__size_of_InitTimer3            (abs)        000000
__size_of_InitTimers            (abs)        000000
__size_of_InitUART              (abs)        000000
__size_of_Init_System           (abs)        000000
__size_of_InternalADC_Read      (abs)        000000
__size_of_IsCharacter           (abs)        000000
__size_of_LEDTimerON            (abs)        000000
__size_of_Local_CloseUSART      (abs)        000000
__size_of_OpenUSART             (abs)        000000
__size_of_ReadEEPROM_1Byte      (abs)        000000
__size_of_ReadIRpin             (abs)        000000
__size_of_ReadPushButton        (abs)        000000
__size_of_ReadUSART             (abs)        000000
__size_of_ReadVoltage           (abs)        000000
__size_of_ResetADC              (abs)        000000
__size_of_ResetBlue             (abs)        000000
__size_of_ResetTimer0           (abs)        000000
__size_of_ResetTimer1           (abs)        000000
__size_of_ResetTimer3           (abs)        000000
__size_of_Round                 (abs)        000000
__size_of_SendRF                (abs)        000000
__size_of_SendRF_wait           (abs)        000000
__size_of_SetEEPROM             (abs)        000000
__size_of_SetMemoryChar         (abs)        000000
__size_of_SetMemoryLong         (abs)        000000
__size_of_StringContains        (abs)        000000
__size_of_SyncEEPROMToGlobal    (abs)        000000
__size_of_SyncGlobalToEEPROM    (abs)        000000
__size_of_UARTchar              (abs)        000000
__size_of_UARTstring            (abs)        000000
__size_of_UseIRCode             (abs)        000000
__size_of_VoltageDividerOFF     (abs)        000000
__size_of_VoltageDividerON      (abs)        000000
__size_of_WriteEEPROM_1Byte     (abs)        000000
__size_of___altoft              (abs)        000000
__size_of___ftadd               (abs)        000000
__size_of___ftdiv               (abs)        000000
__size_of___ftge                (abs)        000000
__size_of___ftmul               (abs)        000000
__size_of___ftpack              (abs)        000000
__size_of___fttol               (abs)        000000
__size_of___lldiv               (abs)        000000
__size_of___llmod               (abs)        000000
__size_of___lltoft              (abs)        000000
__size_of___lwtoft              (abs)        000000
__size_of_cleanBuffer           (abs)        000000
__size_of_cleanBuffer16bit      (abs)        000000
__size_of_delayUS               (abs)        000000
__size_of_high_isr              (abs)        000000
__size_of_low_isr               (abs)        000000
__size_of_main                  (abs)        000000
__size_of_sprintf               (abs)        000000
__size_ofi1_BlueConnected       (abs)        000000
__size_ofi2_EEPROM_UNLOCK       (abs)        000000
__size_ofi2_GetMemoryChar       (abs)        000000
__size_ofi2_GetMemoryLong       (abs)        000000
__size_ofi2_ReadEEPROM_1Byte    (abs)        000000
__size_ofi2_ReadIRpin           (abs)        000000
__size_ofi2_ResetTimer0         (abs)        000000
__size_ofi2_SetEEPROM           (abs)        000000
__size_ofi2_SetMemoryChar       (abs)        000000
__size_ofi2_SetMemoryLong       (abs)        000000
__size_ofi2_SyncGlobalToEEPROM  (abs)        000000
__size_ofi2_WriteEEPROM_1Byte   (abs)        000000
__size_ofi2_delayUS             (abs)        000000
__smallconst                    smallconst   001000
_cleanBuffer                    text36       0036B4
_cleanBuffer16bit               text26       003656
_delayUS                        text41       003584
_dpowers                        smallconst   001001
_high_isr                       intcode      000008
_low_isr                        intcodelo    000018
_main                           text0        002E5A
_sprintf                        text32       001E06
cleanBuffer16bit@count          cstackBANK0  00008E
cleanBuffer16bit@data           cstackBANK0  00008C
cleanBuffer16bit@i              cstackBANK0  000093
cleanBuffer@count               cstackBANK0  00008E
cleanBuffer@data                cstackBANK0  00008C
cleanBuffer@i                   cstackBANK0  000093
delayUS@US                      cstackBANK0  00008C
delayUS@i                       cstackBANK0  000091
delayUS@j                       cstackBANK0  000095
end_of_initialization           cinit        003070
high_isr@IRpin                  cstackBANK0  000089
high_isr@Time0                  cstackBANK0  00008A
i1_BlueConnected                text58       003D38
i2GetMemoryChar@AddressFirst    cstackCOMRAM 00001B
i2GetMemoryChar@H               cstackCOMRAM 00001C
i2GetMemoryLong@AddressFirst    cstackCOMRAM 000037
i2GetMemoryLong@H               cstackCOMRAM 000033
i2GetMemoryLong@L               cstackCOMRAM 000036
i2GetMemoryLong@MH              cstackCOMRAM 000034
i2GetMemoryLong@ML              cstackCOMRAM 000035
i2GetMemoryLong@temp            cstackCOMRAM 00002F
i2ReadEEPROM_1Byte@GIEstatus    cstackCOMRAM 000016
i2ReadEEPROM_1Byte@address      cstackCOMRAM 000014
i2SetEEPROM@Temp                cstackBANK0  000068
i2SetEEPROM@burn                cstackBANK0  00006D
i2SetEEPROM@fail                cstackCOMRAM 000041
i2SetMemoryChar@AddressFirst    cstackCOMRAM 00001D
i2SetMemoryChar@Data            cstackCOMRAM 00001F
i2SetMemoryChar@Test            cstackCOMRAM 00001E
i2SetMemoryLong@AddressFirst    cstackCOMRAM 00003C
i2SetMemoryLong@Data            cstackCOMRAM 000038
i2SetMemoryLong@H               cstackBANK0  000064
i2SetMemoryLong@L               cstackBANK0  000067
i2SetMemoryLong@MH              cstackBANK0  000065
i2SetMemoryLong@ML              cstackBANK0  000066
i2SetMemoryLong@Test            cstackBANK0  000060
i2WriteEEPROM_1Byte@GIEstatus   cstackCOMRAM 000017
i2WriteEEPROM_1Byte@address     cstackCOMRAM 000014
i2WriteEEPROM_1Byte@data        cstackCOMRAM 000016
i2_EEPROM_UNLOCK                text72       003CAA
i2_GetMemoryChar                text73       003BF8
i2_GetMemoryLong                text69       002A3C
i2_ReadEEPROM_1Byte             text74       003AFE
i2_ReadIRpin                    text63       003D46
i2_ResetTimer0                  text62       003D8E
i2_SetEEPROM                    text67       003508
i2_SetMemoryChar                text70       003B5C
i2_SetMemoryLong                text68       002CCC
i2_SyncGlobalToEEPROM           text66       0038F0
i2_WriteEEPROM_1Byte            text71       003A5E
i2_delayUS                      text65       003812
i2delayUS@US                    cstackCOMRAM 000014
i2delayUS@i                     cstackCOMRAM 000019
i2delayUS@j                     cstackCOMRAM 00001D
int_func                        intcode_body 0017F8
intlevel0                       text         000000
intlevel1                       text         000000
intlevel2                       text         000000
intlevel3                       text         000000
low_isr@data                    cstackCOMRAM 000013
main@i                          cstackBANK0  00009E
sprintf@ap                      cstackBANK1  0001D8
sprintf@c                       cstackBANK1  0001DF
sprintf@f                       cstackBANK1  0001D0
sprintf@flag                    cstackBANK1  0001DA
sprintf@prec                    cstackBANK1  0001D6
sprintf@sp                      cstackBANK1  0001CE
sprintf@val                     cstackBANK1  0001DB
stackhi                         (abs)        000F5F
stacklo                         (abs)        000433
start                           init         000146
start_initialization            cinit        002FD6


FUNCTION INFORMATION:

 *************** function _main *****************
 Defined at:
		line 63 in file "main.c"
 Parameters:    Size  Location     Type
		None
 Auto vars:     Size  Location     Type
  i               1   62[BANK0 ] unsigned char 
 Return value:  Size  Location     Type
		None               void
 Registers used:
		wreg, fsr0l, fsr0h, fsr2l, fsr2h, status,2, status,0, tblptrl, tblptrh, tblptru, prodl, prodh, cstack
 Tracked objects:
		On entry : 
		On exit  : 
		Unchanged: 
 Data sizes:     COMRAM   BANK0   BANK1   BANK2   BANK3   BANK4   BANK5   BANK6   BANK7   BANK8   BANK9  BANK10  BANK11  BANK12  BANK13  BANK14  BANK15
      Params:         0       0       0       0       0       0       0       0       0       0       0       0       0       0       0       0       0
      Locals:         0       1       0       0       0       0       0       0       0       0       0       0       0       0       0       0       0
      Temps:          0       0       0       0       0       0       0       0       0       0       0       0       0       0       0       0       0
      Totals:         0       1       0       0       0       0       0       0       0       0       0       0       0       0       0       0       0
Total ram usage:        1 bytes
 Hardware stack levels required when called:   17
 This function calls:
		_ConfigureOscillator
		_InitApp
		_Init_System
		_ReadVoltage
		___ftge
		_delayUS
 This function is called by:
		Startup code after reset
 This function uses a non-reentrant model


 *************** function ___ftge *****************
 Defined at:
		line 4 in file "C:\Program Files (x86)\Microchip\xc8\v1.34\sources\common\ftge.c"
 Parameters:    Size  Location     Type
  ff1             3   44[BANK0 ] float 
  ff2             3   47[BANK0 ] float 
 Auto vars:     Size  Location     Type
		None
 Return value:  Size  Location     Type
		None               void
 Registers used:
		wreg, status,2, status,0
 Tracked objects:
		On entry : 
		On exit  : 
		Unchanged: 
 Data sizes:     COMRAM   BANK0   BANK1   BANK2   BANK3   BANK4   BANK5   BANK6   BANK7   BANK8   BANK9  BANK10  BANK11  BANK12  BANK13  BANK14  BANK15
      Params:         0       6       0       0       0       0       0       0       0       0       0       0       0       0       0       0       0
      Locals:         0       0       0       0       0       0       0       0       0       0       0       0       0       0       0       0       0
      Temps:          0       3       0       0       0       0       0       0       0       0       0       0       0       0       0       0       0
      Totals:         0       9       0       0       0       0       0       0       0       0       0       0       0       0       0       0       0
Total ram usage:        9 bytes
 Hardware stack levels used:    1
 Hardware stack levels required when called:    9
 This function calls:
		Nothing
 This function is called by:
		_main
 This function uses a non-reentrant model


 *************** function _ReadVoltage *****************
 Defined at:
		line 58 in file "ADC.c"
 Parameters:    Size  Location     Type
		None
 Auto vars:     Size  Location     Type
  voltage         3   27[BANK1 ] float 
  temp            2   30[BANK1 ] unsigned int 
 Return value:  Size  Location     Type
                  3   24[BANK1 ] unsigned int 
 Registers used:
		wreg, fsr2l, fsr2h, status,2, status,0, cstack
 Tracked objects:
		On entry : 
[...]
Total ram usage:        0 bytes
 Hardware stack levels used:    1
 This function calls:
		Nothing
 This function is called by:
		i2_WriteEEPROM_1Byte
 This function uses a non-reentrant model


 *************** function i2_GetMemoryChar *****************
 Defined at:
		line 290 in file "EEPROM.c"
 Parameters:    Size  Location     Type
  AddressFirst    1    wreg     unsigned char 
 Auto vars:     Size  Location     Type
  AddressFirst    1   26[COMRAM] unsigned char 
  GetMemoryCha    1   27[COMRAM] unsigned char 
 Return value:  Size  Location     Type
                  4   22[COMRAM] unsigned long 
 Registers used:
		wreg, status,2, status,0, cstack
 Tracked objects:
		On entry : 
		On exit  : 
		Unchanged: 
 Data sizes:     COMRAM   BANK0   BANK1   BANK2   BANK3   BANK4   BANK5   BANK6   BANK7   BANK8   BANK9  BANK10  BANK11  BANK12  BANK13  BANK14  BANK15
      Params:         4       0       0       0       0       0       0       0       0       0       0       0       0       0       0       0       0
      Locals:         2       0       0       0       0       0       0       0       0       0       0       0       0       0       0       0       0
      Temps:          0       0       0       0       0       0       0       0       0       0       0       0       0       0       0       0       0
      Totals:         6       0       0       0       0       0       0       0       0       0       0       0       0       0       0       0       0
Total ram usage:        6 bytes
 Hardware stack levels used:    1
 Hardware stack levels required when called:    1
 This function calls:
		i2_ReadEEPROM_1Byte
 This function is called by:
		i2_SetMemoryChar
 This function uses a non-reentrant model


 *************** function i2_ReadEEPROM_1Byte *****************
 Defined at:
		line 53 in file "EEPROM.c"
 Parameters:    Size  Location     Type
  address         2   19[COMRAM] unsigned int 
 Auto vars:     Size  Location     Type
  ReadEEPROM_1    1   21[COMRAM] unsigned char 
 Return value:  Size  Location     Type
                  2   19[COMRAM] unsigned int 
 Registers used:
		wreg, status,2, status,0
 Tracked objects:
		On entry : 
		On exit  : 
		Unchanged: 
 Data sizes:     COMRAM   BANK0   BANK1   BANK2   BANK3   BANK4   BANK5   BANK6   BANK7   BANK8   BANK9  BANK10  BANK11  BANK12  BANK13  BANK14  BANK15
      Params:         2       0       0       0       0       0       0       0       0       0       0       0       0       0       0       0       0
      Locals:         1       0       0       0       0       0       0       0       0       0       0       0       0       0       0       0       0
      Temps:          0       0       0       0       0       0       0       0       0       0       0       0       0       0       0       0       0
      Totals:         3       0       0       0       0       0       0       0       0       0       0       0       0       0       0       0       0
Total ram usage:        3 bytes
 Hardware stack levels used:    1
 This function calls:
		Nothing
 This function is called by:
		i2_GetMemoryLong
		i2_GetMemoryChar
 This function uses a non-reentrant model


 *************** function _SendRF_wait *****************
 Defined at:
		line 109 in file "RF.c"
 Parameters:    Size  Location     Type
  Code            2   24[COMRAM] PTR unsigned char 
		 -> ChannelF(12), 
  size            1   26[COMRAM] unsigned char 
  amount          1   27[COMRAM] unsigned char 
 Auto vars:     Size  Location     Type
		None
 Return value:  Size  Location     Type
		None               void
 Registers used:
		wreg, fsr1l, fsr1h, fsr2l, fsr2h, status,2, status,0, prodl, prodh, cstack
 Tracked objects:
		On entry : 
		On exit  : 
		Unchanged: 
 Data sizes:     COMRAM   BANK0   BANK1   BANK2   BANK3   BANK4   BANK5   BANK6   BANK7   BANK8   BANK9  BANK10  BANK11  BANK12  BANK13  BANK14  BANK15
      Params:         4       0       0       0       0       0       0       0       0       0       0       0       0       0       0       0       0
      Locals:         0       0       0       0       0       0       0       0       0       0       0       0       0       0       0       0       0
      Temps:          0       0       0       0       0       0       0       0       0       0       0       0       0       0       0       0       0
      Totals:         4       0       0       0       0       0       0       0       0       0       0       0       0       0       0       0       0
Total ram usage:        4 bytes
 Hardware stack levels used:    1
 Hardware stack levels required when called:    1
 This function calls:
		_SendRF
 This function is called by:
		_UseIRCode
 This function uses a non-reentrant model


 *************** function _SendRF *****************
 Defined at:
		line 58 in file "RF.c"
 Parameters:    Size  Location     Type
  Code            2   19[COMRAM] PTR unsigned char 
		 -> ChannelF(12), 
  size            1   21[COMRAM] unsigned char 
  RepeatAmount    1   22[COMRAM] unsigned char 
 Auto vars:     Size  Location     Type
  i               1   23[COMRAM] unsigned char 
 Return value:  Size  Location     Type
                  1    wreg      unsigned char 
 Registers used:
		wreg, fsr1l, fsr1h, fsr2l, fsr2h, status,2, status,0, prodl, prodh
 Tracked objects:
		On entry : 
		On exit  : 
		Unchanged: 
 Data sizes:     COMRAM   BANK0   BANK1   BANK2   BANK3   BANK4   BANK5   BANK6   BANK7   BANK8   BANK9  BANK10  BANK11  BANK12  BANK13  BANK14  BANK15
      Params:         4       0       0       0       0       0       0       0       0       0       0       0       0       0       0       0       0
      Locals:         1       0       0       0       0       0       0       0       0       0       0       0       0       0       0       0       0
      Temps:          0       0       0       0       0       0       0       0       0       0       0       0       0       0       0       0       0
      Totals:         5       0       0       0       0       0       0       0       0       0       0       0       0       0       0       0       0
Total ram usage:        5 bytes
 Hardware stack levels used:    1
 This function calls:
		Nothing
 This function is called by:
		_SendRF_wait
 This function uses a non-reentrant model


 *************** function _ReadPushButton *****************
 Defined at:
		line 50 in file "Button.c"
 Parameters:    Size  Location     Type
		None
 Auto vars:     Size  Location     Type
		None
 Return value:  Size  Location     Type
                  1    wreg      unsigned char 
 Registers used:
		wreg
 Tracked objects:
		On entry : 
		On exit  : 
		Unchanged: 
 Data sizes:     COMRAM   BANK0   BANK1   BANK2   BANK3   BANK4   BANK5   BANK6   BANK7   BANK8   BANK9  BANK10  BANK11  BANK12  BANK13  BANK14  BANK15
      Params:         0       0       0       0       0       0       0       0       0       0       0       0       0       0       0       0       0
      Locals:         0       0       0       0       0       0       0       0       0       0       0       0       0       0       0       0       0
      Temps:          0       0       0       0       0       0       0       0       0       0       0       0       0       0       0       0       0
      Totals:         0       0       0       0       0       0       0       0       0       0       0       0       0       0       0       0       0
Total ram usage:        0 bytes
 Hardware stack levels used:    1
 This function calls:
		Nothing
 This function is called by:
		_UseIRCode
 This function uses a non-reentrant model


 *************** function _LEDTimerON *****************
 Defined at:
		line 132 in file "Timer.c"
 Parameters:    Size  Location     Type
		None
 Auto vars:     Size  Location     Type
		None
 Return value:  Size  Location     Type
		None               void
 Registers used:
		wreg, status,2, cstack
 Tracked objects:
		On entry : 
		On exit  : 
		Unchanged: 
 Data sizes:     COMRAM   BANK0   BANK1   BANK2   BANK3   BANK4   BANK5   BANK6   BANK7   BANK8   BANK9  BANK10  BANK11  BANK12  BANK13  BANK14  BANK15
      Params:         0       0       0       0       0       0       0       0       0       0       0       0       0       0       0       0       0
      Locals:         0       0       0       0       0       0       0       0       0       0       0       0       0       0       0       0       0
      Temps:          0       0       0       0       0       0       0       0       0       0       0       0       0       0       0       0       0
      Totals:         0       0       0       0       0       0       0       0       0       0       0       0       0       0       0       0       0
Total ram usage:        0 bytes
 Hardware stack levels used:    1
 Hardware stack levels required when called:    1
 This function calls:
		_ResetTimer1
 This function is called by:
		_UseIRCode
 This function uses a non-reentrant model


 *************** function _ResetTimer1 *****************
 Defined at:
		line 106 in file "Timer.c"
 Parameters:    Size  Location     Type
		None
 Auto vars:     Size  Location     Type
		None
 Return value:  Size  Location     Type
		None               void
 Registers used:
		wreg, status,2
 Tracked objects:
		On entry : 
		On exit  : 
		Unchanged: 
 Data sizes:     COMRAM   BANK0   BANK1   BANK2   BANK3   BANK4   BANK5   BANK6   BANK7   BANK8   BANK9  BANK10  BANK11  BANK12  BANK13  BANK14  BANK15
      Params:         0       0       0       0       0       0       0       0       0       0       0       0       0       0       0       0       0
      Locals:         0       0       0       0       0       0       0       0       0       0       0       0       0       0       0       0       0
      Temps:          0       0       0       0       0       0       0       0       0       0       0       0       0       0       0       0       0
      Totals:         0       0       0       0       0       0       0       0       0       0       0       0       0       0       0       0       0
Total ram usage:        0 bytes
 Hardware stack levels used:    1
 This function calls:
		Nothing
 This function is called by:
		_LEDTimerON
 This function uses a non-reentrant model


 *************** function _ResetTimer3 *****************
 Defined at:
		line 156 in file "Timer.c"
 Parameters:    Size  Location     Type
		None
 Auto vars:     Size  Location     Type
		None
 Return value:  Size  Location     Type
		None               void
 Registers used:
		wreg, status,2
 Tracked objects:
		On entry : 
		On exit  : 
		Unchanged: 
 Data sizes:     COMRAM   BANK0   BANK1   BANK2   BANK3   BANK4   BANK5   BANK6   BANK7   BANK8   BANK9  BANK10  BANK11  BANK12  BANK13  BANK14  BANK15
      Params:         0       0       0       0       0       0       0       0       0       0       0       0       0       0       0       0       0
      Locals:         0       0       0       0       0       0       0       0       0       0       0       0       0       0       0       0       0
      Temps:          0       0       0       0       0       0       0       0       0       0       0       0       0       0       0       0       0
      Totals:         0       0       0       0       0       0       0       0       0       0       0       0       0       0       0       0       0
Total ram usage:        0 bytes
 Hardware stack levels used:    1
 This function calls:
		Nothing
 This function is called by:
		_high_isr
 This function uses a non-reentrant model


 *************** function _IRrawToNEC *****************
 Defined at:
		line 111 in file "IR.c"
 Parameters:    Size  Location     Type
  Raw             2   19[COMRAM] PTR unsigned int 
		 -> IRRawCode(144), 
  NEC             2   21[COMRAM] PTR unsigned long 
		 -> IR_NEC(4), 
  Invert          1   23[COMRAM] unsigned char 
 Auto vars:     Size  Location     Type
  NECtemp         4   26[COMRAM] unsigned long 
  StartBit        1   32[COMRAM] unsigned char 
  i               1   31[COMRAM] unsigned char 
  first           1   30[COMRAM] unsigned char 
 Return value:  Size  Location     Type
                  1    wreg      unsigned char 
 Registers used:
		wreg, fsr2l, fsr2h, status,2, status,0, prodl, prodh
 Tracked objects:
		On entry : 
		On exit  : 
		Unchanged: 
 Data sizes:     COMRAM   BANK0   BANK1   BANK2   BANK3   BANK4   BANK5   BANK6   BANK7   BANK8   BANK9  BANK10  BANK11  BANK12  BANK13  BANK14  BANK15
      Params:         5       0       0       0       0       0       0       0       0       0       0       0       0       0       0       0       0
      Locals:         7       0       0       0       0       0       0       0       0       0       0       0       0       0       0       0       0
      Temps:          2       0       0       0       0       0       0       0       0       0       0       0       0       0       0       0       0
      Totals:        14       0       0       0       0       0       0       0       0       0       0       0       0       0       0       0       0
Total ram usage:       14 bytes
 Hardware stack levels used:    1
 This function calls:
		Nothing
 This function is called by:
		_high_isr
 This function uses a non-reentrant model



MODULE INFORMATION

Module		Function		Class		Link	Load	Size
C:\Program Files (x86)\Microchip\xc8\v1.34\sources\common\ftge.c
		___ftge        		CODE           	2B36	0000	207

C:\Program Files (x86)\Microchip\xc8\v1.34\sources\common\ftge.c estimated size: 207

UART.c
		_OpenUSART     		CODE           	348C	0000	125
		_Local_CloseUSA		CODE           	3CE4	0000	15
		_InitUART      		CODE           	2830	0000	275
		_UARTstring    		CODE           	370E	0000	91
		_UARTchar      		CODE           	3BDA	0000	31
		_ReadUSART     		CODE           	3C94	0000	23

UART.c estimated size: 560

Bluetooth.c
		_BluetoothConfi		CODE           	3C34	0000	29
		_BlueConnected 		CODE           	3D1C	0000	15
		_ResetBlue     		CODE           	3ACC	0000	51
		_BluetoothIniti		CODE           	10A6	0000	945
		_InitBluetooth 		CODE           	37BE	0000	85
		_EnterCommandMo		CODE           	2C04	0000	201

Bluetooth.c estimated size: 1326

Timer.c
		_InitTimer0    		CODE           	3CD4	0000	17
		_InitTimer1    		CODE           	3D00	0000	15
		_InitTimer2    		CODE           	3CF2	0000	15
		_InitTimer3    		CODE           	3D7A	0000	11
		_InitTimers    		CODE           	3CC0	0000	21
		_LEDTimerON    		CODE           	3D6E	0000	13
		_ResetTimer0   		CODE           	3D84	0000	11
		_ResetTimer1   		CODE           	3D98	0000	11
		_ResetTimer3   		CODE           	3DA2	0000	11

Timer.c estimated size: 125

interrupts.c
		_high_isr      		CODE           	0008	0000	929
		_low_isr       		CODE           	0018	0000	303

interrupts.c estimated size: 1232

C:\Program Files (x86)\Microchip\xc8\v1.34\sources\common\float.c
		___ftpack      		CODE           	2710	0000	289

C:\Program Files (x86)\Microchip\xc8\v1.34\sources\common\float.c estimated size: 289

RF.c
		_SendRF_wait   		CODE           	3C16	0000	31
		_SendRF        		CODE           	340C	0000	129

RF.c estimated size: 160

C:\Program Files (x86)\Microchip\xc8\v1.34\sources\common\llmod.c
		___llmod       		CODE           	307A	0000	165

C:\Program Files (x86)\Microchip\xc8\v1.34\sources\common\llmod.c estimated size: 165

Button.c
		_ReadPushButton		CODE           	3D54	0000	15

Button.c estimated size: 15

C:\Program Files (x86)\Microchip\xc8\v1.34\sources\common\ftmul.c
		___ftmul       		CODE           	21BA	0000	365

C:\Program Files (x86)\Microchip\xc8\v1.34\sources\common\ftmul.c estimated size: 365

EEPROM.c
		_SetMemoryLong 		CODE           	2942	0000	251
		_SetMemoryChar 		CODE           	39EC	0000	59
		_EEPROM_UNLOCK 		CODE           	3C68	0000	23
		_ReadEEPROM_1By		CODE           	3976	0000	61
		_GetEEPROM     		CODE           	39B2	0000	59
		_WriteEEPROM_1B		CODE           	3936	0000	65
		_SetEEPROM     		CODE           	3306	0000	135
		_SyncEEPROMToGl		CODE           	3BB2	0000	41
		_SyncGlobalToEE		CODE           	38AA	0000	71
		_GetMemoryLong 		CODE           	204A	0000	369
		_GetMemoryChar 		CODE           	3B88	0000	43

EEPROM.c estimated size: 1177

C:\Program Files (x86)\Microchip\xc8\v1.34\sources\common\lwtoft.c
		___lwtoft      		CODE           	3B30	0000	45

C:\Program Files (x86)\Microchip\xc8\v1.34\sources\common\lwtoft.c estimated size: 45

C:\Program Files (x86)\Microchip\xc8\v1.34\sources\common\ftdiv.c
		___ftdiv       		CODE           	2326	0000	339

C:\Program Files (x86)\Microchip\xc8\v1.34\sources\common\ftdiv.c estimated size: 339

C:\Program Files (x86)\Microchip\xc8\v1.34\sources\common\lltoft.c
		___lltoft      		CODE           	338C	0000	129

C:\Program Files (x86)\Microchip\xc8\v1.34\sources\common\lltoft.c estimated size: 129

shared
		i2_SetEEPROM   		CODE           	3508	0000	125
		i2_ReadIRpin   		CODE           	3D46	0000	15
		_dpowers       		SMALLCONST     	1001	0000	41
		i2_EEPROM_UNLOC		CODE           	3CAA	0000	23
		i1_BlueConnecte		CODE           	3D38	0000	15
		i2_ResetTimer0 		CODE           	3D8E	0000	11
		i2_SetMemoryLon		CODE           	2CCC	0000	201
		i2_SetMemoryCha		CODE           	3B5C	0000	45
		__initializatio		CODE           	2FD6	0000	155
		i2_WriteEEPROM_		CODE           	3A5E	0000	57
		_Version       		SMALLCONST     	1029	0000	10
		i2_delayUS     		CODE           	3812	0000	79
		i2_ReadEEPROM_1		CODE           	3AFE	0000	51
		i2_GetMemoryLon		CODE           	2A3C	0000	251
		i2_GetMemoryCha		CODE           	3BF8	0000	31
		i2_SyncGlobalTo		CODE           	38F0	0000	71

shared estimated size: 1181

C:\Program Files (x86)\Microchip\xc8\v1.34\sources\common\altoft.c
		___altoft      		CODE           	3264	0000	163

C:\Program Files (x86)\Microchip\xc8\v1.34\sources\common\altoft.c estimated size: 163

ADC.c
		_InternalADC_Re		CODE           	31C2	0000	163
		_ReadVoltage   		CODE           	2F1E	0000	185
		_VoltageDivider		CODE           	3DB2	0000	5
		_InitADC       		CODE           	3C7E	0000	23
		_VoltageDivider		CODE           	3DAC	0000	7
		_ResetADC      		CODE           	3D2A	0000	15

ADC.c estimated size: 398

MISC.c
		_Round         		CODE           	35F0	0000	103
		_StringContains		CODE           	311E	0000	165
		_cleanBuffer   		CODE           	36B4	0000	91
		_cleanBuffer16b		CODE           	3656	0000	95
		_delayUS       		CODE           	3584	0000	109
		_IsCharacter   		CODE           	3C50	0000	25

MISC.c estimated size: 588

IR.c
		_InitIR        		CODE           	3860	0000	75
		_UseIRCode     		CODE           	25CA	0000	327
		_IRrawToNEC    		CODE           	1456	0000	931
		_ReadIRpin     		CODE           	3D0E	0000	15

IR.c estimated size: 1348

C:\Program Files (x86)\Microchip\xc8\v1.34\sources\common\lldiv.c
		___lldiv       		CODE           	2D94	0000	199

C:\Program Files (x86)\Microchip\xc8\v1.34\sources\common\lldiv.c estimated size: 199

user.c
		_InitApp       		CODE           	3A26	0000	57
		_Init_System   		CODE           	3768	0000	87

user.c estimated size: 144

C:\Program Files (x86)\Microchip\xc8\v1.34\sources\common\doprnt.c
		_sprintf       		CODE           	1E06	0000	581

C:\Program Files (x86)\Microchip\xc8\v1.34\sources\common\doprnt.c estimated size: 581

C:\Program Files (x86)\Microchip\xc8\v1.34\sources\common\fttol.c
		___fttol       		CODE           	2478	0000	339

C:\Program Files (x86)\Microchip\xc8\v1.34\sources\common\fttol.c estimated size: 339

main.c
		_main          		CODE           	2E5A	0000	197

main.c estimated size: 197

system.c
		_ConfigureOscil		CODE           	3DB6	0000	3

system.c estimated size: 3

C:\Program Files (x86)\Microchip\xc8\v1.34\sources\common\ftadd.c
		___ftadd       		CODE           	1B88	0000	639

C:\Program Files (x86)\Microchip\xc8\v1.34\sources\common\ftadd.c estimated size: 639

