Microchip MPLAB XC8 Compiler V1.34 ()

Linker command line:

--edf=C:\Program Files (x86)\Microchip\xc8\v1.34\dat\en_msgs.txt -cs \
  -h+dist/xc8_pic18f26k20/production\PIC_IR_RF_Bluetooth_Home_Automation.production.sym \
  --cmf=dist/xc8_pic18f26k20/production\PIC_IR_RF_Bluetooth_Home_Automation.production.cmf \
  -z -Q18F26K20 -oC:\Users\DWHITF~1.TDY\AppData\Local\Temp\sbt0.6 \
  -Mdist/xc8_pic18f26k20/production/PIC_IR_RF_Bluetooth_Home_Automation.production.map \
  -E1 -ver=XC8 -ASTACK=0790h-0f5fh -pstack=STACK -ACODE=00h-0FFFFh \
  -ACONST=00h-0FFFFh -ASMALLCONST=01000h-010FFhx240 \
  -AMEDIUMCONST=01000h-0FFFFh -ACOMRAM=01h-05Fh -AABS1=00h-0F5Fh \
  -ABIGRAM=01h-0F5Fh -ARAM=060h-0FFh,0100h-01FFhx14,0F00h-0F5Fh \
  -ABANK0=060h-0FFh -ABANK1=0100h-01FFh -ABANK2=0200h-02FFh \
  -ABANK3=0300h-03FFh -ABANK4=0400h-04FFh -ABANK5=0500h-05FFh \
  -ABANK6=0600h-06FFh -ABANK7=0700h-07FFh -ABANK8=0800h-08FFh \
  -ABANK9=0900h-09FFh -ABANK10=0A00h-0AFFh -ABANK11=0B00h-0BFFh \
  -ABANK12=0C00h-0CFFh -ABANK13=0D00h-0DFFh -ABANK14=0E00h-0EFFh \
  -ABANK15=0F00h-0F5Fh -ASFR=0F60h-0FFFh \
  -preset_vec=00h,intcode=08h,intcodelo=018h,powerup,init,end_init \
  -pramtop=01000h -psmallconst=SMALLCONST -pmediumconst=MEDIUMCONST \
  -pconst=CONST -AFARRAM=00h-00h -ACONFIG=0300000h-030000Dh -pconfig=CONFIG \
  -AIDLOC=0200000h-0200007h -pidloc=IDLOC -AEEDATA=0F00000h-0F003FFh \
  -peeprom_data=EEDATA \
  -prdata=COMRAM,nvrram=COMRAM,nvbit=COMRAM,rbss=COMRAM,rbit=COMRAM \
  -pfarbss=FARRAM,fardata=FARRAM,nvFARRAM=FARRAM \
  -pintsave_regs=BIGRAM,bigbss=BIGRAM,bigdata=BIGRAM -pbss=RAM \
  -pidata=CODE,irdata=CODE,ibigdata=CODE,ifardata=CODE -prparam=COMRAM \
  C:\Users\DWHITF~1.TDY\AppData\Local\Temp\sbt0.obj \
  dist/xc8_pic18f26k20/production\PIC_IR_RF_Bluetooth_Home_Automation.production.obj 

Object code version is 3.11

Machine type is 18F26K20

Call graph: (short form)




                Name                               Link     Load   Length Selector   Space Scale
C:\Users\DWHITF~1.TDY\AppData\Local\Temp\sbt0.obj
                end_init                            1F2      1F2        4        C       0
                reset_vec                             0        0        4        0       0
                idloc                            200000   200000        8   200000       0
                config                           300000   300000        E   300000       0
dist/xc8_pic18f26k20/production\PIC_IR_RF_Bluetooth_Home_Automation.production.obj
                intcodelo                            18       18      1DA        C       0
                intcode                               8        8       10        4       0
                mediumconst                        F192     F192      E6E     78C9       0
                text114                            4FCA     4FCA      3FE        C       0
                text113                            93B4     93B4        A        C       0
                text112                            937E     937E        E        C       0
                text111                            93AA     93AA        A        C       0
                intcode_body                       3CB8     3CB8      564        C       0
                text109                            924A     924A       18        C       0
                text108                            919A     919A       28        C       0
                text107                            9232     9232       18        C       0
                text106                            9370     9370        E        C       0
                text105                            928E     928E       16        C       0
                text104                            8C28     8C28       58        C       0
                text103                            8AB2     8AB2       64        C       0
                text102                            8F66     8F66       3E        C       0
                text100                            93D2     93D2        2     49E7       0
                text99                             8E5E     8E5E       46        C       0
                text98                             92B8     92B8       14        C       0
                text97                             9362     9362        E        C       0
                text96                             9278     9278       16        C       0
                text95                             8FA4     8FA4       3C        C       0
                text94                             9170     9170       2A        C       0
                text93                             9262     9262       16        C       0
                text92                             8EE8     8EE8       40        C       0
                text91                             8FE0     8FE0       3A        C       0
                text90                             6BB2     6BB2      170        C       0
                text89                             7940     7940       FA        C       0
                text88                             617C     617C      1EC        C       0
                text87                             8E18     8E18       46        C       0
                text86                             91FE     91FE       1C        C       0
                text85                             9354     9354        E        C       0
                text84                             8CD6     8CD6       56        C       0
                text83                             9088     9088       32        C       0
                text82                             8154     8154       B2        C       0
                text81                             91E0     91E0       1E        C       0
                text80                             8BCE     8BCE       5A        C       0
                text79                             8B74     8B74       5A        C       0
                text78                             7DA4     7DA4       C8        C       0
                text77                             7CD6     7CD6       CE        C       0
                text76                             90BA     90BA       30        C       0
                text75                             74CE     74CE      120        C       0
                text74                             5A3C     5A3C      27E        C       0
                text73                             8D80     8D80       50        C       0
                text72                             6FE0     6FE0      152        C       0
                text71                             7E6C     7E6C       C6        C       0
                text70                             82B4     82B4       A4        C       0
                text69                             87F4     87F4       80        C       0
                text68                             6890     6890      194        C       0
                text67                             66EA     66EA      1A6        C       0
                text66                             7C06     7C06       D0        C       0
                text65                             80A0     80A0       B4        C       0
                text64                             6D22     6D22      16C        C       0
                text63                             901A     901A       38        C       0
                text62                             5764     5764      2D8        C       0
                text61                             90EA     90EA       2E        C       0
                text60                             421C     421C      504        C       0
                text59                             20F6     20F6      F44        C       0
                text58                             4BA6     4BA6      424        C       0
                text57                             8C80     8C80       56        C       0
                text56                             92F0     92F0       10        C       0
                text55                             9346     9346        E        C       0
                text54                             93A0     93A0        A        C       0
                text53                             8B16     8B16       5E        C       0
                text52                             8DD0     8DD0       48        C       0
                text51                             9338     9338        E        C       0
                text50                             932A     932A        E        C       0
                text49                             9396     9396        A        C       0
                text48                             92A4     92A4       14        C       0
                text47                             921A     921A       18        C       0
                text46                             931C     931C        E        C       0
                text45                             930E     930E        E        C       0
                text44                             8874     8874       7C        C       0
                text43                             83FA     83FA       A2        C       0
                text42                             8A4C     8A4C       66        C       0
                text41                             782A     782A      116        C       0
                text40                             7280     7280      128        C       0
                text39                             6A24     6A24      18E        C       0
                text38                             6368     6368      1CE        C       0
                text37                             876E     876E       86        C       0
                text36                             7FEA     7FEA       B6        C       0
                text35                             8206     8206       AE        C       0
                text34                             7132     7132      14E        C       0
                text33                             91C2     91C2       1E        C       0
                text32                             88F0     88F0       7A        C       0
                text31                             9144     9144       2C        C       0
                text30                             4720     4720      486        C       0
                text29                             770C     770C      11E        C       0
                text28                             8358     8358       A2        C       0
                text27                             93CE     93CE        4     49E7       0
                text26                             93BE     93BE        6        C       0
                text25                             6E8E     6E8E      152        C       0
                text24                             9118     9118       2C        C       0
                text23                             7F32     7F32       B8        C       0
                text22                             92DE     92DE       12        C       0
                text21                             303A     303A      C7E        C       0
                text20                             86E8     86E8       86        C       0
                text19                             849C     849C       9E        C       0
                text18                             938C     938C        A        C       0
                text17                             92CC     92CC       12        C       0
                text16                             7A3A     7A3A       F0        C       0
                text15                             8F28     8F28       3E        C       0
                text14                             865E     865E       8A        C       0
                text13                             6536     6536      1B4        C       0
                text12                             73A8     73A8      126        C       0
                text11                             896A     896A       78        C       0
                text10                             853A     853A       94        C       0
                text9                              75EE     75EE      11E        C       0
                text8                              89E2     89E2       6A        C       0
                text7                              85CE     85CE       90        C       0
                text6                              8EA4     8EA4       44        C       0
                text5                               1F6      1F6     1F00        C       0
                text4                              8D2C     8D2C       54        C       0
                text3                              9300     9300        E        C       0
                text2                              5F24     5F24      258        C       0
                text1                              5CBA     5CBA      26A        C       0
                text0                              53C8     53C8      39C        C       0
                cstackCOMRAM                          1        1       24        1       1
                cstackBANK0                          60       60       7B       60       1
                cstackBANK1                         100      100       A0      100       1
                cstackBANK2                         200      200       84      200       1
                cstackBANK3                         300      300       FF      300       1
                bssBANK7                            700      700       90      700       1
                bssBANK6                            600      600       FF      600       1
                bssBANK5                            500      500       FF      500       1
                bssBANK4                            400      400       88      400       1
                dataBANK2                           284      284        4      200       1
                dataBANK1                           1A0      1A0       36      100       1
                bssBANK1                            1D6      1D6       16      100       1
                dataBANK0                            E6       E6        1       60       1
                bssBANK0                             DB       DB        B       60       1
                dataCOMRAM                           3E       3E        5        1       1
                bssCOMRAM                            25       25       19        1       1
                cinit                              7B2A     7B2A       DC        C       0
                idataBANK2                         93C9     93C9        4        C       0
                idataBANK1                         9052     9052       36        C       0
                idataBANK0                         93D4     93D4        1     49E7       0
                idataCOMRAM                        93C4     93C4        5        C       0

TOTAL           Name                               Link     Load   Length     Space
        CLASS   STACK          

        CLASS   CODE           
                end_init                            1F2      1F2        4         0
                intcodelo                            18       18      1DA         0
                intcode                               8        8       10         0
                reset_vec                             0        0        4         0
                text114                            4FCA     4FCA      3FE         0
                text113                            93B4     93B4        A         0
                text112                            937E     937E        E         0
                text111                            93AA     93AA        A         0
                intcode_body                       3CB8     3CB8      564         0
                text109                            924A     924A       18         0
                text108                            919A     919A       28         0
                text107                            9232     9232       18         0
                text106                            9370     9370        E         0
                text105                            928E     928E       16         0
                text104                            8C28     8C28       58         0
                text103                            8AB2     8AB2       64         0
                text102                            8F66     8F66       3E         0
                text100                            93D2     93D2        2         0
                text99                             8E5E     8E5E       46         0
                text98                             92B8     92B8       14         0
                text97                             9362     9362        E         0
                text96                             9278     9278       16         0
                text95                             8FA4     8FA4       3C         0
                text94                             9170     9170       2A         0
                text93                             9262     9262       16         0
                text92                             8EE8     8EE8       40         0
                text91                             8FE0     8FE0       3A         0
                text90                             6BB2     6BB2      170         0
                text89                             7940     7940       FA         0
                text88                             617C     617C      1EC         0
                text87                             8E18     8E18       46         0
                text86                             91FE     91FE       1C         0
                text85                             9354     9354        E         0
                text84                             8CD6     8CD6       56         0
                text83                             9088     9088       32         0
                text82                             8154     8154       B2         0
                text81                             91E0     91E0       1E         0
                text80                             8BCE     8BCE       5A         0
                text79                             8B74     8B74       5A         0
                text78                             7DA4     7DA4       C8         0
                text77                             7CD6     7CD6       CE         0
                text76                             90BA     90BA       30         0
                text75                             74CE     74CE      120         0
                text74                             5A3C     5A3C      27E         0
                text73                             8D80     8D80       50         0
                text72                             6FE0     6FE0      152         0
                text71                             7E6C     7E6C       C6         0
                text70                             82B4     82B4       A4         0
                text69                             87F4     87F4       80         0
                text68                             6890     6890      194         0
                text67                             66EA     66EA      1A6         0
                text66                             7C06     7C06       D0         0
                text65                             80A0     80A0       B4         0
                text64                             6D22     6D22      16C         0
                text63                             901A     901A       38         0
                text62                             5764     5764      2D8         0
                text61                             90EA     90EA       2E         0
                text60                             421C     421C      504         0
                text59                             20F6     20F6      F44         0
                text58                             4BA6     4BA6      424         0
                text57                             8C80     8C80       56         0
                text56                             92F0     92F0       10         0
                text55                             9346     9346        E         0
                text54                             93A0     93A0        A         0
                text53                             8B16     8B16       5E         0
                text52                             8DD0     8DD0       48         0
                text51                             9338     9338        E         0
                text50                             932A     932A        E         0
                text49                             9396     9396        A         0
                text48                             92A4     92A4       14         0
                text47                             921A     921A       18         0
                text46                             931C     931C        E         0
                text45                             930E     930E        E         0
                text44                             8874     8874       7C         0
                text43                             83FA     83FA       A2         0
                text42                             8A4C     8A4C       66         0
                text41                             782A     782A      116         0
                text40                             7280     7280      128         0
                text39                             6A24     6A24      18E         0
                text38                             6368     6368      1CE         0
                text37                             876E     876E       86         0
                text36                             7FEA     7FEA       B6         0
                text35                             8206     8206       AE         0
                text34                             7132     7132      14E         0
                text33                             91C2     91C2       1E         0
                text32                             88F0     88F0       7A         0
                text31                             9144     9144       2C         0
                text30                             4720     4720      486         0
                text29                             770C     770C      11E         0
                text28                             8358     8358       A2         0
                text27                             93CE     93CE        4         0
                text26                             93BE     93BE        6         0
                text25                             6E8E     6E8E      152         0
                text24                             9118     9118       2C         0
                text23                             7F32     7F32       B8         0
                text22                             92DE     92DE       12         0
                text21                             303A     303A      C7E         0
                text20                             86E8     86E8       86         0
                text19                             849C     849C       9E         0
                text18                             938C     938C        A         0
                text17                             92CC     92CC       12         0
                text16                             7A3A     7A3A       F0         0
                text15                             8F28     8F28       3E         0
                text14                             865E     865E       8A         0
                text13                             6536     6536      1B4         0
                text12                             73A8     73A8      126         0
                text11                             896A     896A       78         0
                text10                             853A     853A       94         0
                text9                              75EE     75EE      11E         0
                text8                              89E2     89E2       6A         0
                text7                              85CE     85CE       90         0
                text6                              8EA4     8EA4       44         0
                text5                               1F6      1F6     1F00         0
                text4                              8D2C     8D2C       54         0
                text3                              9300     9300        E         0
                text2                              5F24     5F24      258         0
                text1                              5CBA     5CBA      26A         0
                text0                              53C8     53C8      39C         0
                cinit                              7B2A     7B2A       DC         0
                idataBANK2                         93C9     93C9        4         0
                idataBANK1                         9052     9052       36         0
                idataBANK0                         93D4     93D4        1         0
                idataCOMRAM                        93C4     93C4        5         0

        CLASS   CONST          

        CLASS   SMALLCONST     

        CLASS   MEDIUMCONST    
                mediumconst                        F192     F192      E6E         0

        CLASS   COMRAM         
                cstackCOMRAM                          1        1       24         1
                dataCOMRAM                           3E       3E        5         1
                bssCOMRAM                            25       25       19         1

        CLASS   ABS1           

        CLASS   BIGRAM         

        CLASS   RAM            

        CLASS   BANK0          
                cstackBANK0                          60       60       7B         1
                dataBANK0                            E6       E6        1         1
                bssBANK0                             DB       DB        B         1

        CLASS   BANK1          
                cstackBANK1                         100      100       A0         1
                dataBANK1                           1A0      1A0       36         1
                bssBANK1                            1D6      1D6       16         1

        CLASS   BANK2          
                cstackBANK2                         200      200       84         1
                dataBANK2                           284      284        4         1

        CLASS   BANK3          
                cstackBANK3                         300      300       FF         1

        CLASS   BANK4          
                bssBANK4                            400      400       88         1

        CLASS   BANK5          
                bssBANK5                            500      500       FF         1

        CLASS   BANK6          
                bssBANK6                            600      600       FF         1

        CLASS   BANK7          
                bssBANK7                            700      700       90         1

        CLASS   BANK8          

        CLASS   BANK9          

        CLASS   BANK10         

        CLASS   BANK11         

        CLASS   BANK12         

        CLASS   BANK13         

        CLASS   BANK14         

        CLASS   BANK15         

        CLASS   SFR            

        CLASS   FARRAM         

        CLASS   CONFIG         
                config                           300000   300000        E         0

        CLASS   IDLOC          
                idloc                            200000   200000        8         0

        CLASS   EEDATA         



SEGMENTS        Name                           Load    Length   Top    Selector   Space  Class

                reset_vec                      000000  000004  000004         0       0  CODE    
                cstackCOMRAM                   000001  000042  000043         1       1  COMRAM  
                intcode                        000008  000010  000018         4       0  CODE    
                intcodelo                      000018  0093B5  0093CD         C       0  CODE    
                cstackBANK0                    000060  000087  0000E7        60       1  BANK0   
                cstackBANK1                    000100  0000EC  0001EC       100       1  BANK1   
                cstackBANK2                    000200  000088  000288       200       1  BANK2   
                cstackBANK3                    000300  0000FF  0003FF       300       1  BANK3   
                bssBANK4                       000400  000088  000488       400       1  BANK4   
                bssBANK5                       000500  0000FF  0005FF       500       1  BANK5   
                bssBANK6                       000600  0000FF  0006FF       600       1  BANK6   
                bssBANK7                       000700  000090  000790       700       1  BANK7   
                text27                         0093CE  000007  0093D5      49E7       0  CODE    
                mediumconst                    00F192  000E6E  010000      78C9       0  MEDIUMCO
                idloc                          200000  000008  200008    200000       0  IDLOC   
                config                         300000  00000E  30000E    300000       0  CONFIG  


UNUSED ADDRESS RANGES

        Name                Unused          Largest block    Delta
        BANK0            0000E7-0000FF               19
        BANK1            0001EC-0001FF               14
        BANK10           000A00-000AFF              100
        BANK11           000B00-000BFF              100
        BANK12           000C00-000CFF              100
        BANK13           000D00-000DFF              100
        BANK14           000E00-000EFF              100
        BANK15           000F00-000F5F               60
        BANK2            000288-0002FF               78
        BANK3            0003FF-0003FF                1
        BANK4            000488-0004FF               78
        BANK5            0005FF-0005FF                1
        BANK6            0006FF-0006FF                1
        BANK7            000790-0007FF               70
        BANK8            000800-0008FF              100
        BANK9            000900-0009FF              100
        BIGRAM           000043-00005F               1D
                         0000E7-0000FF               19
                         0001EC-0001FF               14
                         000288-0002FF               78
                         0003FF-0003FF                1
                         000488-0004FF               78
                         0005FF-0005FF                1
                         0006FF-0006FF                1
                         000790-000F5F              7D0
        CODE             000004-000007                4
                         0093CD-0093CD                1
                         0093D5-00F191             5DBD
        COMRAM           000043-00005F               1D
        CONST            000004-000007                4
                         0093CD-0093CD                1
                         0093D5-00F191             5DBD
        EEDATA           F00000-F003FF              400
        MEDIUMCONST      0093CD-0093CD                1
                         0093D5-00F191             5DBD
        RAM              0000E7-0000FF               19
                         0001EC-0001FF               14
                         000288-0002FF               78
                         0003FF-0003FF                1
                         000488-0004FF               78
                         0005FF-0005FF                1
                         0006FF-0006FF                1
                         000790-000F5F              100
        SFR              000F60-000FFF               A0
        SMALLCONST       0093CD-0093CD                1
                         0093D5-00F191              100
        STACK            000790-000F5F              7D0

                                  Symbol Table

?_EncodeNEC                             cstackBANK0  00007D
?_GetMemoryChar                         cstackBANK0  00007C
?_GetMemoryLong                         cstackBANK0  00007C
?_ReadEEPROM_1Byte                      cstackBANK0  000079
?_ReadVoltage                           cstackBANK0  0000A2
?_Reverse_4Byte                         cstackBANK0  000079
?_Round                                 cstackBANK0  0000C7
?_SetEEPROM                             cstackBANK1  000100
?___altoft                              cstackBANK0  000081
?___awdiv                               cstackBANK0  00007F
?___awmod                               cstackBANK0  000079
?___ftadd                               cstackBANK0  0000AC
?___ftdiv                               cstackBANK0  000084
?___ftmul                               cstackBANK0  000093
?___ftneg                               cstackBANK0  000079
?___ftpack                              cstackBANK0  000079
?___ftsub                               cstackBANK0  0000B8
?___fttol                               cstackBANK0  0000B8
?___lldiv                               cstackBANK0  000079
?___llmod                               cstackBANK0  000086
?___lltoft                              cstackBANK0  000081
?___lmul                                cstackBANK0  000079
?___lwtoft                              cstackBANK0  000081
?___wmul                                cstackBANK0  000087
?__div_to_l_                            cstackBANK0  000079
?__tdiv_to_l_                           cstackBANK0  000079
?_fround                                cstackBANK0  0000A2
?_scale                                 cstackBANK0  0000A2
?_sprintf                               cstackBANK0  0000C7
BluetoothInitialSetup@RFchannel         cstackBANK1  00011E
BluetoothInitialSetup@buf               cstackBANK1  000128
BluetoothInitialSetup@ok                cstackBANK1  00015A
BufferCopy@count                        cstackBANK0  000085
BufferCopy@from                         cstackBANK0  000081
BufferCopy@i                            cstackBANK0  000087
BufferCopy@shift                        cstackBANK0  000086
BufferCopy@to                           cstackBANK0  000083
DecodeNEC@Nec                           cstackBANK0  00007D
DecodeNEC@address                       cstackBANK0  000081
DecodeNEC@command                       cstackBANK0  000083
DecodeNEC@temp1                         cstackBANK0  00008B
DecodeNEC@temp2                         cstackBANK0  000089
DecodeNEC@temp3                         cstackBANK0  00008A
EncodeNEC@address                       cstackBANK0  0000A5
EncodeNEC@command                       cstackBANK0  00007D
EncodeNEC@temp1                         cstackBANK0  000095
EncodeNEC@temp2                         cstackBANK0  000099
EncodeNEC@temp3                         cstackBANK0  00009D
EncodeNEC@temp4                         cstackBANK0  0000A1
EnterCommandMode@count                  cstackBANK0  000082
EraseScreen@characters                  cstackCOMRAM 000002
EraseScreen@i                           cstackCOMRAM 000003
GetEEPROM@Arrayspot                     cstackBANK0  0000A1
GetEEPROM@Temp                          cstackBANK0  00009D
GetEEPROM@i                             cstackBANK0  0000A3
GetEEPROM@j                             cstackBANK0  0000A4
GetEEPROM@k                             cstackBANK0  0000A2
GetMemoryChar@AddressFirst              cstackBANK0  000080
GetMemoryChar@H                         cstackBANK0  000081
GetMemoryLong@AddressFirst              cstackBANK0  00009C
GetMemoryLong@H                         cstackBANK0  000098
GetMemoryLong@L                         cstackBANK0  00009B
GetMemoryLong@MH                        cstackBANK0  000099
GetMemoryLong@ML                        cstackBANK0  00009A
GetMemoryLong@temp                      cstackBANK0  000094
GetNumber@CommaNumber                   cstackBANK0  000087
GetNumber@Hex                           cstackBANK0  000092
GetNumber@This                          cstackBANK0  000085
GetNumber@count                         cstackBANK0  000091
GetNumber@i                             cstackBANK0  000093
GetNumber@negative                      cstackBANK0  000090
GetNumber@result                        cstackBANK0  000088
GetNumber@temp                          cstackBANK0  000095
GetNumber@tempCommaNumber               cstackBANK0  00008F
GetNumber@tempThis                      cstackBANK0  000094
GetStringAfterComma@CommaNumber         cstackBANK0  00007B
GetStringAfterComma@This                cstackBANK0  000079
GetStringAfterComma@count               cstackBANK0  000080
GetStringAfterComma@result              cstackBANK0  00007C
GetStringAfterComma@tempCommaNumber     cstackBANK0  00007F
IRrawToNEC@Invert                       cstackCOMRAM 00001F
IRrawToNEC@NEC                          cstackCOMRAM 00001D
IRrawToNEC@NECtemp                      cstackBANK0  000060
IRrawToNEC@Raw                          cstackCOMRAM 00001B
IRrawToNEC@StartBit                     cstackBANK0  000066
IRrawToNEC@first                        cstackBANK0  000064
IRrawToNEC@i                            cstackBANK0  000065
InitUART@Baud                           cstackBANK0  0000CE
InitUART@config                         cstackBANK1  000105
InitUART@spbrg                          cstackBANK1  000103
InitUART@temp                           cstackBANK1  000106
InternalADC_Read@ADCcounts              cstackBANK0  000082
InternalADC_Read@AnaChanSel             cstackBANK0  000086
InternalADC_Read@channel                cstackBANK0  000087
IsCharacter@data                        cstackCOMRAM 000001
IsLetter@data                           cstackBANK0  000079
OpenUSART@config                        cstackBANK0  00007B
OpenUSART@spbrg                         cstackBANK0  000079
ReadCodeButtons@temp                    cstackBANK0  000082
ReadEEPROM_1Byte@GIEstatus              cstackBANK0  00007B
ReadEEPROM_1Byte@address                cstackBANK0  000079
ReadUSART@data                          cstackBANK0  000079
ReadVoltage@temp                        cstackBANK0  0000A8
ReadVoltage@voltage                     cstackBANK0  0000A5
Reverse_4Byte@This                      cstackBANK0  000079
Reverse_4Byte@temp                      cstackBANK0  000085
Reverse_Byte@This                       cstackBANK0  00007C
Reverse_Byte@temp                       cstackBANK0  00007B
Round@input                             cstackBANK0  0000C7
Round@temp                              cstackBANK0  0000CA
SendNEC_bytes@RepeatAmount              cstackBANK0  00008D
SendNEC_bytes@code                      cstackBANK0  000089
SendNEC_wait@RepeatAmount               cstackBANK0  000092
SendNEC_wait@code                       cstackBANK0  00008E
SendNEC_wait@toggle                     cstackBANK0  000093
SendRF@Code                             cstackBANK0  000079
SendRF@Config                           cstackBANK0  00007B
SendRF@RepeatAmount                     cstackBANK0  00007D
SendRF@i                                cstackBANK0  000080
SendRF@size                             cstackBANK0  00007C
SendRF_Channel@channel                  cstackBANK0  000086
SendRF_wait@Code                        cstackBANK0  000081
SendRF_wait@Config                      cstackBANK0  000083
SendRF_wait@amount                      cstackBANK0  000085
SendRF_wait@size                        cstackBANK0  000084
SetEEPROM@Arrayspot                     cstackBANK0  0000B5
SetEEPROM@Temp                          cstackBANK1  000100
SetEEPROM@burn                          cstackBANK1  000188
SetEEPROM@fail                          cstackBANK0  0000B0
SetEEPROM@i                             cstackBANK0  0000B7
SetEEPROM@j                             cstackBANK0  0000B8
SetEEPROM@k                             cstackBANK0  0000B6
SetEEPROM@temp                          cstackBANK0  0000B4
SetEEPROMdefault@i                      cstackBANK0  0000BC
SetEEPROMdefault@j                      cstackBANK0  0000BD
SetEEPROMdefault@k                      cstackBANK0  0000BB
SetMemoryChar@AddressFirst              cstackBANK0  000082
SetMemoryChar@Data                      cstackBANK0  000084
SetMemoryChar@Test                      cstackBANK0  000083
SetMemoryLong@AddressFirst              cstackBANK0  0000A1
SetMemoryLong@Data                      cstackBANK0  00009D
SetMemoryLong@H                         cstackBANK0  0000AA
SetMemoryLong@L                         cstackBANK0  0000AD
SetMemoryLong@MH                        cstackBANK0  0000AB
SetMemoryLong@ML                        cstackBANK0  0000AC
SetMemoryLong@Test                      cstackBANK0  0000A6
StringAddEqual@Input                    cstackBANK0  000088
StringAddEqual@firstnumber              cstackBANK1  000164
StringAddEqual@i                        cstackBANK1  000165
StringAddEqual@j                        cstackBANK1  000166
StringAddEqual@temp                     cstackBANK1  000100
StringContains@That                     cstackBANK0  00007B
StringContains@This                     cstackBANK0  000079
StringContains@begin                    cstackBANK0  00007E
StringContainsCaseInsensitive@That      cstackBANK0  00007E
StringContainsCaseInsensitive@This      cstackBANK0  00007C
StringContainsCaseInsensitive@begin     cstackBANK0  000080
StringContainsCaseInsensitive@tempThat  cstackBANK0  000082
StringContainsCaseInsensitive@tempThis  cstackBANK0  000081
StringMatch@That                        cstackBANK0  00007B
StringMatch@This                        cstackBANK0  000079
StringMatchCaseInsensitive@That         cstackBANK0  00007E
StringMatchCaseInsensitive@This         cstackBANK0  00007C
StringMatchCaseInsensitive@tempThat     cstackBANK0  000081
StringMatchCaseInsensitive@tempThis     cstackBANK0  000080
SyncEEPROMToGlobal@Temp                 cstackBANK1  000103
SyncEEPROMToGlobal@i                    cstackBANK1  000101
SyncEEPROMToGlobal@j                    cstackBANK1  000102
SyncEEPROMToGlobal@k                    cstackBANK1  000100
UARTchar@data                           cstackBANK0  000079
UARTcommandMenu@Command                 cstackBANK0  00007C
UARTcommandMenu@Desc                    cstackBANK0  00007E
UARTcommandMenu@i                       cstackBANK0  000085
UARTcommandMenu@place                   cstackBANK0  000086
UARTstring@data                         cstackBANK0  00007A
UARTstringCRLN@data                     cstackBANK0  00007C
UseBluetooth@EmptyPlace                 cstackBANK2  000274
UseBluetooth@EnteredNEC                 cstackBANK2  000276
UseBluetooth@NecAddress                 cstackBANK2  00027D
UseBluetooth@NecCommand                 cstackBANK2  00027E
UseBluetooth@String                     cstackBANK1  00018C
UseBluetooth@StringPos                  cstackBANK1  00018E
UseBluetooth@buf                        cstackBANK2  000200
UseBluetooth@device                     cstackBANK2  000275
UseBluetooth@i                          cstackBANK2  000283
UseBluetooth@ok                         cstackBANK2  00027A
UseBluetooth@rfchannelSTR               cstackBANK2  000264
UseBluetooth@rfconf                     cstackBANK2  00027C
UseBluetooth@set                        cstackBANK2  00026E
UseBluetooth@temp                       cstackBANK2  00027F
UseBluetooth@tempNec                    cstackBANK2  00026F
UseBluetooth@tempRFArray                cstackBANK2  00027B
UseBluetooth@timeout                    cstackBANK2  000273
UseIRCode@Code                          cstackBANK0  0000B9
UseIRCode@NEC                           cstackBANK0  0000BB
UseIRCode@found                         cstackBANK0  0000C2
UseIRCode@i                             cstackBANK0  0000C4
UseIRCode@j                             cstackBANK0  0000C3
WaitForIRsignal@timeout                 cstackBANK0  000082
WriteEEPROM_1Byte@GIEstatus             cstackBANK0  00007C
WriteEEPROM_1Byte@address               cstackBANK0  000079
WriteEEPROM_1Byte@data                  cstackBANK0  00007B
_ADCON0                                 (abs)        000FC2
_ADCON0bits                             (abs)        000FC2
_ADCON1                                 (abs)        000FC1
_ADCON1bits                             (abs)        000FC1
_ADCON2                                 (abs)        000FC0
_ADCON2bits                             (abs)        000FC0
_ADRESH                                 (abs)        000FC4
_ADRESL                                 (abs)        000FC3
_ANSEL                                  (abs)        000F7E
_ANSELH                                 (abs)        000F7F
_BAUDCONbits                            (abs)        000FB8
_BatteryVoltage                         bssBANK0     0000DB
_BlueConnected                          text85       009354
_BluetoothConfigured                    text86       0091FE
_BluetoothInitialSetup                  text58       004BA6
_BufferCopy                             text14       00865E
_CRLN                                   mediumconst  00F3FE
_CheckReceivingIR                       text22       0092DE
_ClearUSART                             text46       00931C
_CommandString                          bssBANK5     000500
_CommandStringPos                       bssCOMRAM    000029
_Conf1_ChannelD                         mediumconst  00F3C9
_Conf1_ChannelD_STR                     mediumconst  00F38E
_Conf1_ChannelE                         mediumconst  00F3D5
_Conf1_ChannelE_STR                     mediumconst  00F39D
_Conf1_ChannelF                         mediumconst  00F3E1
_Conf1_ChannelF_STR                     mediumconst  00F3AC
_Conf1_Channels                         mediumconst  00F3F6
_Conf2_ChannelB_OFF                     mediumconst  00F2EE
_Conf2_ChannelB_OFF_STR                 mediumconst  00F2A4
_Conf2_ChannelB_ON                      mediumconst  00F2FE
_Conf2_ChannelB_ON_STR                  mediumconst  00F2CA
_Conf2_ChannelB_Status                  bssCOMRAM    00002A
_Conf2_ChannelD_OFF                     mediumconst  00F30E
_Conf2_ChannelD_OFF_STR                 mediumconst  00F2B7
_Conf2_ChannelD_ON                      mediumconst  00F31E
_Conf2_ChannelD_ON_STR                  mediumconst  00F2DC
_Conf2_ChannelD_Status                  bssCOMRAM    00002B
_Conf2_ChannelH_1_OFF                   mediumconst  00F32E
_Conf2_ChannelH_1_OFF_STR               mediumconst  00F229
_Conf2_ChannelH_1_ON                    mediumconst  00F33E
_Conf2_ChannelH_1_ON_STR                mediumconst  00F268
_Conf2_ChannelH_1_Status                bssCOMRAM    00002C
_Conf2_ChannelH_2_OFF                   mediumconst  00F34E
_Conf2_ChannelH_2_OFF_STR               mediumconst  00F23E
_Conf2_ChannelH_2_ON                    mediumconst  00F35E
_Conf2_ChannelH_2_ON_STR                mediumconst  00F27C
_Conf2_ChannelH_2_Status                bssCOMRAM    00002D
_Conf2_ChannelH_3_OFF                   mediumconst  00F36E
_Conf2_ChannelH_3_OFF_STR               mediumconst  00F253
_Conf2_ChannelH_3_ON                    mediumconst  00F37E
_Conf2_ChannelH_3_ON_STR                mediumconst  00F290
_Conf2_ChannelH_3_Status                bssCOMRAM    00002E
_Conf2_Channels                         mediumconst  00F3FA
_ConfigureOscillator                    text100      0093D2
_DecodeNEC                              text35       008206
_EEADR                                  (abs)        000FA9
_EEADRH                                 (abs)        000FAA
_EECON1bits                             (abs)        000FA6
_EECON2                                 (abs)        000FA7
_EEDATA                                 (abs)        000FA8
_EEPROM_UNLOCK                          text93       009262
_EEPROMinitialized                      text98       0092B8
_EncodeNEC                              text34       007132
_EnterCommandMode                       text78       007DA4
_EraseScreen                            text108      00919A
_GetEEPROM                              text39       006A24
_GetMemoryChar                          text94       009170
_GetMemoryLong                          text90       006BB2
_GetNumber                              text30       004720
_GetStringAfterComma                    text29       00770C
_Global                                 bssBANK4     000400
_INTCON2bits                            (abs)        000FF1
_INTCONbits                             (abs)        000FF2
_IOCBbits                               (abs)        000F7D
_IPR1bits                               (abs)        000F9F
_IPR2bits                               (abs)        000FA2
_IRRawCode                              bssBANK7     000700
_IR_NEC                                 bssBANK0     0000E1
_IR_New_Code                            bssBANK0     0000E5
_IRaddress                              bssBANK1     0001EA
_IRbit                                  bssCOMRAM    00002F
_IRbitPosition                          dataCOMRAM   00003E
_IRcodeBit                              bssCOMRAM    000030
_IRcodePlace                            dataCOMRAM   00003F
_IRcommand                              bssBANK1     0001EB
_IRmod                                  bssBANK0     0000DE
_IRpinOLD                               bssCOMRAM    000031
_IRrawCodeNum                           bssCOMRAM    000032
_IRrawToNEC                             text114      004FCA
_IRrepeatAmount                         bssCOMRAM    000033
_IRrepeatflag                           bssCOMRAM    000034
_IRsendCode                             bssCOMRAM    000025
_IRsendFlag                             bssCOMRAM    000035
_IRtimeout                              dataBANK2    000284
_InitADC                                text96       009278
_InitApp                                text99       008E5E
_InitBluetooth                          text57       008C80
_InitIR                                 text52       008DD0
_InitTimer0                             text56       0092F0
_InitTimer1                             text51       009338
_InitTimer2                             text50       00932A
_InitTimer3                             text49       009396
_InitTimers                             text48       0092A4
_InitUART                               text41       00782A
_InitUART$3783                          cstackBANK1  000100
_Init_System                            text37       00876E
_InternalADC_Read                       text28       008358
_IsCharacter                            text107      009232
_IsLetter                               text33       0091C2
_LATA                                   (abs)        000F89
_LATB                                   (abs)        000F8A
_LATC                                   (abs)        000F8B
_LEDTimerON                             text17       0092CC
_Local_CloseUSART                       text45       00930E
_NewReceivedString                      bssBANK0     0000DF
_OpenUSART                              text44       008874
_PIE1bits                               (abs)        000F9D
_PIE2bits                               (abs)        000FA0
_PIR1bits                               (abs)        000F9E
_PIR2bits                               (abs)        000FA1
_PORTA                                  (abs)        000F80
_PORTB                                  (abs)        000F81
_PORTC                                  (abs)        000F82
_PR2                                    (abs)        000FCB
_ProductName                            dataBANK1    0001A0
_RCONbits                               (abs)        000FD0
_RCREG                                  (abs)        000FAE
_RCSTA                                  (abs)        000FAB
_RCSTAbits                              (abs)        000FAB
_RFConfig                               bssCOMRAM    000036
_RF_IR                                  dataCOMRAM   000040
_RF_IR_Postscaler                       dataCOMRAM   000041
_RFcodeBit                              bssCOMRAM    000037
_RFcodePlace                            bssCOMRAM    000038
_RFsendCode                             bssBANK1     0001D6
_RFsendFlag                             bssCOMRAM    000039
_ReadCodeButtons                        text4        008D2C
_ReadEEPROM_1Byte                       text95       008FA4
_ReadIRpin                              text55       009346
_ReadPushButton                         text3        009300
_ReadUSART                              text47       00921A
_ReadVoltage                            text23       007F32
_ReceivedString                         bssBANK6     000600
_ReceivedStringPos                      bssBANK0     0000E0
_ReceivingIR                            dataCOMRAM   000042
_ResetADC                               text97       009362
_ResetBlue                              text83       009088
_ResetTimer0                            text54       0093A0
_ResetTimer1                            text18       00938C
_ResetTimer3                            text113      0093B4
_Reverse_4Byte                          text21       00303A
_Reverse_Byte                           text36       007FEA
_Round                                  text42       008A4C
_SN                                     dataBANK1    0001D2
_SPBRG                                  (abs)        000FAF
_SPBRGH                                 (abs)        000FB0
_SYNTAX_ERR                             mediumconst  00F3BB
_SendNEC_bytes                          text20       0086E8
_SendNEC_wait                           text19       00849C
_SendRF                                 text16       007A3A
_SendRF_Channel                         text2        005F24
_SendRF_wait                            text15       008F28
_Sendcount                              bssCOMRAM    00003A
_Sent                                   dataBANK0    0000E6
_SetEEPROM                              text88       00617C
_SetEEPROMdefault                       text40       007280
_SetMemoryChar                          text91       008FE0
_SetMemoryLong                          text89       007940
_StringAddEqual                         text13       006536
_StringContains                         text82       008154
_StringContainsCaseInsensitive          text12       0073A8
_StringMatch                            text11       00896A
_StringMatchCaseInsensitive             text10       00853A
_SyncEEPROMToGlobal                     text38       006368
_SyncGlobalToEEPROM                     text87       008E18
_T0CONbits                              (abs)        000FD5
_T1CONbits                              (abs)        000FCD
_T2CONbits                              (abs)        000FCA
_T3CONbits                              (abs)        000FB1
_TMR0H                                  (abs)        000FD7
_TMR0L                                  (abs)        000FD6
_TMR1H                                  (abs)        000FCF
_TMR1L                                  (abs)        000FCE
_TMR2                                   (abs)        000FCC
_TMR3H                                  (abs)        000FB3
_TMR3L                                  (abs)        000FB2
_TRISAbits                              (abs)        000F92
_TRISBbits                              (abs)        000F93
_TRISCbits                              (abs)        000F94
_TXREG                                  (abs)        000FAD
_TXSTA                                  (abs)        000FAC
_TXSTAbits                              (abs)        000FAC
_Timer1_Postscaler                      bssCOMRAM    00003B
_Timer2_Postscaler                      bssCOMRAM    00003C
_Timer3_Postscaler                      bssCOMRAM    00003D
_UARTchar                               text81       0091E0
_UARTcommandMenu                        text9        0075EE
_UARTstring                             text80       008BCE
_UARTstringCRLN                         text8        0089E2
_UseBluetooth                           text5        0001F6
_UseIRCode                              text1        005CBA
_Version                                mediumconst  00F3ED
_VoltageDividerOFF                      text27       0093CE
_VoltageDividerON                       text26       0093BE
_WPUB                                   (abs)        000F7C
_WaitForIRsignal                        text7        0085CE
_WriteEEPROM_1Byte                      text92       008EE8
__CFG_BOREN$SBORDIS                     (abs)        000000
__CFG_BORV$27                           (abs)        000000
__CFG_CCP2MX$PORTC                      (abs)        000000
__CFG_CP0$OFF                           (abs)        000000
__CFG_CP1$OFF                           (abs)        000000
__CFG_CP2$OFF                           (abs)        000000
__CFG_CP3$OFF                           (abs)        000000
__CFG_CPB$OFF                           (abs)        000000
__CFG_CPD$OFF                           (abs)        000000
__CFG_EBTR0$OFF                         (abs)        000000
__CFG_EBTR1$OFF                         (abs)        000000
__CFG_EBTR2$OFF                         (abs)        000000
__CFG_EBTR3$OFF                         (abs)        000000
__CFG_EBTRB$OFF                         (abs)        000000
__CFG_FCMEN$OFF                         (abs)        000000
__CFG_FOSC$HSPLL                        (abs)        000000
__CFG_HFOFST$ON                         (abs)        000000
__CFG_IESO$OFF                          (abs)        000000
__CFG_LPT1OSC$OFF                       (abs)        000000
__CFG_LVP$OFF                           (abs)        000000
__CFG_MCLRE$ON                          (abs)        000000
__CFG_PBADEN$OFF                        (abs)        000000
__CFG_PWRT$OFF                          (abs)        000000
__CFG_STVREN$ON                         (abs)        000000
__CFG_WDTEN$OFF                         (abs)        000000
__CFG_WDTPS$32768                       (abs)        000000
__CFG_WRT0$OFF                          (abs)        000000
__CFG_WRT1$OFF                          (abs)        000000
__CFG_WRT2$OFF                          (abs)        000000
__CFG_WRT3$OFF                          (abs)        000000
__CFG_WRTB$OFF                          (abs)        000000
__CFG_WRTC$OFF                          (abs)        000000
__CFG_WRTD$OFF                          (abs)        000000
__CFG_XINST$OFF                         (abs)        000000
__HRAM                                  (abs)        000000
__Habs1                                 abs1         000000
__Hbank0                                bank0        000000
__Hbank1                                bank1        000000
__Hbank10                               bank10       000000
__Hbank11                               bank11       000000
__Hbank12                               bank12       000000
__Hbank13                               bank13       000000
__Hbank14                               bank14       000000
__Hbank15                               bank15       000000
__Hbank2                                bank2        000000
__Hbank3                                bank3        000000
__Hbank4                                bank4        000000
__Hbank5                                bank5        000000
__Hbank6                                bank6        000000
__Hbank7                                bank7        000000
__Hbank8                                bank8        000000
__Hbank9                                bank9        000000
__Hbigbss                               bigbss       000000
__Hbigdata                              bigdata      000000
__Hbigram                               bigram       000000
__Hbss                                  bss          000000
__HbssBANK0                             bssBANK0     000000
__HbssBANK1                             bssBANK1     000000
__HbssBANK4                             bssBANK4     000000
__HbssBANK5                             bssBANK5     000000
__HbssBANK6                             bssBANK6     000000
__HbssBANK7                             bssBANK7     000000
__HbssCOMRAM                            bssCOMRAM    000000
__Hcinit                                cinit        000000
__Hclrtext                              clrtext      000000
__Hcomram                               comram       000000
__Hconfig                               config       30000E
__Hconst                                const        000000
__HcstackBANK0                          cstackBANK0  000000
__HcstackBANK1                          cstackBANK1  000000
__HcstackBANK2                          cstackBANK2  000000
__HcstackBANK3                          cstackBANK3  000000
__HcstackCOMRAM                         cstackCOMRAM 000000
__Hdata                                 data         000000
__HdataBANK0                            dataBANK0    000000
__HdataBANK1                            dataBANK1    000000
__HdataBANK2                            dataBANK2    000000
__HdataCOMRAM                           dataCOMRAM   000000
__Heeprom_data                          eeprom_data  000000
__Hend_init                             end_init     0001F6
__Hfarbss                               farbss       000000
__Hfardata                              fardata      000000
__Hibigdata                             ibigdata     000000
__Hidata                                idata        000000
__HidataBANK0                           idataBANK0   000000
__HidataBANK1                           idataBANK1   000000
__HidataBANK2                           idataBANK2   000000
__HidataCOMRAM                          idataCOMRAM  000000
__Hidloc                                idloc        200008
__Hifardata                             ifardata     000000
__Hinit                                 init         0001F2
__Hintcode                              intcode      000018
__Hintcode_body                         intcode_body 000000
__Hintcodelo                            intcodelo    0001F2
__Hintentry                             intentry     000000
__Hintret                               intret       000000
__Hintsave_regs                         intsave_regs 000000
__Hirdata                               irdata       000000
__Hmediumconst                          mediumconst  010000
__HnvFARRAM                             nvFARRAM     000000
__Hnvbit                                nvbit        000000
__Hnvrram                               nvrram       000000
__Hparam                                rparam       000000
__Hpowerup                              powerup      0001F2
__Hram                                  ram          000000
__Hramtop                               ramtop       001000
__Hrbit                                 rbit         000000
__Hrbss                                 rbss         000000
__Hrdata                                rdata        000000
__Hreset_vec                            reset_vec    000004
__Hrparam                               rparam       000000
__Hsfr                                  sfr          000000
__Hsmallconst                           smallconst   000000
__Hspace_0                              (abs)        30000E
__Hspace_1                              (abs)        000790
__Hspace_2                              (abs)        000000
__Hstack                                stack        000000
__Hstruct                               struct       000000
__Htemp                                 temp         000000
__Htext                                 text         000000
__Htext0                                text0        000000
__Htext1                                text1        000000
__Htext10                               text10       000000
__Htext100                              text100      000000
__Htext102                              text102      000000
__Htext103                              text103      000000
__Htext104                              text104      000000
__Htext105                              text105      000000
__Htext106                              text106      000000
__Htext107                              text107      000000
__Htext108                              text108      000000
__Htext109                              text109      000000
__Htext11                               text11       000000
__Htext111                              text111      000000
__Htext112                              text112      000000
__Htext113                              text113      000000
__Htext114                              text114      000000
__Htext12                               text12       000000
__Htext13                               text13       000000
__Htext14                               text14       000000
__Htext15                               text15       000000
__Htext16                               text16       000000
__Htext17                               text17       000000
__Htext18                               text18       000000
__Htext19                               text19       000000
__Htext2                                text2        000000
__Htext20                               text20       000000
__Htext21                               text21       000000
__Htext22                               text22       000000
__Htext23                               text23       000000
__Htext24                               text24       000000
__Htext25                               text25       000000
__Htext26                               text26       000000
__Htext27                               text27       000000
__Htext28                               text28       000000
__Htext29                               text29       000000
__Htext3                                text3        000000
__Htext30                               text30       000000
__Htext31                               text31       000000
__Htext32                               text32       000000
__Htext33                               text33       000000
__Htext34                               text34       000000
__Htext35                               text35       000000
__Htext36                               text36       000000
__Htext37                               text37       000000
__Htext38                               text38       000000
__Htext39                               text39       000000
__Htext4                                text4        000000
__Htext40                               text40       000000
__Htext41                               text41       000000
__Htext42                               text42       000000
__Htext43                               text43       000000
__Htext44                               text44       000000
__Htext45                               text45       000000
__Htext46                               text46       000000
__Htext47                               text47       000000
__Htext48                               text48       000000
__Htext49                               text49       000000
__Htext5                                text5        000000
__Htext50                               text50       000000
__Htext51                               text51       000000
__Htext52                               text52       000000
__Htext53                               text53       000000
__Htext54                               text54       000000
__Htext55                               text55       000000
__Htext56                               text56       000000
__Htext57                               text57       000000
__Htext58                               text58       000000
__Htext59                               text59       000000
__Htext6                                text6        000000
__Htext60                               text60       000000
__Htext61                               text61       000000
__Htext62                               text62       000000
__Htext63                               text63       000000
__Htext64                               text64       000000
__Htext65                               text65       000000
__Htext66                               text66       000000
__Htext67                               text67       000000
__Htext68                               text68       000000
__Htext69                               text69       000000
__Htext7                                text7        000000
__Htext70                               text70       000000
__Htext71                               text71       000000
__Htext72                               text72       000000
__Htext73                               text73       000000
__Htext74                               text74       000000
__Htext75                               text75       000000
__Htext76                               text76       000000
__Htext77                               text77       000000
__Htext78                               text78       000000
__Htext79                               text79       000000
__Htext8                                text8        000000
__Htext80                               text80       000000
__Htext81                               text81       000000
__Htext82                               text82       000000
__Htext83                               text83       000000
__Htext84                               text84       000000
__Htext85                               text85       000000
__Htext86                               text86       000000
__Htext87                               text87       000000
__Htext88                               text88       000000
__Htext89                               text89       000000
__Htext9                                text9        000000
__Htext90                               text90       000000
__Htext91                               text91       000000
__Htext92                               text92       000000
__Htext93                               text93       000000
__Htext94                               text94       000000
__Htext95                               text95       000000
__Htext96                               text96       000000
__Htext97                               text97       000000
__Htext98                               text98       000000
__Htext99                               text99       000000
__LRAM                                  (abs)        000001
__Labs1                                 abs1         000000
__Lbank0                                bank0        000000
__Lbank1                                bank1        000000
__Lbank10                               bank10       000000
__Lbank11                               bank11       000000
__Lbank12                               bank12       000000
__Lbank13                               bank13       000000
__Lbank14                               bank14       000000
__Lbank15                               bank15       000000
__Lbank2                                bank2        000000
__Lbank3                                bank3        000000
__Lbank4                                bank4        000000
__Lbank5                                bank5        000000
__Lbank6                                bank6        000000
__Lbank7                                bank7        000000
__Lbank8                                bank8        000000
__Lbank9                                bank9        000000
__Lbigbss                               bigbss       000000
__Lbigdata                              bigdata      000000
__Lbigram                               bigram       000000
__Lbss                                  bss          000000
__LbssBANK0                             bssBANK0     000000
__LbssBANK1                             bssBANK1     000000
__LbssBANK4                             bssBANK4     000000
__LbssBANK5                             bssBANK5     000000
__LbssBANK6                             bssBANK6     000000
__LbssBANK7                             bssBANK7     000000
__LbssCOMRAM                            bssCOMRAM    000000
__Lcinit                                cinit        000000
__Lclrtext                              clrtext      000000
__Lcomram                               comram       000000
__Lconfig                               config       300000
__Lconst                                const        000000
__LcstackBANK0                          cstackBANK0  000000
__LcstackBANK1                          cstackBANK1  000000
__LcstackBANK2                          cstackBANK2  000000
__LcstackBANK3                          cstackBANK3  000000
__LcstackCOMRAM                         cstackCOMRAM 000000
__Ldata                                 data         000000
__LdataBANK0                            dataBANK0    000000
__LdataBANK1                            dataBANK1    000000
__LdataBANK2                            dataBANK2    000000
__LdataCOMRAM                           dataCOMRAM   000000
__Leeprom_data                          eeprom_data  000000
__Lend_init                             end_init     0001F2
__Lfarbss                               farbss       000000
__Lfardata                              fardata      000000
__Libigdata                             ibigdata     000000
__Lidata                                idata        000000
__LidataBANK0                           idataBANK0   000000
__LidataBANK1                           idataBANK1   000000
__LidataBANK2                           idataBANK2   000000
__LidataCOMRAM                          idataCOMRAM  000000
__Lidloc                                idloc        200000
__Lifardata                             ifardata     000000
__Linit                                 init         0001F2
__Lintcode                              intcode      000008
__Lintcode_body                         intcode_body 000000
__Lintcodelo                            intcodelo    000018
__Lintentry                             intentry     000000
__Lintret                               intret       000000
__Lintsave_regs                         intsave_regs 000000
__Lirdata                               irdata       000000
__Lmediumconst                          mediumconst  00F192
__LnvFARRAM                             nvFARRAM     000000
__Lnvbit                                nvbit        000000
__Lnvrram                               nvrram       000000
__Lparam                                rparam       000000
__Lpowerup                              powerup      0001F2
__Lram                                  ram          000000
__Lramtop                               ramtop       001000
__Lrbit                                 rbit         000000
__Lrbss                                 rbss         000000
__Lrdata                                rdata        000000
__Lreset_vec                            reset_vec    000000
__Lrparam                               rparam       000000
__Lsfr                                  sfr          000000
__Lsmallconst                           smallconst   000000
__Lspace_0                              (abs)        000000
__Lspace_1                              (abs)        000000
__Lspace_2                              (abs)        000000
__Lstack                                stack        000000
__Lstruct                               struct       000000
__Ltemp                                 temp         000000
__Ltext                                 text         000000
__Ltext0                                text0        000000
__Ltext1                                text1        000000
__Ltext10                               text10       000000
__Ltext100                              text100      000000
__Ltext102                              text102      000000
__Ltext103                              text103      000000
__Ltext104                              text104      000000
__Ltext105                              text105      000000
__Ltext106                              text106      000000
__Ltext107                              text107      000000
__Ltext108                              text108      000000
__Ltext109                              text109      000000
__Ltext11                               text11       000000
__Ltext111                              text111      000000
__Ltext112                              text112      000000
__Ltext113                              text113      000000
__Ltext114                              text114      000000
__Ltext12                               text12       000000
__Ltext13                               text13       000000
__Ltext14                               text14       000000
__Ltext15                               text15       000000
__Ltext16                               text16       000000
__Ltext17                               text17       000000
__Ltext18                               text18       000000
__Ltext19                               text19       000000
__Ltext2                                text2        000000
__Ltext20                               text20       000000
__Ltext21                               text21       000000
__Ltext22                               text22       000000
__Ltext23                               text23       000000
__Ltext24                               text24       000000
__Ltext25                               text25       000000
__Ltext26                               text26       000000
__Ltext27                               text27       000000
__Ltext28                               text28       000000
__Ltext29                               text29       000000
__Ltext3                                text3        000000
__Ltext30                               text30       000000
__Ltext31                               text31       000000
__Ltext32                               text32       000000
__Ltext33                               text33       000000
__Ltext34                               text34       000000
__Ltext35                               text35       000000
__Ltext36                               text36       000000
__Ltext37                               text37       000000
__Ltext38                               text38       000000
__Ltext39                               text39       000000
__Ltext4                                text4        000000
__Ltext40                               text40       000000
__Ltext41                               text41       000000
__Ltext42                               text42       000000
__Ltext43                               text43       000000
__Ltext44                               text44       000000
__Ltext45                               text45       000000
__Ltext46                               text46       000000
__Ltext47                               text47       000000
__Ltext48                               text48       000000
__Ltext49                               text49       000000
__Ltext5                                text5        000000
__Ltext50                               text50       000000
__Ltext51                               text51       000000
__Ltext52                               text52       000000
[...]
 Hardware stack levels used:    1
 Hardware stack levels required when called:    3
 This function calls:
		i1_UARTchar
 This function is called by:
		_low_isr
 This function uses a non-reentrant model


 *************** function i1_UARTchar *****************
 Defined at:
		line 188 in file "UART.c"
 Parameters:    Size  Location     Type
  data            1    wreg     unsigned char 
 Auto vars:     Size  Location     Type
  data            1    0[COMRAM] unsigned char 
 Return value:  Size  Location     Type
		None               void
 Registers used:
		wreg, status,2
 Tracked objects:
		On entry : 
		On exit  : 
		Unchanged: 
 Data sizes:     COMRAM   BANK0   BANK1   BANK2   BANK3   BANK4   BANK5   BANK6   BANK7   BANK8   BANK9  BANK10  BANK11  BANK12  BANK13  BANK14  BANK15
      Params:         0       0       0       0       0       0       0       0       0       0       0       0       0       0       0       0       0
      Locals:         1       0       0       0       0       0       0       0       0       0       0       0       0       0       0       0       0
      Temps:          0       0       0       0       0       0       0       0       0       0       0       0       0       0       0       0       0
      Totals:         1       0       0       0       0       0       0       0       0       0       0       0       0       0       0       0       0
Total ram usage:        1 bytes
 Hardware stack levels used:    1
 Hardware stack levels required when called:    2
 This function calls:
		Nothing
 This function is called by:
		_EraseScreen
		_low_isr
		i1_UARTstring
		i1_UARTstringCRLN
 This function uses a non-reentrant model


 *************** function _high_isr *****************
 Defined at:
		line 59 in file "interrupts.c"
 Parameters:    Size  Location     Type
		None
 Auto vars:     Size  Location     Type
  Time0           2   34[COMRAM] unsigned int 
  IRpin           1   33[COMRAM] unsigned char 
 Return value:  Size  Location     Type
		None               void
 Registers used:
		wreg, fsr2l, fsr2h, status,2, status,0, prodl, prodh, cstack
 Tracked objects:
		On entry : 
		On exit  : 
		Unchanged: 
 Data sizes:     COMRAM   BANK0   BANK1   BANK2   BANK3   BANK4   BANK5   BANK6   BANK7   BANK8   BANK9  BANK10  BANK11  BANK12  BANK13  BANK14  BANK15
      Params:         0       0       0       0       0       0       0       0       0       0       0       0       0       0       0       0       0
      Locals:         3       0       0       0       0       0       0       0       0       0       0       0       0       0       0       0       0
      Temps:          0      18       0       0       0       0       0       0       0       0       0       0       0       0       0       0       0
      Totals:         3      18       0       0       0       0       0       0       0       0       0       0       0       0       0       0       0
Total ram usage:       21 bytes
 Hardware stack levels used:    1
 Hardware stack levels required when called:    1
 This function calls:
		_IRrawToNEC
		_ResetTimer3
		i2_ReadIRpin
		i2_ResetTimer0
 This function is called by:
		Interrupt level 2
 This function uses a non-reentrant model


 *************** function i2_ResetTimer0 *****************
 Defined at:
		line 79 in file "Timer.c"
 Parameters:    Size  Location     Type
		None
 Auto vars:     Size  Location     Type
		None
 Return value:  Size  Location     Type
		None               void
 Registers used:
		wreg, status,2
 Tracked objects:
		On entry : 
		On exit  : 
		Unchanged: 
 Data sizes:     COMRAM   BANK0   BANK1   BANK2   BANK3   BANK4   BANK5   BANK6   BANK7   BANK8   BANK9  BANK10  BANK11  BANK12  BANK13  BANK14  BANK15
      Params:         0       0       0       0       0       0       0       0       0       0       0       0       0       0       0       0       0
      Locals:         0       0       0       0       0       0       0       0       0       0       0       0       0       0       0       0       0
      Temps:          0       0       0       0       0       0       0       0       0       0       0       0       0       0       0       0       0
      Totals:         0       0       0       0       0       0       0       0       0       0       0       0       0       0       0       0       0
Total ram usage:        0 bytes
 Hardware stack levels used:    1
 This function calls:
		Nothing
 This function is called by:
		_high_isr
 This function uses a non-reentrant model


 *************** function i2_ReadIRpin *****************
 Defined at:
		line 107 in file "IR.c"
 Parameters:    Size  Location     Type
		None
 Auto vars:     Size  Location     Type
		None
 Return value:  Size  Location     Type
                  1    wreg      unsigned char 
 Registers used:
		wreg
 Tracked objects:
		On entry : 
		On exit  : 
		Unchanged: 
 Data sizes:     COMRAM   BANK0   BANK1   BANK2   BANK3   BANK4   BANK5   BANK6   BANK7   BANK8   BANK9  BANK10  BANK11  BANK12  BANK13  BANK14  BANK15
      Params:         0       0       0       0       0       0       0       0       0       0       0       0       0       0       0       0       0
      Locals:         0       0       0       0       0       0       0       0       0       0       0       0       0       0       0       0       0
      Temps:          0       0       0       0       0       0       0       0       0       0       0       0       0       0       0       0       0
      Totals:         0       0       0       0       0       0       0       0       0       0       0       0       0       0       0       0       0
Total ram usage:        0 bytes
 Hardware stack levels used:    1
 This function calls:
		Nothing
 This function is called by:
		_high_isr
 This function uses a non-reentrant model


 *************** function _ResetTimer3 *****************
 Defined at:
		line 160 in file "Timer.c"
 Parameters:    Size  Location     Type
		None
 Auto vars:     Size  Location     Type
		None
 Return value:  Size  Location     Type
		None               void
 Registers used:
		wreg, status,2
 Tracked objects:
		On entry : 
		On exit  : 
		Unchanged: 
 Data sizes:     COMRAM   BANK0   BANK1   BANK2   BANK3   BANK4   BANK5   BANK6   BANK7   BANK8   BANK9  BANK10  BANK11  BANK12  BANK13  BANK14  BANK15
      Params:         0       0       0       0       0       0       0       0       0       0       0       0       0       0       0       0       0
      Locals:         0       0       0       0       0       0       0       0       0       0       0       0       0       0       0       0       0
      Temps:          0       0       0       0       0       0       0       0       0       0       0       0       0       0       0       0       0
      Totals:         0       0       0       0       0       0       0       0       0       0       0       0       0       0       0       0       0
Total ram usage:        0 bytes
 Hardware stack levels used:    1
 This function calls:
		Nothing
 This function is called by:
		_high_isr
 This function uses a non-reentrant model


 *************** function _IRrawToNEC *****************
 Defined at:
		line 125 in file "IR.c"
 Parameters:    Size  Location     Type
  Raw             2   26[COMRAM] PTR unsigned int 
		 -> IRRawCode(144), 
  NEC             2   28[COMRAM] PTR unsigned long 
		 -> IR_NEC(4), 
  Invert          1   30[COMRAM] unsigned char 
 Auto vars:     Size  Location     Type
  NECtemp         4    0[BANK0 ] unsigned long 
  StartBit        1    6[BANK0 ] unsigned char 
  i               1    5[BANK0 ] unsigned char 
  first           1    4[BANK0 ] unsigned char 
 Return value:  Size  Location     Type
                  1    wreg      unsigned char 
 Registers used:
		wreg, fsr2l, fsr2h, status,2, status,0, prodl, prodh
 Tracked objects:
		On entry : 
		On exit  : 
		Unchanged: 
 Data sizes:     COMRAM   BANK0   BANK1   BANK2   BANK3   BANK4   BANK5   BANK6   BANK7   BANK8   BANK9  BANK10  BANK11  BANK12  BANK13  BANK14  BANK15
      Params:         5       0       0       0       0       0       0       0       0       0       0       0       0       0       0       0       0
      Locals:         0       7       0       0       0       0       0       0       0       0       0       0       0       0       0       0       0
      Temps:          2       0       0       0       0       0       0       0       0       0       0       0       0       0       0       0       0
      Totals:         7       7       0       0       0       0       0       0       0       0       0       0       0       0       0       0       0
Total ram usage:       14 bytes
 Hardware stack levels used:    1
 This function calls:
		Nothing
 This function is called by:
		_high_isr
 This function uses a non-reentrant model



MODULE INFORMATION

Module		Function		Class		Link	Load	Size
C:\Program Files (x86)\Microchip\xc8\v1.34\sources\common\ftge.c
		___ftge        		CODE           	7CD6	0000	207

C:\Program Files (x86)\Microchip\xc8\v1.34\sources\common\ftge.c estimated size: 207

UART.c
		_OpenUSART     		CODE           	8874	0000	125
		_Local_CloseUSA		CODE           	930E	0000	15
		_InitUART      		CODE           	782A	0000	279
		_UARTstring    		CODE           	8BCE	0000	91
		_EraseScreen   		CODE           	919A	0000	41
		_UARTstringCRLN		CODE           	89E2	0000	107
		_UARTchar      		CODE           	91E0	0000	31
		_ClearUSART    		CODE           	931C	0000	15
		_ReadUSART     		CODE           	921A	0000	25
		_UARTcommandMen		CODE           	75EE	0000	287

UART.c estimated size: 1016

Bluetooth.c
		_BluetoothConfi		CODE           	91FE	0000	29
		_BlueConnected 		CODE           	9354	0000	15
		_ResetBlue     		CODE           	9088	0000	51
		_WaitForIRsigna		CODE           	85CE	0000	145
		_BluetoothIniti		CODE           	4BA6	0000	1061
		_InitBluetooth 		CODE           	8C80	0000	87
		_UseBluetooth  		CODE           	01F6	0000	7937
		_EnterCommandMo		CODE           	7DA4	0000	201

Bluetooth.c estimated size: 9526

C:\Program Files (x86)\Microchip\xc8\v1.34\sources\common\ftdivl.c
		__tdiv_to_l_   		CODE           	66EA	0000	423

C:\Program Files (x86)\Microchip\xc8\v1.34\sources\common\ftdivl.c estimated size: 423

Timer.c
		_InitTimer0    		CODE           	92F0	0000	17
		_InitTimer1    		CODE           	9338	0000	15
		_InitTimer2    		CODE           	932A	0000	15
		_InitTimer3    		CODE           	9396	0000	11
		_InitTimers    		CODE           	92A4	0000	21
		_LEDTimerON    		CODE           	92CC	0000	19
		_ResetTimer0   		CODE           	93A0	0000	11
		_ResetTimer1   		CODE           	938C	0000	11
		_ResetTimer3   		CODE           	93B4	0000	11

Timer.c estimated size: 131

C:\Program Files (x86)\Microchip\xc8\v1.34\sources\common\ftneg.c
		___ftneg       		CODE           	90BA	0000	49

C:\Program Files (x86)\Microchip\xc8\v1.34\sources\common\ftneg.c estimated size: 49

interrupts.c
		_high_isr      		CODE           	0008	0000	1397
		_low_isr       		CODE           	0018	0000	475

interrupts.c estimated size: 1872

C:\Program Files (x86)\Microchip\xc8\v1.34\sources\common\Umul32.c
		___lmul        		CODE           	88F0	0000	123

C:\Program Files (x86)\Microchip\xc8\v1.34\sources\common\Umul32.c estimated size: 123

C:\Program Files (x86)\Microchip\xc8\v1.34\sources\common\fldivl.c
		__div_to_l_    		CODE           	6890	0000	405

C:\Program Files (x86)\Microchip\xc8\v1.34\sources\common\fldivl.c estimated size: 405

C:\Program Files (x86)\Microchip\xc8\v1.34\sources\common\ftsub.c
		___ftsub       		CODE           	8D80	0000	81

C:\Program Files (x86)\Microchip\xc8\v1.34\sources\common\ftsub.c estimated size: 81

C:\Program Files (x86)\Microchip\xc8\v1.34\sources\common\float.c
		___ftpack      		CODE           	74CE	0000	289

C:\Program Files (x86)\Microchip\xc8\v1.34\sources\common\float.c estimated size: 289

C:\Program Files (x86)\Microchip\xc8\v1.34\sources\common\awmod.c
		___awmod       		CODE           	80A0	0000	181

C:\Program Files (x86)\Microchip\xc8\v1.34\sources\common\awmod.c estimated size: 181

RF.c
		_SendRF_wait   		CODE           	8F28	0000	63
		_SendRF_Channel		CODE           	5F24	0000	601
		_SendRF        		CODE           	7A3A	0000	241

RF.c estimated size: 905

C:\Program Files (x86)\Microchip\xc8\v1.34\sources\common\llmod.c
		___llmod       		CODE           	82B4	0000	165

C:\Program Files (x86)\Microchip\xc8\v1.34\sources\common\llmod.c estimated size: 165

Button.c
		_ReadPushButton		CODE           	9300	0000	15
		_ReadCodeButton		CODE           	8D2C	0000	85

Button.c estimated size: 100

C:\Program Files (x86)\Microchip\xc8\v1.34\sources\common\ftmul.c
		___ftmul       		CODE           	6D22	0000	365

C:\Program Files (x86)\Microchip\xc8\v1.34\sources\common\ftmul.c estimated size: 365

C:\Program Files (x86)\Microchip\xc8\v1.34\sources\common\isdigit.c
		_isdigit       		CODE           	90EA	0000	47

C:\Program Files (x86)\Microchip\xc8\v1.34\sources\common\isdigit.c estimated size: 47

EEPROM.c
		_SetEEPROMdefau		CODE           	7280	0000	297
		_SetMemoryLong 		CODE           	7940	0000	251
		_SetMemoryChar 		CODE           	8FE0	0000	59
		_EEPROM_UNLOCK 		CODE           	9262	0000	23
		_EEPROMinitiali		CODE           	92B8	0000	21
		_ReadEEPROM_1By		CODE           	8FA4	0000	61
		_GetEEPROM     		CODE           	6A24	0000	399
		_WriteEEPROM_1B		CODE           	8EE8	0000	65
		_SetEEPROM     		CODE           	617C	0000	493
		_SyncEEPROMToGl		CODE           	6368	0000	463
		_SyncGlobalToEE		CODE           	8E18	0000	71
		_GetMemoryLong 		CODE           	6BB2	0000	369
		_GetMemoryChar 		CODE           	9170	0000	43

EEPROM.c estimated size: 2615

C:\Program Files (x86)\Microchip\xc8\v1.34\sources\common\lwtoft.c
		___lwtoft      		CODE           	9118	0000	45

C:\Program Files (x86)\Microchip\xc8\v1.34\sources\common\lwtoft.c estimated size: 45

C:\Program Files (x86)\Microchip\xc8\v1.34\sources\common\ftdiv.c
		___ftdiv       		CODE           	6E8E	0000	339

C:\Program Files (x86)\Microchip\xc8\v1.34\sources\common\ftdiv.c estimated size: 339

C:\Program Files (x86)\Microchip\xc8\v1.34\sources\common\lltoft.c
		___lltoft      		CODE           	87F4	0000	129

C:\Program Files (x86)\Microchip\xc8\v1.34\sources\common\lltoft.c estimated size: 129

shared
		i1_UARTchar    		CODE           	924A	0000	25
		_Conf2_ChannelB		MEDIUMCONST    	F2A4	0000	20
		_Conf2_ChannelD		MEDIUMCONST    	F2B7	0000	20
		_Conf1_ChannelD		MEDIUMCONST    	F3C9	0000	13
		_Conf1_ChannelE		MEDIUMCONST    	F3D5	0000	13
		_Conf1_ChannelF		MEDIUMCONST    	F3E1	0000	13
		i1_UARTstring  		CODE           	8C28	0000	89
		_Conf1_Channels		MEDIUMCONST    	F3F6	0000	5
		__powers_      		MEDIUMCONST    	F1E2	0000	40
		_Conf2_ChannelB		MEDIUMCONST    	F2EE	0000	17
		_Conf2_ChannelD		MEDIUMCONST    	F30E	0000	17
		_Conf2_ChannelH		MEDIUMCONST    	F229	0000	22
		_Conf2_ChannelH		MEDIUMCONST    	F23E	0000	22
		_Conf2_ChannelH		MEDIUMCONST    	F253	0000	22
		i2_ReadIRpin   		CODE           	937E	0000	15
		_dpowers       		MEDIUMCONST    	F193	0000	41
		_SYNTAX_ERR    		MEDIUMCONST    	F3BB	0000	15
		i1_BlueConnecte		CODE           	9370	0000	15
		i2_ResetTimer0 		CODE           	93AA	0000	11
		_Conf2_Channels		MEDIUMCONST    	F3FA	0000	5
		__npowers_     		MEDIUMCONST    	F1BB	0000	40
		_Conf1_ChannelD		MEDIUMCONST    	F38E	0000	16
		_Conf1_ChannelE		MEDIUMCONST    	F39D	0000	16
		_Conf1_ChannelF		MEDIUMCONST    	F3AC	0000	16
		i1_ReadUSART   		CODE           	928E	0000	23
		__initializatio		CODE           	7B2A	0000	215
		_CRLN          		MEDIUMCONST    	F3FE	0000	4
		_Conf2_ChannelH		MEDIUMCONST    	F32E	0000	17
		_Conf2_ChannelH		MEDIUMCONST    	F34E	0000	17
		_Conf2_ChannelH		MEDIUMCONST    	F36E	0000	17
		_Conf2_ChannelH		MEDIUMCONST    	F268	0000	21
		_Conf2_ChannelH		MEDIUMCONST    	F27C	0000	21
		_Conf2_ChannelH		MEDIUMCONST    	F290	0000	21
		_hexpowers     		MEDIUMCONST    	F209	0000	33
		_Conf2_ChannelB		MEDIUMCONST    	F2CA	0000	19
		_Conf2_ChannelD		MEDIUMCONST    	F2DC	0000	19
		i1_cleanBuffer 		CODE           	8F66	0000	63
		_Conf2_ChannelB		MEDIUMCONST    	F2FE	0000	17
		_Conf2_ChannelD		MEDIUMCONST    	F31E	0000	17
		_Version       		MEDIUMCONST    	F3ED	0000	10
		_Conf2_ChannelH		MEDIUMCONST    	F33E	0000	17
		_Conf2_ChannelH		MEDIUMCONST    	F35E	0000	17
		_Conf2_ChannelH		MEDIUMCONST    	F37E	0000	17
		i1_UARTstringCR		CODE           	8AB2	0000	101

shared estimated size: 1214

C:\Program Files (x86)\Microchip\xc8\v1.34\sources\common\altoft.c
		___altoft      		CODE           	83FA	0000	163

C:\Program Files (x86)\Microchip\xc8\v1.34\sources\common\altoft.c estimated size: 163

ADC.c
		_InternalADC_Re		CODE           	8358	0000	163
		_ReadVoltage   		CODE           	7F32	0000	185
		_VoltageDivider		CODE           	93CE	0000	5
		_InitADC       		CODE           	9278	0000	23
		_VoltageDivider		CODE           	93BE	0000	7
		_ResetADC      		CODE           	9362	0000	15

ADC.c estimated size: 398

C:\Program Files (x86)\Microchip\xc8\v1.34\sources\common\awdiv.c
		___awdiv       		CODE           	7C06	0000	209

C:\Program Files (x86)\Microchip\xc8\v1.34\sources\common\awdiv.c estimated size: 209

MISC.c
		_Round         		CODE           	8A4C	0000	103
		_StringContains		CODE           	8154	0000	179
		_BufferCopy    		CODE           	865E	0000	139
		_StringContains		CODE           	73A8	0000	295
		_GetStringAfter		CODE           	770C	0000	287
		_cleanBuffer   		CODE           	8B74	0000	91
		_cleanBuffer16b		CODE           	8B16	0000	95
		_lowercaseStrin		CODE           	8EA4	0000	69
		_delayUS       		CODE           	8CD6	0000	87
		_Reverse_Byte  		CODE           	7FEA	0000	183
		_IsLetter      		CODE           	91C2	0000	31
		_Reverse_4Byte 		CODE           	303A	0000	3199
		_StringAddEqual		CODE           	6536	0000	437
		_StringMatch   		CODE           	896A	0000	121
		_GetNumber     		CODE           	4720	0000	1159
		_IsCharacter   		CODE           	9232	0000	25
		_StringMatchCas		CODE           	853A	0000	149
		_lowercaseChar 		CODE           	9144	0000	45

MISC.c estimated size: 6694

IR.c
		_DecodeNEC     		CODE           	8206	0000	175
		_InitIR        		CODE           	8DD0	0000	73
		_EncodeNEC     		CODE           	7132	0000	335
		_UseIRCode     		CODE           	5CBA	0000	619
		_IRrawToNEC    		CODE           	4FCA	0000	1023
		_ReadIRpin     		CODE           	9346	0000	15
		_SendNEC_wait  		CODE           	849C	0000	159
		_SendNEC_bytes 		CODE           	86E8	0000	135
		_CheckReceiving		CODE           	92DE	0000	19

IR.c estimated size: 2553

C:\Program Files (x86)\Microchip\xc8\v1.34\sources\common\lldiv.c
		___lldiv       		CODE           	7E6C	0000	199

C:\Program Files (x86)\Microchip\xc8\v1.34\sources\common\lldiv.c estimated size: 199

user.c
		_InitApp       		CODE           	8E5E	0000	71
		_Init_System   		CODE           	876E	0000	135

user.c estimated size: 206

C:\Program Files (x86)\Microchip\xc8\v1.34\sources\common\doprnt.c
		_scale         		CODE           	421C	0000	1285
		_sprintf       		CODE           	20F6	0000	3909
		_fround        		CODE           	5764	0000	729

C:\Program Files (x86)\Microchip\xc8\v1.34\sources\common\doprnt.c estimated size: 5923

C:\Program Files (x86)\Microchip\xc8\v1.34\sources\common\fttol.c
		___fttol       		CODE           	6FE0	0000	339

C:\Program Files (x86)\Microchip\xc8\v1.34\sources\common\fttol.c estimated size: 339

main.c
		_main          		CODE           	53C8	0000	925

main.c estimated size: 925

C:\Program Files (x86)\Microchip\xc8\v1.34\sources\common\Umul16.c
		___wmul        		CODE           	901A	0000	57

C:\Program Files (x86)\Microchip\xc8\v1.34\sources\common\Umul16.c estimated size: 57

system.c
		_ConfigureOscil		CODE           	93D2	0000	3

system.c estimated size: 3

C:\Program Files (x86)\Microchip\xc8\v1.34\sources\common\ftadd.c
		___ftadd       		CODE           	5A3C	0000	639

C:\Program Files (x86)\Microchip\xc8\v1.34\sources\common\ftadd.c estimated size: 639

