Microchip MPLAB XC8 Compiler V1.33 ()

Linker command line:

-W-1 --edf=C:\Program Files (x86)\Microchip\xc8\v1.33\dat\en_msgs.txt -cs \
  -h+dist/xc8_pic18f26k20/production\PIC_IR_RF_Bluetooth_Home_Automation.production.sym \
  --cmf=dist/xc8_pic18f26k20/production\PIC_IR_RF_Bluetooth_Home_Automation.production.cmf \
  -z -Q18F26K20 -oC:\Users\David\AppData\Local\Temp\s94c.6 \
  -Mdist/xc8_pic18f26k20/production/PIC_IR_RF_Bluetooth_Home_Automation.production.map \
  -E1 -ver=XC8 -ASTACK=0A00h-0f5fh -pstack=STACK -ACODE=00h-0FFFFh \
  -ACONST=00h-0FFFFh -ASMALLCONST=01000h-010FFhx240 \
  -AMEDIUMCONST=01000h-0FFFFh -ACOMRAM=01h-05Fh -AABS1=00h-0F5Fh \
  -ABIGRAM=01h-0F5Fh -ARAM=060h-0FFh,0100h-01FFhx14,0F00h-0F5Fh \
  -ABANK0=060h-0FFh -ABANK1=0100h-01FFh -ABANK2=0200h-02FFh \
  -ABANK3=0300h-03FFh -ABANK4=0400h-04FFh -ABANK5=0500h-05FFh \
  -ABANK6=0600h-06FFh -ABANK7=0700h-07FFh -ABANK8=0800h-08FFh \
  -ABANK9=0900h-09FFh -ABANK10=0A00h-0AFFh -ABANK11=0B00h-0BFFh \
  -ABANK12=0C00h-0CFFh -ABANK13=0D00h-0DFFh -ABANK14=0E00h-0EFFh \
  -ABANK15=0F00h-0F5Fh -ASFR=0F60h-0FFFh \
  -preset_vec=00h,intcode=08h,intcodelo=018h,powerup,init,end_init \
  -pramtop=01000h -psmallconst=SMALLCONST -pmediumconst=MEDIUMCONST \
  -pconst=CONST -AFARRAM=00h-00h -ACONFIG=0300000h-030000Dh -pconfig=CONFIG \
  -AIDLOC=0200000h-0200007h -pidloc=IDLOC -AEEDATA=0F00000h-0F003FFh \
  -peeprom_data=EEDATA \
  -prdata=COMRAM,nvrram=COMRAM,nvbit=COMRAM,rbss=COMRAM,rbit=COMRAM \
  -pfarbss=FARRAM,fardata=FARRAM,nvFARRAM=FARRAM \
  -pintsave_regs=BIGRAM,bigbss=BIGRAM,bigdata=BIGRAM -pbss=RAM \
  -pidata=CODE,irdata=CODE,ibigdata=CODE,ifardata=CODE \
  C:\Users\David\AppData\Local\Temp\s94c.obj \
  dist/xc8_pic18f26k20/production\PIC_IR_RF_Bluetooth_Home_Automation.production.obj 

Object code version is 3.11

Machine type is 18F26K20

Call graph: (short form)




                Name                               Link     Load   Length Selector   Space Scale
C:\Users\David\AppData\Local\Temp\s94c.obj
                end_init                            1D6      1D6        4        C       0
                reset_vec                             0        0        4        0       0
                idloc                            200000   200000        8   200000       0
                config                           300000   300000        E   300000       0
dist/xc8_pic18f26k20/production\PIC_IR_RF_Bluetooth_Home_Automation.production.obj
                intcodelo                            18       18      1BE        C       0
                intcode                               8        8       10        4       0
                mediumconst                        DE9C     DE9C     2164     6F4E       0
                text130                            7D70     7D70      3B8        C       0
                text129                            C6B8     C6B8       10        C       0
                text128                            C6A8     C6A8       10        C       0
                text127                            C764     C764        A        C       0
                text126                            C62E     C62E       14        C       0
                text125                            C730     C730        C        C       0
                text124                            C75A     C75A        A        C       0
                text123                            C0DA     C0DA       40        C       0
                intcode_body                       5D56     5D56      70E        C       0
                text121                            C158     C158       3E        C       0
                text120                            C4F6     C4F6       2A        C       0
                text119                            C546     C546       26        C       0
                text118                            C5AE     C5AE       18        C       0
                text117                            C724     C724        C        C       0
                text116                            C61A     C61A       14        C       0
                text115                            C56C     C56C       24        C       0
                text114                            C49C     C49C       2E        C       0
                text113                            C46E     C46E       2E        C       0
                text111                            C77A     C77A        2        C       0
                text110                            C050     C050       46        C       0
                text109                            C666     C666       12        C       0
                text108                            C6F2     C6F2        E        C       0
                text107                            C5DC     C5DC       16        C       0
                text106                            C698     C698       10        C       0
                text105                            C2B0     C2B0       36        C       0
                text104                            BE78     BE78       58        C       0
                text103                            ABC2     ABC2      106        C       0
                text102                            C718     C718        C        C       0
                text101                            C5C6     C5C6       16        C       0
                text100                            C654     C654       12        C       0
                text99                             BCA4     BCA4       62        C       0
                text98                             A568     A568      11E        C       0
                text97                             A0D0     A0D0      130        C       0
                text96                             C1D2     C1D2       3A        C       0
                text95                             C20C     C20C       38        C       0
                text94                             B136     B136       D4        C       0
                text93                             C3B0     C3B0       32        C       0
                text92                             A9B2     A9B2      10A        C       0
                text91                             872A     872A      280        C       0
                text90                             C196     C196       3C        C       0
                text89                             985E     985E      17C        C       0
                text88                             B062     B062       D4        C       0
                text87                             B5B6     B5B6       A4        C       0
                text86                             BA66     BA66       7E        C       0
                text85                             8C0C     8C0C      228        C       0
                text84                             8E34     8E34      1E0        C       0
                text83                             AEAA     AEAA       E2        C       0
                text82                             B2D4     B2D4       C4        C       0
                text81                             9B54     9B54      176        C       0
                text80                             8128     8128      32C        C       0
                text79                             C4CA     C4CA       2C        C       0
                text78                             6AD2     6AD2      5C2        C       0
                text77                             379E     379E      FE4        C       0
                text76                             9548     9548      19A        C       0
                text75                             C2E6     C2E6       34        C       0
                text74                             9014     9014      1C0        C       0
                text73                             C27A     C27A       36        C       0
                text72                             C520     C520       26        C       0
                text71                             547C     547C      8DA        C       0
                text70                             BD64     BD64       5E        C       0
                text69                             C3E2     C3E2       30        C       0
                text68                             C606     C606       14        C       0
                text67                             BD06     BD06       5E        C       0
                text66                             C008     C008       48        C       0
                text65                             96E2     96E2      17C        C       0
                text64                             ACC8     ACC8       FA        C       0
                text63                             A200     A200      126        C       0
                text62                             A8A8     A8A8      10A        C       0
                text61                             B398     B398       BA        C       0
                text60                             B9E8     B9E8       7E        C       0
                text59                             C688     C688       10        C       0
                text58                             C70C     C70C        C        C       0
                text57                             C750     C750        A        C       0
                text56                             BDC2     BDC2       5C        C       0
                text55                             BED0     BED0       54        C       0
                text54                             C6E4     C6E4        E        C       0
                text53                             C6D6     C6D6        E        C       0
                text52                             C746     C746        A        C       0
                text51                             C5F2     C5F2       14        C       0
                text50                             C6C8     C6C8        E        C       0
                text49                             BB5A     BB5A       74        C       0
                text48                             B20A     B20A       CA        C       0
                text47                             BC40     BC40       64        C       0
                text46                             9F8C     9F8C      144        C       0
                text45                             A79C     A79C      10C        C       0
                text44                             A448     A448      120        C       0
                text43                             ADC2     ADC2       E8        C       0
                text42                             938E     938E      1BA        C       0
                text41                             91D4     91D4      1BA        C       0
                text40                             B452     B452       B4        C       0
                text39                             B506     B506       B0        C       0
                text38                             BE1E     BE1E       5A        C       0
                text37                             C096     C096       44        C       0
                text36                             9CCA     9CCA      16A        C       0
                text35                             99DA     99DA      17A        C       0
                text34                             C440     C440       2E        C       0
                text33                             B962     B962       86        C       0
                text32                             7094     7094      492        C       0
                text31                             7526     7526      45C        C       0
                text30                             AABC     AABC      106        C       0
                text29                             C590     C590       1E        C       0
                text28                             C37E     C37E       32        C       0
                text27                             C34C     C34C       32        C       0
                text26                             B796     B796       9E        C       0
                text25                             C778     C778        2        C       0
                text24                             9E34     9E34      158        C       0
                text23                             C412     C412       2E        C       0
                text22                             B6F8     B6F8       9E        C       0
                text21                             C678     C678       10        C       0
                text20                             4782     4782      CFA        C       0
                text19                             BBCE     BBCE       72        C       0
                text18                             B65A     B65A       9E        C       0
                text17                             C73C     C73C        A        C       0
                text16                             C642     C642       12        C       0
                text15                             A686     A686      116        C       0
                text14                             C11A     C11A       3E        C       0
                text13                             7982     7982      3EE        C       0
                text12                             89AA     89AA      262        C       0
                text11                             BAE4     BAE4       76        C       0
                text10                             B834     B834       9C        C       0
                text9                              A326     A326      122        C       0
                text8                              C244     C244       36        C       0
                text7                              BFC0     BFC0       48        C       0
                text6                              B8D0     B8D0       92        C       0
                text5                              BF76     BF76       4A        C       0
                text4                               1DA      1DA     35C4        C       0
                text3                              BF24     BF24       52        C       0
                text2                              C700     C700        C        C       0
                text1                              8454     8454      2D6        C       0
                text0                              6464     6464      66E        C       0
                cstackCOMRAM                          1        1       3F        1       1
                cstackBANK0                          60       60       9D       60       1
                cstackBANK1                         100      100       FF      100       1
                cstackBANK2                         200      200       9A      200       1
                cstackBANK3                         300      300       E5      300       1
                bssBANK7                            700      700       C8      700       1
                bssBANK6                            600      600       50      600       1
                dataBANK5                           5B6      5B6       32      500       1
                bssBANK5                            500      500       B6      500       1
                bssBANK4                            400      400       E6      400       1
                dataBANK3                           3F1      3F1        4      300       1
                bssBANK3                            3E5      3E5        C      300       1
                bssBANK2                            29A      29A       65      200       1
                bssBANK1                            1FF      1FF        1      100       1
                dataBANK0                            FF       FF        1       60       1
                bssBANK0                             FD       FD        2       60       1
                dataCOMRAM                           5A       5A        6        1       1
                bssCOMRAM                            40       40       1A        1       1
                cinit                              AF8C     AF8C       D6        C       0
                idataBANK5                         C31A     C31A       32        C       0
                idataBANK3                         C774     C774        4        C       0
                idataBANK0                         C77C     C77C        1        C       0
                idataCOMRAM                        C76E     C76E        6        C       0

TOTAL           Name                               Link     Load   Length     Space
        CLASS   STACK          

        CLASS   CODE           
                end_init                            1D6      1D6        4         0
                intcodelo                            18       18      1BE         0
                intcode                               8        8       10         0
                reset_vec                             0        0        4         0
                text130                            7D70     7D70      3B8         0
                text129                            C6B8     C6B8       10         0
                text128                            C6A8     C6A8       10         0
                text127                            C764     C764        A         0
                text126                            C62E     C62E       14         0
                text125                            C730     C730        C         0
                text124                            C75A     C75A        A         0
                text123                            C0DA     C0DA       40         0
                intcode_body                       5D56     5D56      70E         0
                text121                            C158     C158       3E         0
                text120                            C4F6     C4F6       2A         0
                text119                            C546     C546       26         0
                text118                            C5AE     C5AE       18         0
                text117                            C724     C724        C         0
                text116                            C61A     C61A       14         0
                text115                            C56C     C56C       24         0
                text114                            C49C     C49C       2E         0
                text113                            C46E     C46E       2E         0
                text111                            C77A     C77A        2         0
                text110                            C050     C050       46         0
                text109                            C666     C666       12         0
                text108                            C6F2     C6F2        E         0
                text107                            C5DC     C5DC       16         0
                text106                            C698     C698       10         0
                text105                            C2B0     C2B0       36         0
                text104                            BE78     BE78       58         0
                text103                            ABC2     ABC2      106         0
                text102                            C718     C718        C         0
                text101                            C5C6     C5C6       16         0
                text100                            C654     C654       12         0
                text99                             BCA4     BCA4       62         0
                text98                             A568     A568      11E         0
                text97                             A0D0     A0D0      130         0
                text96                             C1D2     C1D2       3A         0
                text95                             C20C     C20C       38         0
                text94                             B136     B136       D4         0
                text93                             C3B0     C3B0       32         0
                text92                             A9B2     A9B2      10A         0
                text91                             872A     872A      280         0
                text90                             C196     C196       3C         0
                text89                             985E     985E      17C         0
                text88                             B062     B062       D4         0
                text87                             B5B6     B5B6       A4         0
                text86                             BA66     BA66       7E         0
                text85                             8C0C     8C0C      228         0
                text84                             8E34     8E34      1E0         0
                text83                             AEAA     AEAA       E2         0
                text82                             B2D4     B2D4       C4         0
                text81                             9B54     9B54      176         0
                text80                             8128     8128      32C         0
                text79                             C4CA     C4CA       2C         0
                text78                             6AD2     6AD2      5C2         0
                text77                             379E     379E      FE4         0
                text76                             9548     9548      19A         0
                text75                             C2E6     C2E6       34         0
                text74                             9014     9014      1C0         0
                text73                             C27A     C27A       36         0
                text72                             C520     C520       26         0
                text71                             547C     547C      8DA         0
                text70                             BD64     BD64       5E         0
                text69                             C3E2     C3E2       30         0
                text68                             C606     C606       14         0
                text67                             BD06     BD06       5E         0
                text66                             C008     C008       48         0
                text65                             96E2     96E2      17C         0
                text64                             ACC8     ACC8       FA         0
                text63                             A200     A200      126         0
                text62                             A8A8     A8A8      10A         0
                text61                             B398     B398       BA         0
                text60                             B9E8     B9E8       7E         0
                text59                             C688     C688       10         0
                text58                             C70C     C70C        C         0
                text57                             C750     C750        A         0
                text56                             BDC2     BDC2       5C         0
                text55                             BED0     BED0       54         0
                text54                             C6E4     C6E4        E         0
                text53                             C6D6     C6D6        E         0
                text52                             C746     C746        A         0
                text51                             C5F2     C5F2       14         0
                text50                             C6C8     C6C8        E         0
                text49                             BB5A     BB5A       74         0
                text48                             B20A     B20A       CA         0
                text47                             BC40     BC40       64         0
                text46                             9F8C     9F8C      144         0
                text45                             A79C     A79C      10C         0
                text44                             A448     A448      120         0
                text43                             ADC2     ADC2       E8         0
                text42                             938E     938E      1BA         0
                text41                             91D4     91D4      1BA         0
                text40                             B452     B452       B4         0
                text39                             B506     B506       B0         0
                text38                             BE1E     BE1E       5A         0
                text37                             C096     C096       44         0
                text36                             9CCA     9CCA      16A         0
                text35                             99DA     99DA      17A         0
                text34                             C440     C440       2E         0
                text33                             B962     B962       86         0
                text32                             7094     7094      492         0
                text31                             7526     7526      45C         0
                text30                             AABC     AABC      106         0
                text29                             C590     C590       1E         0
                text28                             C37E     C37E       32         0
                text27                             C34C     C34C       32         0
                text26                             B796     B796       9E         0
                text25                             C778     C778        2         0
                text24                             9E34     9E34      158         0
                text23                             C412     C412       2E         0
                text22                             B6F8     B6F8       9E         0
                text21                             C678     C678       10         0
                text20                             4782     4782      CFA         0
                text19                             BBCE     BBCE       72         0
                text18                             B65A     B65A       9E         0
                text17                             C73C     C73C        A         0
                text16                             C642     C642       12         0
                text15                             A686     A686      116         0
                text14                             C11A     C11A       3E         0
                text13                             7982     7982      3EE         0
                text12                             89AA     89AA      262         0
                text11                             BAE4     BAE4       76         0
                text10                             B834     B834       9C         0
                text9                              A326     A326      122         0
                text8                              C244     C244       36         0
                text7                              BFC0     BFC0       48         0
                text6                              B8D0     B8D0       92         0
                text5                              BF76     BF76       4A         0
                text4                               1DA      1DA     35C4         0
                text3                              BF24     BF24       52         0
                text2                              C700     C700        C         0
                text1                              8454     8454      2D6         0
                text0                              6464     6464      66E         0
                cinit                              AF8C     AF8C       D6         0
                idataBANK5                         C31A     C31A       32         0
                idataBANK3                         C774     C774        4         0
                idataBANK0                         C77C     C77C        1         0
                idataCOMRAM                        C76E     C76E        6         0

        CLASS   CONST          

        CLASS   SMALLCONST     

        CLASS   MEDIUMCONST    
                mediumconst                        DE9C     DE9C     2164         0

        CLASS   COMRAM         
                cstackCOMRAM                          1        1       3F         1
                dataCOMRAM                           5A       5A        6         1
                bssCOMRAM                            40       40       1A         1

        CLASS   ABS1           

        CLASS   BIGRAM         

        CLASS   RAM            

        CLASS   BANK0          
                cstackBANK0                          60       60       9D         1
                dataBANK0                            FF       FF        1         1
                bssBANK0                             FD       FD        2         1

        CLASS   BANK1          
                cstackBANK1                         100      100       FF         1
                bssBANK1                            1FF      1FF        1         1

        CLASS   BANK2          
                cstackBANK2                         200      200       9A         1
                bssBANK2                            29A      29A       65         1

        CLASS   BANK3          
                cstackBANK3                         300      300       E5         1
                dataBANK3                           3F1      3F1        4         1
                bssBANK3                            3E5      3E5        C         1

        CLASS   BANK4          
                bssBANK4                            400      400       E6         1

        CLASS   BANK5          
                dataBANK5                           5B6      5B6       32         1
                bssBANK5                            500      500       B6         1

        CLASS   BANK6          
                bssBANK6                            600      600       50         1

        CLASS   BANK7          
                bssBANK7                            700      700       C8         1

        CLASS   BANK8          

        CLASS   BANK9          

        CLASS   BANK10         

        CLASS   BANK11         

        CLASS   BANK12         

        CLASS   BANK13         

        CLASS   BANK14         

        CLASS   BANK15         

        CLASS   SFR            

        CLASS   FARRAM         

        CLASS   CONFIG         
                config                           300000   300000        E         0

        CLASS   IDLOC          
                idloc                            200000   200000        8         0

        CLASS   EEDATA         



SEGMENTS        Name                           Load    Length   Top    Selector   Space  Class

                reset_vec                      000000  000004  000004         0       0  CODE    
                cstackCOMRAM                   000001  00005F  000060         1       1  COMRAM  
                intcode                        000008  000010  000018         4       0  CODE    
                intcodelo                      000018  00C765  00C77D         C       0  CODE    
                cstackBANK0                    000060  0000A0  000100        60       1  BANK0   
                cstackBANK1                    000100  000100  000200       100       1  BANK1   
                cstackBANK2                    000200  0000FF  0002FF       200       1  BANK2   
                cstackBANK3                    000300  0000F5  0003F5       300       1  BANK3   
                bssBANK4                       000400  0000E6  0004E6       400       1  BANK4   
                bssBANK5                       000500  0000E8  0005E8       500       1  BANK5   
                bssBANK6                       000600  000050  000650       600       1  BANK6   
                bssBANK7                       000700  0000C8  0007C8       700       1  BANK7   
                mediumconst                    00DE9C  002164  010000      6F4E       0  MEDIUMCO
                idloc                          200000  000008  200008    200000       0  IDLOC   
                config                         300000  00000E  30000E    300000       0  CONFIG  


UNUSED ADDRESS RANGES

        Name                Unused          Largest block    Delta
        BANK10           000A00-000AFF              100
        BANK11           000B00-000BFF              100
        BANK12           000C00-000CFF              100
        BANK13           000D00-000DFF              100
        BANK14           000E00-000EFF              100
        BANK15           000F00-000F5F               60
        BANK2            0002FF-0002FF                1
        BANK3            0003F5-0003FF                B
        BANK4            0004E6-0004FF               1A
        BANK5            0005E8-0005FF               18
        BANK6            000650-0006FF               B0
        BANK7            0007C8-0007FF               38
        BANK8            000800-0008FF              100
        BANK9            000900-0009FF              100
        BIGRAM           0002FF-0002FF                1
                         0003F5-0003FF                B
                         0004E6-0004FF               1A
                         0005E8-0005FF               18
                         000650-0006FF               B0
                         0007C8-000F5F              798
        CODE             000004-000007                4
                         00C77D-00DE9B             171F
        CONST            000004-000007                4
                         00C77D-00DE9B             171F
        EEDATA           F00000-F003FF              400
        MEDIUMCONST      00C77D-00DE9B             171F
        RAM              0002FF-0002FF                1
                         0003F5-0003FF                B
                         0004E6-0004FF               1A
                         0005E8-0005FF               18
                         000650-0006FF               B0
                         0007C8-000F5F              100
        SFR              000F60-000FFF               A0
        SMALLCONST       00C77D-00DE9B              100
        STACK            000A00-000F5F              560

                                  Symbol Table

?_EncodeNEC                                 cstackBANK0  000067
?_GetMemoryChar                             cstackBANK0  00006A
?_GetMemoryLong                             cstackBANK0  00006A
?_ReadEEPROM_1Byte                          cstackBANK0  000063
?_ReadVoltage                               cstackBANK0  00008C
?_Reverse_4Byte                             cstackBANK0  000063
?_Round                                     cstackBANK0  0000B1
?_SetEEPROM1                                cstackBANK0  00009C
?_SetEEPROM2                                cstackBANK1  000100
?___altoft                                  cstackBANK0  00006B
?___awdiv                                   cstackBANK0  000069
?___awmod                                   cstackBANK0  000063
?___ftadd                                   cstackBANK0  000096
?___ftdiv                                   cstackBANK0  00006E
?___ftmul                                   cstackBANK0  00007D
?___ftneg                                   cstackBANK0  000063
?___ftpack                                  cstackBANK0  000063
?___ftsub                                   cstackBANK0  0000A2
?___fttol                                   cstackBANK0  0000A2
?___lldiv                                   cstackBANK0  000063
?___llmod                                   cstackBANK0  000070
?___lltoft                                  cstackBANK0  00006B
?___lmul                                    cstackBANK0  000063
?___lwtoft                                  cstackBANK0  00006B
?___wmul                                    cstackBANK0  000071
?__div_to_l_                                cstackBANK0  000063
?__tdiv_to_l_                               cstackBANK0  000063
?_fround                                    cstackBANK0  00008C
?_scale                                     cstackBANK0  00008C
?_sprintf                                   cstackBANK0  0000B1
BluetoothInitialSetup@BluetoothVersionLine1 cstackBANK1  000133
BluetoothInitialSetup@BluetoothVersionLine2 cstackBANK1  000151
BluetoothInitialSetup@BroadcastTEMP         cstackBANK1  00016F
BluetoothInitialSetup@Default               cstackBANK1  0001B7
BluetoothInitialSetup@buf                   cstackBANK1  000184
BluetoothInitialSetup@first                 cstackBANK1  0001B6
BluetoothInitialSetup@i                     cstackBANK1  0001BA
BluetoothInitialSetup@j                     cstackBANK1  0001B8
BluetoothInitialSetup@ok                    cstackBANK1  0001B9
BufferCopy@count                            cstackBANK0  00007B
BufferCopy@from                             cstackBANK0  000077
BufferCopy@i                                cstackBANK0  00007D
BufferCopy@shift                            cstackBANK0  00007C
BufferCopy@to                               cstackBANK0  000079
DecodeNEC@Nec                               cstackBANK0  000067
DecodeNEC@address                           cstackBANK0  00006B
DecodeNEC@command                           cstackBANK0  00006D
DecodeNEC@temp1                             cstackBANK0  000075
DecodeNEC@temp2                             cstackBANK0  000073
DecodeNEC@temp3                             cstackBANK0  000074
DisplayRF_Channel@Conf3Channel              cstackBANK1  000132
DisplayRF_Channel@Conf3button               cstackBANK1  000133
DisplayRF_Channel@buf                       cstackBANK1  000100
DisplayRF_Channel@channel                   cstackBANK1  000134
EncodeNEC@address                           cstackBANK0  00008F
EncodeNEC@command                           cstackBANK0  000067
EncodeNEC@temp1                             cstackBANK0  00007F
EncodeNEC@temp2                             cstackBANK0  000083
EncodeNEC@temp3                             cstackBANK0  000087
EncodeNEC@temp4                             cstackBANK0  00008B
EnterCommandMode@buf                        cstackBANK1  000100
EnterCommandMode@count                      cstackBANK1  000132
EraseScreen@characters                      cstackCOMRAM 00000B
EraseScreen@i                               cstackCOMRAM 00000C
GetEEPROM1@Arrayspot                        cstackBANK0  000093
GetEEPROM1@Temp                             cstackBANK0  00008B
GetEEPROM1@i                                cstackBANK0  000094
GetEEPROM1@j                                cstackBANK0  000095
GetEEPROM2@Arrayspot                        cstackBANK0  000093
GetEEPROM2@Temp                             cstackBANK0  00008B
GetEEPROM2@i                                cstackBANK0  000094
GetEEPROM2@j                                cstackBANK0  000095
GetEEPROM2@k                                cstackBANK0  000096
GetMemoryChar@AddressFirst                  cstackBANK0  00006E
GetMemoryChar@H                             cstackBANK0  00006F
GetMemoryLong@AddressFirst                  cstackBANK0  00008A
GetMemoryLong@H                             cstackBANK0  000086
GetMemoryLong@L                             cstackBANK0  000089
GetMemoryLong@MH                            cstackBANK0  000087
GetMemoryLong@ML                            cstackBANK0  000088
GetMemoryLong@temp                          cstackBANK0  000082
GetNumber@CommaNumber                       cstackBANK0  000071
GetNumber@Hex                               cstackBANK0  00007C
GetNumber@This                              cstackBANK0  00006F
GetNumber@count                             cstackBANK0  00007B
GetNumber@i                                 cstackBANK0  00007D
GetNumber@negative                          cstackBANK0  00007A
GetNumber@result                            cstackBANK0  000072
GetNumber@temp                              cstackBANK0  00007F
GetNumber@tempCommaNumber                   cstackBANK0  000079
GetNumber@tempThis                          cstackBANK0  00007E
GetNumberUnsigned@CommaNumber               cstackBANK0  000071
GetNumberUnsigned@Hex                       cstackBANK0  00007B
GetNumberUnsigned@This                      cstackBANK0  00006F
GetNumberUnsigned@count                     cstackBANK0  00007A
GetNumberUnsigned@i                         cstackBANK0  00007C
GetNumberUnsigned@result                    cstackBANK0  000072
GetNumberUnsigned@temp                      cstackBANK0  00007D
GetNumberUnsigned@tempCommaNumber           cstackBANK0  000079
GetNumberUnsigned@tempThis                  cstackBANK0  000081
GetStringAfterComma@CommaNumber             cstackBANK0  000065
GetStringAfterComma@This                    cstackBANK0  000063
GetStringAfterComma@count                   cstackBANK0  000069
GetStringAfterComma@result                  cstackBANK0  000066
GetStringAfterComma@tempCommaNumber         cstackBANK0  000068
IRrawToNEC@Invert                           cstackCOMRAM 000024
IRrawToNEC@NEC                              cstackCOMRAM 000022
IRrawToNEC@NECtemp                          cstackCOMRAM 000027
IRrawToNEC@Raw                              cstackCOMRAM 000020
IRrawToNEC@StartBit                         cstackCOMRAM 00002D
IRrawToNEC@first                            cstackCOMRAM 00002B
IRrawToNEC@i                                cstackCOMRAM 00002C
InitUART@Baud                               cstackBANK0  0000B8
InitUART@config                             cstackBANK0  0000C5
InitUART@spbrg                              cstackBANK0  0000C3
InitUART@temp                               cstackBANK0  0000C6
Init_System@buf                             cstackBANK2  000200
InternalADC_Read@ADCcounts                  cstackBANK0  00006C
InternalADC_Read@AnaChanSel                 cstackBANK0  000070
InternalADC_Read@channel                    cstackBANK0  000071
IsAlphaNumeric@data                         cstackBANK0  000064
IsAlphaNumericString@data                   cstackBANK0  000065
IsCharacter@data                            cstackCOMRAM 000001
IsLetter@data                               cstackBANK0  000063
IsNumber@data                               cstackBANK0  000063
OpenUSART@config                            cstackBANK0  000068
OpenUSART@spbrg                             cstackBANK0  000063
ReadCodeButtons@temp                        cstackBANK0  00006C
ReadEEPROM_1Byte@GIEstatus                  cstackBANK0  000068
ReadEEPROM_1Byte@PEIEstatus                 cstackBANK0  000069
ReadEEPROM_1Byte@address                    cstackBANK0  000063
ReadUSART@data                              cstackBANK0  000063
ReadVoltage@temp                            cstackBANK0  000092
ReadVoltage@voltage                         cstackBANK0  00008F
Reverse_4Byte@This                          cstackBANK0  000063
Reverse_4Byte@temp                          cstackBANK0  00006F
Reverse_Byte@This                           cstackBANK0  000066
Reverse_Byte@temp                           cstackBANK0  000065
Round@input                                 cstackBANK0  0000B1
Round@temp                                  cstackBANK0  0000B4
SendNEC_bytes@RepeatAmount                  cstackBANK0  000077
SendNEC_bytes@code                          cstackBANK0  000073
SendNEC_wait@RepeatAmount                   cstackBANK0  00007C
SendNEC_wait@code                           cstackBANK0  000078
SendNEC_wait@toggle                         cstackBANK0  00007D
SendRF@Code                                 cstackBANK0  000063
SendRF@Config                               cstackBANK0  000065
SendRF@RepeatAmount                         cstackBANK0  000067
SendRF@i                                    cstackBANK0  00006A
SendRF@size                                 cstackBANK0  000066
SendRF_Channel@Conf3Channel                 cstackBANK0  000073
SendRF_Channel@Conf3button                  cstackBANK0  000074
SendRF_Channel@channel                      cstackBANK0  000072
SendRF_wait@Code                            cstackBANK0  00006B
SendRF_wait@Config                          cstackBANK0  00006D
SendRF_wait@amount                          cstackBANK0  00006F
SendRF_wait@size                            cstackBANK0  00006E
SetEEPROM1@Arrayspot                        cstackBANK0  0000C1
SetEEPROM1@Temp                             cstackBANK0  00009C
SetEEPROM1@burn                             cstackBANK0  0000BA
SetEEPROM1@fail                             cstackBANK0  0000C2
SetEEPROM1@i                                cstackBANK0  0000C6
SetEEPROM1@j                                cstackBANK0  0000C7
SetEEPROM1@temp                             cstackBANK0  0000C0
SetEEPROM2@Arrayspot                        cstackBANK0  0000A3
SetEEPROM2@Temp                             cstackBANK1  000100
SetEEPROM2@burn                             cstackBANK1  0001B6
SetEEPROM2@fail                             cstackBANK0  00009F
SetEEPROM2@i                                cstackBANK0  0000A4
SetEEPROM2@j                                cstackBANK0  0000A5
SetEEPROM2@k                                cstackBANK0  0000A6
SetEEPROM2@temp                             cstackBANK0  00009E
SetEEPROMdefault@i                          cstackBANK0  0000D0
SetEEPROMdefault@j                          cstackBANK0  0000D1
SetEEPROMdefault@k                          cstackBANK0  0000CF
SetMemoryChar@AddressFirst                  cstackBANK0  000070
SetMemoryChar@Data                          cstackBANK0  000076
SetMemoryChar@Test                          cstackBANK0  000075
SetMemoryLong@AddressFirst                  cstackBANK0  00008F
SetMemoryLong@Data                          cstackBANK0  00008B
SetMemoryLong@H                             cstackBANK0  000098
SetMemoryLong@L                             cstackBANK0  00009B
SetMemoryLong@MH                            cstackBANK0  000099
SetMemoryLong@ML                            cstackBANK0  00009A
SetMemoryLong@Test                          cstackBANK0  000094
SetTimer0@temp                              cstackCOMRAM 000020
StringAddEqual@Input                        cstackBANK0  00007E
StringAddEqual@NullPosition                 cstackBANK0  000085
StringAddEqual@equal                        cstackBANK0  000084
StringAddEqual@firstnumber                  cstackBANK0  000086
StringAddEqual@i                            cstackBANK0  000088
StringAddEqual@j                            cstackBANK0  000087
StringAddEqual@temp                         cstackBANK1  000100
StringContains@MatchAmount                  cstackBANK0  000069
StringContains@MatchCount                   cstackBANK0  00006A
StringContains@That                         cstackBANK0  000065
StringContains@This                         cstackBANK0  000063
StringContains@i                            cstackBANK0  00006B
StringContainsCaseInsensitive@MatchAmount   cstackBANK0  00006C
StringContainsCaseInsensitive@MatchCount    cstackBANK0  00006D
StringContainsCaseInsensitive@That          cstackBANK0  000068
StringContainsCaseInsensitive@This          cstackBANK0  000066
StringContainsCaseInsensitive@i             cstackBANK0  000070
StringContainsCaseInsensitive@tempThat      cstackBANK0  00006F
StringContainsCaseInsensitive@tempThis      cstackBANK0  00006E
StringMatch@That                            cstackBANK0  000065
StringMatch@This                            cstackBANK0  000063
StringMatchCaseInsensitive@That             cstackBANK0  000068
StringMatchCaseInsensitive@This             cstackBANK0  000066
StringMatchCaseInsensitive@tempThat         cstackBANK0  00006B
StringMatchCaseInsensitive@tempThis         cstackBANK0  00006A
SyncEEPROMToGlobal@Temp1                    cstackBANK1  0001B7
SyncEEPROMToGlobal@Temp2                    cstackBANK1  000100
SyncEEPROMToGlobal@i                        cstackBANK1  0001D5
SyncEEPROMToGlobal@j                        cstackBANK1  0001D6
SyncEEPROMToGlobal@k                        cstackBANK1  0001B6
SyncGlobalToEEPROM@ok                       cstackBANK0  0000CC
UARTchar@data                               cstackBANK0  00006C
UARTchar_CONST@data                         cstackBANK0  00006C
UARTchar_CONST@temp                         cstackBANK0  00006D
UARTcommandMenu@Command                     cstackBANK0  000070
UARTcommandMenu@Desc                        cstackBANK0  000072
UARTcommandMenu@i                           cstackBANK0  000079
UARTcommandMenu@place                       cstackBANK0  00007A
UARTstring@data                             cstackBANK0  00006D
UARTstringCRLN@data                         cstackBANK0  000070
UARTstringCRLN_CONST@data                   cstackBANK0  000070
UARTstring_CONST@data                       cstackBANK0  00006E
UseBluetooth@EmptyPlace                     cstackBANK2  000290
UseBluetooth@EnteredNEC                     cstackBANK2  000287
UseBluetooth@EqualStatus                    cstackBANK2  00028B
UseBluetooth@NecAddress                     cstackBANK2  000292
UseBluetooth@NecCommand                     cstackBANK2  000293
UseBluetooth@ReceivedStringPosOLD           cstackBANK2  00026F
UseBluetooth@SerialNumberTEMP               cstackBANK2  00027F
UseBluetooth@String                         cstackBANK0  0000EA
UseBluetooth@StringPos                      cstackBANK0  0000EC
UseBluetooth@action                         cstackBANK2  00026E
UseBluetooth@buf                            cstackBANK2  000200
UseBluetooth@bufSmall                       cstackBANK2  000264
UseBluetooth@button                         cstackBANK2  000270
UseBluetooth@channel                        cstackBANK2  000286
UseBluetooth@device                         cstackBANK2  000284
UseBluetooth@i                              cstackBANK2  000299
UseBluetooth@j                              cstackBANK2  000298
UseBluetooth@k                              cstackBANK2  00028C
UseBluetooth@ok                             cstackBANK2  00028F
UseBluetooth@rfchannelSTR                   cstackBANK2  000271
UseBluetooth@rfconf                         cstackBANK2  000291
UseBluetooth@set                            cstackBANK2  000285
UseBluetooth@system                         cstackBANK2  000283
UseBluetooth@temp                           cstackBANK2  000294
UseBluetooth@tempNec                        cstackBANK2  00027B
UseBluetooth@tempRFArray                    cstackBANK2  00028E
UseBluetooth@timeout                        cstackBANK2  00028D
UseIRCode@Code                              cstackBANK0  0000CD
UseIRCode@NEC                               cstackBANK0  0000CF
UseIRCode@found                             cstackBANK0  0000D5
UseIRCode@i                                 cstackBANK0  0000D7
UseIRCode@j                                 cstackBANK0  0000D6
WaitForIRsignal@timeout                     cstackBANK0  000072
WriteEEPROM_1Byte@GIEstatus                 cstackBANK0  000069
WriteEEPROM_1Byte@PEIEstatus                cstackBANK0  00006A
WriteEEPROM_1Byte@address                   cstackBANK0  000063
WriteEEPROM_1Byte@data                      cstackBANK0  000065
_ADCON0                                     (abs)        000FC2
_ADCON0bits                                 (abs)        000FC2
_ADCON1                                     (abs)        000FC1
_ADCON1bits                                 (abs)        000FC1
_ADCON2                                     (abs)        000FC0
_ADCON2bits                                 (abs)        000FC0
_ADRESH                                     (abs)        000FC4
_ADRESL                                     (abs)        000FC3
_ANSEL                                      (abs)        000F7E
_ANSELH                                     (abs)        000F7F
_BAUDCONbits                                (abs)        000FB8
_BatteryVoltage                             bssBANK3     0003E5
_BlueConnected                              text102      00C718
_BluetoothBroadcast                         bssBANK2     0002EA
_BluetoothChangeStatus                      bssBANK3     0003E8
_BluetoothConfigured                        text106      00C698
_BluetoothFirmware1                         bssBANK2     0002AE
_BluetoothFirmware2                         bssBANK4     0004C8
_BluetoothInitialSetup                      text71       00547C
_BufferCopy                                 text103      00ABC2
_BufferOverflow                             bssBANK3     0003E9
_CRLN                                       mediumconst  00E921
_CheckReceivingIR                           text21       00C678
_ClearUSART                                 text100      00C654
_CommandString                              bssBANK4     000400
_CommandStringPos                           bssCOMRAM    000044
_Conf1_ChannelD                             mediumconst  00E8E1
_Conf1_ChannelD_STR                         mediumconst  00E888
_Conf1_ChannelE                             mediumconst  00E8ED
_Conf1_ChannelE_STR                         mediumconst  00E897
_Conf1_ChannelF                             mediumconst  00E8F9
_Conf1_ChannelF_STR                         mediumconst  00E8A6
_Conf1_Channels                             mediumconst  00E919
_Conf2_ChannelB_OFF                         mediumconst  00E7E8
_Conf2_ChannelB_OFF_STR                     mediumconst  00E748
_Conf2_ChannelB_ON                          mediumconst  00E7F8
_Conf2_ChannelB_ON_STR                      mediumconst  00E76E
_Conf2_ChannelB_STR                         mediumconst  00E8B5
_Conf2_ChannelB_Status                      bssCOMRAM    000045
_Conf2_ChannelD_OFF                         mediumconst  00E808
_Conf2_ChannelD_OFF_STR                     mediumconst  00E75B
_Conf2_ChannelD_ON                          mediumconst  00E818
_Conf2_ChannelD_ON_STR                      mediumconst  00E780
_Conf2_ChannelD_STR                         mediumconst  00E8C4
_Conf2_ChannelD_Status                      bssCOMRAM    000046
_Conf2_ChannelH_1_OFF                       mediumconst  00E828
_Conf2_ChannelH_1_OFF_STR                   mediumconst  00E6CD
_Conf2_ChannelH_1_ON                        mediumconst  00E838
_Conf2_ChannelH_1_ON_STR                    mediumconst  00E70C
_Conf2_ChannelH_1_STR                       mediumconst  00E7A4
_Conf2_ChannelH_1_Status                    bssCOMRAM    000047
_Conf2_ChannelH_2_OFF                       mediumconst  00E848
_Conf2_ChannelH_2_OFF_STR                   mediumconst  00E6E2
_Conf2_ChannelH_2_ON                        mediumconst  00E858
_Conf2_ChannelH_2_ON_STR                    mediumconst  00E720
_Conf2_ChannelH_2_STR                       mediumconst  00E7B5
_Conf2_ChannelH_2_Status                    bssCOMRAM    000048
_Conf2_ChannelH_3_OFF                       mediumconst  00E868
_Conf2_ChannelH_3_OFF_STR                   mediumconst  00E6F7
_Conf2_ChannelH_3_ON                        mediumconst  00E878
_Conf2_ChannelH_3_ON_STR                    mediumconst  00E734
_Conf2_ChannelH_3_STR                       mediumconst  00E7C6
_Conf2_ChannelH_3_Status                    bssCOMRAM    000049
_Conf2_Channels                             mediumconst  00E91D
_Conf3                                      mediumconst  00DF33
_Conf3_Buttons                              mediumconst  00E90E
_Conf3_Channels                             mediumconst  00E7D7
_Conf3__Status                              bssBANK6     000600
_ConfigureOscillator                        text111      00C77A
_DecodeNEC                                  text39       00B506
_DisplayRF_Channel                          text36       009CCA
_EEADR                                      (abs)        000FA9
_EEADRH                                     (abs)        000FAA
_EECON1bits                                 (abs)        000FA6
_EECON2                                     (abs)        000FA7
_EEDATA                                     (abs)        000FA8
_EEPROM_UNLOCK                              text68       00C606
_EEPROMinitialized                          text109      00C666
_EncodeNEC                                  text35       0099DA
_EnterCommandMode                           text76       009548
_EraseScreen                                text119      00C546
_FirmVersion                                mediumconst  00E905
_Frequency                                  mediumconst  00E792
_GetEEPROM1                                 text44       00A448
_GetEEPROM2                                 text43       00ADC2
_GetMemoryChar                              text69       00C3E2
_GetMemoryLong                              text65       0096E2
_GetNumber                                  text32       007094
_GetNumberUnsigned                          text31       007526
_GetStringAfterComma                        text30       00AABC
_Global1                                    bssBANK2     0002CC
_Global2                                    bssBANK5     000500
_INTCON2bits                                (abs)        000FF1
_INTCONbits                                 (abs)        000FF2
_IOCBbits                                   (abs)        000F7D
_IPR1bits                                   (abs)        000F9F
_IPR2bits                                   (abs)        000FA2
_IRRawCode                                  bssBANK7     000700
_IR_NEC                                     bssBANK3     0003EC
_IR_New_Code                                bssBANK3     0003F0
_IRaddress                                  bssBANK1     0001FF
_IRbit                                      bssCOMRAM    00004A
_IRbitPosition                              dataCOMRAM   00005A
_IRcodeBit                                  bssCOMRAM    00004B
_IRcodePlace                                dataBANK0    0000FF
_IRcommand                                  bssCOMRAM    000059
_IRmod                                      bssCOMRAM    00004C
_IRpinOLD                                   bssCOMRAM    00004D
_IRrawCodeNum                               bssCOMRAM    00004E
_IRrawToNEC                                 text130      007D70
_IRrepeatAmount                             bssCOMRAM    00004F
_IRrepeatflag                               bssCOMRAM    000050
_IRsendCode                                 bssCOMRAM    000040
_IRsendFlag                                 bssCOMRAM    000051
_IRtimeout                                  dataBANK3    0003F1
_InitADC                                    text107      00C5DC
_InitApp                                    text110      00C050
_InitBluetooth                              text60       00B9E8
_InitIR                                     text55       00BED0
_InitTimer0                                 text59       00C688
_InitTimer1                                 text54       00C6E4
_InitTimer2                                 text53       00C6D6
_InitTimer3                                 text52       00C746
_InitTimers                                 text51       00C5F2
_InitUART                                   text46       009F8C
_InitUART$4306                              cstackBANK0  0000C0
_Init_System                                text41       0091D4
_InternalADC_Read                           text26       00B796
_IsAlphaNumeric                             text28       00C37E
_IsAlphaNumericString                       text27       00C34C
_IsCharacter                                text118      00C5AE
_IsLetter                                   text34       00C440
_IsNumber                                   text29       00C590
_LATA                                       (abs)        000F89
_LATB                                       (abs)        000F8A
_LATC                                       (abs)        000F8B
_LEDTimerON                                 text16       00C642
_Local_CloseUSART                           text50       00C6C8
_NewReceivedString                          bssBANK3     0003EA
_OpenUSART                                  text49       00BB5A
_PCBVersion                                 mediumconst  00E914
_PIE1bits                                   (abs)        000F9D
_PIE2bits                                   (abs)        000FA0
_PIR1bits                                   (abs)        000F9E
_PIR2bits                                   (abs)        000FA1
_PORTA                                      (abs)        000F80
_PORTB                                      (abs)        000F81
_PORTC                                      (abs)        000F82
_PR2                                        (abs)        000FCB
_ProductName                                dataBANK5    0005B6
_ProjectName                                mediumconst  00E6B3
_RCONbits                                   (abs)        000FD0
_RCREG                                      (abs)        000FAE
_RCSTA                                      (abs)        000FAB
_RCSTAbits                                  (abs)        000FAB
_RFConfig                                   bssBANK0     0000FD
_RFPause                                    bssCOMRAM    000052
_RF_IR                                      dataCOMRAM   00005B
_RF_IR_Postscaler                           dataCOMRAM   00005C
_RFcodeBit                                  bssCOMRAM    000053
_RFcodePlace                                bssBANK0     0000FE
_RFoff                                      text129      00C6B8
_RFon                                       text128      00C6A8
_RFsendCode                                 bssBANK2     00029A
_RFsendFlag                                 bssCOMRAM    000054
_ReadCodeButtons                            text3        00BF24
_ReadEEPROM_1Byte                           text70       00BD64
_ReadIRpin                                  text58       00C70C
_ReadPushButton                             text2        00C700
_ReadUSART                                  text101      00C5C6
_ReadVoltage                                text22       00B6F8
_ReceivedString                             bssBANK4     000464
_ReceivedStringPos                          bssBANK3     0003EB
_ReceivingIR                                dataCOMRAM   00005D
_ResetADC                                   text108      00C6F2
_ResetBlue                                  text98       00A568
_ResetTimer0                                text57       00C750
_ResetTimer1                                text17       00C73C
_ResetTimer3                                text127      00C764
_Reverse_4Byte                              text20       004782
_Reverse_Byte                               text40       00B452
_Round                                      text47       00BC40
_SPBRG                                      (abs)        000FAF
_SPBRGH                                     (abs)        000FB0
_SYNTAX_ERR                                 mediumconst  00E8D3
_SendNEC_bytes                              text19       00BBCE
_SendNEC_wait                               text18       00B65A
_SendRF                                     text15       00A686
_SendRF_Channel                             text13       007982
_SendRF_wait                                text14       00C11A
_Sendcount                                  bssCOMRAM    000055
_Sent                                       dataCOMRAM   00005E
_SetEEPROM1                                 text63       00A200
_SetEEPROM2                                 text62       00A8A8
_SetEEPROMdefault                           text45       00A79C
_SetMemoryChar                              text66       00C008
_SetMemoryLong                              text64       00ACC8
_SetTimer0                                  text126      00C62E
_StringAddEqual                             text12       0089AA
_StringContains                             text97       00A0D0
_StringContainsCaseInsensitive              text74       009014
_StringMatch                                text11       00BAE4
_StringMatchCaseInsensitive                 text10       00B834
_SyncEEPROMToGlobal                         text42       00938E
_SyncGlobalToEEPROM                         text61       00B398
_T0CONbits                                  (abs)        000FD5
_T1CONbits                                  (abs)        000FCD
_T2CONbits                                  (abs)        000FCA
_T3CONbits                                  (abs)        000FB1
_TABLAT                                     (abs)        000FF5
_TBLPTRH                                    (abs)        000FF7
_TBLPTRL                                    (abs)        000FF6
_TBLPTRU                                    (abs)        000FF8
_TMR0H                                      (abs)        000FD7
_TMR0L                                      (abs)        000FD6
_TMR1H                                      (abs)        000FCF
_TMR1L                                      (abs)        000FCE
_TMR2                                       (abs)        000FCC
_TMR3H                                      (abs)        000FB3
_TMR3L                                      (abs)        000FB2
_TRISAbits                                  (abs)        000F92
_TRISBbits                                  (abs)        000F93
_TRISCbits                                  (abs)        000F94
_TXREG                                      (abs)        000FAD
_TXSTA                                      (abs)        000FAC
_TXSTAbits                                  (abs)        000FAC
_Timer1_Postscaler                          bssCOMRAM    000056
_Timer2_Postscaler                          bssCOMRAM    000057
_Timer3_Postscaler                          bssCOMRAM    000058
_UARTchar                                   text73       00C27A
_UARTchar_CONST                             text96       00C1D2
_UARTcommandMenu                            text9        00A326
_UARTstring                                 text72       00C520
_UARTstringCRLN                             text8        00C244
_UARTstringCRLN_CONST                       text7        00BFC0
_UARTstring_CONST                           text95       00C20C
_UseBluetooth                               text4        0001DA
_UseIRCode                                  text1        008454
_VoltageDividerOFF                          text25       00C778
_WPUB                                       (abs)        000F7C
_WaitForIRsignal                            text6        00B8D0
_WriteEEPROM_1Byte                          text67       00BD06
__CFG_BOREN$SBORDIS                         (abs)        000000
__CFG_BORV$27                               (abs)        000000
__CFG_CCP2MX$PORTC                          (abs)        000000
__CFG_CP0$OFF                               (abs)        000000
__CFG_CP1$OFF                               (abs)        000000
__CFG_CP2$OFF                               (abs)        000000
__CFG_CP3$OFF                               (abs)        000000
__CFG_CPB$OFF                               (abs)        000000
__CFG_CPD$OFF                               (abs)        000000
__CFG_EBTR0$OFF                             (abs)        000000
__CFG_EBTR1$OFF                             (abs)        000000
__CFG_EBTR2$OFF                             (abs)        000000
__CFG_EBTR3$OFF                             (abs)        000000
__CFG_EBTRB$OFF                             (abs)        000000
__CFG_FCMEN$OFF                             (abs)        000000
__CFG_FOSC$HSPLL                            (abs)        000000
__CFG_HFOFST$ON                             (abs)        000000
__CFG_IESO$OFF                              (abs)        000000
__CFG_LPT1OSC$OFF                           (abs)        000000
__CFG_LVP$OFF                               (abs)        000000
__CFG_MCLRE$ON                              (abs)        000000
__CFG_PBADEN$OFF                            (abs)        000000
__CFG_PWRT$OFF                              (abs)        000000
__CFG_STVREN$ON                             (abs)        000000
__CFG_WDTEN$OFF                             (abs)        000000
__CFG_WDTPS$32768                           (abs)        000000
__CFG_WRT0$OFF                              (abs)        000000
__CFG_WRT1$OFF                              (abs)        000000
__CFG_WRT2$OFF                              (abs)        000000
__CFG_WRT3$OFF                              (abs)        000000
__CFG_WRTB$OFF                              (abs)        000000
__CFG_WRTC$OFF                              (abs)        000000
__CFG_WRTD$OFF                              (abs)        000000
__CFG_XINST$OFF                             (abs)        000000
__HRAM                                      (abs)        000000
__Habs1                                     abs1         000000
__Hbank0                                    bank0        000000
__Hbank1                                    bank1        000000
__Hbank10                                   bank10       000000
__Hbank11                                   bank11       000000
__Hbank12                                   bank12       000000
__Hbank13                                   bank13       000000
__Hbank14                                   bank14       000000
__Hbank15                                   bank15       000000
__Hbank2                                    bank2        000000
__Hbank3                                    bank3        000000
__Hbank4                                    bank4        000000
__Hbank5                                    bank5        000000
__Hbank6                                    bank6        000000
__Hbank7                                    bank7        000000
__Hbank8                                    bank8        000000
__Hbank9                                    bank9        000000
__Hbigbss                                   bigbss       000000
__Hbigdata                                  bigdata      000000
__Hbigram                                   bigram       000000
__Hbss                                      bss          000000
__HbssBANK0                                 bssBANK0     000000
__HbssBANK1                                 bssBANK1     000000
__HbssBANK2                                 bssBANK2     000000
__HbssBANK3                                 bssBANK3     000000
__HbssBANK4                                 bssBANK4     000000
__HbssBANK5                                 bssBANK5     000000
__HbssBANK6                                 bssBANK6     000000
__HbssBANK7                                 bssBANK7     000000
__HbssCOMRAM                                bssCOMRAM    000000
__Hcinit                                    cinit        000000
__Hclrtext                                  clrtext      000000
__Hcomram                                   comram       000000
__Hconfig                                   config       30000E
__Hconst                                    const        000000
__HcstackBANK0                              cstackBANK0  000000
__HcstackBANK1                              cstackBANK1  000000
__HcstackBANK2                              cstackBANK2  000000
__HcstackBANK3                              cstackBANK3  000000
__HcstackCOMRAM                             cstackCOMRAM 000000
__Hdata                                     data         000000
__HdataBANK0                                dataBANK0    000000
__HdataBANK3                                dataBANK3    000000
__HdataBANK5                                dataBANK5    000000
__HdataCOMRAM                               dataCOMRAM   000000
__Heeprom_data                              eeprom_data  000000
__Hend_init                                 end_init     0001DA
__Hfarbss                                   farbss       000000
__Hfardata                                  fardata      000000
__Hibigdata                                 ibigdata     000000
__Hidata                                    idata        000000
__HidataBANK0                               idataBANK0   000000
__HidataBANK3                               idataBANK3   000000
__HidataBANK5                               idataBANK5   000000
__HidataCOMRAM                              idataCOMRAM  000000
__Hidloc                                    idloc        200008
__Hifardata                                 ifardata     000000
__Hinit                                     init         0001D6
__Hintcode                                  intcode      000018
__Hintcode_body                             intcode_body 000000
__Hintcodelo                                intcodelo    0001D6
__Hintentry                                 intentry     000000
__Hintret                                   intret       000000
__Hintsave_regs                             intsave_regs 000000
__Hirdata                                   irdata       000000
__Hmediumconst                              mediumconst  010000
__HnvFARRAM                                 nvFARRAM     000000
__Hnvbit                                    nvbit        000000
__Hnvrram                                   nvrram       000000
__Hparam                                    rparam       000000
__Hpowerup                                  powerup      0001D6
__Hram                                      ram          000000
__Hramtop                                   ramtop       001000
__Hrbit                                     rbit         000000
__Hrbss                                     rbss         000000
__Hrdata                                    rdata        000000
__Hreset_vec                                reset_vec    000004
__Hrparam                                   rparam       000000
__Hsfr                                      sfr          000000
__Hsmallconst                               smallconst   000000
__Hspace_0                                  (abs)        30000E
__Hspace_1                                  (abs)        0007C8
__Hspace_2                                  (abs)        000000
__Hstack                                    stack        000000
__Hstruct                                   struct       000000
__Htemp                                     temp         000000
__Htext                                     text         000000
__Htext0                                    text0        000000
__Htext1                                    text1        000000
__Htext10                                   text10       000000
__Htext100                                  text100      000000
__Htext101                                  text101      000000
__Htext102                                  text102      000000
__Htext103                                  text103      000000
__Htext104                                  text104      000000
__Htext105                                  text105      000000
__Htext106                                  text106      000000
__Htext107                                  text107      000000
__Htext108                                  text108      000000
__Htext109                                  text109      000000
__Htext11                                   text11       000000
__Htext110                                  text110      000000
__Htext111                                  text111      000000
__Htext113                                  text113      000000
__Htext114                                  text114      000000
__Htext115                                  text115      000000
__Htext116                                  text116      000000
__Htext117                                  text117      000000
__Htext118                                  text118      000000
__Htext119                                  text119      000000
__Htext12                                   text12       000000
__Htext120                                  text120      000000
__Htext121                                  text121      000000
__Htext123                                  text123      000000
__Htext124                                  text124      000000
__Htext125                                  text125      000000
__Htext126                                  text126      000000
__Htext127                                  text127      000000
__Htext128                                  text128      000000
__Htext129                                  text129      000000
__Htext13                                   text13       000000
__Htext130                                  text130      000000
__Htext14                                   text14       000000
__Htext15                                   text15       000000
__Htext16                                   text16       000000
__Htext17                                   text17       000000
__Htext18                                   text18       000000
__Htext19                                   text19       000000
__Htext2                                    text2        000000
__Htext20                                   text20       000000
__Htext21                                   text21       000000
__Htext22                                   text22       000000
__Htext23                                   text23       000000
__Htext24                                   text24       000000
__Htext25                                   text25       000000
__Htext26                                   text26       000000
__Htext27                                   text27       000000
__Htext28                                   text28       000000
__Htext29                                   text29       000000
__Htext3                                    text3        000000
__Htext30                                   text30       000000
__Htext31                                   text31       000000
__Htext32                                   text32       000000
__Htext33                                   text33       000000
__Htext34                                   text34       000000
__Htext35                                   text35       000000
__Htext36                                   text36       000000
__Htext37                                   text37       000000
__Htext38                                   text38       000000
__Htext39                                   text39       000000
__Htext4                                    text4        000000
__Htext40                                   text40       000000
__Htext41                                   text41       000000
__Htext42                                   text42       000000
__Htext43                                   text43       000000
__Htext44                                   text44       000000
__Htext45                                   text45       000000
__Htext46                                   text46       000000
__Htext47                                   text47       000000
__Htext48                                   text48       000000
__Htext49                                   text49       000000
__Htext5                                    text5        000000
__Htext50                                   text50       000000
[...]
Total ram usage:        0 bytes
 Hardware stack levels used:    1
 This function calls:
		Nothing
 This function is called by:
		_high_isr
 This function uses a non-reentrant model


 *************** function _SetTimer0 *****************
 Defined at:
		line 94 in file "Timer.c"
 Parameters:    Size  Location     Type
  temp            2   31[COMRAM] unsigned int 
 Auto vars:     Size  Location     Type
		None
 Return value:  Size  Location     Type
		None               void
 Registers used:
		wreg, status,2
 Tracked objects:
		On entry : 
		On exit  : 
		Unchanged: 
 Data sizes:     COMRAM   BANK0   BANK1   BANK2   BANK3   BANK4   BANK5   BANK6   BANK7   BANK8   BANK9  BANK10  BANK11  BANK12  BANK13  BANK14  BANK15
      Params:         2       0       0       0       0       0       0       0       0       0       0       0       0       0       0       0       0
      Locals:         0       0       0       0       0       0       0       0       0       0       0       0       0       0       0       0       0
      Temps:          3       0       0       0       0       0       0       0       0       0       0       0       0       0       0       0       0
      Totals:         5       0       0       0       0       0       0       0       0       0       0       0       0       0       0       0       0
Total ram usage:        5 bytes
 Hardware stack levels used:    1
 This function calls:
		Nothing
 This function is called by:
		_high_isr
 This function uses a non-reentrant model


 *************** function _ResetTimer3 *****************
 Defined at:
		line 175 in file "Timer.c"
 Parameters:    Size  Location     Type
		None
 Auto vars:     Size  Location     Type
		None
 Return value:  Size  Location     Type
		None               void
 Registers used:
		wreg, status,2
 Tracked objects:
		On entry : 
		On exit  : 
		Unchanged: 
 Data sizes:     COMRAM   BANK0   BANK1   BANK2   BANK3   BANK4   BANK5   BANK6   BANK7   BANK8   BANK9  BANK10  BANK11  BANK12  BANK13  BANK14  BANK15
      Params:         0       0       0       0       0       0       0       0       0       0       0       0       0       0       0       0       0
      Locals:         0       0       0       0       0       0       0       0       0       0       0       0       0       0       0       0       0
      Temps:          0       0       0       0       0       0       0       0       0       0       0       0       0       0       0       0       0
      Totals:         0       0       0       0       0       0       0       0       0       0       0       0       0       0       0       0       0
Total ram usage:        0 bytes
 Hardware stack levels used:    1
 This function calls:
		Nothing
 This function is called by:
		_high_isr
 This function uses a non-reentrant model


 *************** function _RFon *****************
 Defined at:
		line 379 in file "RF.c"
 Parameters:    Size  Location     Type
		None
 Auto vars:     Size  Location     Type
		None
 Return value:  Size  Location     Type
		None               void
 Registers used:
		wreg, status,2, status,0
 Tracked objects:
		On entry : 
		On exit  : 
		Unchanged: 
 Data sizes:     COMRAM   BANK0   BANK1   BANK2   BANK3   BANK4   BANK5   BANK6   BANK7   BANK8   BANK9  BANK10  BANK11  BANK12  BANK13  BANK14  BANK15
      Params:         0       0       0       0       0       0       0       0       0       0       0       0       0       0       0       0       0
      Locals:         0       0       0       0       0       0       0       0       0       0       0       0       0       0       0       0       0
      Temps:          0       0       0       0       0       0       0       0       0       0       0       0       0       0       0       0       0
      Totals:         0       0       0       0       0       0       0       0       0       0       0       0       0       0       0       0       0
Total ram usage:        0 bytes
 Hardware stack levels used:    1
 This function calls:
		Nothing
 This function is called by:
		_high_isr
 This function uses a non-reentrant model


 *************** function _RFoff *****************
 Defined at:
		line 400 in file "RF.c"
 Parameters:    Size  Location     Type
		None
 Auto vars:     Size  Location     Type
		None
 Return value:  Size  Location     Type
		None               void
 Registers used:
		wreg, status,2, status,0
 Tracked objects:
		On entry : 
		On exit  : 
		Unchanged: 
 Data sizes:     COMRAM   BANK0   BANK1   BANK2   BANK3   BANK4   BANK5   BANK6   BANK7   BANK8   BANK9  BANK10  BANK11  BANK12  BANK13  BANK14  BANK15
      Params:         0       0       0       0       0       0       0       0       0       0       0       0       0       0       0       0       0
      Locals:         0       0       0       0       0       0       0       0       0       0       0       0       0       0       0       0       0
      Temps:          0       0       0       0       0       0       0       0       0       0       0       0       0       0       0       0       0
      Totals:         0       0       0       0       0       0       0       0       0       0       0       0       0       0       0       0       0
Total ram usage:        0 bytes
 Hardware stack levels used:    1
 This function calls:
		Nothing
 This function is called by:
		_high_isr
 This function uses a non-reentrant model


 *************** function _IRrawToNEC *****************
 Defined at:
		line 127 in file "IR.c"
 Parameters:    Size  Location     Type
  Raw             2   31[COMRAM] PTR unsigned int 
		 -> IRRawCode(200), 
  NEC             2   33[COMRAM] PTR unsigned long 
		 -> IR_NEC(4), 
  Invert          1   35[COMRAM] unsigned char 
 Auto vars:     Size  Location     Type
  NECtemp         4   38[COMRAM] unsigned long 
  StartBit        1   44[COMRAM] unsigned char 
  i               1   43[COMRAM] unsigned char 
  first           1   42[COMRAM] unsigned char 
 Return value:  Size  Location     Type
                  1    wreg      unsigned char 
 Registers used:
		wreg, fsr2l, fsr2h, status,2, status,0, prodl, prodh
 Tracked objects:
		On entry : 
		On exit  : 
		Unchanged: 
 Data sizes:     COMRAM   BANK0   BANK1   BANK2   BANK3   BANK4   BANK5   BANK6   BANK7   BANK8   BANK9  BANK10  BANK11  BANK12  BANK13  BANK14  BANK15
      Params:         5       0       0       0       0       0       0       0       0       0       0       0       0       0       0       0       0
      Locals:         7       0       0       0       0       0       0       0       0       0       0       0       0       0       0       0       0
      Temps:          2       0       0       0       0       0       0       0       0       0       0       0       0       0       0       0       0
      Totals:        14       0       0       0       0       0       0       0       0       0       0       0       0       0       0       0       0
Total ram usage:       14 bytes
 Hardware stack levels used:    1
 This function calls:
		Nothing
 This function is called by:
		_high_isr
 This function uses a non-reentrant model



MODULE INFORMATION

Module		Function		Class		Link	Load	Size
C:\Program Files (x86)\Microchip\xc8\v1.33\sources\common\ftneg.c
		___ftneg       		CODE           	C3B0	0000	50

C:\Program Files (x86)\Microchip\xc8\v1.33\sources\common\ftneg.c estimated size: 50

UART.c
		_OpenUSART     		CODE           	BB5A	0000	116
		_Local_CloseUSA		CODE           	C6C8	0000	14
		_InitUART      		CODE           	9F8C	0000	324
		_UARTstring_CON		CODE           	C20C	0000	56
		_UARTstring    		CODE           	C520	0000	38
		_UARTstringCRLN		CODE           	BFC0	0000	72
		_EraseScreen   		CODE           	C546	0000	38
		_UARTstringCRLN		CODE           	C244	0000	54
		_UARTchar      		CODE           	C27A	0000	54
		_ClearUSART    		CODE           	C654	0000	18
		_ReadUSART     		CODE           	C5C6	0000	22
		_UARTchar_CONST		CODE           	C1D2	0000	58
		_UARTcommandMen		CODE           	A326	0000	290

UART.c estimated size: 1154

Bluetooth.c
		_BluetoothConfi		CODE           	C698	0000	16
		_BlueConnected 		CODE           	C718	0000	12
		_ResetBlue     		CODE           	A568	0000	286
		_WaitForIRsigna		CODE           	B8D0	0000	146
		_BluetoothIniti		CODE           	547C	0000	2266
		_InitBluetooth 		CODE           	B9E8	0000	126
		_UseBluetooth  		CODE           	01DA	0000	13764
		_EnterCommandMo		CODE           	9548	0000	410

Bluetooth.c estimated size: 17026

C:\Program Files (x86)\Microchip\xc8\v1.33\sources\common\ftge.c
		___ftge        		CODE           	B136	0000	212

C:\Program Files (x86)\Microchip\xc8\v1.33\sources\common\ftge.c estimated size: 212

Timer.c
		_InitTimer0    		CODE           	C688	0000	16
		_InitTimer1    		CODE           	C6E4	0000	14
		_InitTimer2    		CODE           	C6D6	0000	14
		_InitTimer3    		CODE           	C746	0000	10
		_InitTimers    		CODE           	C5F2	0000	20
		_SetTimer0     		CODE           	C62E	0000	20
		_LEDTimerON    		CODE           	C642	0000	18
		_ResetTimer0   		CODE           	C750	0000	10
		_ResetTimer1   		CODE           	C73C	0000	10
		_ResetTimer3   		CODE           	C764	0000	10

Timer.c estimated size: 142

C:\Program Files (x86)\Microchip\xc8\v1.33\sources\common\doprnt.c
		_scale         		CODE           	6AD2	0000	1474
		_sprintf       		CODE           	379E	0000	4068
		_fround        		CODE           	8128	0000	812

C:\Program Files (x86)\Microchip\xc8\v1.33\sources\common\doprnt.c estimated size: 6354

C:\Program Files (x86)\Microchip\xc8\v1.33\sources\common\ftsub.c
		___ftsub       		CODE           	C196	0000	60

C:\Program Files (x86)\Microchip\xc8\v1.33\sources\common\ftsub.c estimated size: 60

C:\Program Files (x86)\Microchip\xc8\v1.33\sources\common\float.c
		___ftpack      		CODE           	A9B2	0000	266

C:\Program Files (x86)\Microchip\xc8\v1.33\sources\common\float.c estimated size: 266

C:\Program Files (x86)\Microchip\xc8\v1.33\sources\common\ftdivl.c
		__tdiv_to_l_   		CODE           	8E34	0000	480

C:\Program Files (x86)\Microchip\xc8\v1.33\sources\common\ftdivl.c estimated size: 480

interrupts.c
		_high_isr      		CODE           	0008	0000	25692
		_low_isr       		CODE           	0018	0000	446

interrupts.c estimated size: 26138

C:\Program Files (x86)\Microchip\xc8\v1.33\sources\common\awmod.c
		___awmod       		CODE           	B2D4	0000	196

C:\Program Files (x86)\Microchip\xc8\v1.33\sources\common\awmod.c estimated size: 196

C:\Program Files (x86)\Microchip\xc8\v1.33\sources\common\Umul16.c
		___wmul        		CODE           	C2B0	0000	54

C:\Program Files (x86)\Microchip\xc8\v1.33\sources\common\Umul16.c estimated size: 54

C:\Program Files (x86)\Microchip\xc8\v1.33\sources\common\llmod.c
		___llmod       		CODE           	B5B6	0000	164

C:\Program Files (x86)\Microchip\xc8\v1.33\sources\common\llmod.c estimated size: 164

RF.c
		_SendRF_wait   		CODE           	C11A	0000	62
		_DisplayRF_Chan		CODE           	9CCA	0000	362
		_SendRF_Channel		CODE           	7982	0000	1006
		_RFoff         		CODE           	C6B8	0000	16
		_SendRF        		CODE           	A686	0000	278
		_RFon          		CODE           	C6A8	0000	16

RF.c estimated size: 1740

C:\Program Files (x86)\Microchip\xc8\v1.33\sources\common\ftmul.c
		___ftmul       		CODE           	9B54	0000	374

C:\Program Files (x86)\Microchip\xc8\v1.33\sources\common\ftmul.c estimated size: 374

Button.c
		_ReadPushButton		CODE           	C700	0000	12
		_ReadCodeButton		CODE           	BF24	0000	82

Button.c estimated size: 94

C:\Program Files (x86)\Microchip\xc8\v1.33\sources\common\ftdiv.c
		___ftdiv       		CODE           	9E34	0000	344

C:\Program Files (x86)\Microchip\xc8\v1.33\sources\common\ftdiv.c estimated size: 344

C:\Program Files (x86)\Microchip\xc8\v1.33\sources\common\Umul32.c
		___lmul        		CODE           	B962	0000	134

C:\Program Files (x86)\Microchip\xc8\v1.33\sources\common\Umul32.c estimated size: 134

C:\Program Files (x86)\Microchip\xc8\v1.33\sources\common\fldivl.c
		__div_to_l_    		CODE           	8C0C	0000	552

C:\Program Files (x86)\Microchip\xc8\v1.33\sources\common\fldivl.c estimated size: 552

C:\Program Files (x86)\Microchip\xc8\v1.33\sources\common\awdiv.c
		___awdiv       		CODE           	AEAA	0000	226

C:\Program Files (x86)\Microchip\xc8\v1.33\sources\common\awdiv.c estimated size: 226

EEPROM.c
		_SetEEPROMdefau		CODE           	A79C	0000	268
		_SetMemoryLong 		CODE           	ACC8	0000	250
		_SetMemoryChar 		CODE           	C008	0000	72
		_EEPROM_UNLOCK 		CODE           	C606	0000	20
		_EEPROMinitiali		CODE           	C666	0000	18
		_ReadEEPROM_1By		CODE           	BD64	0000	94
		_GetEEPROM1    		CODE           	A448	0000	288
		_GetEEPROM2    		CODE           	ADC2	0000	232
		_WriteEEPROM_1B		CODE           	BD06	0000	94
		_SetEEPROM1    		CODE           	A200	0000	294
		_SetEEPROM2    		CODE           	A8A8	0000	266
		_SyncEEPROMToGl		CODE           	938E	0000	442
		_SyncGlobalToEE		CODE           	B398	0000	186
		_GetMemoryLong 		CODE           	96E2	0000	380
		_GetMemoryChar 		CODE           	C3E2	0000	48

EEPROM.c estimated size: 2952

C:\Program Files (x86)\Microchip\xc8\v1.33\sources\common\lbmod.c
		___lbmod       		CODE           	C096	0000	68

C:\Program Files (x86)\Microchip\xc8\v1.33\sources\common\lbmod.c estimated size: 68

C:\Program Files (x86)\Microchip\xc8\v1.33\sources\common\lldiv.c
		___lldiv       		CODE           	B062	0000	212

C:\Program Files (x86)\Microchip\xc8\v1.33\sources\common\lldiv.c estimated size: 212

shared
		i1_UARTchar    		CODE           	C4F6	0000	42
		_Conf2_ChannelB		MEDIUMCONST    	E748	0000	19
		_Conf2_ChannelD		MEDIUMCONST    	E75B	0000	19
		_Conf1_ChannelD		MEDIUMCONST    	E8E1	0000	12
		_Conf1_ChannelE		MEDIUMCONST    	E8ED	0000	12
		_Conf1_ChannelF		MEDIUMCONST    	E8F9	0000	12
		i1_UARTstring  		CODE           	C56C	0000	36
		__stringdata   		MEDIUMCONST    	E924	0000	5850
		i2_cleanBuffer1		CODE           	C0DA	0000	64
		_Conf1_Channels		MEDIUMCONST    	E919	0000	4
		__powers_      		MEDIUMCONST    	DEEC	0000	39
		_Conf2_ChannelB		MEDIUMCONST    	E7E8	0000	16
		_Conf2_ChannelD		MEDIUMCONST    	E808	0000	16
		_Conf2_ChannelH		MEDIUMCONST    	E6CD	0000	21
		_Conf2_ChannelH		MEDIUMCONST    	E6E2	0000	21
		_Conf2_ChannelH		MEDIUMCONST    	E6F7	0000	21
		i2_ReadIRpin   		CODE           	C730	0000	12
		_dpowers       		MEDIUMCONST    	DE9D	0000	40
		_SYNTAX_ERR    		MEDIUMCONST    	E8D3	0000	14
		_Conf2_ChannelH		MEDIUMCONST    	E7A4	0000	17
		_Conf2_ChannelH		MEDIUMCONST    	E7B5	0000	17
		_Conf2_ChannelH		MEDIUMCONST    	E7C6	0000	17
		_PCBVersion    		MEDIUMCONST    	E914	0000	5
		i1_BlueConnecte		CODE           	C724	0000	12
		i2_ResetTimer0 		CODE           	C75A	0000	10
		_Conf2_Channels		MEDIUMCONST    	E91D	0000	4
		_FirmVersion   		MEDIUMCONST    	E905	0000	9
		_Conf3         		MEDIUMCONST    	DF33	0000	1920
		__npowers_     		MEDIUMCONST    	DEC5	0000	39
		_Conf1_ChannelD		MEDIUMCONST    	E888	0000	15
		_Conf1_ChannelE		MEDIUMCONST    	E897	0000	15
		_Conf1_ChannelF		MEDIUMCONST    	E8A6	0000	15
		i1_ReadUSART   		CODE           	C61A	0000	20
		__initializatio		CODE           	AF8C	0000	208
		_Conf3_Channels		MEDIUMCONST    	E7D7	0000	17
		_CRLN          		MEDIUMCONST    	E921	0000	3
		_ProjectName   		MEDIUMCONST    	E6B3	0000	26
		_Conf2_ChannelH		MEDIUMCONST    	E828	0000	16
		_Conf2_ChannelH		MEDIUMCONST    	E848	0000	16
		_Conf2_ChannelH		MEDIUMCONST    	E868	0000	16
		i1_UARTstring_C		CODE           	C46E	0000	46
		_Conf2_ChannelH		MEDIUMCONST    	E70C	0000	20
		_Conf2_ChannelH		MEDIUMCONST    	E720	0000	20
		_Conf2_ChannelH		MEDIUMCONST    	E734	0000	20
		_Conf2_ChannelB		MEDIUMCONST    	E8B5	0000	15
		_Conf2_ChannelD		MEDIUMCONST    	E8C4	0000	15
		_hexpowers     		MEDIUMCONST    	DF13	0000	32
		_Conf3_Buttons 		MEDIUMCONST    	E90E	0000	6
		_Conf2_ChannelB		MEDIUMCONST    	E76E	0000	18
		_Conf2_ChannelD		MEDIUMCONST    	E780	0000	18
		_Conf2_ChannelB		MEDIUMCONST    	E7F8	0000	16
		_Conf2_ChannelD		MEDIUMCONST    	E818	0000	16
		i1_delayUS     		CODE           	C158	0000	62
		_Conf2_ChannelH		MEDIUMCONST    	E838	0000	16
		_Frequency     		MEDIUMCONST    	E792	0000	18
		_Conf2_ChannelH		MEDIUMCONST    	E858	0000	16
		_Conf2_ChannelH		MEDIUMCONST    	E878	0000	16
		i1_UARTchar_CON		CODE           	C49C	0000	46

shared estimated size: 9103

ADC.c
		_InternalADC_Re		CODE           	B796	0000	158
		_ReadVoltage   		CODE           	B6F8	0000	158
		_VoltageDivider		CODE           	C778	0000	2
		_InitADC       		CODE           	C5DC	0000	22
		_ResetADC      		CODE           	C6F2	0000	14

ADC.c estimated size: 354

MISC.c
		_Round         		CODE           	BC40	0000	100
		_StringContains		CODE           	A0D0	0000	304
		_BufferCopy    		CODE           	ABC2	0000	262
		_StringContains		CODE           	9014	0000	448
		_GetStringAfter		CODE           	AABC	0000	262
		_cleanBuffer   		CODE           	BE78	0000	88
		_IsAlphaNumeric		CODE           	C34C	0000	50
		_cleanBuffer16b		CODE           	BDC2	0000	92
		_lowercaseStrin		CODE           	BF76	0000	74
		_delayUS       		CODE           	BCA4	0000	98
		_IsAlphaNumeric		CODE           	C37E	0000	50
		_Reverse_Byte  		CODE           	B452	0000	180
		_IsLetter      		CODE           	C440	0000	46
		_Reverse_4Byte 		CODE           	4782	0000	3322
		_IsNumber      		CODE           	C590	0000	30
		_StringAddEqual		CODE           	89AA	0000	610
		_StringMatch   		CODE           	BAE4	0000	118
		_GetNumber     		CODE           	7094	0000	1170
		_IsCharacter   		CODE           	C5AE	0000	24
		_StringMatchCas		CODE           	B834	0000	156
		_GetNumberUnsig		CODE           	7526	0000	1116
		_lowercaseChar 		CODE           	C2E6	0000	52

MISC.c estimated size: 8652

C:\Program Files (x86)\Microchip\xc8\v1.33\sources\common\fttol.c
		___fttol       		CODE           	985E	0000	380

C:\Program Files (x86)\Microchip\xc8\v1.33\sources\common\fttol.c estimated size: 380

C:\Program Files (x86)\Microchip\xc8\v1.33\sources\common\altoft.c
		___altoft      		CODE           	B20A	0000	202

C:\Program Files (x86)\Microchip\xc8\v1.33\sources\common\altoft.c estimated size: 202

IR.c
		_DecodeNEC     		CODE           	B506	0000	176
		_InitIR        		CODE           	BED0	0000	84
		_EncodeNEC     		CODE           	99DA	0000	378
		_UseIRCode     		CODE           	8454	0000	726
		_IRrawToNEC    		CODE           	7D70	0000	952
		_ReadIRpin     		CODE           	C70C	0000	12
		_SendNEC_wait  		CODE           	B65A	0000	158
		_SendNEC_bytes 		CODE           	BBCE	0000	114
		_CheckReceiving		CODE           	C678	0000	16

IR.c estimated size: 2616

user.c
		_InitApp       		CODE           	C050	0000	70
		_Init_System   		CODE           	91D4	0000	442

user.c estimated size: 512

C:\Program Files (x86)\Microchip\xc8\v1.33\sources\common\ftadd.c
		___ftadd       		CODE           	872A	0000	640

C:\Program Files (x86)\Microchip\xc8\v1.33\sources\common\ftadd.c estimated size: 640

main.c
		_main          		CODE           	6464	0000	1646

main.c estimated size: 1646

C:\Program Files (x86)\Microchip\xc8\v1.33\sources\common\lwtoft.c
		___lwtoft      		CODE           	C412	0000	46

C:\Program Files (x86)\Microchip\xc8\v1.33\sources\common\lwtoft.c estimated size: 46

C:\Program Files (x86)\Microchip\xc8\v1.33\sources\common\lltoft.c
		___lltoft      		CODE           	BA66	0000	126

C:\Program Files (x86)\Microchip\xc8\v1.33\sources\common\lltoft.c estimated size: 126

system.c
		_ConfigureOscil		CODE           	C77A	0000	2

system.c estimated size: 2

C:\Program Files (x86)\Microchip\xc8\v1.33\sources\common\lbdiv.c
		___lbdiv       		CODE           	BE1E	0000	90

C:\Program Files (x86)\Microchip\xc8\v1.33\sources\common\lbdiv.c estimated size: 90

C:\Program Files (x86)\Microchip\xc8\v1.33\sources\common\isdigit.c
		_isdigit       		CODE           	C4CA	0000	44

C:\Program Files (x86)\Microchip\xc8\v1.33\sources\common\isdigit.c estimated size: 44

