Microchip MPLAB XC8 Compiler V1.34 ()

Linker command line:

-W-1 --edf=C:\Program Files (x86)\Microchip\xc8\v1.34\dat\en_msgs.txt -cs \
  -h+dist/xc8_pic18f26k20/production\PIC_IR_RF_Bluetooth_Home_Automation.production.sym \
  --cmf=dist/xc8_pic18f26k20/production\PIC_IR_RF_Bluetooth_Home_Automation.production.cmf \
  -z -Q18F26K20 -oC:\Users\DWHITF~1\AppData\Local\Temp\s5ck.6 \
  -Mdist/xc8_pic18f26k20/production/PIC_IR_RF_Bluetooth_Home_Automation.production.map \
  -E1 -ver=XC8 -ASTACK=06C8h-0f5fh -pstack=STACK -ACODE=00h-0FFFFh \
  -ACONST=00h-0FFFFh -ASMALLCONST=01000h-010FFhx240 \
  -AMEDIUMCONST=01000h-0FFFFh -ACOMRAM=01h-05Fh -AABS1=00h-0F5Fh \
  -ABIGRAM=01h-0F5Fh -ARAM=060h-0FFh,0100h-01FFhx14,0F00h-0F5Fh \
  -ABANK0=060h-0FFh -ABANK1=0100h-01FFh -ABANK2=0200h-02FFh \
  -ABANK3=0300h-03FFh -ABANK4=0400h-04FFh -ABANK5=0500h-05FFh \
  -ABANK6=0600h-06FFh -ABANK7=0700h-07FFh -ABANK8=0800h-08FFh \
  -ABANK9=0900h-09FFh -ABANK10=0A00h-0AFFh -ABANK11=0B00h-0BFFh \
  -ABANK12=0C00h-0CFFh -ABANK13=0D00h-0DFFh -ABANK14=0E00h-0EFFh \
  -ABANK15=0F00h-0F5Fh -ASFR=0F60h-0FFFh \
  -preset_vec=00h,intcode=08h,intcodelo=018h,powerup,init,end_init \
  -pramtop=01000h -psmallconst=SMALLCONST -pmediumconst=MEDIUMCONST \
  -pconst=CONST -AFARRAM=00h-00h -ACONFIG=0300000h-030000Dh -pconfig=CONFIG \
  -AIDLOC=0200000h-0200007h -pidloc=IDLOC -AEEDATA=0F00000h-0F003FFh \
  -peeprom_data=EEDATA \
  -prdata=COMRAM,nvrram=COMRAM,nvbit=COMRAM,rbss=COMRAM,rbit=COMRAM \
  -pfarbss=FARRAM,fardata=FARRAM,nvFARRAM=FARRAM \
  -pintsave_regs=BIGRAM,bigbss=BIGRAM,bigdata=BIGRAM -pbss=RAM \
  -pidata=CODE,irdata=CODE,ibigdata=CODE,ifardata=CODE -prparam=COMRAM \
  C:\Users\DWHITF~1\AppData\Local\Temp\s5ck.obj \
  dist/xc8_pic18f26k20/production\PIC_IR_RF_Bluetooth_Home_Automation.production.obj 

Object code version is 3.11

Machine type is 18F26K20

Call graph: (short form)




                Name                               Link     Load   Length Selector   Space Scale
C:\Users\DWHITF~1\AppData\Local\Temp\s5ck.obj
                end_init                            1CC      1CC        4        C       0
                reset_vec                             0        0        4        0       0
                idloc                            200000   200000        8   200000       0
                config                           300000   300000        E   300000       0
dist/xc8_pic18f26k20/production\PIC_IR_RF_Bluetooth_Home_Automation.production.obj
                intcodelo                            18       18      1B4        C       0
                intcode                               8        8       10        4       0
                mediumconst                        EB4A     EB4A     14B6     75A5       0
                text126                            6E6A     6E6A      32C        C       0
                text125                            B4D6     B4D6        A        C       0
                text124                            B4CC     B4CC        A        C       0
                text123                            B496     B496        E        C       0
                text122                            B4C2     B4C2        A        C       0
                text121                            AE58     AE58       42        C       0
                intcode_body                       544C     544C      624        C       0
                text119                            AED8     AED8       3E        C       0
                text118                            B1F0     B1F0       2E        C       0
                text117                            B2C8     B2C8       28        C       0
                text116                            B34C     B34C       18        C       0
                text115                            B488     B488        E        C       0
                text114                            B390     B390       16        C       0
                text113                            B2F0     B2F0       26        C       0
                text112                            B130     B130       32        C       0
                text111                            B192     B192       30        C       0
                text109                            B4EC     B4EC        2        C       0
                text108                            ADD2     ADD2       44        C       0
                text107                            B3BA     B3BA       14        C       0
                text106                            B47A     B47A        E        C       0
                text105                            B37A     B37A       16        C       0
                text104                            B404     B404       12        C       0
                text103                            AB9A     AB9A       5A        C       0
                text102                            A704     A704       8A        C       0
                text101                            B46C     B46C        E        C       0
                text100                            B334     B334       18        C       0
                text99                             B3F2     B3F2       12        C       0
                text98                             AC4C     AC4C       56        C       0
                text97                             997A     997A       E2        C       0
                text96                             8E86     8E86      13A        C       0
                text95                             AF50     AF50       3A        C       0
                text94                             B0FE     B0FE       32        C       0
                text93                             9DA6     9DA6       CE        C       0
                text92                             B162     B162       30        C       0
                text91                             90EC     90EC      120        C       0
                text90                             7748     7748      27E        C       0
                text89                             ACF6     ACF6       50        C       0
                text88                             8BE6     8BE6      152        C       0
                text87                             9F3E     9F3E       C6        C       0
                text86                             A21C     A21C       A4        C       0
                text85                             A816     A816       80        C       0
                text84                             8340     8340      194        C       0
                text83                             819A     819A      1A6        C       0
                text82                             9C08     9C08       D0        C       0
                text81                             A0BA     A0BA       B4        C       0
                text80                             87CC     87CC      16C        C       0
                text79                             AFC2     AFC2       38        C       0
                text78                             7470     7470      2D8        C       0
                text77                             B1C2     B1C2       2E        C       0
                text76                             6082     6082      504        C       0
                text75                             306E     306E      F7A        C       0
                text74                             8938     8938      15C        C       0
                text73                             B24A     B24A       2C        C       0
                text72                             7FEC     7FEC      1AE        C       0
                text71                             B030     B030       36        C       0
                text70                             B2A0     B2A0       28        C       0
                text69                             4C66     4C66      7E6        C       0
                text68                             ABF4     ABF4       58        C       0
                text67                             B276     B276       2A        C       0
                text66                             B364     B364       16        C       0
                text65                             AB3E     AB3E       5C        C       0
                text64                             AF16     AF16       3A        C       0
                text63                             865C     865C      170        C       0
                text62                             978A     978A       FA        C       0
                text61                             8FC0     8FC0      12C        C       0
                text60                             967C     967C      10E        C       0
                text59                             A404     A404       A0        C       0
                text58                             AA04     AA04       76        C       0
                text57                             B416     B416       10        C       0
                text56                             B45E     B45E        E        C       0
                text55                             B4B8     B4B8        A        C       0
                text54                             AAE0     AAE0       5E        C       0
                text53                             AD46     AD46       48        C       0
                text52                             B450     B450        E        C       0
                text51                             B442     B442        E        C       0
                text50                             B4AE     B4AE        A        C       0
                text49                             B3A6     B3A6       14        C       0
                text48                             B434     B434        E        C       0
                text47                             A896     A896       7C        C       0
                text46                             A362     A362       A2        C       0
                text45                             AA7A     AA7A       66        C       0
                text44                             9566     9566      116        C       0
                text43                             9448     9448      11E        C       0
                text42                             9A5C     9A5C       DC        C       0
                text41                             9E74     9E74       CA        C       0
                text40                             7E1E     7E1E      1CE        C       0
                text39                             84D4     84D4      188        C       0
                text38                             A004     A004       B6        C       0
                text37                             A16E     A16E       AE        C       0
                text36                             9CD8     9CD8       CE        C       0
                text35                             8D38     8D38      14E        C       0
                text34                             B0CC     B0CC       32        C       0
                text33                             A912     A912       7A        C       0
                text32                             6586     6586      486        C       0
                text31                             6A0C     6A0C      45E        C       0
                text30                             932A     932A      11E        C       0
                text29                             B316     B316       1E        C       0
                text28                             B066     B066       34        C       0
                text27                             AFFA     AFFA       36        C       0
                text26                             A2C0     A2C0       A2        C       0
                text25                             B4EA     B4EA        2        C       0
                text24                             8A94     8A94      152        C       0
                text23                             B21E     B21E       2C        C       0
                text22                             A542     A542       9E        C       0
                text21                             B3E0     B3E0       12        C       0
                text20                             3FE8     3FE8      C7E        C       0
                text19                             A78E     A78E       88        C       0
                text18                             A4A4     A4A4       9E        C       0
                text17                             B4A4     B4A4        A        C       0
                text16                             B3CE     B3CE       12        C       0
                text15                             9884     9884       F6        C       0
                text14                             AE9A     AE9A       3E        C       0
                text13                             79C6     79C6      258        C       0
                text12                             7C1E     7C1E      200        C       0
                text11                             A98C     A98C       78        C       0
                text10                             A5E0     A5E0       94        C       0
                text9                              920C     920C      11E        C       0
                text8                              AF8A     AF8A       38        C       0
                text7                              AE16     AE16       42        C       0
                text6                              A674     A674       90        C       0
                text5                              AD8E     AD8E       44        C       0
                text4                               1D0      1D0     2E9E        C       0
                text3                              ACA2     ACA2       54        C       0
                text2                              B426     B426        E        C       0
                text1                              7196     7196      2DA        C       0
                text0                              5A70     5A70      612        C       0
                cstackCOMRAM                          1        1       3F        1       1
                cstackBANK0                          60       60       98       60       1
                cstackBANK1                         100      100       FF      100       1
                cstackBANK2                         200      200       8C      200       1
                cstackBANK3                         300      300       E5      300       1
                bssBANK6                            600      600       C8      600       1
                dataBANK5                           500      500       32      500       1
                bssBANK5                            532      532       1E      500       1
                bssBANK4                            400      400       FB      400       1
                dataBANK3                           3F1      3F1        4      300       1
                bssBANK3                            3E5      3E5        C      300       1
                bssBANK2                            28C      28C       66      200       1
                dataBANK0                            FC       FC        4       60       1
                bssBANK0                             F8       F8        4       60       1
                dataCOMRAM                           58       58        2        1       1
                bssCOMRAM                            40       40       18        1       1
                cinit                              9B38     9B38       D0        C       0
                idataBANK5                         B09A     B09A       32        C       0
                idataBANK3                         B4E4     B4E4        4        C       0
                idataBANK0                         B4E0     B4E0        4        C       0
                idataCOMRAM                        B4E8     B4E8        2        C       0

TOTAL           Name                               Link     Load   Length     Space
        CLASS   STACK          

        CLASS   CODE           
                end_init                            1CC      1CC        4         0
                intcodelo                            18       18      1B4         0
                intcode                               8        8       10         0
                reset_vec                             0        0        4         0
                text126                            6E6A     6E6A      32C         0
                text125                            B4D6     B4D6        A         0
                text124                            B4CC     B4CC        A         0
                text123                            B496     B496        E         0
                text122                            B4C2     B4C2        A         0
                text121                            AE58     AE58       42         0
                intcode_body                       544C     544C      624         0
                text119                            AED8     AED8       3E         0
                text118                            B1F0     B1F0       2E         0
                text117                            B2C8     B2C8       28         0
                text116                            B34C     B34C       18         0
                text115                            B488     B488        E         0
                text114                            B390     B390       16         0
                text113                            B2F0     B2F0       26         0
                text112                            B130     B130       32         0
                text111                            B192     B192       30         0
                text109                            B4EC     B4EC        2         0
                text108                            ADD2     ADD2       44         0
                text107                            B3BA     B3BA       14         0
                text106                            B47A     B47A        E         0
                text105                            B37A     B37A       16         0
                text104                            B404     B404       12         0
                text103                            AB9A     AB9A       5A         0
                text102                            A704     A704       8A         0
                text101                            B46C     B46C        E         0
                text100                            B334     B334       18         0
                text99                             B3F2     B3F2       12         0
                text98                             AC4C     AC4C       56         0
                text97                             997A     997A       E2         0
                text96                             8E86     8E86      13A         0
                text95                             AF50     AF50       3A         0
                text94                             B0FE     B0FE       32         0
                text93                             9DA6     9DA6       CE         0
                text92                             B162     B162       30         0
                text91                             90EC     90EC      120         0
                text90                             7748     7748      27E         0
                text89                             ACF6     ACF6       50         0
                text88                             8BE6     8BE6      152         0
                text87                             9F3E     9F3E       C6         0
                text86                             A21C     A21C       A4         0
                text85                             A816     A816       80         0
                text84                             8340     8340      194         0
                text83                             819A     819A      1A6         0
                text82                             9C08     9C08       D0         0
                text81                             A0BA     A0BA       B4         0
                text80                             87CC     87CC      16C         0
                text79                             AFC2     AFC2       38         0
                text78                             7470     7470      2D8         0
                text77                             B1C2     B1C2       2E         0
                text76                             6082     6082      504         0
                text75                             306E     306E      F7A         0
                text74                             8938     8938      15C         0
                text73                             B24A     B24A       2C         0
                text72                             7FEC     7FEC      1AE         0
                text71                             B030     B030       36         0
                text70                             B2A0     B2A0       28         0
                text69                             4C66     4C66      7E6         0
                text68                             ABF4     ABF4       58         0
                text67                             B276     B276       2A         0
                text66                             B364     B364       16         0
                text65                             AB3E     AB3E       5C         0
                text64                             AF16     AF16       3A         0
                text63                             865C     865C      170         0
                text62                             978A     978A       FA         0
                text61                             8FC0     8FC0      12C         0
                text60                             967C     967C      10E         0
                text59                             A404     A404       A0         0
                text58                             AA04     AA04       76         0
                text57                             B416     B416       10         0
                text56                             B45E     B45E        E         0
                text55                             B4B8     B4B8        A         0
                text54                             AAE0     AAE0       5E         0
                text53                             AD46     AD46       48         0
                text52                             B450     B450        E         0
                text51                             B442     B442        E         0
                text50                             B4AE     B4AE        A         0
                text49                             B3A6     B3A6       14         0
                text48                             B434     B434        E         0
                text47                             A896     A896       7C         0
                text46                             A362     A362       A2         0
                text45                             AA7A     AA7A       66         0
                text44                             9566     9566      116         0
                text43                             9448     9448      11E         0
                text42                             9A5C     9A5C       DC         0
                text41                             9E74     9E74       CA         0
                text40                             7E1E     7E1E      1CE         0
                text39                             84D4     84D4      188         0
                text38                             A004     A004       B6         0
                text37                             A16E     A16E       AE         0
                text36                             9CD8     9CD8       CE         0
                text35                             8D38     8D38      14E         0
                text34                             B0CC     B0CC       32         0
                text33                             A912     A912       7A         0
                text32                             6586     6586      486         0
                text31                             6A0C     6A0C      45E         0
                text30                             932A     932A      11E         0
                text29                             B316     B316       1E         0
                text28                             B066     B066       34         0
                text27                             AFFA     AFFA       36         0
                text26                             A2C0     A2C0       A2         0
                text25                             B4EA     B4EA        2         0
                text24                             8A94     8A94      152         0
                text23                             B21E     B21E       2C         0
                text22                             A542     A542       9E         0
                text21                             B3E0     B3E0       12         0
                text20                             3FE8     3FE8      C7E         0
                text19                             A78E     A78E       88         0
                text18                             A4A4     A4A4       9E         0
                text17                             B4A4     B4A4        A         0
                text16                             B3CE     B3CE       12         0
                text15                             9884     9884       F6         0
                text14                             AE9A     AE9A       3E         0
                text13                             79C6     79C6      258         0
                text12                             7C1E     7C1E      200         0
                text11                             A98C     A98C       78         0
                text10                             A5E0     A5E0       94         0
                text9                              920C     920C      11E         0
                text8                              AF8A     AF8A       38         0
                text7                              AE16     AE16       42         0
                text6                              A674     A674       90         0
                text5                              AD8E     AD8E       44         0
                text4                               1D0      1D0     2E9E         0
                text3                              ACA2     ACA2       54         0
                text2                              B426     B426        E         0
                text1                              7196     7196      2DA         0
                text0                              5A70     5A70      612         0
                cinit                              9B38     9B38       D0         0
                idataBANK5                         B09A     B09A       32         0
                idataBANK3                         B4E4     B4E4        4         0
                idataBANK0                         B4E0     B4E0        4         0
                idataCOMRAM                        B4E8     B4E8        2         0

        CLASS   CONST          

        CLASS   SMALLCONST     

        CLASS   MEDIUMCONST    
                mediumconst                        EB4A     EB4A     14B6         0

        CLASS   COMRAM         
                cstackCOMRAM                          1        1       3F         1
                dataCOMRAM                           58       58        2         1
                bssCOMRAM                            40       40       18         1

        CLASS   ABS1           

        CLASS   BIGRAM         

        CLASS   RAM            

        CLASS   BANK0          
                cstackBANK0                          60       60       98         1
                dataBANK0                            FC       FC        4         1
                bssBANK0                             F8       F8        4         1

        CLASS   BANK1          
                cstackBANK1                         100      100       FF         1

        CLASS   BANK2          
                cstackBANK2                         200      200       8C         1
                bssBANK2                            28C      28C       66         1

        CLASS   BANK3          
                cstackBANK3                         300      300       E5         1
                dataBANK3                           3F1      3F1        4         1
                bssBANK3                            3E5      3E5        C         1

        CLASS   BANK4          
                bssBANK4                            400      400       FB         1

        CLASS   BANK5          
                dataBANK5                           500      500       32         1
                bssBANK5                            532      532       1E         1

        CLASS   BANK6          
                bssBANK6                            600      600       C8         1

        CLASS   BANK7          

        CLASS   BANK8          

        CLASS   BANK9          

        CLASS   BANK10         

        CLASS   BANK11         

        CLASS   BANK12         

        CLASS   BANK13         

        CLASS   BANK14         

        CLASS   BANK15         

        CLASS   SFR            

        CLASS   FARRAM         

        CLASS   CONFIG         
                config                           300000   300000        E         0

        CLASS   IDLOC          
                idloc                            200000   200000        8         0

        CLASS   EEDATA         



SEGMENTS        Name                           Load    Length   Top    Selector   Space  Class

                reset_vec                      000000  000004  000004         0       0  CODE    
                cstackCOMRAM                   000001  000059  00005A         1       1  COMRAM  
                intcode                        000008  000010  000018         4       0  CODE    
                intcodelo                      000018  00B4D6  00B4EE         C       0  CODE    
                cstackBANK0                    000060  0000A0  000100        60       1  BANK0   
                cstackBANK1                    000100  0000FF  0001FF       100       1  BANK1   
                cstackBANK2                    000200  0000F2  0002F2       200       1  BANK2   
                cstackBANK3                    000300  0000F5  0003F5       300       1  BANK3   
                bssBANK4                       000400  0000FB  0004FB       400       1  BANK4   
                dataBANK5                      000500  000050  000550       500       1  BANK5   
                bssBANK6                       000600  0000C8  0006C8       600       1  BANK6   
                mediumconst                    00EB4A  0014B6  010000      75A5       0  MEDIUMCO
                idloc                          200000  000008  200008    200000       0  IDLOC   
                config                         300000  00000E  30000E    300000       0  CONFIG  


UNUSED ADDRESS RANGES

        Name                Unused          Largest block    Delta
        BANK1            0001FF-0001FF                1
        BANK10           000A00-000AFF              100
        BANK11           000B00-000BFF              100
        BANK12           000C00-000CFF              100
        BANK13           000D00-000DFF              100
        BANK14           000E00-000EFF              100
        BANK15           000F00-000F5F               60
        BANK2            0002F2-0002FF                E
        BANK3            0003F5-0003FF                B
        BANK4            0004FB-0004FF                5
        BANK5            000550-0005FF               B0
        BANK6            0006C8-0006FF               38
        BANK7            000700-0007FF              100
        BANK8            000800-0008FF              100
        BANK9            000900-0009FF              100
        BIGRAM           00005A-00005F                6
                         0001FF-0001FF                1
                         0002F2-0002FF                E
                         0003F5-0003FF                B
                         0004FB-0004FF                5
                         000550-0005FF               B0
                         0006C8-000F5F              898
        CODE             000004-000007                4
                         00B4EE-00EB49             365C
        COMRAM           00005A-00005F                6
        CONST            000004-000007                4
                         00B4EE-00EB49             365C
        EEDATA           F00000-F003FF              400
        MEDIUMCONST      00B4EE-00EB49             365C
        RAM              0001FF-0001FF                1
                         0002F2-0002FF                E
                         0003F5-0003FF                B
                         0004FB-0004FF                5
                         000550-0005FF               B0
                         0006C8-000F5F              100
        SFR              000F60-000FFF               A0
        SMALLCONST       00B4EE-00EB49              100
        STACK            0006C8-000F5F              898

                                  Symbol Table

?_EncodeNEC                                 cstackBANK0  000067
?_GetMemoryChar                             cstackBANK0  000067
?_GetMemoryLong                             cstackBANK0  000067
?_ReadEEPROM_1Byte                          cstackBANK0  000063
?_ReadVoltage                               cstackBANK0  00008C
?_Reverse_4Byte                             cstackBANK0  000063
?_Round                                     cstackBANK0  0000B1
?_SetEEPROM1                                cstackBANK0  000099
?_SetEEPROM2                                cstackBANK0  000099
?___altoft                                  cstackBANK0  00006B
?___awdiv                                   cstackBANK0  000069
?___awmod                                   cstackBANK0  000063
?___ftadd                                   cstackBANK0  000096
?___ftdiv                                   cstackBANK0  00006E
?___ftmul                                   cstackBANK0  00007D
?___ftneg                                   cstackBANK0  000063
?___ftpack                                  cstackBANK0  000063
?___ftsub                                   cstackBANK0  0000A2
?___fttol                                   cstackBANK0  0000A2
?___lldiv                                   cstackBANK0  000063
?___llmod                                   cstackBANK0  000070
?___lltoft                                  cstackBANK0  00006B
?___lmul                                    cstackBANK0  000063
?___lwtoft                                  cstackBANK0  00006B
?___wmul                                    cstackBANK0  000071
?__div_to_l_                                cstackBANK0  000063
?__tdiv_to_l_                               cstackBANK0  000063
?_fround                                    cstackBANK0  00008C
?_scale                                     cstackBANK0  00008C
?_sprintf                                   cstackBANK0  0000B1
BluetoothInitialSetup@BluetoothVersionLine1 cstackBANK1  000133
BluetoothInitialSetup@BluetoothVersionLine2 cstackBANK1  000151
BluetoothInitialSetup@BroadcastTEMP         cstackBANK1  00016F
BluetoothInitialSetup@Default               cstackBANK1  0001B7
BluetoothInitialSetup@buf                   cstackBANK1  000184
BluetoothInitialSetup@first                 cstackBANK1  0001B6
BluetoothInitialSetup@i                     cstackBANK1  0001BA
BluetoothInitialSetup@j                     cstackBANK1  0001B8
BluetoothInitialSetup@ok                    cstackBANK1  0001B9
BufferCopy@count                            cstackBANK0  00006F
BufferCopy@from                             cstackBANK0  00006B
BufferCopy@i                                cstackBANK0  000071
BufferCopy@shift                            cstackBANK0  000070
BufferCopy@to                               cstackBANK0  00006D
DecodeNEC@Nec                               cstackBANK0  000067
DecodeNEC@address                           cstackBANK0  00006B
DecodeNEC@command                           cstackBANK0  00006D
DecodeNEC@temp1                             cstackBANK0  000075
DecodeNEC@temp2                             cstackBANK0  000073
DecodeNEC@temp3                             cstackBANK0  000074
DisplayRF_Channel@channel                   cstackBANK0  000070
EncodeNEC@address                           cstackBANK0  00008F
EncodeNEC@command                           cstackBANK0  000067
EncodeNEC@temp1                             cstackBANK0  00007F
EncodeNEC@temp2                             cstackBANK0  000083
EncodeNEC@temp3                             cstackBANK0  000087
EncodeNEC@temp4                             cstackBANK0  00008B
EnterCommandMode@buf                        cstackBANK1  000100
EnterCommandMode@count                      cstackBANK1  000132
EraseScreen@characters                      cstackCOMRAM 00000B
EraseScreen@i                               cstackCOMRAM 00000C
GetEEPROM1@Arrayspot                        cstackBANK0  00008C
GetEEPROM1@Temp                             cstackBANK0  000088
GetEEPROM1@i                                cstackBANK0  00008D
GetEEPROM1@j                                cstackBANK0  00008E
GetEEPROM2@Arrayspot                        cstackBANK0  00008C
GetEEPROM2@Temp                             cstackBANK0  000088
GetEEPROM2@i                                cstackBANK0  00008D
GetEEPROM2@j                                cstackBANK0  00008E
GetEEPROM2@k                                cstackBANK0  00008F
GetMemoryChar@AddressFirst                  cstackBANK0  00006B
GetMemoryChar@H                             cstackBANK0  00006C
GetMemoryLong@AddressFirst                  cstackBANK0  000087
GetMemoryLong@H                             cstackBANK0  000083
GetMemoryLong@L                             cstackBANK0  000086
GetMemoryLong@MH                            cstackBANK0  000084
GetMemoryLong@ML                            cstackBANK0  000085
GetMemoryLong@temp                          cstackBANK0  00007F
GetNumber@CommaNumber                       cstackBANK0  000071
GetNumber@Hex                               cstackBANK0  00007C
GetNumber@This                              cstackBANK0  00006F
GetNumber@count                             cstackBANK0  00007B
GetNumber@i                                 cstackBANK0  00007D
GetNumber@negative                          cstackBANK0  00007A
GetNumber@result                            cstackBANK0  000072
GetNumber@temp                              cstackBANK0  00007F
GetNumber@tempCommaNumber                   cstackBANK0  000079
GetNumber@tempThis                          cstackBANK0  00007E
GetNumberUnsigned@CommaNumber               cstackBANK0  000071
GetNumberUnsigned@Hex                       cstackBANK0  00007B
GetNumberUnsigned@This                      cstackBANK0  00006F
GetNumberUnsigned@count                     cstackBANK0  00007A
GetNumberUnsigned@i                         cstackBANK0  00007C
GetNumberUnsigned@result                    cstackBANK0  000072
GetNumberUnsigned@temp                      cstackBANK0  00007D
GetNumberUnsigned@tempCommaNumber           cstackBANK0  000079
GetNumberUnsigned@tempThis                  cstackBANK0  000081
GetStringAfterComma@CommaNumber             cstackBANK0  000065
GetStringAfterComma@This                    cstackBANK0  000063
GetStringAfterComma@count                   cstackBANK0  00006A
GetStringAfterComma@result                  cstackBANK0  000066
GetStringAfterComma@tempCommaNumber         cstackBANK0  000069
IRrawToNEC@Invert                           cstackCOMRAM 000024
IRrawToNEC@NEC                              cstackCOMRAM 000022
IRrawToNEC@NECtemp                          cstackCOMRAM 000027
IRrawToNEC@Raw                              cstackCOMRAM 000020
IRrawToNEC@StartBit                         cstackCOMRAM 00002D
IRrawToNEC@first                            cstackCOMRAM 00002B
IRrawToNEC@i                                cstackCOMRAM 00002C
InitUART@Baud                               cstackBANK0  0000B8
InitUART@config                             cstackBANK0  0000C5
InitUART@spbrg                              cstackBANK0  0000C3
InitUART@temp                               cstackBANK0  0000C6
Init_System@buf                             cstackBANK1  0001BB
InternalADC_Read@ADCcounts                  cstackBANK0  00006C
InternalADC_Read@AnaChanSel                 cstackBANK0  000070
InternalADC_Read@channel                    cstackBANK0  000071
IsAlphaNumeric@data                         cstackBANK0  000064
IsAlphaNumericString@data                   cstackBANK0  000065
IsCharacter@data                            cstackCOMRAM 000001
IsLetter@data                               cstackBANK0  000063
IsNumber@data                               cstackBANK0  000063
OpenUSART@config                            cstackBANK0  000065
OpenUSART@spbrg                             cstackBANK0  000063
ReadCodeButtons@temp                        cstackBANK0  00006C
ReadEEPROM_1Byte@GIEstatus                  cstackBANK0  000065
ReadEEPROM_1Byte@PEIEstatus                 cstackBANK0  000066
ReadEEPROM_1Byte@address                    cstackBANK0  000063
ReadUSART@data                              cstackBANK0  000063
ReadVoltage@temp                            cstackBANK0  000092
ReadVoltage@voltage                         cstackBANK0  00008F
Reverse_4Byte@This                          cstackBANK0  000063
Reverse_4Byte@temp                          cstackBANK0  00006F
Reverse_Byte@This                           cstackBANK0  000066
Reverse_Byte@temp                           cstackBANK0  000065
Round@input                                 cstackBANK0  0000B1
Round@temp                                  cstackBANK0  0000B4
SendNEC_bytes@RepeatAmount                  cstackBANK0  000077
SendNEC_bytes@code                          cstackBANK0  000073
SendNEC_wait@RepeatAmount                   cstackBANK0  00007C
SendNEC_wait@code                           cstackBANK0  000078
SendNEC_wait@toggle                         cstackBANK0  00007D
SendRF@Code                                 cstackBANK0  000063
SendRF@Config                               cstackBANK0  000065
SendRF@RepeatAmount                         cstackBANK0  000067
SendRF@i                                    cstackBANK0  00006A
SendRF@size                                 cstackBANK0  000066
SendRF_Channel@channel                      cstackBANK0  000070
SendRF_wait@Code                            cstackBANK0  00006B
SendRF_wait@Config                          cstackBANK0  00006D
SendRF_wait@amount                          cstackBANK0  00006F
SendRF_wait@size                            cstackBANK0  00006E
SetEEPROM1@Arrayspot                        cstackBANK0  0000BE
SetEEPROM1@Temp                             cstackBANK0  000099
SetEEPROM1@burn                             cstackBANK0  0000B7
SetEEPROM1@fail                             cstackBANK0  0000BF
SetEEPROM1@i                                cstackBANK0  0000C3
SetEEPROM1@j                                cstackBANK0  0000C4
SetEEPROM1@temp                             cstackBANK0  0000BD
SetEEPROM2@Arrayspot                        cstackBANK0  0000D8
SetEEPROM2@Temp                             cstackBANK0  000099
SetEEPROM2@burn                             cstackBANK0  0000CD
SetEEPROM2@fail                             cstackBANK0  0000D4
SetEEPROM2@i                                cstackBANK0  0000D9
SetEEPROM2@j                                cstackBANK0  0000DA
SetEEPROM2@k                                cstackBANK0  0000DB
SetEEPROM2@temp                             cstackBANK0  0000D3
SetEEPROMdefault@i                          cstackBANK0  0000E0
SetEEPROMdefault@j                          cstackBANK0  0000E1
SetEEPROMdefault@k                          cstackBANK0  0000DF
SetMemoryChar@AddressFirst                  cstackBANK0  00006D
SetMemoryChar@Data                          cstackBANK0  00006F
SetMemoryChar@Test                          cstackBANK0  00006E
SetMemoryLong@AddressFirst                  cstackBANK0  00008C
SetMemoryLong@Data                          cstackBANK0  000088
SetMemoryLong@H                             cstackBANK0  000095
SetMemoryLong@L                             cstackBANK0  000098
SetMemoryLong@MH                            cstackBANK0  000096
SetMemoryLong@ML                            cstackBANK0  000097
SetMemoryLong@Test                          cstackBANK0  000091
SetTimer0@temp                              cstackCOMRAM 000020
StringAddEqual@Input                        cstackBANK0  000072
StringAddEqual@NullPosition                 cstackBANK0  000076
StringAddEqual@firstnumber                  cstackBANK0  000077
StringAddEqual@i                            cstackBANK0  000078
StringAddEqual@j                            cstackBANK0  000079
StringAddEqual@temp                         cstackBANK1  000100
StringContains@MatchAmount                  cstackBANK0  000069
StringContains@MatchCount                   cstackBANK0  00006A
StringContains@That                         cstackBANK0  000065
StringContains@This                         cstackBANK0  000063
StringContains@i                            cstackBANK0  00006B
StringContainsCaseInsensitive@MatchAmount   cstackBANK0  00006C
StringContainsCaseInsensitive@MatchCount    cstackBANK0  00006D
StringContainsCaseInsensitive@That          cstackBANK0  000068
StringContainsCaseInsensitive@This          cstackBANK0  000066
StringContainsCaseInsensitive@i             cstackBANK0  000070
StringContainsCaseInsensitive@tempThat      cstackBANK0  00006F
StringContainsCaseInsensitive@tempThis      cstackBANK0  00006E
StringMatch@That                            cstackBANK0  000065
StringMatch@This                            cstackBANK0  000063
StringMatchCaseInsensitive@That             cstackBANK0  000068
StringMatchCaseInsensitive@This             cstackBANK0  000066
StringMatchCaseInsensitive@tempThat         cstackBANK0  00006B
StringMatchCaseInsensitive@tempThis         cstackBANK0  00006A
SyncEEPROMToGlobal@Temp1                    cstackBANK0  0000C9
SyncEEPROMToGlobal@Temp2                    cstackBANK0  000094
SyncEEPROMToGlobal@i                        cstackBANK0  0000E7
SyncEEPROMToGlobal@j                        cstackBANK0  0000E8
SyncEEPROMToGlobal@k                        cstackBANK0  0000C8
SyncGlobalToEEPROM@ok                       cstackBANK0  0000DC
UARTchar@data                               cstackBANK0  00006C
UARTchar_CONST@data                         cstackBANK0  00006C
UARTchar_CONST@temp                         cstackBANK0  00006D
UARTcommandMenu@Command                     cstackBANK0  000070
UARTcommandMenu@Desc                        cstackBANK0  000072
UARTcommandMenu@i                           cstackBANK0  000079
UARTcommandMenu@place                       cstackBANK0  00007A
UARTstring@data                             cstackBANK0  00006D
UARTstringCRLN@data                         cstackBANK0  000070
UARTstringCRLN_CONST@data                   cstackBANK0  000070
UARTstring_CONST@data                       cstackBANK0  00006E
UseBluetooth@EmptyPlace                     cstackBANK2  000282
UseBluetooth@EnteredNEC                     cstackBANK2  00027A
UseBluetooth@NecAddress                     cstackBANK2  000284
UseBluetooth@NecCommand                     cstackBANK2  000285
UseBluetooth@ReceivedStringPosOLD           cstackBANK2  00026E
UseBluetooth@SerialNumberTEMP               cstackBANK2  000273
UseBluetooth@String                         cstackBANK0  0000E9
UseBluetooth@StringPos                      cstackBANK0  0000EB
UseBluetooth@buf                            cstackBANK2  000200
UseBluetooth@device                         cstackBANK2  000278
UseBluetooth@i                              cstackBANK2  00028B
UseBluetooth@j                              cstackBANK2  00028A
UseBluetooth@k                              cstackBANK2  000283
UseBluetooth@ok                             cstackBANK2  00027E
UseBluetooth@rfchannelSTR                   cstackBANK2  000264
UseBluetooth@rfconf                         cstackBANK2  000281
UseBluetooth@set                            cstackBANK2  000279
UseBluetooth@system                         cstackBANK2  000277
UseBluetooth@temp                           cstackBANK2  000286
UseBluetooth@tempNec                        cstackBANK2  00026F
UseBluetooth@tempRFArray                    cstackBANK2  00027F
UseBluetooth@timeout                        cstackBANK2  000280
UseIRCode@Code                              cstackBANK0  0000DD
UseIRCode@NEC                               cstackBANK0  0000DF
UseIRCode@found                             cstackBANK0  0000E6
UseIRCode@i                                 cstackBANK0  0000E8
UseIRCode@j                                 cstackBANK0  0000E7
WaitForIRsignal@timeout                     cstackBANK0  000072
WriteEEPROM_1Byte@GIEstatus                 cstackBANK0  000066
WriteEEPROM_1Byte@PEIEstatus                cstackBANK0  000067
WriteEEPROM_1Byte@address                   cstackBANK0  000063
WriteEEPROM_1Byte@data                      cstackBANK0  000065
_ADCON0                                     (abs)        000FC2
_ADCON0bits                                 (abs)        000FC2
_ADCON1                                     (abs)        000FC1
_ADCON1bits                                 (abs)        000FC1
_ADCON2                                     (abs)        000FC0
_ADCON2bits                                 (abs)        000FC0
_ADRESH                                     (abs)        000FC4
_ADRESL                                     (abs)        000FC3
_ANSEL                                      (abs)        000F7E
_ANSELH                                     (abs)        000F7F
_BAUDCONbits                                (abs)        000FB8
_BatteryVoltage                             bssBANK3     0003E5
_BlueConnected                              text101      00B46C
_BluetoothBroadcast                         bssBANK4     0004E6
_BluetoothChangeStatus                      bssBANK3     0003E8
_BluetoothConfigured                        text104      00B404
_BluetoothFirmware1                         bssBANK4     0004C8
_BluetoothFirmware2                         bssBANK5     000532
_BluetoothInitialSetup                      text69       004C66
_BufferCopy                                 text102      00A704
_BufferOverflow                             bssBANK3     0003E9
_CRLN                                       mediumconst  00EE2A
_CheckReceivingIR                           text21       00B3E0
_ClearUSART                                 text99       00B3F2
_CommandString                              bssBANK4     000400
_CommandStringPos                           bssCOMRAM    000044
_Conf1_ChannelD                             mediumconst  00EDEC
_Conf1_ChannelD_STR                         mediumconst  00ED93
_Conf1_ChannelE                             mediumconst  00EDF8
_Conf1_ChannelE_STR                         mediumconst  00EDA2
_Conf1_ChannelF                             mediumconst  00EE04
_Conf1_ChannelF_STR                         mediumconst  00EDB1
_Conf1_Channels                             mediumconst  00EE1E
_Conf2_ChannelB_OFF                         mediumconst  00ECF3
_Conf2_ChannelB_OFF_STR                     mediumconst  00EC76
_Conf2_ChannelB_ON                          mediumconst  00ED03
_Conf2_ChannelB_ON_STR                      mediumconst  00EC9C
_Conf2_ChannelB_STR                         mediumconst  00EDC0
_Conf2_ChannelB_Status                      bssCOMRAM    000045
_Conf2_ChannelD_OFF                         mediumconst  00ED13
_Conf2_ChannelD_OFF_STR                     mediumconst  00EC89
_Conf2_ChannelD_ON                          mediumconst  00ED23
_Conf2_ChannelD_ON_STR                      mediumconst  00ECAE
_Conf2_ChannelD_STR                         mediumconst  00EDCF
_Conf2_ChannelD_Status                      bssCOMRAM    000046
_Conf2_ChannelH_1_OFF                       mediumconst  00ED33
_Conf2_ChannelH_1_OFF_STR                   mediumconst  00EBFB
_Conf2_ChannelH_1_ON                        mediumconst  00ED43
_Conf2_ChannelH_1_ON_STR                    mediumconst  00EC3A
_Conf2_ChannelH_1_STR                       mediumconst  00ECC0
_Conf2_ChannelH_1_Status                    bssCOMRAM    000047
_Conf2_ChannelH_2_OFF                       mediumconst  00ED53
_Conf2_ChannelH_2_OFF_STR                   mediumconst  00EC10
_Conf2_ChannelH_2_ON                        mediumconst  00ED63
_Conf2_ChannelH_2_ON_STR                    mediumconst  00EC4E
_Conf2_ChannelH_2_STR                       mediumconst  00ECD1
_Conf2_ChannelH_2_Status                    bssCOMRAM    000048
_Conf2_ChannelH_3_OFF                       mediumconst  00ED73
_Conf2_ChannelH_3_OFF_STR                   mediumconst  00EC25
_Conf2_ChannelH_3_ON                        mediumconst  00ED83
_Conf2_ChannelH_3_ON_STR                    mediumconst  00EC62
_Conf2_ChannelH_3_STR                       mediumconst  00ECE2
_Conf2_ChannelH_3_Status                    bssCOMRAM    000049
_Conf2_Channels                             mediumconst  00EE22
_ConfigureOscillator                        text109      00B4EC
_DecodeNEC                                  text37       00A16E
_DisplayRF_Channel                          text36       009CD8
_EEADR                                      (abs)        000FA9
_EEADRH                                     (abs)        000FAA
_EECON1bits                                 (abs)        000FA6
_EECON2                                     (abs)        000FA7
_EEDATA                                     (abs)        000FA8
_EEPROM_UNLOCK                              text66       00B364
_EEPROMinitialized                          text107      00B3BA
_EncodeNEC                                  text35       008D38
_EnterCommandMode                           text74       008938
_EraseScreen                                text117      00B2C8
_FirmVersion                                mediumconst  00EE10
_Frequency                                  mediumconst  00EE26
_GetEEPROM1                                 text42       009A5C
_GetEEPROM2                                 text41       009E74
_GetMemoryChar                              text67       00B276
_GetMemoryLong                              text63       00865C
_GetNumber                                  text32       006586
_GetNumberUnsigned                          text31       006A0C
_GetStringAfterComma                        text30       00932A
_Global1                                    bssBANK2     0002D4
_Global2                                    bssBANK2     0002A0
_INTCON2bits                                (abs)        000FF1
_INTCONbits                                 (abs)        000FF2
_IOCBbits                                   (abs)        000F7D
_IPR1bits                                   (abs)        000F9F
_IPR2bits                                   (abs)        000FA2
_IRRawCode                                  bssBANK6     000600
_IR_NEC                                     bssBANK3     0003EC
_IR_New_Code                                bssBANK3     0003F0
_IRaddress                                  bssCOMRAM    000056
_IRbit                                      bssCOMRAM    00004A
_IRbitPosition                              dataBANK0    0000FC
_IRcodeBit                                  bssCOMRAM    00004B
_IRcodePlace                                dataBANK0    0000FD
_IRcommand                                  bssCOMRAM    000057
_IRmod                                      bssCOMRAM    00004C
_IRpinOLD                                   bssCOMRAM    00004D
_IRrawCodeNum                               bssBANK0     0000F8
_IRrawToNEC                                 text126      006E6A
_IRrepeatAmount                             bssCOMRAM    00004E
_IRrepeatflag                               bssCOMRAM    00004F
_IRsendCode                                 bssCOMRAM    000040
_IRsendFlag                                 bssCOMRAM    000050
_IRtimeout                                  dataBANK3    0003F1
_InitADC                                    text105      00B37A
_InitApp                                    text108      00ADD2
_InitBluetooth                              text58       00AA04
_InitIR                                     text53       00AD46
_InitTimer0                                 text57       00B416
_InitTimer1                                 text52       00B450
_InitTimer2                                 text51       00B442
_InitTimer3                                 text50       00B4AE
_InitTimers                                 text49       00B3A6
_InitUART                                   text44       009566
_InitUART$4123                              cstackBANK0  0000C0
_Init_System                                text39       0084D4
_InternalADC_Read                           text26       00A2C0
_IsAlphaNumeric                             text28       00B066
_IsAlphaNumericString                       text27       00AFFA
_IsCharacter                                text116      00B34C
_IsLetter                                   text34       00B0CC
_IsNumber                                   text29       00B316
_LATA                                       (abs)        000F89
_LATB                                       (abs)        000F8A
_LATC                                       (abs)        000F8B
_LEDTimerON                                 text16       00B3CE
_Local_CloseUSART                           text48       00B434
_NewReceivedString                          bssBANK3     0003EA
_OpenUSART                                  text47       00A896
_PCBVersion                                 mediumconst  00EE19
_PIE1bits                                   (abs)        000F9D
_PIE2bits                                   (abs)        000FA0
_PIR1bits                                   (abs)        000F9E
_PIR2bits                                   (abs)        000FA1
_PORTA                                      (abs)        000F80
_PORTB                                      (abs)        000F81
_PORTC                                      (abs)        000F82
_PR2                                        (abs)        000FCB
_ProductName                                dataBANK5    000500
_ProjectName                                mediumconst  00EBE1
_RCONbits                                   (abs)        000FD0
_RCREG                                      (abs)        000FAE
_RCSTA                                      (abs)        000FAB
_RCSTAbits                                  (abs)        000FAB
_RFConfig                                   bssBANK0     0000F9
_RF_IR                                      dataCOMRAM   000058
_RF_IR_Postscaler                           dataBANK0    0000FE
_RFcodeBit                                  bssCOMRAM    000051
_RFcodePlace                                bssBANK0     0000FA
_RFsendCode                                 bssBANK2     00028C
_RFsendFlag                                 bssBANK0     0000FB
_ReadCodeButtons                            text3        00ACA2
_ReadEEPROM_1Byte                           text68       00ABF4
_ReadIRpin                                  text56       00B45E
_ReadPushButton                             text2        00B426
_ReadUSART                                  text100      00B334
_ReadVoltage                                text22       00A542
_ReceivedString                             bssBANK4     000464
_ReceivedStringPos                          bssBANK3     0003EB
_ReceivingIR                                dataCOMRAM   000059
_ResetADC                                   text106      00B47A
_ResetBlue                                  text97       00997A
_ResetTimer0                                text55       00B4B8
_ResetTimer1                                text17       00B4A4
_ResetTimer3                                text125      00B4D6
_Reverse_4Byte                              text20       003FE8
_Reverse_Byte                               text38       00A004
_Round                                      text45       00AA7A
_SPBRG                                      (abs)        000FAF
_SPBRGH                                     (abs)        000FB0
_SYNTAX_ERR                                 mediumconst  00EDDE
_SendNEC_bytes                              text19       00A78E
_SendNEC_wait                               text18       00A4A4
_SendRF                                     text15       009884
_SendRF_Channel                             text13       0079C6
_SendRF_wait                                text14       00AE9A
_Sendcount                                  bssCOMRAM    000052
_Sent                                       dataBANK0    0000FF
_SetEEPROM1                                 text61       008FC0
_SetEEPROM2                                 text60       00967C
_SetEEPROMdefault                           text43       009448
_SetMemoryChar                              text64       00AF16
_SetMemoryLong                              text62       00978A
_SetTimer0                                  text124      00B4CC
_StringAddEqual                             text12       007C1E
_StringContains                             text96       008E86
_StringContainsCaseInsensitive              text72       007FEC
_StringMatch                                text11       00A98C
_StringMatchCaseInsensitive                 text10       00A5E0
_SyncEEPROMToGlobal                         text40       007E1E
_SyncGlobalToEEPROM                         text59       00A404
_T0CONbits                                  (abs)        000FD5
_T1CONbits                                  (abs)        000FCD
_T2CONbits                                  (abs)        000FCA
_T3CONbits                                  (abs)        000FB1
_TABLAT                                     (abs)        000FF5
_TBLPTRH                                    (abs)        000FF7
_TBLPTRL                                    (abs)        000FF6
_TBLPTRU                                    (abs)        000FF8
_TMR0H                                      (abs)        000FD7
_TMR0L                                      (abs)        000FD6
_TMR1H                                      (abs)        000FCF
_TMR1L                                      (abs)        000FCE
_TMR2                                       (abs)        000FCC
_TMR3H                                      (abs)        000FB3
_TMR3L                                      (abs)        000FB2
_TRISAbits                                  (abs)        000F92
_TRISBbits                                  (abs)        000F93
_TRISCbits                                  (abs)        000F94
_TXREG                                      (abs)        000FAD
_TXSTA                                      (abs)        000FAC
_TXSTAbits                                  (abs)        000FAC
_Timer1_Postscaler                          bssCOMRAM    000053
_Timer2_Postscaler                          bssCOMRAM    000054
_Timer3_Postscaler                          bssCOMRAM    000055
_UARTchar                                   text71       00B030
_UARTchar_CONST                             text95       00AF50
_UARTcommandMenu                            text9        00920C
_UARTstring                                 text70       00B2A0
_UARTstringCRLN                             text8        00AF8A
_UARTstringCRLN_CONST                       text7        00AE16
_UARTstring_CONST                           text94       00B0FE
_UseBluetooth                               text4        0001D0
_UseIRCode                                  text1        007196
_VoltageDividerOFF                          text25       00B4EA
_WPUB                                       (abs)        000F7C
_WaitForIRsignal                            text6        00A674
_WriteEEPROM_1Byte                          text65       00AB3E
__CFG_BOREN$SBORDIS                         (abs)        000000
__CFG_BORV$27                               (abs)        000000
__CFG_CCP2MX$PORTC                          (abs)        000000
__CFG_CP0$OFF                               (abs)        000000
__CFG_CP1$OFF                               (abs)        000000
__CFG_CP2$OFF                               (abs)        000000
__CFG_CP3$OFF                               (abs)        000000
__CFG_CPB$OFF                               (abs)        000000
__CFG_CPD$OFF                               (abs)        000000
__CFG_EBTR0$OFF                             (abs)        000000
__CFG_EBTR1$OFF                             (abs)        000000
__CFG_EBTR2$OFF                             (abs)        000000
__CFG_EBTR3$OFF                             (abs)        000000
__CFG_EBTRB$OFF                             (abs)        000000
__CFG_FCMEN$OFF                             (abs)        000000
__CFG_FOSC$HSPLL                            (abs)        000000
__CFG_HFOFST$ON                             (abs)        000000
__CFG_IESO$OFF                              (abs)        000000
__CFG_LPT1OSC$OFF                           (abs)        000000
__CFG_LVP$OFF                               (abs)        000000
__CFG_MCLRE$ON                              (abs)        000000
__CFG_PBADEN$OFF                            (abs)        000000
__CFG_PWRT$OFF                              (abs)        000000
__CFG_STVREN$ON                             (abs)        000000
__CFG_WDTEN$OFF                             (abs)        000000
__CFG_WDTPS$32768                           (abs)        000000
__CFG_WRT0$OFF                              (abs)        000000
__CFG_WRT1$OFF                              (abs)        000000
__CFG_WRT2$OFF                              (abs)        000000
__CFG_WRT3$OFF                              (abs)        000000
__CFG_WRTB$OFF                              (abs)        000000
__CFG_WRTC$OFF                              (abs)        000000
__CFG_WRTD$OFF                              (abs)        000000
__CFG_XINST$OFF                             (abs)        000000
__HRAM                                      (abs)        000000
__Habs1                                     abs1         000000
__Hbank0                                    bank0        000000
__Hbank1                                    bank1        000000
__Hbank10                                   bank10       000000
__Hbank11                                   bank11       000000
__Hbank12                                   bank12       000000
__Hbank13                                   bank13       000000
__Hbank14                                   bank14       000000
__Hbank15                                   bank15       000000
__Hbank2                                    bank2        000000
__Hbank3                                    bank3        000000
__Hbank4                                    bank4        000000
__Hbank5                                    bank5        000000
__Hbank6                                    bank6        000000
__Hbank7                                    bank7        000000
__Hbank8                                    bank8        000000
__Hbank9                                    bank9        000000
__Hbigbss                                   bigbss       000000
__Hbigdata                                  bigdata      000000
__Hbigram                                   bigram       000000
__Hbss                                      bss          000000
__HbssBANK0                                 bssBANK0     000000
__HbssBANK2                                 bssBANK2     000000
__HbssBANK3                                 bssBANK3     000000
__HbssBANK4                                 bssBANK4     000000
__HbssBANK5                                 bssBANK5     000000
__HbssBANK6                                 bssBANK6     000000
__HbssCOMRAM                                bssCOMRAM    000000
__Hcinit                                    cinit        000000
__Hclrtext                                  clrtext      000000
__Hcomram                                   comram       000000
__Hconfig                                   config       30000E
__Hconst                                    const        000000
__HcstackBANK0                              cstackBANK0  000000
__HcstackBANK1                              cstackBANK1  000000
__HcstackBANK2                              cstackBANK2  000000
__HcstackBANK3                              cstackBANK3  000000
__HcstackCOMRAM                             cstackCOMRAM 000000
__Hdata                                     data         000000
__HdataBANK0                                dataBANK0    000000
__HdataBANK3                                dataBANK3    000000
__HdataBANK5                                dataBANK5    000000
__HdataCOMRAM                               dataCOMRAM   000000
__Heeprom_data                              eeprom_data  000000
__Hend_init                                 end_init     0001D0
__Hfarbss                                   farbss       000000
__Hfardata                                  fardata      000000
__Hibigdata                                 ibigdata     000000
__Hidata                                    idata        000000
__HidataBANK0                               idataBANK0   000000
__HidataBANK3                               idataBANK3   000000
__HidataBANK5                               idataBANK5   000000
__HidataCOMRAM                              idataCOMRAM  000000
__Hidloc                                    idloc        200008
__Hifardata                                 ifardata     000000
__Hinit                                     init         0001CC
__Hintcode                                  intcode      000018
__Hintcode_body                             intcode_body 000000
__Hintcodelo                                intcodelo    0001CC
__Hintentry                                 intentry     000000
__Hintret                                   intret       000000
__Hintsave_regs                             intsave_regs 000000
__Hirdata                                   irdata       000000
__Hmediumconst                              mediumconst  010000
__HnvFARRAM                                 nvFARRAM     000000
__Hnvbit                                    nvbit        000000
__Hnvrram                                   nvrram       000000
__Hparam                                    rparam       000000
__Hpowerup                                  powerup      0001CC
__Hram                                      ram          000000
__Hramtop                                   ramtop       001000
__Hrbit                                     rbit         000000
__Hrbss                                     rbss         000000
__Hrdata                                    rdata        000000
__Hreset_vec                                reset_vec    000004
__Hrparam                                   rparam       000000
__Hsfr                                      sfr          000000
__Hsmallconst                               smallconst   000000
__Hspace_0                                  (abs)        30000E
__Hspace_1                                  (abs)        0006C8
__Hspace_2                                  (abs)        000000
__Hstack                                    stack        000000
__Hstruct                                   struct       000000
__Htemp                                     temp         000000
__Htext                                     text         000000
__Htext0                                    text0        000000
__Htext1                                    text1        000000
__Htext10                                   text10       000000
__Htext100                                  text100      000000
__Htext101                                  text101      000000
__Htext102                                  text102      000000
__Htext103                                  text103      000000
__Htext104                                  text104      000000
__Htext105                                  text105      000000
__Htext106                                  text106      000000
__Htext107                                  text107      000000
__Htext108                                  text108      000000
__Htext109                                  text109      000000
__Htext11                                   text11       000000
__Htext111                                  text111      000000
__Htext112                                  text112      000000
__Htext113                                  text113      000000
__Htext114                                  text114      000000
__Htext115                                  text115      000000
__Htext116                                  text116      000000
__Htext117                                  text117      000000
__Htext118                                  text118      000000
__Htext119                                  text119      000000
__Htext12                                   text12       000000
__Htext121                                  text121      000000
__Htext122                                  text122      000000
__Htext123                                  text123      000000
__Htext124                                  text124      000000
__Htext125                                  text125      000000
__Htext126                                  text126      000000
__Htext13                                   text13       000000
__Htext14                                   text14       000000
__Htext15                                   text15       000000
__Htext16                                   text16       000000
__Htext17                                   text17       000000
__Htext18                                   text18       000000
__Htext19                                   text19       000000
__Htext2                                    text2        000000
__Htext20                                   text20       000000
__Htext21                                   text21       000000
__Htext22                                   text22       000000
__Htext23                                   text23       000000
__Htext24                                   text24       000000
__Htext25                                   text25       000000
__Htext26                                   text26       000000
__Htext27                                   text27       000000
__Htext28                                   text28       000000
__Htext29                                   text29       000000
__Htext3                                    text3        000000
__Htext30                                   text30       000000
__Htext31                                   text31       000000
__Htext32                                   text32       000000
__Htext33                                   text33       000000
__Htext34                                   text34       000000
__Htext35                                   text35       000000
__Htext36                                   text36       000000
__Htext37                                   text37       000000
__Htext38                                   text38       000000
__Htext39                                   text39       000000
__Htext4                                    text4        000000
__Htext40                                   text40       000000
__Htext41                                   text41       000000
__Htext42                                   text42       000000
__Htext43                                   text43       000000
__Htext44                                   text44       000000
__Htext45                                   text45       000000
__Htext46                                   text46       000000
__Htext47                                   text47       000000
__Htext48                                   text48       000000
__Htext49                                   text49       000000
__Htext5                                    text5        000000
__Htext50                                   text50       000000
__Htext51                                   text51       000000
__Htext52                                   text52       000000
__Htext53                                   text53       000000
__Htext54                                   text54       000000
__Htext55                                   text55       000000
__Htext56                                   text56       000000
__Htext57                                   text57       000000
__Htext58                                   text58       000000
__Htext59                                   text59       000000
__Htext6                                    text6        000000
__Htext60                                   text60       000000
__Htext61                                   text61       000000
__Htext62                                   text62       000000
__Htext63                                   text63       000000
__Htext64                                   text64       000000
__Htext65                                   text65       000000
__Htext66                                   text66       000000
__Htext67                                   text67       000000
__Htext68                                   text68       000000
__Htext69                                   text69       000000
__Htext7                                    text7        000000
__Htext70                                   text70       000000
__Htext71                                   text71       000000
__Htext72                                   text72       000000
__Htext73                                   text73       000000
__Htext74                                   text74       000000
__Htext75                                   text75       000000
__Htext76                                   text76       000000
__Htext77                                   text77       000000
__Htext78                                   text78       000000
__Htext79                                   text79       000000
__Htext8                                    text8        000000
__Htext80                                   text80       000000
__Htext81                                   text81       000000
__Htext82                                   text82       000000
__Htext83                                   text83       000000
__Htext84                                   text84       000000
__Htext85                                   text85       000000
__Htext86                                   text86       000000
[...]
      Params:         4       0       0       0       0       0       0       0       0       0       0       0       0       0       0       0       0
      Locals:         1       0       0       0       0       0       0       0       0       0       0       0       0       0       0       0       0
      Temps:          3       0       0       0       0       0       0       0       0       0       0       0       0       0       0       0       0
      Totals:         8       0       0       0       0       0       0       0       0       0       0       0       0       0       0       0       0
Total ram usage:        8 bytes
 Hardware stack levels used:    1
 This function calls:
		Nothing
 This function is called by:
		_high_isr
 This function uses a non-reentrant model


 *************** function i2_ResetTimer0 *****************
 Defined at:
		line 79 in file "Timer.c"
 Parameters:    Size  Location     Type
		None
 Auto vars:     Size  Location     Type
		None
 Return value:  Size  Location     Type
		None               void
 Registers used:
		wreg, status,2
 Tracked objects:
		On entry : 
		On exit  : 
		Unchanged: 
 Data sizes:     COMRAM   BANK0   BANK1   BANK2   BANK3   BANK4   BANK5   BANK6   BANK7   BANK8   BANK9  BANK10  BANK11  BANK12  BANK13  BANK14  BANK15
      Params:         0       0       0       0       0       0       0       0       0       0       0       0       0       0       0       0       0
      Locals:         0       0       0       0       0       0       0       0       0       0       0       0       0       0       0       0       0
      Temps:          0       0       0       0       0       0       0       0       0       0       0       0       0       0       0       0       0
      Totals:         0       0       0       0       0       0       0       0       0       0       0       0       0       0       0       0       0
Total ram usage:        0 bytes
 Hardware stack levels used:    1
 This function calls:
		Nothing
 This function is called by:
		_high_isr
 This function uses a non-reentrant model


 *************** function i2_ReadIRpin *****************
 Defined at:
		line 109 in file "IR.c"
 Parameters:    Size  Location     Type
		None
 Auto vars:     Size  Location     Type
		None
 Return value:  Size  Location     Type
                  1    wreg      unsigned char 
 Registers used:
		wreg
 Tracked objects:
		On entry : 
		On exit  : 
		Unchanged: 
 Data sizes:     COMRAM   BANK0   BANK1   BANK2   BANK3   BANK4   BANK5   BANK6   BANK7   BANK8   BANK9  BANK10  BANK11  BANK12  BANK13  BANK14  BANK15
      Params:         0       0       0       0       0       0       0       0       0       0       0       0       0       0       0       0       0
      Locals:         0       0       0       0       0       0       0       0       0       0       0       0       0       0       0       0       0
      Temps:          0       0       0       0       0       0       0       0       0       0       0       0       0       0       0       0       0
      Totals:         0       0       0       0       0       0       0       0       0       0       0       0       0       0       0       0       0
Total ram usage:        0 bytes
 Hardware stack levels used:    1
 This function calls:
		Nothing
 This function is called by:
		_high_isr
 This function uses a non-reentrant model


 *************** function _SetTimer0 *****************
 Defined at:
		line 94 in file "Timer.c"
 Parameters:    Size  Location     Type
  temp            2   31[COMRAM] unsigned int 
 Auto vars:     Size  Location     Type
		None
 Return value:  Size  Location     Type
		None               void
 Registers used:
		wreg, status,2
 Tracked objects:
		On entry : 
		On exit  : 
		Unchanged: 
 Data sizes:     COMRAM   BANK0   BANK1   BANK2   BANK3   BANK4   BANK5   BANK6   BANK7   BANK8   BANK9  BANK10  BANK11  BANK12  BANK13  BANK14  BANK15
      Params:         2       0       0       0       0       0       0       0       0       0       0       0       0       0       0       0       0
      Locals:         0       0       0       0       0       0       0       0       0       0       0       0       0       0       0       0       0
      Temps:          0       0       0       0       0       0       0       0       0       0       0       0       0       0       0       0       0
      Totals:         2       0       0       0       0       0       0       0       0       0       0       0       0       0       0       0       0
Total ram usage:        2 bytes
 Hardware stack levels used:    1
 This function calls:
		Nothing
 This function is called by:
		_high_isr
 This function uses a non-reentrant model


 *************** function _ResetTimer3 *****************
 Defined at:
		line 175 in file "Timer.c"
 Parameters:    Size  Location     Type
		None
 Auto vars:     Size  Location     Type
		None
 Return value:  Size  Location     Type
		None               void
 Registers used:
		wreg, status,2
 Tracked objects:
		On entry : 
		On exit  : 
		Unchanged: 
 Data sizes:     COMRAM   BANK0   BANK1   BANK2   BANK3   BANK4   BANK5   BANK6   BANK7   BANK8   BANK9  BANK10  BANK11  BANK12  BANK13  BANK14  BANK15
      Params:         0       0       0       0       0       0       0       0       0       0       0       0       0       0       0       0       0
      Locals:         0       0       0       0       0       0       0       0       0       0       0       0       0       0       0       0       0
      Temps:          0       0       0       0       0       0       0       0       0       0       0       0       0       0       0       0       0
      Totals:         0       0       0       0       0       0       0       0       0       0       0       0       0       0       0       0       0
Total ram usage:        0 bytes
 Hardware stack levels used:    1
 This function calls:
		Nothing
 This function is called by:
		_high_isr
 This function uses a non-reentrant model


 *************** function _IRrawToNEC *****************
 Defined at:
		line 127 in file "IR.c"
 Parameters:    Size  Location     Type
  Raw             2   31[COMRAM] PTR unsigned int 
		 -> IRRawCode(200), 
  NEC             2   33[COMRAM] PTR unsigned long 
		 -> IR_NEC(4), 
  Invert          1   35[COMRAM] unsigned char 
 Auto vars:     Size  Location     Type
  NECtemp         4   38[COMRAM] unsigned long 
  StartBit        1   44[COMRAM] unsigned char 
  i               1   43[COMRAM] unsigned char 
  first           1   42[COMRAM] unsigned char 
 Return value:  Size  Location     Type
                  1    wreg      unsigned char 
 Registers used:
		wreg, fsr2l, fsr2h, status,2, status,0, prodl, prodh
 Tracked objects:
		On entry : 
		On exit  : 
		Unchanged: 
 Data sizes:     COMRAM   BANK0   BANK1   BANK2   BANK3   BANK4   BANK5   BANK6   BANK7   BANK8   BANK9  BANK10  BANK11  BANK12  BANK13  BANK14  BANK15
      Params:         5       0       0       0       0       0       0       0       0       0       0       0       0       0       0       0       0
      Locals:         7       0       0       0       0       0       0       0       0       0       0       0       0       0       0       0       0
      Temps:          2       0       0       0       0       0       0       0       0       0       0       0       0       0       0       0       0
      Totals:        14       0       0       0       0       0       0       0       0       0       0       0       0       0       0       0       0
Total ram usage:       14 bytes
 Hardware stack levels used:    1
 This function calls:
		Nothing
 This function is called by:
		_high_isr
 This function uses a non-reentrant model



MODULE INFORMATION

Module		Function		Class		Link	Load	Size
C:\Program Files (x86)\Microchip\xc8\v1.34\sources\common\ftge.c
		___ftge        		CODE           	9DA6	0000	207

C:\Program Files (x86)\Microchip\xc8\v1.34\sources\common\ftge.c estimated size: 207

UART.c
		_OpenUSART     		CODE           	A896	0000	125
		_Local_CloseUSA		CODE           	B434	0000	15
		_InitUART      		CODE           	9566	0000	279
		_UARTstring_CON		CODE           	B0FE	0000	51
		_UARTstring    		CODE           	B2A0	0000	41
		_UARTstringCRLN		CODE           	AE16	0000	67
		_EraseScreen   		CODE           	B2C8	0000	41
		_UARTstringCRLN		CODE           	AF8A	0000	57
		_UARTchar      		CODE           	B030	0000	55
		_ClearUSART    		CODE           	B3F2	0000	19
		_ReadUSART     		CODE           	B334	0000	25
		_UARTchar_CONST		CODE           	AF50	0000	59
		_UARTcommandMen		CODE           	920C	0000	287

UART.c estimated size: 1121

Bluetooth.c
		_BluetoothConfi		CODE           	B404	0000	19
		_BlueConnected 		CODE           	B46C	0000	15
		_ResetBlue     		CODE           	997A	0000	227
		_WaitForIRsigna		CODE           	A674	0000	145
		_BluetoothIniti		CODE           	4C66	0000	2023
		_InitBluetooth 		CODE           	AA04	0000	119
		_UseBluetooth  		CODE           	01D0	0000	11935
		_EnterCommandMo		CODE           	8938	0000	349

Bluetooth.c estimated size: 14832

C:\Program Files (x86)\Microchip\xc8\v1.34\sources\common\ftdivl.c
		__tdiv_to_l_   		CODE           	819A	0000	423

C:\Program Files (x86)\Microchip\xc8\v1.34\sources\common\ftdivl.c estimated size: 423

Timer.c
		_InitTimer0    		CODE           	B416	0000	17
		_InitTimer1    		CODE           	B450	0000	15
		_InitTimer2    		CODE           	B442	0000	15
		_InitTimer3    		CODE           	B4AE	0000	11
		_InitTimers    		CODE           	B3A6	0000	21
		_SetTimer0     		CODE           	B4CC	0000	11
		_LEDTimerON    		CODE           	B3CE	0000	19
		_ResetTimer0   		CODE           	B4B8	0000	11
		_ResetTimer1   		CODE           	B4A4	0000	11
		_ResetTimer3   		CODE           	B4D6	0000	11

Timer.c estimated size: 142

C:\Program Files (x86)\Microchip\xc8\v1.34\sources\common\ftneg.c
		___ftneg       		CODE           	B162	0000	49

C:\Program Files (x86)\Microchip\xc8\v1.34\sources\common\ftneg.c estimated size: 49

interrupts.c
		_high_isr      		CODE           	0008	0000	1589
		_low_isr       		CODE           	0018	0000	437

interrupts.c estimated size: 2026

C:\Program Files (x86)\Microchip\xc8\v1.34\sources\common\Umul32.c
		___lmul        		CODE           	A912	0000	123

C:\Program Files (x86)\Microchip\xc8\v1.34\sources\common\Umul32.c estimated size: 123

C:\Program Files (x86)\Microchip\xc8\v1.34\sources\common\fldivl.c
		__div_to_l_    		CODE           	8340	0000	405

C:\Program Files (x86)\Microchip\xc8\v1.34\sources\common\fldivl.c estimated size: 405

C:\Program Files (x86)\Microchip\xc8\v1.34\sources\common\ftsub.c
		___ftsub       		CODE           	ACF6	0000	81

C:\Program Files (x86)\Microchip\xc8\v1.34\sources\common\ftsub.c estimated size: 81

C:\Program Files (x86)\Microchip\xc8\v1.34\sources\common\float.c
		___ftpack      		CODE           	90EC	0000	289

C:\Program Files (x86)\Microchip\xc8\v1.34\sources\common\float.c estimated size: 289

C:\Program Files (x86)\Microchip\xc8\v1.34\sources\common\awmod.c
		___awmod       		CODE           	A0BA	0000	181

C:\Program Files (x86)\Microchip\xc8\v1.34\sources\common\awmod.c estimated size: 181

RF.c
		_SendRF_wait   		CODE           	AE9A	0000	63
		_DisplayRF_Chan		CODE           	9CD8	0000	207
		_SendRF_Channel		CODE           	79C6	0000	601
		_SendRF        		CODE           	9884	0000	247

RF.c estimated size: 1118

C:\Program Files (x86)\Microchip\xc8\v1.34\sources\common\llmod.c
		___llmod       		CODE           	A21C	0000	165

C:\Program Files (x86)\Microchip\xc8\v1.34\sources\common\llmod.c estimated size: 165

Button.c
		_ReadPushButton		CODE           	B426	0000	15
		_ReadCodeButton		CODE           	ACA2	0000	85

Button.c estimated size: 100

C:\Program Files (x86)\Microchip\xc8\v1.34\sources\common\ftmul.c
		___ftmul       		CODE           	87CC	0000	365

C:\Program Files (x86)\Microchip\xc8\v1.34\sources\common\ftmul.c estimated size: 365

C:\Program Files (x86)\Microchip\xc8\v1.34\sources\common\isdigit.c
		_isdigit       		CODE           	B1C2	0000	47

C:\Program Files (x86)\Microchip\xc8\v1.34\sources\common\isdigit.c estimated size: 47

EEPROM.c
		_SetEEPROMdefau		CODE           	9448	0000	287
		_SetMemoryLong 		CODE           	978A	0000	251
		_SetMemoryChar 		CODE           	AF16	0000	59
		_EEPROM_UNLOCK 		CODE           	B364	0000	23
		_EEPROMinitiali		CODE           	B3BA	0000	21
		_ReadEEPROM_1By		CODE           	ABF4	0000	89
		_GetEEPROM1    		CODE           	9A5C	0000	221
		_GetEEPROM2    		CODE           	9E74	0000	203
		_WriteEEPROM_1B		CODE           	AB3E	0000	93
		_SetEEPROM1    		CODE           	8FC0	0000	301
		_SetEEPROM2    		CODE           	967C	0000	271
		_SyncEEPROMToGl		CODE           	7E1E	0000	463
		_SyncGlobalToEE		CODE           	A404	0000	161
		_GetMemoryLong 		CODE           	865C	0000	369
		_GetMemoryChar 		CODE           	B276	0000	43

EEPROM.c estimated size: 2855

C:\Program Files (x86)\Microchip\xc8\v1.34\sources\common\lwtoft.c
		___lwtoft      		CODE           	B21E	0000	45

C:\Program Files (x86)\Microchip\xc8\v1.34\sources\common\lwtoft.c estimated size: 45

C:\Program Files (x86)\Microchip\xc8\v1.34\sources\common\ftdiv.c
		___ftdiv       		CODE           	8A94	0000	339

C:\Program Files (x86)\Microchip\xc8\v1.34\sources\common\ftdiv.c estimated size: 339

C:\Program Files (x86)\Microchip\xc8\v1.34\sources\common\lltoft.c
		___lltoft      		CODE           	A816	0000	129

C:\Program Files (x86)\Microchip\xc8\v1.34\sources\common\lltoft.c estimated size: 129

shared
		i1_UARTchar    		CODE           	B1F0	0000	47
		_Conf2_ChannelB		MEDIUMCONST    	EC76	0000	20
		_Conf2_ChannelD		MEDIUMCONST    	EC89	0000	20
		_Conf1_ChannelD		MEDIUMCONST    	EDEC	0000	13
		_Conf1_ChannelE		MEDIUMCONST    	EDF8	0000	13
		_Conf1_ChannelF		MEDIUMCONST    	EE04	0000	13
		i1_UARTstring  		CODE           	B2F0	0000	39
		i2_cleanBuffer1		CODE           	AE58	0000	67
		_Conf1_Channels		MEDIUMCONST    	EE1E	0000	5
		__powers_      		MEDIUMCONST    	EB9A	0000	40
		_Conf2_ChannelB		MEDIUMCONST    	ECF3	0000	17
		_Conf2_ChannelD		MEDIUMCONST    	ED13	0000	17
		_Conf2_ChannelH		MEDIUMCONST    	EBFB	0000	22
		_Conf2_ChannelH		MEDIUMCONST    	EC10	0000	22
		_Conf2_ChannelH		MEDIUMCONST    	EC25	0000	22
		i2_ReadIRpin   		CODE           	B496	0000	15
		_dpowers       		MEDIUMCONST    	EB4B	0000	41
		_SYNTAX_ERR    		MEDIUMCONST    	EDDE	0000	15
		_Conf2_ChannelH		MEDIUMCONST    	ECC0	0000	18
		_Conf2_ChannelH		MEDIUMCONST    	ECD1	0000	18
		_Conf2_ChannelH		MEDIUMCONST    	ECE2	0000	18
		_PCBVersion    		MEDIUMCONST    	EE19	0000	6
		i1_BlueConnecte		CODE           	B488	0000	15
		i2_ResetTimer0 		CODE           	B4C2	0000	11
		_Conf2_Channels		MEDIUMCONST    	EE22	0000	5
		_FirmVersion   		MEDIUMCONST    	EE10	0000	10
		__npowers_     		MEDIUMCONST    	EB73	0000	40
		_Conf1_ChannelD		MEDIUMCONST    	ED93	0000	16
		_Conf1_ChannelE		MEDIUMCONST    	EDA2	0000	16
		_Conf1_ChannelF		MEDIUMCONST    	EDB1	0000	16
		i1_ReadUSART   		CODE           	B390	0000	23
		__initializatio		CODE           	9B38	0000	203
		_CRLN          		MEDIUMCONST    	EE2A	0000	4
		_ProjectName   		MEDIUMCONST    	EBE1	0000	27
		_Conf2_ChannelH		MEDIUMCONST    	ED33	0000	17
		_Conf2_ChannelH		MEDIUMCONST    	ED53	0000	17
		_Conf2_ChannelH		MEDIUMCONST    	ED73	0000	17
		i1_UARTstring_C		CODE           	B192	0000	49
		_Conf2_ChannelH		MEDIUMCONST    	EC3A	0000	21
		_Conf2_ChannelH		MEDIUMCONST    	EC4E	0000	21
		_Conf2_ChannelH		MEDIUMCONST    	EC62	0000	21
		_Conf2_ChannelB		MEDIUMCONST    	EDC0	0000	16
		_Conf2_ChannelD		MEDIUMCONST    	EDCF	0000	16
		_hexpowers     		MEDIUMCONST    	EBC1	0000	33
		_Conf2_ChannelB		MEDIUMCONST    	EC9C	0000	19
		_Conf2_ChannelD		MEDIUMCONST    	ECAE	0000	19
		_Conf2_ChannelB		MEDIUMCONST    	ED03	0000	17
		_Conf2_ChannelD		MEDIUMCONST    	ED23	0000	17
		i1_delayUS     		CODE           	AED8	0000	63
		_Conf2_ChannelH		MEDIUMCONST    	ED43	0000	17
		_Frequency     		MEDIUMCONST    	EE26	0000	5
		_Conf2_ChannelH		MEDIUMCONST    	ED63	0000	17
		_Conf2_ChannelH		MEDIUMCONST    	ED83	0000	17
		i1_UARTchar_CON		CODE           	B130	0000	51

shared estimated size: 1364

C:\Program Files (x86)\Microchip\xc8\v1.34\sources\common\altoft.c
		___altoft      		CODE           	A362	0000	163

C:\Program Files (x86)\Microchip\xc8\v1.34\sources\common\altoft.c estimated size: 163

ADC.c
		_InternalADC_Re		CODE           	A2C0	0000	163
		_ReadVoltage   		CODE           	A542	0000	159
		_VoltageDivider		CODE           	B4EA	0000	3
		_InitADC       		CODE           	B37A	0000	23
		_ResetADC      		CODE           	B47A	0000	15

ADC.c estimated size: 363

C:\Program Files (x86)\Microchip\xc8\v1.34\sources\common\awdiv.c
		___awdiv       		CODE           	9C08	0000	209

C:\Program Files (x86)\Microchip\xc8\v1.34\sources\common\awdiv.c estimated size: 209

MISC.c
		_Round         		CODE           	AA7A	0000	103
		_StringContains		CODE           	8E86	0000	315
		_BufferCopy    		CODE           	A704	0000	139
		_StringContains		CODE           	7FEC	0000	431
		_GetStringAfter		CODE           	932A	0000	287
		_cleanBuffer   		CODE           	AB9A	0000	91
		_IsAlphaNumeric		CODE           	AFFA	0000	55
		_cleanBuffer16b		CODE           	AAE0	0000	95
		_lowercaseStrin		CODE           	AD8E	0000	69
		_delayUS       		CODE           	AC4C	0000	87
		_IsAlphaNumeric		CODE           	B066	0000	53
		_Reverse_Byte  		CODE           	A004	0000	183
		_IsLetter      		CODE           	B0CC	0000	51
		_Reverse_4Byte 		CODE           	3FE8	0000	3199
		_IsNumber      		CODE           	B316	0000	31
		_StringAddEqual		CODE           	7C1E	0000	513
		_StringMatch   		CODE           	A98C	0000	121
		_GetNumber     		CODE           	6586	0000	1159
		_IsCharacter   		CODE           	B34C	0000	25
		_StringMatchCas		CODE           	A5E0	0000	149
		_GetNumberUnsig		CODE           	6A0C	0000	1119
		_lowercaseChar 		CODE           	B24A	0000	45

MISC.c estimated size: 8320

IR.c
		_DecodeNEC     		CODE           	A16E	0000	175
		_InitIR        		CODE           	AD46	0000	73
		_EncodeNEC     		CODE           	8D38	0000	335
		_UseIRCode     		CODE           	7196	0000	731
		_IRrawToNEC    		CODE           	6E6A	0000	813
		_ReadIRpin     		CODE           	B45E	0000	15
		_SendNEC_wait  		CODE           	A4A4	0000	159
		_SendNEC_bytes 		CODE           	A78E	0000	137
		_CheckReceiving		CODE           	B3E0	0000	19

IR.c estimated size: 2457

C:\Program Files (x86)\Microchip\xc8\v1.34\sources\common\lldiv.c
		___lldiv       		CODE           	9F3E	0000	199

C:\Program Files (x86)\Microchip\xc8\v1.34\sources\common\lldiv.c estimated size: 199

user.c
		_InitApp       		CODE           	ADD2	0000	69
		_Init_System   		CODE           	84D4	0000	393

user.c estimated size: 462

C:\Program Files (x86)\Microchip\xc8\v1.34\sources\common\doprnt.c
		_scale         		CODE           	6082	0000	1285
		_sprintf       		CODE           	306E	0000	3963
		_fround        		CODE           	7470	0000	729

C:\Program Files (x86)\Microchip\xc8\v1.34\sources\common\doprnt.c estimated size: 5977

C:\Program Files (x86)\Microchip\xc8\v1.34\sources\common\fttol.c
		___fttol       		CODE           	8BE6	0000	339

C:\Program Files (x86)\Microchip\xc8\v1.34\sources\common\fttol.c estimated size: 339

main.c
		_main          		CODE           	5A70	0000	1555

main.c estimated size: 1555

C:\Program Files (x86)\Microchip\xc8\v1.34\sources\common\Umul16.c
		___wmul        		CODE           	AFC2	0000	57

C:\Program Files (x86)\Microchip\xc8\v1.34\sources\common\Umul16.c estimated size: 57

system.c
		_ConfigureOscil		CODE           	B4EC	0000	3

system.c estimated size: 3

C:\Program Files (x86)\Microchip\xc8\v1.34\sources\common\ftadd.c
		___ftadd       		CODE           	7748	0000	639

C:\Program Files (x86)\Microchip\xc8\v1.34\sources\common\ftadd.c estimated size: 639

