Microchip MPLAB XC8 Compiler V1.34 ()

Linker command line:

-W-1 --edf=C:\Program Files (x86)\Microchip\xc8\v1.34\dat\en_msgs.txt -cs \
  -h+dist/xc8_pic18f26k20/production\PIC_IR_RF_Bluetooth_Home_Automation.production.sym \
  --cmf=dist/xc8_pic18f26k20/production\PIC_IR_RF_Bluetooth_Home_Automation.production.cmf \
  -z -Q18F26K20 -oC:\Users\DWHITF~1\AppData\Local\Temp\s7gs.6 \
  -Mdist/xc8_pic18f26k20/production/PIC_IR_RF_Bluetooth_Home_Automation.production.map \
  -E1 -ver=XC8 -ASTACK=07C8h-0f5fh -pstack=STACK -ACODE=00h-0FFFFh \
  -ACONST=00h-0FFFFh -ASMALLCONST=01000h-010FFhx240 \
  -AMEDIUMCONST=01000h-0FFFFh -ACOMRAM=01h-05Fh -AABS1=00h-0F5Fh \
  -ABIGRAM=01h-0F5Fh -ARAM=060h-0FFh,0100h-01FFhx14,0F00h-0F5Fh \
  -ABANK0=060h-0FFh -ABANK1=0100h-01FFh -ABANK2=0200h-02FFh \
  -ABANK3=0300h-03FFh -ABANK4=0400h-04FFh -ABANK5=0500h-05FFh \
  -ABANK6=0600h-06FFh -ABANK7=0700h-07FFh -ABANK8=0800h-08FFh \
  -ABANK9=0900h-09FFh -ABANK10=0A00h-0AFFh -ABANK11=0B00h-0BFFh \
  -ABANK12=0C00h-0CFFh -ABANK13=0D00h-0DFFh -ABANK14=0E00h-0EFFh \
  -ABANK15=0F00h-0F5Fh -ASFR=0F60h-0FFFh \
  -preset_vec=00h,intcode=08h,intcodelo=018h,powerup,init,end_init \
  -pramtop=01000h -psmallconst=SMALLCONST -pmediumconst=MEDIUMCONST \
  -pconst=CONST -AFARRAM=00h-00h -ACONFIG=0300000h-030000Dh -pconfig=CONFIG \
  -AIDLOC=0200000h-0200007h -pidloc=IDLOC -AEEDATA=0F00000h-0F003FFh \
  -peeprom_data=EEDATA \
  -prdata=COMRAM,nvrram=COMRAM,nvbit=COMRAM,rbss=COMRAM,rbit=COMRAM \
  -pfarbss=FARRAM,fardata=FARRAM,nvFARRAM=FARRAM \
  -pintsave_regs=BIGRAM,bigbss=BIGRAM,bigdata=BIGRAM -pbss=RAM \
  -pidata=CODE,irdata=CODE,ibigdata=CODE,ifardata=CODE -prparam=COMRAM \
  C:\Users\DWHITF~1\AppData\Local\Temp\s7gs.obj \
  dist/xc8_pic18f26k20/production\PIC_IR_RF_Bluetooth_Home_Automation.production.obj 

Object code version is 3.11

Machine type is 18F26K20

Call graph: (short form)




                Name                               Link     Load   Length Selector   Space Scale
C:\Users\DWHITF~1\AppData\Local\Temp\s7gs.obj
                end_init                            1CC      1CC        4        C       0
                reset_vec                             0        0        4        0       0
                idloc                            200000   200000        8   200000       0
                config                           300000   300000        E   300000       0
dist/xc8_pic18f26k20/production\PIC_IR_RF_Bluetooth_Home_Automation.production.obj
                intcodelo                            18       18      1B4        C       0
                intcode                               8        8       10        4       0
                mediumconst                        DF10     DF10     20F0     6F88       0
                text135                            7AEC     7AEC      32C        C       0
                text134                            C2AA     C2AA       14        C       0
                text133                            C296     C296       14        C       0
                text132                            C3E0     C3E0        A        C       0
                text131                            C3D6     C3D6        A        C       0
                text130                            C396     C396        E        C       0
                text129                            C3CC     C3CC        A        C       0
                text128                            BD08     BD08       42        C       0
                intcode_body                       5B52     5B52      728        C       0
                text126                            BDC6     BDC6       3E        C       0
                text125                            BFE4     BFE4       32        C       0
                text124                            C152     C152       28        C       0
                text123                            C214     C214       18        C       0
                text122                            C388     C388        E        C       0
                text121                            C258     C258       16        C       0
                text120                            C0A4     C0A4       2E        C       0
                text119                            C1A0     C1A0       26        C       0
                text118                            C046     C046       30        C       0
                text116                            C3F8     C3F8        2     61FB       0
                text115                            C316     C316       10        C       0
                text114                            BC3C     BC3C       46        C       0
                text113                            C282     C282       14        C       0
                text112                            C37A     C37A        E        C       0
                text111                            C242     C242       16        C       0
                text110                            C2F4     C2F4       12        C       0
                text109                            BE76     BE76       38        C       0
                text108                            B9FC     B9FC       5A        C       0
                text107                            8DC2     8DC2      184        C       0
                text106                            C36C     C36C        E        C       0
                text105                            C1FC     C1FC       18        C       0
                text104                            C2E2     C2E2       12        C       0
                text103                            BAAE     BAAE       56        C       0
                text102                            A8CA     A8CA       E2        C       0
                text101                            9CC2     9CC2      13A        C       0
                text100                            BE04     BE04       3A        C       0
                text99                             BFB2     BFB2       32        C       0
                text98                             AD16     AD16       CE        C       0
                text97                             C016     C016       30        C       0
                text96                             A164     A164      120        C       0
                text95                             83F4     83F4      27E        C       0
                text94                             BB58     BB58       50        C       0
                text93                             97A0     97A0      152        C       0
                text92                             ADE4     ADE4       C6        C       0
                text91                             B0C2     B0C2       A4        C       0
                text90                             B594     B594       80        C       0
                text89                             8C2E     8C2E      194        C       0
                text88                             8A88     8A88      1A6        C       0
                text87                             AC46     AC46       D0        C       0
                text86                             AF60     AF60       B4        C       0
                text85                             922E     922E      16C        C       0
                text84                             811C     811C      2D8        C       0
                text83                             C076     C076       2E        C       0
                text82                             68E6     68E6      504        C       0
                text81                             3774     3774      F7A        C       0
                text80                             939A     939A      15C        C       0
                text79                             C0FE     C0FE       2C        C       0
                text78                             88DA     88DA      1AE        C       0
                text77                             BEE4     BEE4       36        C       0
                text76                             C12A     C12A       28        C       0
                text75                             536C     536C      7E6        C       0
                text74                             BA56     BA56       58        C       0
                text73                             C17A     C17A       26        C       0
                text72                             C22C     C22C       16        C       0
                text71                             B9A0     B9A0       5C        C       0
                text70                             BD88     BD88       3E        C       0
                text69                             90BC     90BC      172        C       0
                text68                             A5D6     A5D6      104        C       0
                text67                             9A40     9A40      146        C       0
                text66                             9B86     9B86      13C        C       0
                text65                             B690     B690       7C        C       0
                text64                             B7FE     B7FE       76        C       0
                text63                             C306     C306       10        C       0
                text62                             C35E     C35E        E        C       0
                text61                             C3C2     C3C2        A        C       0
                text60                             B942     B942       5E        C       0
                text59                             BBF4     BBF4       48        C       0
                text58                             C350     C350        E        C       0
                text57                             C342     C342        E        C       0
                text56                             C3B8     C3B8        A        C       0
                text55                             C26E     C26E       14        C       0
                text54                             C334     C334        E        C       0
                text53                             B614     B614       7C        C       0
                text52                             B208     B208       A2        C       0
                text51                             B8DC     B8DC       66        C       0
                text50                             A4C0     A4C0      116        C       0
                text49                             9F22     9F22      122        C       0
                text48                             A7D2     A7D2       F8        C       0
                text47                             AB6A     AB6A       DC        C       0
                text46                             A9AC     A9AC       E0        C       0
                text45                             A6DA     A6DA       F8        C       0
                text44                             C3AE     C3AE        A        C       0
                text43                             8F46     8F46      176        C       0
                text42                             AEAA     AEAA       B6        C       0
                text41                             B014     B014       AE        C       0
                text40                             B874     B874       68        C       0
                text39                             BBA8     BBA8       4C        C       0
                text38                             94F6     94F6      158        C       0
                text37                             98F2     98F2      14E        C       0
                text36                             BF80     BF80       32        C       0
                text35                             B70C     B70C       7A        C       0
                text34                             6DEA     6DEA      486        C       0
                text33                             7270     7270      45E        C       0
                text32                             A3A2     A3A2      11E        C       0
                text31                             C1E4     C1E4       18        C       0
                text30                             C1C6     C1C6       1E        C       0
                text29                             BF1A     BF1A       34        C       0
                text28                             BEAE     BEAE       36        C       0
                text27                             9DFC     9DFC      126        C       0
                text26                             B166     B166       A2        C       0
                text25                             C3F6     C3F6        2     61FB       0
                text24                             964E     964E      152        C       0
                text23                             C0D2     C0D2       2C        C       0
                text22                             B348     B348       9E        C       0
                text21                             C2D0     C2D0       12        C       0
                text20                             46EE     46EE      C7E        C       0
                text19                             B50A     B50A       8A        C       0
                text18                             B2AA     B2AA       9E        C       0
                text17                             C3A4     C3A4        A        C       0
                text16                             C2BE     C2BE       12        C       0
                text15                             A044     A044      120        C       0
                text14                             BD4A     BD4A       3E        C       0
                text13                             76CE     76CE      41E        C       0
                text12                             8672     8672      268        C       0
                text11                             B786     B786       78        C       0
                text10                             B3E6     B3E6       94        C       0
                text9                              A284     A284      11E        C       0
                text8                              BE3E     BE3E       38        C       0
                text7                              BCC6     BCC6       42        C       0
                text6                              B47A     B47A       90        C       0
                text5                              BC82     BC82       44        C       0
                text4                               1D0      1D0     35A4        C       0
                text3                              BB04     BB04       54        C       0
                text2                              C326     C326        E        C       0
                text1                              7E18     7E18      304        C       0
                text0                              627A     627A      66C        C       0
                cstackCOMRAM                          1        1       3F        1       1
                cstackBANK0                          60       60       90       60       1
                cstackBANK1                         100      100       FF      100       1
                cstackBANK2                         200      200       9A      200       1
                cstackBANK3                         300      300       E8      300       1
                bssBANK7                            700      700       C8      700       1
                bssBANK6                            600      600       50      600       1
                dataBANK5                           5B6      5B6       32      500       1
                bssBANK5                            500      500       B6      500       1
                bssBANK4                            400      400       E6      400       1
                dataBANK3                           3F5      3F5        4      300       1
                bssBANK3                            3E8      3E8        D      300       1
                bssBANK2                            29A      29A       65      200       1
                dataBANK0                            FA       FA        2       60       1
                bssBANK0                             F0       F0        A       60       1
                dataCOMRAM                           53       53        5        1       1
                bssCOMRAM                            40       40       13        1       1
                cinit                              AA8C     AA8C       DE        C       0
                idataBANK5                         BF4E     BF4E       32        C       0
                idataBANK3                         C3EF     C3EF        4        C       0
                idataBANK0                         C3F3     C3F3        2        C       0
                idataCOMRAM                        C3EA     C3EA        5        C       0

TOTAL           Name                               Link     Load   Length     Space
        CLASS   STACK          

        CLASS   CODE           
                end_init                            1CC      1CC        4         0
                intcodelo                            18       18      1B4         0
                intcode                               8        8       10         0
                reset_vec                             0        0        4         0
                text135                            7AEC     7AEC      32C         0
                text134                            C2AA     C2AA       14         0
                text133                            C296     C296       14         0
                text132                            C3E0     C3E0        A         0
                text131                            C3D6     C3D6        A         0
                text130                            C396     C396        E         0
                text129                            C3CC     C3CC        A         0
                text128                            BD08     BD08       42         0
                intcode_body                       5B52     5B52      728         0
                text126                            BDC6     BDC6       3E         0
                text125                            BFE4     BFE4       32         0
                text124                            C152     C152       28         0
                text123                            C214     C214       18         0
                text122                            C388     C388        E         0
                text121                            C258     C258       16         0
                text120                            C0A4     C0A4       2E         0
                text119                            C1A0     C1A0       26         0
                text118                            C046     C046       30         0
                text116                            C3F8     C3F8        2         0
                text115                            C316     C316       10         0
                text114                            BC3C     BC3C       46         0
                text113                            C282     C282       14         0
                text112                            C37A     C37A        E         0
                text111                            C242     C242       16         0
                text110                            C2F4     C2F4       12         0
                text109                            BE76     BE76       38         0
                text108                            B9FC     B9FC       5A         0
                text107                            8DC2     8DC2      184         0
                text106                            C36C     C36C        E         0
                text105                            C1FC     C1FC       18         0
                text104                            C2E2     C2E2       12         0
                text103                            BAAE     BAAE       56         0
                text102                            A8CA     A8CA       E2         0
                text101                            9CC2     9CC2      13A         0
                text100                            BE04     BE04       3A         0
                text99                             BFB2     BFB2       32         0
                text98                             AD16     AD16       CE         0
                text97                             C016     C016       30         0
                text96                             A164     A164      120         0
                text95                             83F4     83F4      27E         0
                text94                             BB58     BB58       50         0
                text93                             97A0     97A0      152         0
                text92                             ADE4     ADE4       C6         0
                text91                             B0C2     B0C2       A4         0
                text90                             B594     B594       80         0
                text89                             8C2E     8C2E      194         0
                text88                             8A88     8A88      1A6         0
                text87                             AC46     AC46       D0         0
                text86                             AF60     AF60       B4         0
                text85                             922E     922E      16C         0
                text84                             811C     811C      2D8         0
                text83                             C076     C076       2E         0
                text82                             68E6     68E6      504         0
                text81                             3774     3774      F7A         0
                text80                             939A     939A      15C         0
                text79                             C0FE     C0FE       2C         0
                text78                             88DA     88DA      1AE         0
                text77                             BEE4     BEE4       36         0
                text76                             C12A     C12A       28         0
                text75                             536C     536C      7E6         0
                text74                             BA56     BA56       58         0
                text73                             C17A     C17A       26         0
                text72                             C22C     C22C       16         0
                text71                             B9A0     B9A0       5C         0
                text70                             BD88     BD88       3E         0
                text69                             90BC     90BC      172         0
                text68                             A5D6     A5D6      104         0
                text67                             9A40     9A40      146         0
                text66                             9B86     9B86      13C         0
                text65                             B690     B690       7C         0
                text64                             B7FE     B7FE       76         0
                text63                             C306     C306       10         0
                text62                             C35E     C35E        E         0
                text61                             C3C2     C3C2        A         0
                text60                             B942     B942       5E         0
                text59                             BBF4     BBF4       48         0
                text58                             C350     C350        E         0
                text57                             C342     C342        E         0
                text56                             C3B8     C3B8        A         0
                text55                             C26E     C26E       14         0
                text54                             C334     C334        E         0
                text53                             B614     B614       7C         0
                text52                             B208     B208       A2         0
                text51                             B8DC     B8DC       66         0
                text50                             A4C0     A4C0      116         0
                text49                             9F22     9F22      122         0
                text48                             A7D2     A7D2       F8         0
                text47                             AB6A     AB6A       DC         0
                text46                             A9AC     A9AC       E0         0
                text45                             A6DA     A6DA       F8         0
                text44                             C3AE     C3AE        A         0
                text43                             8F46     8F46      176         0
                text42                             AEAA     AEAA       B6         0
                text41                             B014     B014       AE         0
                text40                             B874     B874       68         0
                text39                             BBA8     BBA8       4C         0
                text38                             94F6     94F6      158         0
                text37                             98F2     98F2      14E         0
                text36                             BF80     BF80       32         0
                text35                             B70C     B70C       7A         0
                text34                             6DEA     6DEA      486         0
                text33                             7270     7270      45E         0
                text32                             A3A2     A3A2      11E         0
                text31                             C1E4     C1E4       18         0
                text30                             C1C6     C1C6       1E         0
                text29                             BF1A     BF1A       34         0
                text28                             BEAE     BEAE       36         0
                text27                             9DFC     9DFC      126         0
                text26                             B166     B166       A2         0
                text25                             C3F6     C3F6        2         0
                text24                             964E     964E      152         0
                text23                             C0D2     C0D2       2C         0
                text22                             B348     B348       9E         0
                text21                             C2D0     C2D0       12         0
                text20                             46EE     46EE      C7E         0
                text19                             B50A     B50A       8A         0
                text18                             B2AA     B2AA       9E         0
                text17                             C3A4     C3A4        A         0
                text16                             C2BE     C2BE       12         0
                text15                             A044     A044      120         0
                text14                             BD4A     BD4A       3E         0
                text13                             76CE     76CE      41E         0
                text12                             8672     8672      268         0
                text11                             B786     B786       78         0
                text10                             B3E6     B3E6       94         0
                text9                              A284     A284      11E         0
                text8                              BE3E     BE3E       38         0
                text7                              BCC6     BCC6       42         0
                text6                              B47A     B47A       90         0
                text5                              BC82     BC82       44         0
                text4                               1D0      1D0     35A4         0
                text3                              BB04     BB04       54         0
                text2                              C326     C326        E         0
                text1                              7E18     7E18      304         0
                text0                              627A     627A      66C         0
                cinit                              AA8C     AA8C       DE         0
                idataBANK5                         BF4E     BF4E       32         0
                idataBANK3                         C3EF     C3EF        4         0
                idataBANK0                         C3F3     C3F3        2         0
                idataCOMRAM                        C3EA     C3EA        5         0

        CLASS   CONST          

        CLASS   SMALLCONST     

        CLASS   MEDIUMCONST    
                mediumconst                        DF10     DF10     20F0         0

        CLASS   COMRAM         
                cstackCOMRAM                          1        1       3F         1
                dataCOMRAM                           53       53        5         1
                bssCOMRAM                            40       40       13         1

        CLASS   ABS1           

        CLASS   BIGRAM         

        CLASS   RAM            

        CLASS   BANK0          
                cstackBANK0                          60       60       90         1
                dataBANK0                            FA       FA        2         1
                bssBANK0                             F0       F0        A         1

        CLASS   BANK1          
                cstackBANK1                         100      100       FF         1

        CLASS   BANK2          
                cstackBANK2                         200      200       9A         1
                bssBANK2                            29A      29A       65         1

        CLASS   BANK3          
                cstackBANK3                         300      300       E8         1
                dataBANK3                           3F5      3F5        4         1
                bssBANK3                            3E8      3E8        D         1

        CLASS   BANK4          
                bssBANK4                            400      400       E6         1

        CLASS   BANK5          
                dataBANK5                           5B6      5B6       32         1
                bssBANK5                            500      500       B6         1

        CLASS   BANK6          
                bssBANK6                            600      600       50         1

        CLASS   BANK7          
                bssBANK7                            700      700       C8         1

        CLASS   BANK8          

        CLASS   BANK9          

        CLASS   BANK10         

        CLASS   BANK11         

        CLASS   BANK12         

        CLASS   BANK13         

        CLASS   BANK14         

        CLASS   BANK15         

        CLASS   SFR            

        CLASS   FARRAM         

        CLASS   CONFIG         
                config                           300000   300000        E         0

        CLASS   IDLOC          
                idloc                            200000   200000        8         0

        CLASS   EEDATA         



SEGMENTS        Name                           Load    Length   Top    Selector   Space  Class

                reset_vec                      000000  000004  000004         0       0  CODE    
                cstackCOMRAM                   000001  000057  000058         1       1  COMRAM  
                intcode                        000008  000010  000018         4       0  CODE    
                intcodelo                      000018  00C3DD  00C3F5         C       0  CODE    
                cstackBANK0                    000060  00009C  0000FC        60       1  BANK0   
                cstackBANK1                    000100  0000FF  0001FF       100       1  BANK1   
                cstackBANK2                    000200  0000FF  0002FF       200       1  BANK2   
                cstackBANK3                    000300  0000F9  0003F9       300       1  BANK3   
                bssBANK4                       000400  0000E6  0004E6       400       1  BANK4   
                bssBANK5                       000500  0000E8  0005E8       500       1  BANK5   
                bssBANK6                       000600  000050  000650       600       1  BANK6   
                bssBANK7                       000700  0000C8  0007C8       700       1  BANK7   
                text25                         00C3F6  000004  00C3FA      61FB       0  CODE    
                mediumconst                    00DF10  0020F0  010000      6F88       0  MEDIUMCO
                idloc                          200000  000008  200008    200000       0  IDLOC   
                config                         300000  00000E  30000E    300000       0  CONFIG  


UNUSED ADDRESS RANGES

        Name                Unused          Largest block    Delta
        BANK0            0000FC-0000FF                4
        BANK1            0001FF-0001FF                1
        BANK10           000A00-000AFF              100
        BANK11           000B00-000BFF              100
        BANK12           000C00-000CFF              100
        BANK13           000D00-000DFF              100
        BANK14           000E00-000EFF              100
        BANK15           000F00-000F5F               60
        BANK2            0002FF-0002FF                1
        BANK3            0003F9-0003FF                7
        BANK4            0004E6-0004FF               1A
        BANK5            0005E8-0005FF               18
        BANK6            000650-0006FF               B0
        BANK7            0007C8-0007FF               38
        BANK8            000800-0008FF              100
        BANK9            000900-0009FF              100
        BIGRAM           000058-00005F                8
                         0000FC-0000FF                4
                         0001FF-0001FF                1
                         0002FF-0002FF                1
                         0003F9-0003FF                7
                         0004E6-0004FF               1A
                         0005E8-0005FF               18
                         000650-0006FF               B0
                         0007C8-000F5F              798
        CODE             000004-000007                4
                         00C3F5-00C3F5                1
                         00C3FA-00DF0F             1B16
        COMRAM           000058-00005F                8
        CONST            000004-000007                4
                         00C3F5-00C3F5                1
                         00C3FA-00DF0F             1B16
        EEDATA           F00000-F003FF              400
        MEDIUMCONST      00C3F5-00C3F5                1
                         00C3FA-00DF0F             1B16
        RAM              0000FC-0000FF                4
                         0001FF-0001FF                1
                         0002FF-0002FF                1
                         0003F9-0003FF                7
                         0004E6-0004FF               1A
                         0005E8-0005FF               18
                         000650-0006FF               B0
                         0007C8-000F5F              100
        SFR              000F60-000FFF               A0
        SMALLCONST       00C3F5-00C3F5                1
                         00C3FA-00DF0F              100
        STACK            0007C8-000F5F              798

                                  Symbol Table

?_EncodeNEC                                 cstackBANK0  000064
?_GetMemoryChar                             cstackBANK0  000064
?_GetMemoryLong                             cstackBANK0  000064
?_ReadEEPROM_1Byte                          cstackBANK0  000060
?_ReadVoltage                               cstackBANK0  000089
?_Reverse_4Byte                             cstackBANK0  000060
?_Round                                     cstackBANK0  0000AE
?_SetEEPROM1                                cstackBANK0  000096
?_SetEEPROM2                                cstackBANK0  000096
?___altoft                                  cstackBANK0  000068
?___awdiv                                   cstackBANK0  000066
?___awmod                                   cstackBANK0  000060
?___ftadd                                   cstackBANK0  000093
?___ftdiv                                   cstackBANK0  00006B
?___ftmul                                   cstackBANK0  00007A
?___ftneg                                   cstackBANK0  000060
?___ftpack                                  cstackBANK0  000060
?___ftsub                                   cstackBANK0  00009F
?___fttol                                   cstackBANK0  00009F
?___lldiv                                   cstackBANK0  000060
?___llmod                                   cstackBANK0  00006D
?___lltoft                                  cstackBANK0  000068
?___lmul                                    cstackBANK0  000060
?___lwtoft                                  cstackBANK0  000068
?___wmul                                    cstackBANK0  00006E
?__div_to_l_                                cstackBANK0  000060
?__tdiv_to_l_                               cstackBANK0  000060
?_fround                                    cstackBANK0  000089
?_scale                                     cstackBANK0  000089
?_sprintf                                   cstackBANK0  0000AE
BluetoothInitialSetup@BluetoothVersionLine1 cstackBANK1  000133
BluetoothInitialSetup@BluetoothVersionLine2 cstackBANK1  000151
BluetoothInitialSetup@BroadcastTEMP         cstackBANK1  00016F
BluetoothInitialSetup@Default               cstackBANK1  0001B7
BluetoothInitialSetup@buf                   cstackBANK1  000184
BluetoothInitialSetup@first                 cstackBANK1  0001B6
BluetoothInitialSetup@i                     cstackBANK1  0001BA
BluetoothInitialSetup@j                     cstackBANK1  0001B8
BluetoothInitialSetup@ok                    cstackBANK1  0001B9
BufferCopy@count                            cstackBANK0  000078
BufferCopy@from                             cstackBANK0  000074
BufferCopy@i                                cstackBANK0  00007A
BufferCopy@shift                            cstackBANK0  000079
BufferCopy@to                               cstackBANK0  000076
DecodeNEC@Nec                               cstackBANK0  000064
DecodeNEC@address                           cstackBANK0  000068
DecodeNEC@command                           cstackBANK0  00006A
DecodeNEC@temp1                             cstackBANK0  000072
DecodeNEC@temp2                             cstackBANK0  000070
DecodeNEC@temp3                             cstackBANK0  000071
DisplayRF_Channel@Conf3Channel              cstackBANK1  000132
DisplayRF_Channel@Conf3button               cstackBANK1  000133
DisplayRF_Channel@buf                       cstackBANK1  000100
DisplayRF_Channel@channel                   cstackBANK1  000134
EncodeNEC@address                           cstackBANK0  00008C
EncodeNEC@command                           cstackBANK0  000064
EncodeNEC@temp1                             cstackBANK0  00007C
EncodeNEC@temp2                             cstackBANK0  000080
EncodeNEC@temp3                             cstackBANK0  000084
EncodeNEC@temp4                             cstackBANK0  000088
EnterCommandMode@buf                        cstackBANK1  000100
EnterCommandMode@count                      cstackBANK1  000132
EraseScreen@characters                      cstackCOMRAM 00000C
EraseScreen@i                               cstackCOMRAM 00000D
GetEEPROM1@Arrayspot                        cstackBANK0  000088
GetEEPROM1@Temp                             cstackBANK0  000084
GetEEPROM1@i                                cstackBANK0  000089
GetEEPROM1@j                                cstackBANK0  00008A
GetEEPROM2@Arrayspot                        cstackBANK0  000088
GetEEPROM2@Temp                             cstackBANK0  000084
GetEEPROM2@i                                cstackBANK0  00008A
GetEEPROM2@j                                cstackBANK0  00008B
GetEEPROM2@k                                cstackBANK0  00008C
GetMemoryChar@AddressFirst                  cstackBANK0  000064
GetMemoryChar@H                             cstackBANK0  000068
GetMemoryLong@AddressFirst                  cstackBANK0  000064
GetMemoryLong@H                             cstackBANK0  000080
GetMemoryLong@L                             cstackBANK0  000083
GetMemoryLong@MH                            cstackBANK0  000081
GetMemoryLong@ML                            cstackBANK0  000082
GetMemoryLong@temp                          cstackBANK0  00007C
GetNumber@CommaNumber                       cstackBANK0  00006E
GetNumber@Hex                               cstackBANK0  000079
GetNumber@This                              cstackBANK0  00006C
GetNumber@count                             cstackBANK0  000078
GetNumber@i                                 cstackBANK0  00007A
GetNumber@negative                          cstackBANK0  000077
GetNumber@result                            cstackBANK0  00006F
GetNumber@temp                              cstackBANK0  00007C
GetNumber@tempCommaNumber                   cstackBANK0  000076
GetNumber@tempThis                          cstackBANK0  00007B
GetNumberUnsigned@CommaNumber               cstackBANK0  00006E
GetNumberUnsigned@Hex                       cstackBANK0  000078
GetNumberUnsigned@This                      cstackBANK0  00006C
GetNumberUnsigned@count                     cstackBANK0  000077
GetNumberUnsigned@i                         cstackBANK0  000079
GetNumberUnsigned@result                    cstackBANK0  00006F
GetNumberUnsigned@temp                      cstackBANK0  00007A
GetNumberUnsigned@tempCommaNumber           cstackBANK0  000076
GetNumberUnsigned@tempThis                  cstackBANK0  00007E
GetStringAfterComma@CommaNumber             cstackBANK0  000062
GetStringAfterComma@This                    cstackBANK0  000060
GetStringAfterComma@count                   cstackBANK0  000067
GetStringAfterComma@result                  cstackBANK0  000063
GetStringAfterComma@tempCommaNumber         cstackBANK0  000066
IRrawToNEC@Invert                           cstackCOMRAM 000024
IRrawToNEC@NEC                              cstackCOMRAM 000022
IRrawToNEC@NECtemp                          cstackCOMRAM 000027
IRrawToNEC@Raw                              cstackCOMRAM 000020
IRrawToNEC@StartBit                         cstackCOMRAM 00002D
IRrawToNEC@first                            cstackCOMRAM 00002B
IRrawToNEC@i                                cstackCOMRAM 00002C
InitUART@Baud                               cstackBANK0  0000B5
InitUART@config                             cstackBANK0  0000C2
InitUART@spbrg                              cstackBANK0  0000C0
InitUART@temp                               cstackBANK0  0000C3
Init_System@buf                             cstackBANK1  0001BB
InternalADC_Read@ADCcounts                  cstackBANK0  000069
InternalADC_Read@AnaChanSel                 cstackBANK0  00006D
InternalADC_Read@channel                    cstackBANK0  00006E
Invert@data                                 cstackBANK0  000060
IsAlphaNumeric@data                         cstackBANK0  000061
IsAlphaNumericString@data                   cstackBANK0  000062
IsCharacter@data                            cstackCOMRAM 000001
IsLetter@data                               cstackBANK0  000060
IsNumber@data                               cstackBANK0  000060
OpenUSART@config                            cstackBANK0  000062
OpenUSART@spbrg                             cstackBANK0  000060
PrintHeader@NumLetters                      cstackBANK0  0000D0
PrintHeader@PrintCharacters                 cstackBANK0  0000CF
PrintHeader@Title                           cstackBANK0  00007B
PrintHeader@buf                             cstackBANK0  00007F
PrintHeader@i                               cstackBANK0  0000D1
ReadCodeButtons@temp                        cstackBANK0  000069
ReadEEPROM_1Byte@GIEstatus                  cstackBANK0  000062
ReadEEPROM_1Byte@PEIEstatus                 cstackBANK0  000063
ReadEEPROM_1Byte@address                    cstackBANK0  000060
ReadUSART@data                              cstackBANK0  000060
ReadVoltage@temp                            cstackBANK0  00008F
ReadVoltage@voltage                         cstackBANK0  00008C
Reverse_4Byte@This                          cstackBANK0  000060
Reverse_4Byte@temp                          cstackBANK0  00006C
Reverse_Byte@This                           cstackBANK0  000063
Reverse_Byte@temp                           cstackBANK0  000062
Round@input                                 cstackBANK0  0000AE
Round@temp                                  cstackBANK0  0000B1
SendNEC_bytes@RepeatAmount                  cstackBANK0  000074
SendNEC_bytes@code                          cstackBANK0  000070
SendNEC_wait@RepeatAmount                   cstackBANK0  000079
SendNEC_wait@code                           cstackBANK0  000075
SendNEC_wait@toggle                         cstackBANK0  00007A
SendRF@Code                                 cstackBANK0  000060
SendRF@Config                               cstackBANK0  000062
SendRF@RepeatAmount                         cstackBANK0  000064
SendRF@i                                    cstackBANK0  000067
SendRF@size                                 cstackBANK0  000063
SendRF_Channel@Conf3Channel                 cstackBANK0  000070
SendRF_Channel@Conf3button                  cstackBANK0  000071
SendRF_Channel@channel                      cstackBANK0  00006F
SendRF_wait@Code                            cstackBANK0  000068
SendRF_wait@Config                          cstackBANK0  00006A
SendRF_wait@amount                          cstackBANK0  00006C
SendRF_wait@size                            cstackBANK0  00006B
SetEEPROM1@Arrayspot                        cstackBANK0  00009C
SetEEPROM1@burn                             cstackBANK0  000096
SetEEPROM1@fail                             cstackBANK0  00009F
SetEEPROM1@i                                cstackBANK0  0000A3
SetEEPROM1@j                                cstackBANK0  0000A4
SetEEPROM1@temp                             cstackBANK0  00009E
SetEEPROM2@Arrayspot                        cstackBANK0  0000A1
SetEEPROM2@burn                             cstackBANK0  000096
SetEEPROM2@fail                             cstackBANK0  00009D
SetEEPROM2@i                                cstackBANK0  0000A3
SetEEPROM2@j                                cstackBANK0  0000A4
SetEEPROM2@k                                cstackBANK0  0000A5
SetEEPROM2@temp                             cstackBANK0  00009C
SetEEPROMdefault@i                          cstackBANK0  0000AA
SetEEPROMdefault@j                          cstackBANK0  0000AB
SetEEPROMdefault@k                          cstackBANK0  0000A9
SetMemoryChar@AddressFirst                  cstackBANK0  000069
SetMemoryChar@Data                          cstackBANK0  00006C
SetMemoryChar@Test                          cstackBANK0  00006B
SetMemoryLong@AddressFirst                  cstackBANK0  000088
SetMemoryLong@Data                          cstackBANK0  000084
SetMemoryLong@H                             cstackBANK0  000092
SetMemoryLong@L                             cstackBANK0  000095
SetMemoryLong@MH                            cstackBANK0  000093
SetMemoryLong@ML                            cstackBANK0  000094
SetMemoryLong@Test                          cstackBANK0  00008E
SetTimer0@temp                              cstackCOMRAM 000020
StringAddEqual@Input                        cstackBANK0  00007B
StringAddEqual@NullPosition                 cstackBANK0  000083
StringAddEqual@equal                        cstackBANK0  000082
StringAddEqual@firstnumber                  cstackBANK0  000084
StringAddEqual@i                            cstackBANK0  000086
StringAddEqual@j                            cstackBANK0  000085
StringAddEqual@temp                         cstackBANK1  000100
StringContains@MatchAmount                  cstackBANK0  000066
StringContains@MatchCount                   cstackBANK0  000067
StringContains@That                         cstackBANK0  000062
StringContains@This                         cstackBANK0  000060
StringContains@i                            cstackBANK0  000068
StringContainsCaseInsensitive@MatchAmount   cstackBANK0  000069
StringContainsCaseInsensitive@MatchCount    cstackBANK0  00006A
StringContainsCaseInsensitive@That          cstackBANK0  000065
StringContainsCaseInsensitive@This          cstackBANK0  000063
StringContainsCaseInsensitive@i             cstackBANK0  00006D
StringContainsCaseInsensitive@tempThat      cstackBANK0  00006C
StringContainsCaseInsensitive@tempThis      cstackBANK0  00006B
StringMatch@That                            cstackBANK0  000062
StringMatch@This                            cstackBANK0  000060
StringMatchCaseInsensitive@That             cstackBANK0  000065
StringMatchCaseInsensitive@This             cstackBANK0  000063
StringMatchCaseInsensitive@tempThat         cstackBANK0  000068
StringMatchCaseInsensitive@tempThis         cstackBANK0  000067
SyncEEPROMToGlobal1@Temp1                   cstackBANK0  000091
SyncEEPROMToGlobal1@i                       cstackBANK0  00008F
SyncEEPROMToGlobal1@j                       cstackBANK0  000090
SyncEEPROMToGlobal2@Temp2                   cstackBANK1  000100
SyncEEPROMToGlobal2@i                       cstackBANK1  0001B6
SyncEEPROMToGlobal2@j                       cstackBANK1  0001B7
SyncEEPROMToGlobal2@k                       cstackBANK1  0001B8
SyncGlobalToEEPROM@ok                       cstackBANK0  0000A6
UARTchar@data                               cstackBANK0  000069
UARTchar_CONST@data                         cstackBANK0  000069
UARTchar_CONST@temp                         cstackBANK0  00006A
UARTcommandMenu@Command                     cstackBANK0  00006D
UARTcommandMenu@Desc                        cstackBANK0  00006F
UARTcommandMenu@i                           cstackBANK0  000076
UARTcommandMenu@place                       cstackBANK0  000077
UARTstring@data                             cstackBANK0  00006A
UARTstringCRLN@data                         cstackBANK0  00006D
UARTstringCRLN_CONST@data                   cstackBANK0  00006D
UARTstring_CONST@data                       cstackBANK0  00006B
UseBluetooth@EmptyPlace                     cstackBANK2  000290
UseBluetooth@EnteredNEC                     cstackBANK2  000286
UseBluetooth@EqualStatus                    cstackBANK2  00028A
UseBluetooth@NecAddress                     cstackBANK2  000292
UseBluetooth@NecCommand                     cstackBANK2  000293
UseBluetooth@ReceivedStringPosOLD           cstackBANK2  00026E
UseBluetooth@SerialNumberTEMP               cstackBANK2  00027D
UseBluetooth@String                         cstackBANK0  0000E1
UseBluetooth@StringPos                      cstackBANK0  0000E3
UseBluetooth@action                         cstackBANK2  000282
UseBluetooth@buf                            cstackBANK2  000200
UseBluetooth@bufSmall                       cstackBANK2  000264
UseBluetooth@button                         cstackBANK2  000283
UseBluetooth@channel                        cstackBANK2  00028B
UseBluetooth@device                         cstackBANK2  000284
UseBluetooth@i                              cstackBANK2  000299
UseBluetooth@j                              cstackBANK2  000298
UseBluetooth@k                              cstackBANK2  00028C
UseBluetooth@ok                             cstackBANK2  00028F
UseBluetooth@rfchannelSTR                   cstackBANK2  00026F
UseBluetooth@rfconf                         cstackBANK2  000291
UseBluetooth@set                            cstackBANK2  000285
UseBluetooth@system                         cstackBANK2  000281
UseBluetooth@temp                           cstackBANK2  000294
UseBluetooth@tempNec                        cstackBANK2  000279
UseBluetooth@tempRFArray                    cstackBANK2  00028E
UseBluetooth@timeout                        cstackBANK2  00028D
UseIRCode@Code                              cstackBANK0  0000A7
UseIRCode@NEC                               cstackBANK0  0000A9
UseIRCode@found                             cstackBANK0  0000B0
UseIRCode@i                                 cstackBANK0  0000B2
UseIRCode@j                                 cstackBANK0  0000B1
WaitForIRsignal@timeout                     cstackBANK0  00006F
WriteEEPROM_1Byte@GIEstatus                 cstackBANK0  000063
WriteEEPROM_1Byte@PEIEstatus                cstackBANK0  000064
WriteEEPROM_1Byte@address                   cstackBANK0  000060
WriteEEPROM_1Byte@data                      cstackBANK0  000062
_ADCON0                                     (abs)        000FC2
_ADCON0bits                                 (abs)        000FC2
_ADCON1                                     (abs)        000FC1
_ADCON1bits                                 (abs)        000FC1
_ADCON2                                     (abs)        000FC0
_ADCON2bits                                 (abs)        000FC0
_ADRESH                                     (abs)        000FC4
_ADRESL                                     (abs)        000FC3
_ANSEL                                      (abs)        000F7E
_ANSELH                                     (abs)        000F7F
_BAUDCONbits                                (abs)        000FB8
_BatteryVoltage                             bssBANK3     0003E8
_BlueConnected                              text106      00C36C
_BluetoothBroadcast                         bssBANK2     0002EA
_BluetoothChangeStatus                      bssBANK3     0003EB
_BluetoothConfigured                        text110      00C2F4
_BluetoothFirmware1                         bssBANK2     0002AE
_BluetoothFirmware2                         bssBANK4     0004C8
_BluetoothInitialSetup                      text75       00536C
_BufferCopy                                 text107      008DC2
_BufferOverflow                             bssBANK3     0003EC
_CRLN                                       mediumconst  00E995
_CheckReceivingIR                           text21       00C2D0
_ClearUSART                                 text104      00C2E2
_CommandString                              bssBANK4     000400
_CommandStringPos                           bssCOMRAM    000044
_Conf1_ChannelD                             mediumconst  00E955
_Conf1_ChannelD_STR                         mediumconst  00E8FC
_Conf1_ChannelE                             mediumconst  00E961
_Conf1_ChannelE_STR                         mediumconst  00E90B
_Conf1_ChannelF                             mediumconst  00E96D
_Conf1_ChannelF_STR                         mediumconst  00E91A
_Conf1_Channels                             mediumconst  00E98D
_Conf2_ChannelB_OFF                         mediumconst  00E85C
_Conf2_ChannelB_OFF_STR                     mediumconst  00E7BC
_Conf2_ChannelB_ON                          mediumconst  00E86C
_Conf2_ChannelB_ON_STR                      mediumconst  00E7E2
_Conf2_ChannelB_STR                         mediumconst  00E929
_Conf2_ChannelB_Status                      bssBANK0     0000F0
_Conf2_ChannelD_OFF                         mediumconst  00E87C
_Conf2_ChannelD_OFF_STR                     mediumconst  00E7CF
_Conf2_ChannelD_ON                          mediumconst  00E88C
_Conf2_ChannelD_ON_STR                      mediumconst  00E7F4
_Conf2_ChannelD_STR                         mediumconst  00E938
_Conf2_ChannelD_Status                      bssBANK0     0000F1
_Conf2_ChannelH_1_OFF                       mediumconst  00E89C
_Conf2_ChannelH_1_OFF_STR                   mediumconst  00E741
_Conf2_ChannelH_1_ON                        mediumconst  00E8AC
_Conf2_ChannelH_1_ON_STR                    mediumconst  00E780
_Conf2_ChannelH_1_STR                       mediumconst  00E818
_Conf2_ChannelH_1_Status                    bssBANK0     0000F2
_Conf2_ChannelH_2_OFF                       mediumconst  00E8BC
_Conf2_ChannelH_2_OFF_STR                   mediumconst  00E756
_Conf2_ChannelH_2_ON                        mediumconst  00E8CC
_Conf2_ChannelH_2_ON_STR                    mediumconst  00E794
_Conf2_ChannelH_2_STR                       mediumconst  00E829
_Conf2_ChannelH_2_Status                    bssBANK0     0000F3
_Conf2_ChannelH_3_OFF                       mediumconst  00E8DC
_Conf2_ChannelH_3_OFF_STR                   mediumconst  00E76B
_Conf2_ChannelH_3_ON                        mediumconst  00E8EC
_Conf2_ChannelH_3_ON_STR                    mediumconst  00E7A8
_Conf2_ChannelH_3_STR                       mediumconst  00E83A
_Conf2_ChannelH_3_Status                    bssBANK0     0000F4
_Conf2_Channels                             mediumconst  00E991
_Conf3                                      mediumconst  00DFA7
_Conf3_Buttons                              mediumconst  00E982
_Conf3_Channels                             mediumconst  00E84B
_Conf3_Status                               bssBANK6     000600
_ConfigureOscillator                        text116      00C3F8
_DecodeNEC                                  text41       00B014
_DisplayRF_Channel                          text38       0094F6
_EEADR                                      (abs)        000FA9
_EEADRH                                     (abs)        000FAA
_EECON1bits                                 (abs)        000FA6
_EECON2                                     (abs)        000FA7
_EEDATA                                     (abs)        000FA8
_EEPROM_UNLOCK                              text72       00C22C
_EEPROMinitialized                          text113      00C282
_EncodeNEC                                  text37       0098F2
_EnterCommandMode                           text80       00939A
_EraseScreen                                text124      00C152
_FirmVersion                                mediumconst  00E979
_Frequency                                  mediumconst  00E806
_GetEEPROM1                                 text48       00A7D2
_GetEEPROM2                                 text46       00A9AC
_GetMemoryChar                              text73       00C17A
_GetMemoryLong                              text69       0090BC
_GetNumber                                  text34       006DEA
_GetNumberUnsigned                          text33       007270
_GetRFstatus                                text115      00C316
_GetStringAfterComma                        text32       00A3A2
_Global1                                    bssBANK2     0002CC
_Global2                                    bssBANK5     000500
_INTCON2bits                                (abs)        000FF1
_INTCONbits                                 (abs)        000FF2
_IOCBbits                                   (abs)        000F7D
_IPR1bits                                   (abs)        000F9F
_IPR2bits                                   (abs)        000FA2
_IRRawCode                                  bssBANK7     000700
_IR_NEC                                     bssBANK3     0003F0
_IR_New_Code                                bssBANK3     0003F4
_IRaddress                                  bssBANK0     0000F8
_IRbit                                      bssCOMRAM    000045
_IRbitPosition                              dataCOMRAM   000053
_IRcodeBit                                  bssBANK0     0000F5
_IRcodePlace                                dataCOMRAM   000054
_IRcommand                                  bssBANK0     0000F9
_IRmod                                      bssBANK0     0000F6
_IRpinOLD                                   bssCOMRAM    000046
_IRrawCodeNum                               bssCOMRAM    000047
_IRrawToNEC                                 text135      007AEC
_IRrepeatAmount                             bssCOMRAM    000048
_IRrepeatflag                               bssCOMRAM    000049
_IRsendCode                                 bssCOMRAM    000040
_IRsendFlag                                 bssBANK0     0000F7
_IRstarted                                  bssBANK3     0003ED
_IRtimeout                                  dataBANK3    0003F5
_InitADC                                    text111      00C242
_InitApp                                    text114      00BC3C
_InitBluetooth                              text64       00B7FE
_InitIR                                     text59       00BBF4
_InitTimer0                                 text63       00C306
_InitTimer1                                 text58       00C350
_InitTimer2                                 text57       00C342
_InitTimer3                                 text56       00C3B8
_InitTimers                                 text55       00C26E
_InitUART                                   text50       00A4C0
_InitUART$4371                              cstackBANK0  0000BD
_Init_System                                text43       008F46
_InternalADC_Read                           text26       00B166
_Invert                                     text31       00C1E4
_IsAlphaNumeric                             text29       00BF1A
_IsAlphaNumericString                       text28       00BEAE
_IsCharacter                                text123      00C214
_IsLetter                                   text36       00BF80
_IsNumber                                   text30       00C1C6
_LATA                                       (abs)        000F89
_LATB                                       (abs)        000F8A
_LATC                                       (abs)        000F8B
_LEDTimerON                                 text16       00C2BE
_Local_CloseUSART                           text54       00C334
_NewReceivedString                          bssBANK3     0003EE
_OpenUSART                                  text53       00B614
_PCBVersion                                 mediumconst  00E988
_PIE1bits                                   (abs)        000F9D
_PIE2bits                                   (abs)        000FA0
_PIR1bits                                   (abs)        000F9E
_PIR2bits                                   (abs)        000FA1
_PORTA                                      (abs)        000F80
_PORTB                                      (abs)        000F81
_PORTC                                      (abs)        000F82
_PR2                                        (abs)        000FCB
_PrintHeader                                text27       009DFC
_ProductName                                dataBANK5    0005B6
_ProjectName                                mediumconst  00E727
_RCONbits                                   (abs)        000FD0
_RCREG                                      (abs)        000FAE
_RCSTA                                      (abs)        000FAB
_RCSTAbits                                  (abs)        000FAB
_RFConfig                                   bssCOMRAM    00004A
_RFPause                                    bssCOMRAM    00004B
_RF_IR                                      dataCOMRAM   000055
_RF_IR_Postscaler                           dataCOMRAM   000056
_RFcodeBit                                  bssCOMRAM    00004C
_RFcodePlace                                bssCOMRAM    00004D
_RFoff                                      text134      00C2AA
_RFon                                       text133      00C296
_RFsendCode                                 bssBANK2     00029A
_RFsendFlag                                 bssCOMRAM    00004E
_ReadCodeButtons                            text3        00BB04
_ReadEEPROM_1Byte                           text74       00BA56
_ReadIRpin                                  text62       00C35E
_ReadPushButton                             text2        00C326
_ReadUSART                                  text105      00C1FC
_ReadVoltage                                text22       00B348
_ReceivedString                             bssBANK4     000464
_ReceivedStringPos                          bssBANK3     0003EF
_ReceivingIR                                dataCOMRAM   000057
_ResetADC                                   text112      00C37A
_ResetBlue                                  text102      00A8CA
_ResetTimer0                                text61       00C3C2
_ResetTimer1                                text17       00C3A4
_ResetTimer3                                text132      00C3E0
_Reverse_4Byte                              text20       0046EE
_Reverse_Byte                               text42       00AEAA
_Round                                      text51       00B8DC
_SPBRG                                      (abs)        000FAF
_SPBRGH                                     (abs)        000FB0
_SYNTAX_ERR                                 mediumconst  00E947
_SendNEC_bytes                              text19       00B50A
_SendNEC_wait                               text18       00B2AA
_SendRF                                     text15       00A044
_SendRF_Channel                             text13       0076CE
_SendRF_wait                                text14       00BD4A
_Sendcount                                  bssCOMRAM    00004F
_Sent                                       dataBANK0    0000FA
_SetEEPROM1                                 text67       009A40
_SetEEPROM2                                 text66       009B86
_SetEEPROMdefault                           text49       009F22
_SetMemoryChar                              text70       00BD88
_SetMemoryLong                              text68       00A5D6
_SetTimer0                                  text131      00C3D6
_StringAddEqual                             text12       008672
_StringContains                             text101      009CC2
_StringContainsCaseInsensitive              text78       0088DA
_StringMatch                                text11       00B786
_StringMatchCaseInsensitive                 text10       00B3E6
_SyncEEPROMToGlobal                         text44       00C3AE
_SyncEEPROMToGlobal1                        text47       00AB6A
_SyncEEPROMToGlobal2                        text45       00A6DA
_SyncGlobalToEEPROM                         text65       00B690
_T0CONbits                                  (abs)        000FD5
_T1CONbits                                  (abs)        000FCD
_T2CONbits                                  (abs)        000FCA
_T3CONbits                                  (abs)        000FB1
_TABLAT                                     (abs)        000FF5
_TBLPTRH                                    (abs)        000FF7
_TBLPTRL                                    (abs)        000FF6
_TBLPTRU                                    (abs)        000FF8
_TMR0H                                      (abs)        000FD7
_TMR0L                                      (abs)        000FD6
_TMR1H                                      (abs)        000FCF
_TMR1L                                      (abs)        000FCE
_TMR2                                       (abs)        000FCC
_TMR3H                                      (abs)        000FB3
_TMR3L                                      (abs)        000FB2
_TRISAbits                                  (abs)        000F92
_TRISBbits                                  (abs)        000F93
_TRISCbits                                  (abs)        000F94
_TXREG                                      (abs)        000FAD
_TXSTA                                      (abs)        000FAC
_TXSTAbits                                  (abs)        000FAC
_Timer1_Postscaler                          bssCOMRAM    000050
_Timer2_Postscaler                          bssCOMRAM    000051
_Timer3_Postscaler                          bssCOMRAM    000052
_UARTchar                                   text77       00BEE4
_UARTchar_CONST                             text100      00BE04
_UARTcommandMenu                            text9        00A284
_UARTstring                                 text76       00C12A
_UARTstringCRLN                             text8        00BE3E
_UARTstringCRLN_CONST                       text7        00BCC6
_UARTstring_CONST                           text99       00BFB2
_UseBluetooth                               text4        0001D0
_UseIRCode                                  text1        007E18
_VoltageDividerOFF                          text25       00C3F6
_WPUB                                       (abs)        000F7C
_WaitForIRsignal                            text6        00B47A
_WriteEEPROM_1Byte                          text71       00B9A0
__CFG_BOREN$SBORDIS                         (abs)        000000
__CFG_BORV$27                               (abs)        000000
__CFG_CCP2MX$PORTC                          (abs)        000000
__CFG_CP0$OFF                               (abs)        000000
__CFG_CP1$OFF                               (abs)        000000
__CFG_CP2$OFF                               (abs)        000000
__CFG_CP3$OFF                               (abs)        000000
__CFG_CPB$OFF                               (abs)        000000
__CFG_CPD$OFF                               (abs)        000000
__CFG_EBTR0$OFF                             (abs)        000000
__CFG_EBTR1$OFF                             (abs)        000000
__CFG_EBTR2$OFF                             (abs)        000000
__CFG_EBTR3$OFF                             (abs)        000000
__CFG_EBTRB$OFF                             (abs)        000000
__CFG_FCMEN$OFF                             (abs)        000000
__CFG_FOSC$HSPLL                            (abs)        000000
__CFG_HFOFST$ON                             (abs)        000000
__CFG_IESO$OFF                              (abs)        000000
__CFG_LPT1OSC$OFF                           (abs)        000000
__CFG_LVP$OFF                               (abs)        000000
__CFG_MCLRE$ON                              (abs)        000000
__CFG_PBADEN$OFF                            (abs)        000000
__CFG_PWRT$OFF                              (abs)        000000
__CFG_STVREN$ON                             (abs)        000000
__CFG_WDTEN$OFF                             (abs)        000000
__CFG_WDTPS$32768                           (abs)        000000
__CFG_WRT0$OFF                              (abs)        000000
__CFG_WRT1$OFF                              (abs)        000000
__CFG_WRT2$OFF                              (abs)        000000
__CFG_WRT3$OFF                              (abs)        000000
__CFG_WRTB$OFF                              (abs)        000000
__CFG_WRTC$OFF                              (abs)        000000
__CFG_WRTD$OFF                              (abs)        000000
__CFG_XINST$OFF                             (abs)        000000
__HRAM                                      (abs)        000000
__Habs1                                     abs1         000000
__Hbank0                                    bank0        000000
__Hbank1                                    bank1        000000
__Hbank10                                   bank10       000000
__Hbank11                                   bank11       000000
__Hbank12                                   bank12       000000
__Hbank13                                   bank13       000000
__Hbank14                                   bank14       000000
__Hbank15                                   bank15       000000
__Hbank2                                    bank2        000000
__Hbank3                                    bank3        000000
__Hbank4                                    bank4        000000
__Hbank5                                    bank5        000000
__Hbank6                                    bank6        000000
__Hbank7                                    bank7        000000
__Hbank8                                    bank8        000000
__Hbank9                                    bank9        000000
__Hbigbss                                   bigbss       000000
__Hbigdata                                  bigdata      000000
__Hbigram                                   bigram       000000
__Hbss                                      bss          000000
__HbssBANK0                                 bssBANK0     000000
__HbssBANK2                                 bssBANK2     000000
__HbssBANK3                                 bssBANK3     000000
__HbssBANK4                                 bssBANK4     000000
__HbssBANK5                                 bssBANK5     000000
__HbssBANK6                                 bssBANK6     000000
__HbssBANK7                                 bssBANK7     000000
__HbssCOMRAM                                bssCOMRAM    000000
__Hcinit                                    cinit        000000
__Hclrtext                                  clrtext      000000
__Hcomram                                   comram       000000
__Hconfig                                   config       30000E
__Hconst                                    const        000000
__HcstackBANK0                              cstackBANK0  000000
__HcstackBANK1                              cstackBANK1  000000
__HcstackBANK2                              cstackBANK2  000000
__HcstackBANK3                              cstackBANK3  000000
__HcstackCOMRAM                             cstackCOMRAM 000000
__Hdata                                     data         000000
__HdataBANK0                                dataBANK0    000000
__HdataBANK3                                dataBANK3    000000
__HdataBANK5                                dataBANK5    000000
__HdataCOMRAM                               dataCOMRAM   000000
__Heeprom_data                              eeprom_data  000000
__Hend_init                                 end_init     0001D0
__Hfarbss                                   farbss       000000
__Hfardata                                  fardata      000000
__Hibigdata                                 ibigdata     000000
__Hidata                                    idata        000000
__HidataBANK0                               idataBANK0   000000
__HidataBANK3                               idataBANK3   000000
__HidataBANK5                               idataBANK5   000000
__HidataCOMRAM                              idataCOMRAM  000000
__Hidloc                                    idloc        200008
__Hifardata                                 ifardata     000000
__Hinit                                     init         0001CC
__Hintcode                                  intcode      000018
__Hintcode_body                             intcode_body 000000
__Hintcodelo                                intcodelo    0001CC
__Hintentry                                 intentry     000000
__Hintret                                   intret       000000
__Hintsave_regs                             intsave_regs 000000
__Hirdata                                   irdata       000000
__Hmediumconst                              mediumconst  010000
__HnvFARRAM                                 nvFARRAM     000000
__Hnvbit                                    nvbit        000000
__Hnvrram                                   nvrram       000000
__Hparam                                    rparam       000000
__Hpowerup                                  powerup      0001CC
__Hram                                      ram          000000
__Hramtop                                   ramtop       001000
__Hrbit                                     rbit         000000
__Hrbss                                     rbss         000000
__Hrdata                                    rdata        000000
__Hreset_vec                                reset_vec    000004
__Hrparam                                   rparam       000000
__Hsfr                                      sfr          000000
__Hsmallconst                               smallconst   000000
__Hspace_0                                  (abs)        30000E
__Hspace_1                                  (abs)        0007C8
__Hspace_2                                  (abs)        000000
__Hstack                                    stack        000000
__Hstruct                                   struct       000000
__Htemp                                     temp         000000
__Htext                                     text         000000
__Htext0                                    text0        000000
__Htext1                                    text1        000000
__Htext10                                   text10       000000
__Htext100                                  text100      000000
__Htext101                                  text101      000000
__Htext102                                  text102      000000
__Htext103                                  text103      000000
__Htext104                                  text104      000000
__Htext105                                  text105      000000
__Htext106                                  text106      000000
__Htext107                                  text107      000000
__Htext108                                  text108      000000
__Htext109                                  text109      000000
__Htext11                                   text11       000000
__Htext110                                  text110      000000
__Htext111                                  text111      000000
__Htext112                                  text112      000000
__Htext113                                  text113      000000
__Htext114                                  text114      000000
__Htext115                                  text115      000000
__Htext116                                  text116      000000
__Htext118                                  text118      000000
__Htext119                                  text119      000000
__Htext12                                   text12       000000
__Htext120                                  text120      000000
__Htext121                                  text121      000000
__Htext122                                  text122      000000
__Htext123                                  text123      000000
__Htext124                                  text124      000000
__Htext125                                  text125      000000
__Htext126                                  text126      000000
__Htext128                                  text128      000000
__Htext129                                  text129      000000
__Htext13                                   text13       000000
__Htext130                                  text130      000000
__Htext131                                  text131      000000
__Htext132                                  text132      000000
__Htext133                                  text133      000000
__Htext134                                  text134      000000
__Htext135                                  text135      000000
__Htext14                                   text14       000000
__Htext15                                   text15       000000
[...]
 This function uses a non-reentrant model


 *************** function _SetTimer0 *****************
 Defined at:
		line 94 in file "Timer.c"
 Parameters:    Size  Location     Type
  temp            2   31[COMRAM] unsigned int 
 Auto vars:     Size  Location     Type
		None
 Return value:  Size  Location     Type
		None               void
 Registers used:
		wreg, status,2
 Tracked objects:
		On entry : 
		On exit  : 
		Unchanged: 
 Data sizes:     COMRAM   BANK0   BANK1   BANK2   BANK3   BANK4   BANK5   BANK6   BANK7   BANK8   BANK9  BANK10  BANK11  BANK12  BANK13  BANK14  BANK15
      Params:         2       0       0       0       0       0       0       0       0       0       0       0       0       0       0       0       0
      Locals:         0       0       0       0       0       0       0       0       0       0       0       0       0       0       0       0       0
      Temps:          0       0       0       0       0       0       0       0       0       0       0       0       0       0       0       0       0
      Totals:         2       0       0       0       0       0       0       0       0       0       0       0       0       0       0       0       0
Total ram usage:        2 bytes
 Hardware stack levels used:    1
 This function calls:
		Nothing
 This function is called by:
		_high_isr
 This function uses a non-reentrant model


 *************** function _ResetTimer3 *****************
 Defined at:
		line 175 in file "Timer.c"
 Parameters:    Size  Location     Type
		None
 Auto vars:     Size  Location     Type
		None
 Return value:  Size  Location     Type
		None               void
 Registers used:
		wreg, status,2
 Tracked objects:
		On entry : 
		On exit  : 
		Unchanged: 
 Data sizes:     COMRAM   BANK0   BANK1   BANK2   BANK3   BANK4   BANK5   BANK6   BANK7   BANK8   BANK9  BANK10  BANK11  BANK12  BANK13  BANK14  BANK15
      Params:         0       0       0       0       0       0       0       0       0       0       0       0       0       0       0       0       0
      Locals:         0       0       0       0       0       0       0       0       0       0       0       0       0       0       0       0       0
      Temps:          0       0       0       0       0       0       0       0       0       0       0       0       0       0       0       0       0
      Totals:         0       0       0       0       0       0       0       0       0       0       0       0       0       0       0       0       0
Total ram usage:        0 bytes
 Hardware stack levels used:    1
 This function calls:
		Nothing
 This function is called by:
		_high_isr
 This function uses a non-reentrant model


 *************** function _RFon *****************
 Defined at:
		line 379 in file "RF.c"
 Parameters:    Size  Location     Type
		None
 Auto vars:     Size  Location     Type
		None
 Return value:  Size  Location     Type
		None               void
 Registers used:
		wreg, status,2, status,0
 Tracked objects:
		On entry : 
		On exit  : 
		Unchanged: 
 Data sizes:     COMRAM   BANK0   BANK1   BANK2   BANK3   BANK4   BANK5   BANK6   BANK7   BANK8   BANK9  BANK10  BANK11  BANK12  BANK13  BANK14  BANK15
      Params:         0       0       0       0       0       0       0       0       0       0       0       0       0       0       0       0       0
      Locals:         0       0       0       0       0       0       0       0       0       0       0       0       0       0       0       0       0
      Temps:          0       0       0       0       0       0       0       0       0       0       0       0       0       0       0       0       0
      Totals:         0       0       0       0       0       0       0       0       0       0       0       0       0       0       0       0       0
Total ram usage:        0 bytes
 Hardware stack levels used:    1
 This function calls:
		Nothing
 This function is called by:
		_high_isr
 This function uses a non-reentrant model


 *************** function _RFoff *****************
 Defined at:
		line 400 in file "RF.c"
 Parameters:    Size  Location     Type
		None
 Auto vars:     Size  Location     Type
		None
 Return value:  Size  Location     Type
		None               void
 Registers used:
		wreg, status,2, status,0
 Tracked objects:
		On entry : 
		On exit  : 
		Unchanged: 
 Data sizes:     COMRAM   BANK0   BANK1   BANK2   BANK3   BANK4   BANK5   BANK6   BANK7   BANK8   BANK9  BANK10  BANK11  BANK12  BANK13  BANK14  BANK15
      Params:         0       0       0       0       0       0       0       0       0       0       0       0       0       0       0       0       0
      Locals:         0       0       0       0       0       0       0       0       0       0       0       0       0       0       0       0       0
      Temps:          0       0       0       0       0       0       0       0       0       0       0       0       0       0       0       0       0
      Totals:         0       0       0       0       0       0       0       0       0       0       0       0       0       0       0       0       0
Total ram usage:        0 bytes
 Hardware stack levels used:    1
 This function calls:
		Nothing
 This function is called by:
		_high_isr
 This function uses a non-reentrant model


 *************** function _IRrawToNEC *****************
 Defined at:
		line 128 in file "IR.c"
 Parameters:    Size  Location     Type
  Raw             2   31[COMRAM] PTR unsigned int 
		 -> IRRawCode(200), 
  NEC             2   33[COMRAM] PTR unsigned long 
		 -> IR_NEC(4), 
  Invert          1   35[COMRAM] unsigned char 
 Auto vars:     Size  Location     Type
  NECtemp         4   38[COMRAM] unsigned long 
  StartBit        1   44[COMRAM] unsigned char 
  i               1   43[COMRAM] unsigned char 
  first           1   42[COMRAM] unsigned char 
 Return value:  Size  Location     Type
                  1    wreg      unsigned char 
 Registers used:
		wreg, fsr2l, fsr2h, status,2, status,0, prodl, prodh
 Tracked objects:
		On entry : 
		On exit  : 
		Unchanged: 
 Data sizes:     COMRAM   BANK0   BANK1   BANK2   BANK3   BANK4   BANK5   BANK6   BANK7   BANK8   BANK9  BANK10  BANK11  BANK12  BANK13  BANK14  BANK15
      Params:         5       0       0       0       0       0       0       0       0       0       0       0       0       0       0       0       0
      Locals:         7       0       0       0       0       0       0       0       0       0       0       0       0       0       0       0       0
      Temps:          2       0       0       0       0       0       0       0       0       0       0       0       0       0       0       0       0
      Totals:        14       0       0       0       0       0       0       0       0       0       0       0       0       0       0       0       0
Total ram usage:       14 bytes
 Hardware stack levels used:    1
 This function calls:
		Nothing
 This function is called by:
		_high_isr
 This function uses a non-reentrant model



MODULE INFORMATION

Module		Function		Class		Link	Load	Size
C:\Program Files (x86)\Microchip\xc8\v1.34\sources\common\ftge.c
		___ftge        		CODE           	AD16	0000	207

C:\Program Files (x86)\Microchip\xc8\v1.34\sources\common\ftge.c estimated size: 207

UART.c
		_OpenUSART     		CODE           	B614	0000	125
		_Local_CloseUSA		CODE           	C334	0000	15
		_InitUART      		CODE           	A4C0	0000	279
		_UARTstring_CON		CODE           	BFB2	0000	51
		_UARTstring    		CODE           	C12A	0000	41
		_UARTstringCRLN		CODE           	BCC6	0000	67
		_EraseScreen   		CODE           	C152	0000	41
		_UARTstringCRLN		CODE           	BE3E	0000	57
		_PrintHeader   		CODE           	9DFC	0000	295
		_UARTchar      		CODE           	BEE4	0000	55
		_ClearUSART    		CODE           	C2E2	0000	19
		_ReadUSART     		CODE           	C1FC	0000	25
		_UARTchar_CONST		CODE           	BE04	0000	59
		_UARTcommandMen		CODE           	A284	0000	287

UART.c estimated size: 1416

Bluetooth.c
		_BluetoothConfi		CODE           	C2F4	0000	19
		_BlueConnected 		CODE           	C36C	0000	15
		_ResetBlue     		CODE           	A8CA	0000	227
		_WaitForIRsigna		CODE           	B47A	0000	145
		_BluetoothIniti		CODE           	536C	0000	2023
		_InitBluetooth 		CODE           	B7FE	0000	119
		_UseBluetooth  		CODE           	01D0	0000	13733
		_EnterCommandMo		CODE           	939A	0000	349

Bluetooth.c estimated size: 16630

C:\Program Files (x86)\Microchip\xc8\v1.34\sources\common\ftdivl.c
		__tdiv_to_l_   		CODE           	8A88	0000	423

C:\Program Files (x86)\Microchip\xc8\v1.34\sources\common\ftdivl.c estimated size: 423

C:\Program Files (x86)\Microchip\xc8\v1.34\sources\common\lbdiv.c
		___lbdiv       		CODE           	B874	0000	105

C:\Program Files (x86)\Microchip\xc8\v1.34\sources\common\lbdiv.c estimated size: 105

Timer.c
		_InitTimer0    		CODE           	C306	0000	17
		_InitTimer1    		CODE           	C350	0000	15
		_InitTimer2    		CODE           	C342	0000	15
		_InitTimer3    		CODE           	C3B8	0000	11
		_InitTimers    		CODE           	C26E	0000	21
		_SetTimer0     		CODE           	C3D6	0000	11
		_LEDTimerON    		CODE           	C2BE	0000	19
		_ResetTimer0   		CODE           	C3C2	0000	11
		_ResetTimer1   		CODE           	C3A4	0000	11
		_ResetTimer3   		CODE           	C3E0	0000	11

Timer.c estimated size: 142

C:\Program Files (x86)\Microchip\xc8\v1.34\sources\common\ftneg.c
		___ftneg       		CODE           	C016	0000	49

C:\Program Files (x86)\Microchip\xc8\v1.34\sources\common\ftneg.c estimated size: 49

interrupts.c
		_high_isr      		CODE           	0008	0000	1849
		_low_isr       		CODE           	0018	0000	437

interrupts.c estimated size: 2286

C:\Program Files (x86)\Microchip\xc8\v1.34\sources\common\Umul32.c
		___lmul        		CODE           	B70C	0000	123

C:\Program Files (x86)\Microchip\xc8\v1.34\sources\common\Umul32.c estimated size: 123

C:\Program Files (x86)\Microchip\xc8\v1.34\sources\common\fldivl.c
		__div_to_l_    		CODE           	8C2E	0000	405

C:\Program Files (x86)\Microchip\xc8\v1.34\sources\common\fldivl.c estimated size: 405

C:\Program Files (x86)\Microchip\xc8\v1.34\sources\common\ftsub.c
		___ftsub       		CODE           	BB58	0000	81

C:\Program Files (x86)\Microchip\xc8\v1.34\sources\common\ftsub.c estimated size: 81

C:\Program Files (x86)\Microchip\xc8\v1.34\sources\common\float.c
		___ftpack      		CODE           	A164	0000	289

C:\Program Files (x86)\Microchip\xc8\v1.34\sources\common\float.c estimated size: 289

C:\Program Files (x86)\Microchip\xc8\v1.34\sources\common\awmod.c
		___awmod       		CODE           	AF60	0000	181

C:\Program Files (x86)\Microchip\xc8\v1.34\sources\common\awmod.c estimated size: 181

RF.c
		_SendRF_wait   		CODE           	BD4A	0000	63
		_DisplayRF_Chan		CODE           	94F6	0000	345
		_SendRF_Channel		CODE           	76CE	0000	1055
		_GetRFstatus   		CODE           	C316	0000	17
		_RFoff         		CODE           	C2AA	0000	21
		_SendRF        		CODE           	A044	0000	289
		_RFon          		CODE           	C296	0000	21

RF.c estimated size: 1811

C:\Program Files (x86)\Microchip\xc8\v1.34\sources\common\llmod.c
		___llmod       		CODE           	B0C2	0000	165

C:\Program Files (x86)\Microchip\xc8\v1.34\sources\common\llmod.c estimated size: 165

Button.c
		_ReadPushButton		CODE           	C326	0000	15
		_ReadCodeButton		CODE           	BB04	0000	85

Button.c estimated size: 100

C:\Program Files (x86)\Microchip\xc8\v1.34\sources\common\ftmul.c
		___ftmul       		CODE           	922E	0000	365

C:\Program Files (x86)\Microchip\xc8\v1.34\sources\common\ftmul.c estimated size: 365

C:\Program Files (x86)\Microchip\xc8\v1.34\sources\common\isdigit.c
		_isdigit       		CODE           	C076	0000	47

C:\Program Files (x86)\Microchip\xc8\v1.34\sources\common\isdigit.c estimated size: 47

EEPROM.c
		_SyncEEPROMToGl		CODE           	A6DA	0000	249
		_SetEEPROMdefau		CODE           	9F22	0000	291
		_SetMemoryLong 		CODE           	A5D6	0000	261
		_SetMemoryChar 		CODE           	BD88	0000	63
		_EEPROM_UNLOCK 		CODE           	C22C	0000	23
		_EEPROMinitiali		CODE           	C282	0000	21
		_ReadEEPROM_1By		CODE           	BA56	0000	89
		_GetEEPROM1    		CODE           	A7D2	0000	249
		_GetEEPROM2    		CODE           	A9AC	0000	225
		_WriteEEPROM_1B		CODE           	B9A0	0000	93
		_SetEEPROM1    		CODE           	9A40	0000	327
		_SetEEPROM2    		CODE           	9B86	0000	317
		_SyncEEPROMToGl		CODE           	C3AE	0000	11
		_SyncGlobalToEE		CODE           	B690	0000	125
		_GetMemoryLong 		CODE           	90BC	0000	371
		_GetMemoryChar 		CODE           	C17A	0000	39
		_SyncEEPROMToGl		CODE           	AB6A	0000	221

EEPROM.c estimated size: 2975

C:\Program Files (x86)\Microchip\xc8\v1.34\sources\common\lwtoft.c
		___lwtoft      		CODE           	C0D2	0000	45

C:\Program Files (x86)\Microchip\xc8\v1.34\sources\common\lwtoft.c estimated size: 45

C:\Program Files (x86)\Microchip\xc8\v1.34\sources\common\ftdiv.c
		___ftdiv       		CODE           	964E	0000	339

C:\Program Files (x86)\Microchip\xc8\v1.34\sources\common\ftdiv.c estimated size: 339

C:\Program Files (x86)\Microchip\xc8\v1.34\sources\common\lltoft.c
		___lltoft      		CODE           	B594	0000	129

C:\Program Files (x86)\Microchip\xc8\v1.34\sources\common\lltoft.c estimated size: 129

shared
		i1_UARTchar    		CODE           	C0A4	0000	47
		_Conf2_ChannelB		MEDIUMCONST    	E7BC	0000	20
		_Conf2_ChannelD		MEDIUMCONST    	E7CF	0000	20
		_Conf1_ChannelD		MEDIUMCONST    	E955	0000	13
		_Conf1_ChannelE		MEDIUMCONST    	E961	0000	13
		_Conf1_ChannelF		MEDIUMCONST    	E96D	0000	13
		i1_UARTstring  		CODE           	C1A0	0000	39
		i2_cleanBuffer1		CODE           	BD08	0000	67
		_Conf1_Channels		MEDIUMCONST    	E98D	0000	5
		__powers_      		MEDIUMCONST    	DF60	0000	40
		_Conf2_ChannelB		MEDIUMCONST    	E85C	0000	17
		_Conf2_ChannelD		MEDIUMCONST    	E87C	0000	17
		_Conf2_ChannelH		MEDIUMCONST    	E741	0000	22
		_Conf2_ChannelH		MEDIUMCONST    	E756	0000	22
		_Conf2_ChannelH		MEDIUMCONST    	E76B	0000	22
		i2_ReadIRpin   		CODE           	C396	0000	15
		_dpowers       		MEDIUMCONST    	DF11	0000	41
		_SYNTAX_ERR    		MEDIUMCONST    	E947	0000	15
		_Conf2_ChannelH		MEDIUMCONST    	E818	0000	18
		_Conf2_ChannelH		MEDIUMCONST    	E829	0000	18
		_Conf2_ChannelH		MEDIUMCONST    	E83A	0000	18
		_PCBVersion    		MEDIUMCONST    	E988	0000	6
		i1_BlueConnecte		CODE           	C388	0000	15
		i2_ResetTimer0 		CODE           	C3CC	0000	11
		_Conf2_Channels		MEDIUMCONST    	E991	0000	5
		_FirmVersion   		MEDIUMCONST    	E979	0000	10
		_Conf3         		MEDIUMCONST    	DFA7	0000	1921
		__npowers_     		MEDIUMCONST    	DF39	0000	40
		_Conf1_ChannelD		MEDIUMCONST    	E8FC	0000	16
		_Conf1_ChannelE		MEDIUMCONST    	E90B	0000	16
		_Conf1_ChannelF		MEDIUMCONST    	E91A	0000	16
		i1_ReadUSART   		CODE           	C258	0000	23
		__initializatio		CODE           	AA8C	0000	217
		_Conf3_Channels		MEDIUMCONST    	E84B	0000	18
		_CRLN          		MEDIUMCONST    	E995	0000	4
		_ProjectName   		MEDIUMCONST    	E727	0000	27
		_Conf2_ChannelH		MEDIUMCONST    	E89C	0000	17
		_Conf2_ChannelH		MEDIUMCONST    	E8BC	0000	17
		_Conf2_ChannelH		MEDIUMCONST    	E8DC	0000	17
		i1_UARTstring_C		CODE           	C046	0000	49
		_Conf2_ChannelH		MEDIUMCONST    	E780	0000	21
		_Conf2_ChannelH		MEDIUMCONST    	E794	0000	21
		_Conf2_ChannelH		MEDIUMCONST    	E7A8	0000	21
		_Conf2_ChannelB		MEDIUMCONST    	E929	0000	16
		_Conf2_ChannelD		MEDIUMCONST    	E938	0000	16
		_hexpowers     		MEDIUMCONST    	DF87	0000	33
		_Conf3_Buttons 		MEDIUMCONST    	E982	0000	7
		_Conf2_ChannelB		MEDIUMCONST    	E7E2	0000	19
		_Conf2_ChannelD		MEDIUMCONST    	E7F4	0000	19
		_Conf2_ChannelB		MEDIUMCONST    	E86C	0000	17
		_Conf2_ChannelD		MEDIUMCONST    	E88C	0000	17
		i1_delayUS     		CODE           	BDC6	0000	63
		_Conf2_ChannelH		MEDIUMCONST    	E8AC	0000	17
		_Frequency     		MEDIUMCONST    	E806	0000	19
		_Conf2_ChannelH		MEDIUMCONST    	E8CC	0000	17
		_Conf2_ChannelH		MEDIUMCONST    	E8EC	0000	17
		i1_UARTchar_CON		CODE           	BFE4	0000	51

shared estimated size: 3338

C:\Program Files (x86)\Microchip\xc8\v1.34\sources\common\altoft.c
		___altoft      		CODE           	B208	0000	163

C:\Program Files (x86)\Microchip\xc8\v1.34\sources\common\altoft.c estimated size: 163

ADC.c
		_InternalADC_Re		CODE           	B166	0000	163
		_ReadVoltage   		CODE           	B348	0000	159
		_VoltageDivider		CODE           	C3F6	0000	3
		_InitADC       		CODE           	C242	0000	23
		_ResetADC      		CODE           	C37A	0000	15

ADC.c estimated size: 363

C:\Program Files (x86)\Microchip\xc8\v1.34\sources\common\awdiv.c
		___awdiv       		CODE           	AC46	0000	209

C:\Program Files (x86)\Microchip\xc8\v1.34\sources\common\awdiv.c estimated size: 209

MISC.c
		_Round         		CODE           	B8DC	0000	103
		_StringContains		CODE           	9CC2	0000	315
		_BufferCopy    		CODE           	8DC2	0000	389
		_StringContains		CODE           	88DA	0000	431
		_GetStringAfter		CODE           	A3A2	0000	287
		_cleanBuffer   		CODE           	B9FC	0000	91
		_IsAlphaNumeric		CODE           	BEAE	0000	55
		_cleanBuffer16b		CODE           	B942	0000	95
		_lowercaseStrin		CODE           	BC82	0000	69
		_delayUS       		CODE           	BAAE	0000	87
		_IsAlphaNumeric		CODE           	BF1A	0000	53
		_Invert        		CODE           	C1E4	0000	25
		_Reverse_Byte  		CODE           	AEAA	0000	183
		_IsLetter      		CODE           	BF80	0000	51
		_Reverse_4Byte 		CODE           	46EE	0000	3199
		_IsNumber      		CODE           	C1C6	0000	31
		_StringAddEqual		CODE           	8672	0000	617
		_StringMatch   		CODE           	B786	0000	121
		_GetNumber     		CODE           	6DEA	0000	1159
		_IsCharacter   		CODE           	C214	0000	25
		_StringMatchCas		CODE           	B3E6	0000	149
		_GetNumberUnsig		CODE           	7270	0000	1119
		_lowercaseChar 		CODE           	C0FE	0000	45

MISC.c estimated size: 8699

C:\Program Files (x86)\Microchip\xc8\v1.34\sources\common\lbmod.c
		___lbmod       		CODE           	BBA8	0000	77

C:\Program Files (x86)\Microchip\xc8\v1.34\sources\common\lbmod.c estimated size: 77

IR.c
		_DecodeNEC     		CODE           	B014	0000	175
		_InitIR        		CODE           	BBF4	0000	73
		_EncodeNEC     		CODE           	98F2	0000	335
		_UseIRCode     		CODE           	7E18	0000	773
		_IRrawToNEC    		CODE           	7AEC	0000	813
		_ReadIRpin     		CODE           	C35E	0000	15
		_SendNEC_wait  		CODE           	B2AA	0000	159
		_SendNEC_bytes 		CODE           	B50A	0000	139
		_CheckReceiving		CODE           	C2D0	0000	19

IR.c estimated size: 2501

C:\Program Files (x86)\Microchip\xc8\v1.34\sources\common\lldiv.c
		___lldiv       		CODE           	ADE4	0000	199

C:\Program Files (x86)\Microchip\xc8\v1.34\sources\common\lldiv.c estimated size: 199

user.c
		_InitApp       		CODE           	BC3C	0000	71
		_Init_System   		CODE           	8F46	0000	375

user.c estimated size: 446

C:\Program Files (x86)\Microchip\xc8\v1.34\sources\common\doprnt.c
		_scale         		CODE           	68E6	0000	1285
		_sprintf       		CODE           	3774	0000	3963
		_fround        		CODE           	811C	0000	729

C:\Program Files (x86)\Microchip\xc8\v1.34\sources\common\doprnt.c estimated size: 5977

C:\Program Files (x86)\Microchip\xc8\v1.34\sources\common\fttol.c
		___fttol       		CODE           	97A0	0000	339

C:\Program Files (x86)\Microchip\xc8\v1.34\sources\common\fttol.c estimated size: 339

main.c
		_main          		CODE           	627A	0000	1645

main.c estimated size: 1645

C:\Program Files (x86)\Microchip\xc8\v1.34\sources\common\Umul16.c
		___wmul        		CODE           	BE76	0000	57

C:\Program Files (x86)\Microchip\xc8\v1.34\sources\common\Umul16.c estimated size: 57

system.c
		_ConfigureOscil		CODE           	C3F8	0000	3

system.c estimated size: 3

C:\Program Files (x86)\Microchip\xc8\v1.34\sources\common\ftadd.c
		___ftadd       		CODE           	83F4	0000	639

C:\Program Files (x86)\Microchip\xc8\v1.34\sources\common\ftadd.c estimated size: 639

