Microchip MPLAB XC8 Compiler V1.34 ()

Linker command line:

-W-1 --edf=C:\Program Files (x86)\Microchip\xc8\v1.34\dat\en_msgs.txt -cs \
  -h+dist/xc8_pic18f26k20/production\PIC_IR_RF_Bluetooth_Home_Automation.production.sym \
  --cmf=dist/xc8_pic18f26k20/production\PIC_IR_RF_Bluetooth_Home_Automation.production.cmf \
  -z -Q18F26K20 -oC:\Users\DWHITF~1.TDY\AppData\Local\Temp\sc6o.6 \
  -Mdist/xc8_pic18f26k20/production/PIC_IR_RF_Bluetooth_Home_Automation.production.map \
  -E1 -ver=XC8 -ASTACK=05C8h-0f5fh -pstack=STACK -ACODE=00h-0FFFFh \
  -ACONST=00h-0FFFFh -ASMALLCONST=01000h-010FFhx240 \
  -AMEDIUMCONST=01000h-0FFFFh -ACOMRAM=01h-05Fh -AABS1=00h-0F5Fh \
  -ABIGRAM=01h-0F5Fh -ARAM=060h-0FFh,0100h-01FFhx14,0F00h-0F5Fh \
  -ABANK0=060h-0FFh -ABANK1=0100h-01FFh -ABANK2=0200h-02FFh \
  -ABANK3=0300h-03FFh -ABANK4=0400h-04FFh -ABANK5=0500h-05FFh \
  -ABANK6=0600h-06FFh -ABANK7=0700h-07FFh -ABANK8=0800h-08FFh \
  -ABANK9=0900h-09FFh -ABANK10=0A00h-0AFFh -ABANK11=0B00h-0BFFh \
  -ABANK12=0C00h-0CFFh -ABANK13=0D00h-0DFFh -ABANK14=0E00h-0EFFh \
  -ABANK15=0F00h-0F5Fh -ASFR=0F60h-0FFFh \
  -preset_vec=00h,intcode=08h,intcodelo=018h,powerup,init,end_init \
  -pramtop=01000h -psmallconst=SMALLCONST -pmediumconst=MEDIUMCONST \
  -pconst=CONST -AFARRAM=00h-00h -ACONFIG=0300000h-030000Dh -pconfig=CONFIG \
  -AIDLOC=0200000h-0200007h -pidloc=IDLOC -AEEDATA=0F00000h-0F003FFh \
  -peeprom_data=EEDATA \
  -prdata=COMRAM,nvrram=COMRAM,nvbit=COMRAM,rbss=COMRAM,rbit=COMRAM \
  -pfarbss=FARRAM,fardata=FARRAM,nvFARRAM=FARRAM \
  -pintsave_regs=BIGRAM,bigbss=BIGRAM,bigdata=BIGRAM -pbss=RAM \
  -pidata=CODE,irdata=CODE,ibigdata=CODE,ifardata=CODE -prparam=COMRAM \
  C:\Users\DWHITF~1.TDY\AppData\Local\Temp\sc6o.obj \
  dist/xc8_pic18f26k20/production\PIC_IR_RF_Bluetooth_Home_Automation.production.obj 

Object code version is 3.11

Machine type is 18F26K20

Call graph: (short form)




                Name                               Link     Load   Length Selector   Space Scale
C:\Users\DWHITF~1.TDY\AppData\Local\Temp\sc6o.obj
                end_init                            1CA      1CA        4        C       0
                reset_vec                             0        0        4        0       0
                idloc                            200000   200000        8   200000       0
                config                           300000   300000        E   300000       0
dist/xc8_pic18f26k20/production\PIC_IR_RF_Bluetooth_Home_Automation.production.obj
                intcodelo                            18       18      1B2        C       0
                intcode                               8        8       10        4       0
                mediumconst                        EF76     EF76     108A     77BB       0
                text123                            60B0     60B0      32C        C       0
                text122                            A526     A526        A        C       0
                text121                            A51C     A51C        A        C       0
                text120                            A4E6     A4E6        E        C       0
                text119                            A512     A512        A        C       0
                text118                            9F4C     9F4C       42        C       0
                intcode_body                       47C8     47C8      60E        C       0
                text116                            9FCC     9FCC       3E        C       0
                text115                            A29A     A29A       2C        C       0
                text114                            A318     A318       28        C       0
                text113                            A39C     A39C       18        C       0
                text112                            A4D8     A4D8        E        C       0
                text111                            A3E0     A3E0       16        C       0
                text110                            A340     A340       26        C       0
                text109                            A1E4     A1E4       30        C       0
                text108                            A1B4     A1B4       30        C       0
                text106                            A544     A544        2        C       0
                text105                            9E80     9E80       46        C       0
                text104                            A40A     A40A       14        C       0
                text103                            A4CA     A4CA        E        C       0
                text102                            A3CA     A3CA       16        C       0
                text101                            A454     A454       12        C       0
                text100                            9C8E     9C8E       5A        C       0
                text99                             97FC     97FC       8A        C       0
                text98                             A4BC     A4BC        E        C       0
                text97                             A384     A384       18        C       0
                text96                             A442     A442       12        C       0
                text95                             9D40     9D40       56        C       0
                text94                             8B34     8B34       E2        C       0
                text93                             8042     8042      13A        C       0
                text92                             A0B4     A0B4       38        C       0
                text91                             A152     A152       32        C       0
                text90                             8DC2     8DC2       CE        C       0
                text89                             A184     A184       30        C       0
                text88                             82A8     82A8      120        C       0
                text87                             66B4     66B4      27E        C       0
                text86                             9DEA     9DEA       50        C       0
                text85                             7DA2     7DA2      152        C       0
                text84                             8F5A     8F5A       C6        C       0
                text83                             93B4     93B4       A4        C       0
                text82                             990C     990C       80        C       0
                text81                             74FC     74FC      194        C       0
                text80                             7356     7356      1A6        C       0
                text79                             8CF2     8CF2       D0        C       0
                text78                             9252     9252       B4        C       0
                text77                             7988     7988      16C        C       0
                text76                             A07C     A07C       38        C       0
                text75                             63DC     63DC      2D8        C       0
                text74                             A214     A214       2E        C       0
                text73                             4DD6     4DD6      504        C       0
                text72                             2538     2538      F7A        C       0
                text71                             7AF4     7AF4      15C        C       0
                text70                             A26E     A26E       2C        C       0
                text69                             71A8     71A8      1AE        C       0
                text68                             A0EC     A0EC       34        C       0
                text67                             A2F0     A2F0       28        C       0
                text66                             4130     4130      698        C       0
                text65                             9CE8     9CE8       58        C       0
                text64                             A2C6     A2C6       2A        C       0
                text63                             A3B4     A3B4       16        C       0
                text62                             9C32     9C32       5C        C       0
                text61                             A00A     A00A       3A        C       0
                text60                             7818     7818      170        C       0
                text59                             8946     8946       FA        C       0
                text58                             817C     817C      12C        C       0
                text57                             8838     8838      10E        C       0
                text56                             959C     959C       A0        C       0
                text55                             9AFA     9AFA       74        C       0
                text54                             A466     A466       10        C       0
                text53                             A4AE     A4AE        E        C       0
                text52                             A508     A508        A        C       0
                text51                             9BD4     9BD4       5E        C       0
                text50                             9E3A     9E3A       46        C       0
                text49                             A4A0     A4A0        E        C       0
                text48                             A492     A492        E        C       0
                text47                             A4FE     A4FE        A        C       0
                text46                             A3F6     A3F6       14        C       0
                text45                             A484     A484        E        C       0
                text44                             998C     998C       7C        C       0
                text43                             94FA     94FA       A2        C       0
                text42                             9B6E     9B6E       66        C       0
                text41                             8722     8722      116        C       0
                text40                             8604     8604      11E        C       0
                text39                             8C16     8C16       DC        C       0
                text38                             8E90     8E90       CA        C       0
                text37                             6FDA     6FDA      1CE        C       0
                text36                             7690     7690      188        C       0
                text35                             919C     919C       B6        C       0
                text34                             9306     9306       AE        C       0
                text33                             7EF4     7EF4      14E        C       0
                text32                             A366     A366       1E        C       0
                text31                             9A08     9A08       7A        C       0
                text30                             57CC     57CC      486        C       0
                text29                             5C52     5C52      45E        C       0
                text28                             84E6     84E6      11E        C       0
                text27                             9458     9458       A2        C       0
                text26                             A53E     A53E        4        C       0
                text25                             A530     A530        6        C       0
                text24                             7C50     7C50      152        C       0
                text23                             A242     A242       2C        C       0
                text22                             90E4     90E4       B8        C       0
                text21                             A430     A430       12        C       0
                text20                             34B2     34B2      C7E        C       0
                text19                             9886     9886       86        C       0
                text18                             963C     963C       9C        C       0
                text17                             A4F4     A4F4        A        C       0
                text16                             A41E     A41E       12        C       0
                text15                             8A40     8A40       F4        C       0
                text14                             9F8E     9F8E       3E        C       0
                text13                             6DDA     6DDA      200        C       0
                text12                             9A82     9A82       78        C       0
                text11                             96D8     96D8       94        C       0
                text10                             83C8     83C8      11E        C       0
                text9                              A044     A044       38        C       0
                text8                              9F0A     9F0A       42        C       0
                text7                              976C     976C       90        C       0
                text6                              9EC6     9EC6       44        C       0
                text5                               1CE      1CE     236A        C       0
                text4                              9D96     9D96       54        C       0
                text3                              A476     A476        E        C       0
                text2                              6932     6932      258        C       0
                text1                              6B8A     6B8A      250        C       0
                text0                              52DA     52DA      4F2        C       0
                cstackCOMRAM                          1        1       3F        1       1
                cstackBANK0                          60       60       98       60       1
                cstackBANK1                         100      100       FF      100       1
                cstackBANK2                         200      200       FF      200       1
                bssBANK5                            500      500       C8      500       1
                dataBANK4                           482      482       32      400       1
                bssBANK4                            400      400       82      400       1
                dataBANK3                           3F8      3F8        4      300       1
                bssBANK3                            300      300       F8      300       1
                bssBANK2                            2FF      2FF        1      200       1
                bssBANK1                            1FF      1FF        1      100       1
                dataBANK0                            FE       FE        2       60       1
                bssBANK0                             F8       F8        6       60       1
                dataCOMRAM                           5B       5B        4        1       1
                bssCOMRAM                            40       40       1B        1       1
                cinit                              9020     9020       C4        C       0
                idataBANK4                         A120     A120       32        C       0
                idataBANK3                         A53A     A53A        4        C       0
                idataBANK0                         A542     A542        2        C       0
                idataCOMRAM                        A536     A536        4        C       0

TOTAL           Name                               Link     Load   Length     Space
        CLASS   STACK          

        CLASS   CODE           
                end_init                            1CA      1CA        4         0
                intcodelo                            18       18      1B2         0
                intcode                               8        8       10         0
                reset_vec                             0        0        4         0
                text123                            60B0     60B0      32C         0
                text122                            A526     A526        A         0
                text121                            A51C     A51C        A         0
                text120                            A4E6     A4E6        E         0
                text119                            A512     A512        A         0
                text118                            9F4C     9F4C       42         0
                intcode_body                       47C8     47C8      60E         0
                text116                            9FCC     9FCC       3E         0
                text115                            A29A     A29A       2C         0
                text114                            A318     A318       28         0
                text113                            A39C     A39C       18         0
                text112                            A4D8     A4D8        E         0
                text111                            A3E0     A3E0       16         0
                text110                            A340     A340       26         0
                text109                            A1E4     A1E4       30         0
                text108                            A1B4     A1B4       30         0
                text106                            A544     A544        2         0
                text105                            9E80     9E80       46         0
                text104                            A40A     A40A       14         0
                text103                            A4CA     A4CA        E         0
                text102                            A3CA     A3CA       16         0
                text101                            A454     A454       12         0
                text100                            9C8E     9C8E       5A         0
                text99                             97FC     97FC       8A         0
                text98                             A4BC     A4BC        E         0
                text97                             A384     A384       18         0
                text96                             A442     A442       12         0
                text95                             9D40     9D40       56         0
                text94                             8B34     8B34       E2         0
                text93                             8042     8042      13A         0
                text92                             A0B4     A0B4       38         0
                text91                             A152     A152       32         0
                text90                             8DC2     8DC2       CE         0
                text89                             A184     A184       30         0
                text88                             82A8     82A8      120         0
                text87                             66B4     66B4      27E         0
                text86                             9DEA     9DEA       50         0
                text85                             7DA2     7DA2      152         0
                text84                             8F5A     8F5A       C6         0
                text83                             93B4     93B4       A4         0
                text82                             990C     990C       80         0
                text81                             74FC     74FC      194         0
                text80                             7356     7356      1A6         0
                text79                             8CF2     8CF2       D0         0
                text78                             9252     9252       B4         0
                text77                             7988     7988      16C         0
                text76                             A07C     A07C       38         0
                text75                             63DC     63DC      2D8         0
                text74                             A214     A214       2E         0
                text73                             4DD6     4DD6      504         0
                text72                             2538     2538      F7A         0
                text71                             7AF4     7AF4      15C         0
                text70                             A26E     A26E       2C         0
                text69                             71A8     71A8      1AE         0
                text68                             A0EC     A0EC       34         0
                text67                             A2F0     A2F0       28         0
                text66                             4130     4130      698         0
                text65                             9CE8     9CE8       58         0
                text64                             A2C6     A2C6       2A         0
                text63                             A3B4     A3B4       16         0
                text62                             9C32     9C32       5C         0
                text61                             A00A     A00A       3A         0
                text60                             7818     7818      170         0
                text59                             8946     8946       FA         0
                text58                             817C     817C      12C         0
                text57                             8838     8838      10E         0
                text56                             959C     959C       A0         0
                text55                             9AFA     9AFA       74         0
                text54                             A466     A466       10         0
                text53                             A4AE     A4AE        E         0
                text52                             A508     A508        A         0
                text51                             9BD4     9BD4       5E         0
                text50                             9E3A     9E3A       46         0
                text49                             A4A0     A4A0        E         0
                text48                             A492     A492        E         0
                text47                             A4FE     A4FE        A         0
                text46                             A3F6     A3F6       14         0
                text45                             A484     A484        E         0
                text44                             998C     998C       7C         0
                text43                             94FA     94FA       A2         0
                text42                             9B6E     9B6E       66         0
                text41                             8722     8722      116         0
                text40                             8604     8604      11E         0
                text39                             8C16     8C16       DC         0
                text38                             8E90     8E90       CA         0
                text37                             6FDA     6FDA      1CE         0
                text36                             7690     7690      188         0
                text35                             919C     919C       B6         0
                text34                             9306     9306       AE         0
                text33                             7EF4     7EF4      14E         0
                text32                             A366     A366       1E         0
                text31                             9A08     9A08       7A         0
                text30                             57CC     57CC      486         0
                text29                             5C52     5C52      45E         0
                text28                             84E6     84E6      11E         0
                text27                             9458     9458       A2         0
                text26                             A53E     A53E        4         0
                text25                             A530     A530        6         0
                text24                             7C50     7C50      152         0
                text23                             A242     A242       2C         0
                text22                             90E4     90E4       B8         0
                text21                             A430     A430       12         0
                text20                             34B2     34B2      C7E         0
                text19                             9886     9886       86         0
                text18                             963C     963C       9C         0
                text17                             A4F4     A4F4        A         0
                text16                             A41E     A41E       12         0
                text15                             8A40     8A40       F4         0
                text14                             9F8E     9F8E       3E         0
                text13                             6DDA     6DDA      200         0
                text12                             9A82     9A82       78         0
                text11                             96D8     96D8       94         0
                text10                             83C8     83C8      11E         0
                text9                              A044     A044       38         0
                text8                              9F0A     9F0A       42         0
                text7                              976C     976C       90         0
                text6                              9EC6     9EC6       44         0
                text5                               1CE      1CE     236A         0
                text4                              9D96     9D96       54         0
                text3                              A476     A476        E         0
                text2                              6932     6932      258         0
                text1                              6B8A     6B8A      250         0
                text0                              52DA     52DA      4F2         0
                cinit                              9020     9020       C4         0
                idataBANK4                         A120     A120       32         0
                idataBANK3                         A53A     A53A        4         0
                idataBANK0                         A542     A542        2         0
                idataCOMRAM                        A536     A536        4         0

        CLASS   CONST          

        CLASS   SMALLCONST     

        CLASS   MEDIUMCONST    
                mediumconst                        EF76     EF76     108A         0

        CLASS   COMRAM         
                cstackCOMRAM                          1        1       3F         1
                dataCOMRAM                           5B       5B        4         1
                bssCOMRAM                            40       40       1B         1

        CLASS   ABS1           

        CLASS   BIGRAM         

        CLASS   RAM            

        CLASS   BANK0          
                cstackBANK0                          60       60       98         1
                dataBANK0                            FE       FE        2         1
                bssBANK0                             F8       F8        6         1

        CLASS   BANK1          
                cstackBANK1                         100      100       FF         1
                bssBANK1                            1FF      1FF        1         1

        CLASS   BANK2          
                cstackBANK2                         200      200       FF         1
                bssBANK2                            2FF      2FF        1         1

        CLASS   BANK3          
                dataBANK3                           3F8      3F8        4         1
                bssBANK3                            300      300       F8         1

        CLASS   BANK4          
                dataBANK4                           482      482       32         1
                bssBANK4                            400      400       82         1

        CLASS   BANK5          
                bssBANK5                            500      500       C8         1

        CLASS   BANK6          

        CLASS   BANK7          

        CLASS   BANK8          

        CLASS   BANK9          

        CLASS   BANK10         

        CLASS   BANK11         

        CLASS   BANK12         

        CLASS   BANK13         

        CLASS   BANK14         

        CLASS   BANK15         

        CLASS   SFR            

        CLASS   FARRAM         

        CLASS   CONFIG         
                config                           300000   300000        E         0

        CLASS   IDLOC          
                idloc                            200000   200000        8         0

        CLASS   EEDATA         



SEGMENTS        Name                           Load    Length   Top    Selector   Space  Class

                reset_vec                      000000  000004  000004         0       0  CODE    
                cstackCOMRAM                   000001  00005E  00005F         1       1  COMRAM  
                intcode                        000008  000010  000018         4       0  CODE    
                intcodelo                      000018  00A52E  00A546         C       0  CODE    
                cstackBANK0                    000060  0000A0  000100        60       1  BANK0   
                cstackBANK1                    000100  000100  000200       100       1  BANK1   
                cstackBANK2                    000200  000100  000300       200       1  BANK2   
                bssBANK3                       000300  0000FC  0003FC       300       1  BANK3   
                bssBANK4                       000400  0000B4  0004B4       400       1  BANK4   
                bssBANK5                       000500  0000C8  0005C8       500       1  BANK5   
                mediumconst                    00EF76  00108A  010000      77BB       0  MEDIUMCO
                idloc                          200000  000008  200008    200000       0  IDLOC   
                config                         300000  00000E  30000E    300000       0  CONFIG  


UNUSED ADDRESS RANGES

        Name                Unused          Largest block    Delta
        BANK10           000A00-000AFF              100
        BANK11           000B00-000BFF              100
        BANK12           000C00-000CFF              100
        BANK13           000D00-000DFF              100
        BANK14           000E00-000EFF              100
        BANK15           000F00-000F5F               60
        BANK3            0003FC-0003FF                4
        BANK4            0004B4-0004FF               4C
        BANK5            0005C8-0005FF               38
        BANK6            000600-0006FF              100
        BANK7            000700-0007FF              100
        BANK8            000800-0008FF              100
        BANK9            000900-0009FF              100
        BIGRAM           00005F-00005F                1
                         0003FC-0003FF                4
                         0004B4-0004FF               4C
                         0005C8-000F5F              998
        CODE             000004-000007                4
                         00A546-00EF75             4A30
        COMRAM           00005F-00005F                1
        CONST            000004-000007                4
                         00A546-00EF75             4A30
        EEDATA           F00000-F003FF              400
        MEDIUMCONST      00A546-00EF75             4A30
        RAM              0003FC-0003FF                4
                         0004B4-0004FF               4C
                         0005C8-000F5F              100
        SFR              000F60-000FFF               A0
        SMALLCONST       00A546-00EF75              100
        STACK            0005C8-000F5F              998

                                  Symbol Table

?_EncodeNEC                                 cstackBANK0  000067
?_GetMemoryChar                             cstackBANK0  000067
?_GetMemoryLong                             cstackBANK0  000067
?_ReadEEPROM_1Byte                          cstackBANK0  000063
?_ReadVoltage                               cstackBANK0  00008C
?_Reverse_4Byte                             cstackBANK0  000063
?_Round                                     cstackBANK0  0000B1
?_SetEEPROM1                                cstackBANK0  000099
?_SetEEPROM2                                cstackBANK0  000099
?___altoft                                  cstackBANK0  00006B
?___awdiv                                   cstackBANK0  000069
?___awmod                                   cstackBANK0  000063
?___ftadd                                   cstackBANK0  000096
?___ftdiv                                   cstackBANK0  00006E
?___ftmul                                   cstackBANK0  00007D
?___ftneg                                   cstackBANK0  000063
?___ftpack                                  cstackBANK0  000063
?___ftsub                                   cstackBANK0  0000A2
?___fttol                                   cstackBANK0  0000A2
?___lldiv                                   cstackBANK0  000063
?___llmod                                   cstackBANK0  000070
?___lltoft                                  cstackBANK0  00006B
?___lmul                                    cstackBANK0  000063
?___lwtoft                                  cstackBANK0  00006B
?___wmul                                    cstackBANK0  000071
?__div_to_l_                                cstackBANK0  000063
?__tdiv_to_l_                               cstackBANK0  000063
?_fround                                    cstackBANK0  00008C
?_scale                                     cstackBANK0  00008C
?_sprintf                                   cstackBANK0  0000B1
BluetoothInitialSetup@BluetoothVersionLine1 cstackBANK1  000133
BluetoothInitialSetup@BluetoothVersionLine2 cstackBANK1  000151
BluetoothInitialSetup@buf                   cstackBANK1  00016F
BluetoothInitialSetup@first                 cstackBANK1  0001A1
BluetoothInitialSetup@i                     cstackBANK1  0001A4
BluetoothInitialSetup@j                     cstackBANK1  0001A2
BluetoothInitialSetup@ok                    cstackBANK1  0001A3
BufferCopy@count                            cstackBANK0  00006F
BufferCopy@from                             cstackBANK0  00006B
BufferCopy@i                                cstackBANK0  000071
BufferCopy@shift                            cstackBANK0  000070
BufferCopy@to                               cstackBANK0  00006D
DecodeNEC@Nec                               cstackBANK0  000067
DecodeNEC@address                           cstackBANK0  00006B
DecodeNEC@command                           cstackBANK0  00006D
DecodeNEC@temp1                             cstackBANK0  000075
DecodeNEC@temp2                             cstackBANK0  000073
DecodeNEC@temp3                             cstackBANK0  000074
EncodeNEC@address                           cstackBANK0  00008F
EncodeNEC@command                           cstackBANK0  000067
EncodeNEC@temp1                             cstackBANK0  00007F
EncodeNEC@temp2                             cstackBANK0  000083
EncodeNEC@temp3                             cstackBANK0  000087
EncodeNEC@temp4                             cstackBANK0  00008B
EnterCommandMode@buf                        cstackBANK1  000100
EnterCommandMode@count                      cstackBANK1  000132
EraseScreen@characters                      cstackCOMRAM 00000B
EraseScreen@i                               cstackCOMRAM 00000C
GetEEPROM1@Arrayspot                        cstackBANK0  00008C
GetEEPROM1@Temp                             cstackBANK0  000088
GetEEPROM1@i                                cstackBANK0  00008D
GetEEPROM1@j                                cstackBANK0  00008E
GetEEPROM2@Arrayspot                        cstackBANK0  00008C
GetEEPROM2@Temp                             cstackBANK0  000088
GetEEPROM2@i                                cstackBANK0  00008D
GetEEPROM2@j                                cstackBANK0  00008E
GetEEPROM2@k                                cstackBANK0  00008F
GetMemoryChar@AddressFirst                  cstackBANK0  00006B
GetMemoryChar@H                             cstackBANK0  00006C
GetMemoryLong@AddressFirst                  cstackBANK0  000087
GetMemoryLong@H                             cstackBANK0  000083
GetMemoryLong@L                             cstackBANK0  000086
GetMemoryLong@MH                            cstackBANK0  000084
GetMemoryLong@ML                            cstackBANK0  000085
GetMemoryLong@temp                          cstackBANK0  00007F
GetNumber@CommaNumber                       cstackBANK0  000071
GetNumber@Hex                               cstackBANK0  00007C
GetNumber@This                              cstackBANK0  00006F
GetNumber@count                             cstackBANK0  00007B
GetNumber@i                                 cstackBANK0  00007D
GetNumber@negative                          cstackBANK0  00007A
GetNumber@result                            cstackBANK0  000072
GetNumber@temp                              cstackBANK0  00007F
GetNumber@tempCommaNumber                   cstackBANK0  000079
GetNumber@tempThis                          cstackBANK0  00007E
GetNumberUnsigned@CommaNumber               cstackBANK0  000071
GetNumberUnsigned@Hex                       cstackBANK0  00007B
GetNumberUnsigned@This                      cstackBANK0  00006F
GetNumberUnsigned@count                     cstackBANK0  00007A
GetNumberUnsigned@i                         cstackBANK0  00007C
GetNumberUnsigned@result                    cstackBANK0  000072
GetNumberUnsigned@temp                      cstackBANK0  00007D
GetNumberUnsigned@tempCommaNumber           cstackBANK0  000079
GetNumberUnsigned@tempThis                  cstackBANK0  000081
GetStringAfterComma@CommaNumber             cstackBANK0  000065
GetStringAfterComma@This                    cstackBANK0  000063
GetStringAfterComma@count                   cstackBANK0  00006A
GetStringAfterComma@result                  cstackBANK0  000066
GetStringAfterComma@tempCommaNumber         cstackBANK0  000069
IRrawToNEC@Invert                           cstackCOMRAM 000024
IRrawToNEC@NEC                              cstackCOMRAM 000022
IRrawToNEC@NECtemp                          cstackCOMRAM 000027
IRrawToNEC@Raw                              cstackCOMRAM 000020
IRrawToNEC@StartBit                         cstackCOMRAM 00002D
IRrawToNEC@first                            cstackCOMRAM 00002B
IRrawToNEC@i                                cstackCOMRAM 00002C
InitUART@Baud                               cstackBANK0  0000B8
InitUART@config                             cstackBANK0  0000C5
InitUART@spbrg                              cstackBANK0  0000C3
InitUART@temp                               cstackBANK0  0000C6
Init_System@buf                             cstackBANK1  0001A5
InternalADC_Read@ADCcounts                  cstackBANK0  00006C
InternalADC_Read@AnaChanSel                 cstackBANK0  000070
InternalADC_Read@channel                    cstackBANK0  000071
IsCharacter@data                            cstackCOMRAM 000001
IsLetter@data                               cstackBANK0  000063
OpenUSART@config                            cstackBANK0  000065
OpenUSART@spbrg                             cstackBANK0  000063
ReadCodeButtons@temp                        cstackBANK0  00006C
ReadEEPROM_1Byte@GIEstatus                  cstackBANK0  000065
ReadEEPROM_1Byte@PEIEstatus                 cstackBANK0  000066
ReadEEPROM_1Byte@address                    cstackBANK0  000063
ReadUSART@data                              cstackBANK0  000063
ReadVoltage@temp                            cstackBANK0  000092
ReadVoltage@voltage                         cstackBANK0  00008F
Reverse_4Byte@This                          cstackBANK0  000063
Reverse_4Byte@temp                          cstackBANK0  00006F
Reverse_Byte@This                           cstackBANK0  000066
Reverse_Byte@temp                           cstackBANK0  000065
Round@input                                 cstackBANK0  0000B1
Round@temp                                  cstackBANK0  0000B4
SendNEC_bytes@RepeatAmount                  cstackBANK0  000077
SendNEC_bytes@code                          cstackBANK0  000073
SendNEC_wait@RepeatAmount                   cstackBANK0  00007C
SendNEC_wait@code                           cstackBANK0  000078
SendNEC_wait@toggle                         cstackBANK0  00007D
SendRF@Code                                 cstackBANK0  000063
SendRF@Config                               cstackBANK0  000065
SendRF@RepeatAmount                         cstackBANK0  000067
SendRF@i                                    cstackBANK0  00006A
SendRF@size                                 cstackBANK0  000066
SendRF_Channel@channel                      cstackBANK0  000070
SendRF_wait@Code                            cstackBANK0  00006B
SendRF_wait@Config                          cstackBANK0  00006D
SendRF_wait@amount                          cstackBANK0  00006F
SendRF_wait@size                            cstackBANK0  00006E
SetEEPROM1@Arrayspot                        cstackBANK0  0000BE
SetEEPROM1@Temp                             cstackBANK0  000099
SetEEPROM1@burn                             cstackBANK0  0000B7
SetEEPROM1@fail                             cstackBANK0  0000BF
SetEEPROM1@i                                cstackBANK0  0000C3
SetEEPROM1@j                                cstackBANK0  0000C4
SetEEPROM1@temp                             cstackBANK0  0000BD
SetEEPROM2@Arrayspot                        cstackBANK0  0000E4
SetEEPROM2@Temp                             cstackBANK0  000099
SetEEPROM2@burn                             cstackBANK0  0000D9
SetEEPROM2@fail                             cstackBANK0  0000E0
SetEEPROM2@i                                cstackBANK0  0000E5
SetEEPROM2@j                                cstackBANK0  0000E6
SetEEPROM2@k                                cstackBANK0  0000E7
SetEEPROM2@temp                             cstackBANK0  0000DF
SetEEPROMdefault@i                          cstackBANK0  0000EC
SetEEPROMdefault@j                          cstackBANK0  0000ED
SetEEPROMdefault@k                          cstackBANK0  0000EB
SetMemoryChar@AddressFirst                  cstackBANK0  00006D
SetMemoryChar@Data                          cstackBANK0  00006F
SetMemoryChar@Test                          cstackBANK0  00006E
SetMemoryLong@AddressFirst                  cstackBANK0  00008C
SetMemoryLong@Data                          cstackBANK0  000088
SetMemoryLong@H                             cstackBANK0  000095
SetMemoryLong@L                             cstackBANK0  000098
SetMemoryLong@MH                            cstackBANK0  000096
SetMemoryLong@ML                            cstackBANK0  000097
SetMemoryLong@Test                          cstackBANK0  000091
SetTimer0@temp                              cstackCOMRAM 000020
StringAddEqual@Input                        cstackBANK0  000072
StringAddEqual@NullPosition                 cstackBANK0  000076
StringAddEqual@firstnumber                  cstackBANK0  000077
StringAddEqual@i                            cstackBANK0  000078
StringAddEqual@j                            cstackBANK0  000079
StringAddEqual@temp                         cstackBANK1  000100
StringContains@MatchAmount                  cstackBANK0  000069
StringContains@MatchCount                   cstackBANK0  00006A
StringContains@That                         cstackBANK0  000065
StringContains@This                         cstackBANK0  000063
StringContains@i                            cstackBANK0  00006B
StringContainsCaseInsensitive@MatchAmount   cstackBANK0  00006C
StringContainsCaseInsensitive@MatchCount    cstackBANK0  00006D
StringContainsCaseInsensitive@That          cstackBANK0  000068
StringContainsCaseInsensitive@This          cstackBANK0  000066
StringContainsCaseInsensitive@i             cstackBANK0  000070
StringContainsCaseInsensitive@tempThat      cstackBANK0  00006F
StringContainsCaseInsensitive@tempThis      cstackBANK0  00006E
StringMatch@That                            cstackBANK0  000065
StringMatch@This                            cstackBANK0  000063
StringMatchCaseInsensitive@That             cstackBANK0  000068
StringMatchCaseInsensitive@This             cstackBANK0  000066
StringMatchCaseInsensitive@tempThat         cstackBANK0  00006B
StringMatchCaseInsensitive@tempThis         cstackBANK0  00006A
SyncEEPROMToGlobal@Temp1                    cstackBANK0  0000D5
SyncEEPROMToGlobal@Temp2                    cstackBANK0  000094
SyncEEPROMToGlobal@i                        cstackBANK0  0000F3
SyncEEPROMToGlobal@j                        cstackBANK0  0000F4
SyncEEPROMToGlobal@k                        cstackBANK0  0000D4
SyncGlobalToEEPROM@ok                       cstackBANK0  0000E8
UARTchar@data                               cstackBANK0  00006C
UARTchar_CONST@data                         cstackBANK0  00006C
UARTchar_CONST@temp                         cstackBANK0  00006D
UARTcommandMenu@Command                     cstackBANK0  000070
UARTcommandMenu@Desc                        cstackBANK0  000072
UARTcommandMenu@i                           cstackBANK0  000079
UARTcommandMenu@place                       cstackBANK0  00007A
UARTstring@data                             cstackBANK0  00006D
UARTstringCRLN@data                         cstackBANK0  000070
UARTstringCRLN_CONST@data                   cstackBANK0  000070
UARTstring_CONST@data                       cstackBANK0  00006E
UseBluetooth@EmptyPlace                     cstackBANK2  000283
UseBluetooth@EnteredNEC                     cstackBANK2  000286
UseBluetooth@NecAddress                     cstackBANK2  00028D
UseBluetooth@NecCommand                     cstackBANK2  00028E
UseBluetooth@SerialNumberTEMP               cstackBANK2  00027F
UseBluetooth@String                         cstackBANK0  0000F5
UseBluetooth@StringPos                      cstackBANK0  0000F7
UseBluetooth@buf                            cstackBANK2  00020C
UseBluetooth@device                         cstackBANK2  000284
UseBluetooth@i                              cstackBANK2  000293
UseBluetooth@ok                             cstackBANK2  00028A
UseBluetooth@rfchannelSTR                   cstackBANK2  000270
UseBluetooth@rfconf                         cstackBANK2  00028C
UseBluetooth@set                            cstackBANK2  00027A
UseBluetooth@temp                           cstackBANK2  00028F
UseBluetooth@tempNec                        cstackBANK2  00027B
UseBluetooth@tempRFArray                    cstackBANK2  00028B
UseBluetooth@timeout                        cstackBANK2  000285
UseIRCode@Code                              cstackBANK0  0000E9
UseIRCode@NEC                               cstackBANK0  0000EB
UseIRCode@found                             cstackBANK0  0000F2
UseIRCode@i                                 cstackBANK0  0000F4
UseIRCode@j                                 cstackBANK0  0000F3
WaitForIRsignal@timeout                     cstackBANK0  000072
WriteEEPROM_1Byte@GIEstatus                 cstackBANK0  000066
WriteEEPROM_1Byte@PEIEstatus                cstackBANK0  000067
WriteEEPROM_1Byte@address                   cstackBANK0  000063
WriteEEPROM_1Byte@data                      cstackBANK0  000065
_ADCON0                                     (abs)        000FC2
_ADCON0bits                                 (abs)        000FC2
_ADCON1                                     (abs)        000FC1
_ADCON1bits                                 (abs)        000FC1
_ADCON2                                     (abs)        000FC0
_ADCON2bits                                 (abs)        000FC0
_ADRESH                                     (abs)        000FC4
_ADRESL                                     (abs)        000FC3
_ANSEL                                      (abs)        000F7E
_ANSELH                                     (abs)        000F7F
_BAUDCONbits                                (abs)        000FB8
_BatteryVoltage                             bssCOMRAM    000040
_BlueConnected                              text98       00A4BC
_BluetoothConfigured                        text101      00A454
_BluetoothFirmware1                         bssBANK3     0003BC
_BluetoothFirmware2                         bssBANK4     000464
_BluetoothInitialSetup                      text66       004130
_BufferCopy                                 text99       0097FC
_BufferOverflow                             bssBANK1     0001FF
_CRLN                                       mediumconst  00F205
_CheckReceivingIR                           text21       00A430
_ClearUSART                                 text96       00A442
_CommandString                              bssBANK3     000318
_CommandStringPos                           bssCOMRAM    000043
_Conf1_ChannelD                             mediumconst  00F1C7
_Conf1_ChannelD_STR                         mediumconst  00F18C
_Conf1_ChannelE                             mediumconst  00F1D3
_Conf1_ChannelE_STR                         mediumconst  00F19B
_Conf1_ChannelF                             mediumconst  00F1DF
_Conf1_ChannelF_STR                         mediumconst  00F1AA
_Conf1_Channels                             mediumconst  00F1F9
_Conf2_ChannelB_OFF                         mediumconst  00F0EC
_Conf2_ChannelB_OFF_STR                     mediumconst  00F0A2
_Conf2_ChannelB_ON                          mediumconst  00F0FC
_Conf2_ChannelB_ON_STR                      mediumconst  00F0C8
_Conf2_ChannelB_Status                      bssCOMRAM    000044
_Conf2_ChannelD_OFF                         mediumconst  00F10C
_Conf2_ChannelD_OFF_STR                     mediumconst  00F0B5
_Conf2_ChannelD_ON                          mediumconst  00F11C
_Conf2_ChannelD_ON_STR                      mediumconst  00F0DA
_Conf2_ChannelD_Status                      bssCOMRAM    000045
_Conf2_ChannelH_1_OFF                       mediumconst  00F12C
_Conf2_ChannelH_1_OFF_STR                   mediumconst  00F027
_Conf2_ChannelH_1_ON                        mediumconst  00F13C
_Conf2_ChannelH_1_ON_STR                    mediumconst  00F066
_Conf2_ChannelH_1_Status                    bssCOMRAM    000046
_Conf2_ChannelH_2_OFF                       mediumconst  00F14C
_Conf2_ChannelH_2_OFF_STR                   mediumconst  00F03C
_Conf2_ChannelH_2_ON                        mediumconst  00F15C
_Conf2_ChannelH_2_ON_STR                    mediumconst  00F07A
_Conf2_ChannelH_2_Status                    bssCOMRAM    000047
_Conf2_ChannelH_3_OFF                       mediumconst  00F16C
_Conf2_ChannelH_3_OFF_STR                   mediumconst  00F051
_Conf2_ChannelH_3_ON                        mediumconst  00F17C
_Conf2_ChannelH_3_ON_STR                    mediumconst  00F08E
_Conf2_ChannelH_3_Status                    bssCOMRAM    000048
_Conf2_Channels                             mediumconst  00F1FD
_ConfigureOscillator                        text106      00A544
_DecodeNEC                                  text34       009306
_EEADR                                      (abs)        000FA9
_EEADRH                                     (abs)        000FAA
_EECON1bits                                 (abs)        000FA6
_EECON2                                     (abs)        000FA7
_EEDATA                                     (abs)        000FA8
_EEPROM_UNLOCK                              text63       00A3B4
_EEPROMinitialized                          text104      00A40A
_EncodeNEC                                  text33       007EF4
_EnterCommandMode                           text71       007AF4
_EraseScreen                                text114      00A318
_FirmVersion                                mediumconst  00F1EB
_Frequency                                  mediumconst  00F201
_GetEEPROM1                                 text39       008C16
_GetEEPROM2                                 text38       008E90
_GetMemoryChar                              text64       00A2C6
_GetMemoryLong                              text60       007818
_GetNumber                                  text30       0057CC
_GetNumberUnsigned                          text29       005C52
_GetStringAfterComma                        text28       0084E6
_Global1                                    bssBANK3     0003DA
_Global2                                    bssBANK3     00037C
_INTCON2bits                                (abs)        000FF1
_INTCONbits                                 (abs)        000FF2
_IOCBbits                                   (abs)        000F7D
_IPR1bits                                   (abs)        000F9F
_IPR2bits                                   (abs)        000FA2
_IRRawCode                                  bssBANK5     000500
_IR_NEC                                     bssCOMRAM    000055
_IR_New_Code                                bssBANK0     0000FD
_IRaddress                                  bssCOMRAM    000059
_IRbit                                      bssCOMRAM    000049
_IRbitPosition                              dataCOMRAM   00005B
_IRcodeBit                                  bssCOMRAM    00004A
_IRcodePlace                                dataBANK0    0000FE
_IRcommand                                  bssCOMRAM    00005A
_IRmod                                      bssCOMRAM    00004B
_IRpinOLD                                   bssCOMRAM    00004C
_IRrawCodeNum                               bssBANK0     0000F8
_IRrawToNEC                                 text123      0060B0
_IRrepeatAmount                             bssCOMRAM    00004D
_IRrepeatflag                               bssCOMRAM    00004E
_IRsendCode                                 bssBANK3     000314
_IRsendFlag                                 bssCOMRAM    00004F
_IRtimeout                                  dataBANK3    0003F8
_InitADC                                    text102      00A3CA
_InitApp                                    text105      009E80
_InitBluetooth                              text55       009AFA
_InitIR                                     text50       009E3A
_InitTimer0                                 text54       00A466
_InitTimer1                                 text49       00A4A0
_InitTimer2                                 text48       00A492
_InitTimer3                                 text47       00A4FE
_InitTimers                                 text46       00A3F6
_InitUART                                   text41       008722
_InitUART$3916                              cstackBANK0  0000C0
_Init_System                                text36       007690
_InternalADC_Read                           text27       009458
_IsCharacter                                text113      00A39C
_IsLetter                                   text32       00A366
_LATA                                       (abs)        000F89
_LATB                                       (abs)        000F8A
_LATC                                       (abs)        000F8B
_LEDTimerON                                 text16       00A41E
_Local_CloseUSART                           text45       00A484
_NewReceivedString                          bssBANK0     0000F9
_OpenUSART                                  text44       00998C
_PCBVersion                                 mediumconst  00F1F4
_PIE1bits                                   (abs)        000F9D
_PIE2bits                                   (abs)        000FA0
_PIR1bits                                   (abs)        000F9E
_PIR2bits                                   (abs)        000FA1
_PORTA                                      (abs)        000F80
_PORTB                                      (abs)        000F81
_PORTC                                      (abs)        000F82
_PR2                                        (abs)        000FCB
_ProductName                                dataBANK4    000482
_ProjectName                                mediumconst  00F00D
_RCONbits                                   (abs)        000FD0
_RCREG                                      (abs)        000FAE
_RCSTA                                      (abs)        000FAB
_RCSTAbits                                  (abs)        000FAB
_RFConfig                                   bssBANK0     0000FA
_RF_IR                                      dataCOMRAM   00005C
_RF_IR_Postscaler                           dataCOMRAM   00005D
_RFcodeBit                                  bssCOMRAM    000050
_RFcodePlace                                bssBANK0     0000FB
_RFsendCode                                 bssBANK3     000300
_RFsendFlag                                 bssBANK0     0000FC
_ReadCodeButtons                            text4        009D96
_ReadEEPROM_1Byte                           text65       009CE8
_ReadIRpin                                  text53       00A4AE
_ReadPushButton                             text3        00A476
_ReadUSART                                  text97       00A384
_ReadVoltage                                text22       0090E4
_ReceivedString                             bssBANK4     000400
_ReceivedStringPos                          bssBANK2     0002FF
_ReceivingIR                                dataCOMRAM   00005E
_ResetADC                                   text103      00A4CA
_ResetBlue                                  text94       008B34
_ResetTimer0                                text52       00A508
_ResetTimer1                                text17       00A4F4
_ResetTimer3                                text122      00A526
_Reverse_4Byte                              text20       0034B2
_Reverse_Byte                               text35       00919C
_Round                                      text42       009B6E
_SPBRG                                      (abs)        000FAF
_SPBRGH                                     (abs)        000FB0
_SYNTAX_ERR                                 mediumconst  00F1B9
_SendNEC_bytes                              text19       009886
_SendNEC_wait                               text18       00963C
_SendRF                                     text15       008A40
_SendRF_Channel                             text2        006932
_SendRF_wait                                text14       009F8E
_Sendcount                                  bssCOMRAM    000051
_Sent                                       dataBANK0    0000FF
_SetEEPROM1                                 text58       00817C
_SetEEPROM2                                 text57       008838
_SetEEPROMdefault                           text40       008604
_SetMemoryChar                              text61       00A00A
_SetMemoryLong                              text59       008946
_SetTimer0                                  text121      00A51C
_StringAddEqual                             text13       006DDA
_StringContains                             text93       008042
_StringContainsCaseInsensitive              text69       0071A8
_StringMatch                                text12       009A82
_StringMatchCaseInsensitive                 text11       0096D8
_SyncEEPROMToGlobal                         text37       006FDA
_SyncGlobalToEEPROM                         text56       00959C
_T0CONbits                                  (abs)        000FD5
_T1CONbits                                  (abs)        000FCD
_T2CONbits                                  (abs)        000FCA
_T3CONbits                                  (abs)        000FB1
_TMR0H                                      (abs)        000FD7
_TMR0L                                      (abs)        000FD6
_TMR1H                                      (abs)        000FCF
_TMR1L                                      (abs)        000FCE
_TMR2                                       (abs)        000FCC
_TMR3H                                      (abs)        000FB3
_TMR3L                                      (abs)        000FB2
_TRISAbits                                  (abs)        000F92
_TRISBbits                                  (abs)        000F93
_TRISCbits                                  (abs)        000F94
_TXREG                                      (abs)        000FAD
_TXSTA                                      (abs)        000FAC
_TXSTAbits                                  (abs)        000FAC
_Timer1_Postscaler                          bssCOMRAM    000052
_Timer2_Postscaler                          bssCOMRAM    000053
_Timer3_Postscaler                          bssCOMRAM    000054
_UARTchar                                   text68       00A0EC
_UARTchar_CONST                             text92       00A0B4
_UARTcommandMenu                            text10       0083C8
_UARTstring                                 text67       00A2F0
_UARTstringCRLN                             text9        00A044
_UARTstringCRLN_CONST                       text8        009F0A
_UARTstring_CONST                           text91       00A152
_UseBluetooth                               text5        0001CE
_UseIRCode                                  text1        006B8A
_VoltageDividerOFF                          text26       00A53E
_VoltageDividerON                           text25       00A530
_WPUB                                       (abs)        000F7C
_WaitForIRsignal                            text7        00976C
_WriteEEPROM_1Byte                          text62       009C32
__CFG_BOREN$SBORDIS                         (abs)        000000
__CFG_BORV$27                               (abs)        000000
__CFG_CCP2MX$PORTC                          (abs)        000000
__CFG_CP0$OFF                               (abs)        000000
__CFG_CP1$OFF                               (abs)        000000
__CFG_CP2$OFF                               (abs)        000000
__CFG_CP3$OFF                               (abs)        000000
__CFG_CPB$OFF                               (abs)        000000
__CFG_CPD$OFF                               (abs)        000000
__CFG_EBTR0$OFF                             (abs)        000000
__CFG_EBTR1$OFF                             (abs)        000000
__CFG_EBTR2$OFF                             (abs)        000000
__CFG_EBTR3$OFF                             (abs)        000000
__CFG_EBTRB$OFF                             (abs)        000000
__CFG_FCMEN$OFF                             (abs)        000000
__CFG_FOSC$HSPLL                            (abs)        000000
__CFG_HFOFST$ON                             (abs)        000000
__CFG_IESO$OFF                              (abs)        000000
__CFG_LPT1OSC$OFF                           (abs)        000000
__CFG_LVP$OFF                               (abs)        000000
__CFG_MCLRE$ON                              (abs)        000000
__CFG_PBADEN$OFF                            (abs)        000000
__CFG_PWRT$OFF                              (abs)        000000
__CFG_STVREN$ON                             (abs)        000000
__CFG_WDTEN$OFF                             (abs)        000000
__CFG_WDTPS$32768                           (abs)        000000
__CFG_WRT0$OFF                              (abs)        000000
__CFG_WRT1$OFF                              (abs)        000000
__CFG_WRT2$OFF                              (abs)        000000
__CFG_WRT3$OFF                              (abs)        000000
__CFG_WRTB$OFF                              (abs)        000000
__CFG_WRTC$OFF                              (abs)        000000
__CFG_WRTD$OFF                              (abs)        000000
__CFG_XINST$OFF                             (abs)        000000
__HRAM                                      (abs)        000000
__Habs1                                     abs1         000000
__Hbank0                                    bank0        000000
__Hbank1                                    bank1        000000
__Hbank10                                   bank10       000000
__Hbank11                                   bank11       000000
__Hbank12                                   bank12       000000
__Hbank13                                   bank13       000000
__Hbank14                                   bank14       000000
__Hbank15                                   bank15       000000
__Hbank2                                    bank2        000000
__Hbank3                                    bank3        000000
__Hbank4                                    bank4        000000
__Hbank5                                    bank5        000000
__Hbank6                                    bank6        000000
__Hbank7                                    bank7        000000
__Hbank8                                    bank8        000000
__Hbank9                                    bank9        000000
__Hbigbss                                   bigbss       000000
__Hbigdata                                  bigdata      000000
__Hbigram                                   bigram       000000
__Hbss                                      bss          000000
__HbssBANK0                                 bssBANK0     000000
__HbssBANK1                                 bssBANK1     000000
__HbssBANK2                                 bssBANK2     000000
__HbssBANK3                                 bssBANK3     000000
__HbssBANK4                                 bssBANK4     000000
__HbssBANK5                                 bssBANK5     000000
__HbssCOMRAM                                bssCOMRAM    000000
__Hcinit                                    cinit        000000
__Hclrtext                                  clrtext      000000
__Hcomram                                   comram       000000
__Hconfig                                   config       30000E
__Hconst                                    const        000000
__HcstackBANK0                              cstackBANK0  000000
__HcstackBANK1                              cstackBANK1  000000
__HcstackBANK2                              cstackBANK2  000000
__HcstackCOMRAM                             cstackCOMRAM 000000
__Hdata                                     data         000000
__HdataBANK0                                dataBANK0    000000
__HdataBANK3                                dataBANK3    000000
__HdataBANK4                                dataBANK4    000000
__HdataCOMRAM                               dataCOMRAM   000000
__Heeprom_data                              eeprom_data  000000
__Hend_init                                 end_init     0001CE
__Hfarbss                                   farbss       000000
__Hfardata                                  fardata      000000
__Hibigdata                                 ibigdata     000000
__Hidata                                    idata        000000
__HidataBANK0                               idataBANK0   000000
__HidataBANK3                               idataBANK3   000000
__HidataBANK4                               idataBANK4   000000
__HidataCOMRAM                              idataCOMRAM  000000
__Hidloc                                    idloc        200008
__Hifardata                                 ifardata     000000
__Hinit                                     init         0001CA
__Hintcode                                  intcode      000018
__Hintcode_body                             intcode_body 000000
__Hintcodelo                                intcodelo    0001CA
__Hintentry                                 intentry     000000
__Hintret                                   intret       000000
__Hintsave_regs                             intsave_regs 000000
__Hirdata                                   irdata       000000
__Hmediumconst                              mediumconst  010000
__HnvFARRAM                                 nvFARRAM     000000
__Hnvbit                                    nvbit        000000
__Hnvrram                                   nvrram       000000
__Hparam                                    rparam       000000
__Hpowerup                                  powerup      0001CA
__Hram                                      ram          000000
__Hramtop                                   ramtop       001000
__Hrbit                                     rbit         000000
__Hrbss                                     rbss         000000
__Hrdata                                    rdata        000000
__Hreset_vec                                reset_vec    000004
__Hrparam                                   rparam       000000
__Hsfr                                      sfr          000000
__Hsmallconst                               smallconst   000000
__Hspace_0                                  (abs)        30000E
__Hspace_1                                  (abs)        0005C8
__Hspace_2                                  (abs)        000000
__Hstack                                    stack        000000
__Hstruct                                   struct       000000
__Htemp                                     temp         000000
__Htext                                     text         000000
__Htext0                                    text0        000000
__Htext1                                    text1        000000
__Htext10                                   text10       000000
__Htext100                                  text100      000000
__Htext101                                  text101      000000
__Htext102                                  text102      000000
__Htext103                                  text103      000000
__Htext104                                  text104      000000
__Htext105                                  text105      000000
__Htext106                                  text106      000000
__Htext108                                  text108      000000
__Htext109                                  text109      000000
__Htext11                                   text11       000000
__Htext110                                  text110      000000
__Htext111                                  text111      000000
__Htext112                                  text112      000000
__Htext113                                  text113      000000
__Htext114                                  text114      000000
__Htext115                                  text115      000000
__Htext116                                  text116      000000
__Htext118                                  text118      000000
__Htext119                                  text119      000000
__Htext12                                   text12       000000
__Htext120                                  text120      000000
__Htext121                                  text121      000000
__Htext122                                  text122      000000
__Htext123                                  text123      000000
__Htext13                                   text13       000000
__Htext14                                   text14       000000
__Htext15                                   text15       000000
__Htext16                                   text16       000000
__Htext17                                   text17       000000
__Htext18                                   text18       000000
__Htext19                                   text19       000000
__Htext2                                    text2        000000
__Htext20                                   text20       000000
__Htext21                                   text21       000000
__Htext22                                   text22       000000
__Htext23                                   text23       000000
__Htext24                                   text24       000000
__Htext25                                   text25       000000
__Htext26                                   text26       000000
__Htext27                                   text27       000000
__Htext28                                   text28       000000
__Htext29                                   text29       000000
__Htext3                                    text3        000000
__Htext30                                   text30       000000
__Htext31                                   text31       000000
__Htext32                                   text32       000000
__Htext33                                   text33       000000
__Htext34                                   text34       000000
__Htext35                                   text35       000000
__Htext36                                   text36       000000
__Htext37                                   text37       000000
__Htext38                                   text38       000000
__Htext39                                   text39       000000
__Htext4                                    text4        000000
__Htext40                                   text40       000000
__Htext41                                   text41       000000
__Htext42                                   text42       000000
__Htext43                                   text43       000000
__Htext44                                   text44       000000
__Htext45                                   text45       000000
__Htext46                                   text46       000000
__Htext47                                   text47       000000
__Htext48                                   text48       000000
__Htext49                                   text49       000000
__Htext5                                    text5        000000
__Htext50                                   text50       000000
__Htext51                                   text51       000000
__Htext52                                   text52       000000
__Htext53                                   text53       000000
__Htext54                                   text54       000000
__Htext55                                   text55       000000
__Htext56                                   text56       000000
__Htext57                                   text57       000000
__Htext58                                   text58       000000
__Htext59                                   text59       000000
__Htext6                                    text6        000000
__Htext60                                   text60       000000
__Htext61                                   text61       000000
__Htext62                                   text62       000000
__Htext63                                   text63       000000
__Htext64                                   text64       000000
__Htext65                                   text65       000000
__Htext66                                   text66       000000
__Htext67                                   text67       000000
__Htext68                                   text68       000000
__Htext69                                   text69       000000
__Htext7                                    text7        000000
__Htext70                                   text70       000000
__Htext71                                   text71       000000
__Htext72                                   text72       000000
__Htext73                                   text73       000000
__Htext74                                   text74       000000
__Htext75                                   text75       000000
__Htext76                                   text76       000000
__Htext77                                   text77       000000
__Htext78                                   text78       000000
__Htext79                                   text79       000000
__Htext8                                    text8        000000
__Htext80                                   text80       000000
__Htext81                                   text81       000000
__Htext82                                   text82       000000
__Htext83                                   text83       000000
__Htext84                                   text84       000000
__Htext85                                   text85       000000
__Htext86                                   text86       000000
__Htext87                                   text87       000000
__Htext88                                   text88       000000
__Htext89                                   text89       000000
__Htext9                                    text9        000000
__Htext90                                   text90       000000
__Htext91                                   text91       000000
__Htext92                                   text92       000000
__Htext93                                   text93       000000
__Htext94                                   text94       000000
__Htext95                                   text95       000000
__Htext96                                   text96       000000
__Htext97                                   text97       000000
__Htext98                                   text98       000000
__Htext99                                   text99       000000
__LRAM                                      (abs)        000001
__Labs1                                     abs1         000000
__Lbank0                                    bank0        000000
__Lbank1                                    bank1        000000
__Lbank10                                   bank10       000000
__Lbank11                                   bank11       000000
__Lbank12                                   bank12       000000
__Lbank13                                   bank13       000000
__Lbank14                                   bank14       000000
__Lbank15                                   bank15       000000
__Lbank2                                    bank2        000000
__Lbank3                                    bank3        000000
__Lbank4                                    bank4        000000
__Lbank5                                    bank5        000000
__Lbank6                                    bank6        000000
__Lbank7                                    bank7        000000
__Lbank8                                    bank8        000000
__Lbank9                                    bank9        000000
__Lbigbss                                   bigbss       000000
__Lbigdata                                  bigdata      000000
__Lbigram                                   bigram       000000
__Lbss                                      bss          000000
__LbssBANK0                                 bssBANK0     000000
__LbssBANK1                                 bssBANK1     000000
__LbssBANK2                                 bssBANK2     000000
__LbssBANK3                                 bssBANK3     000000
__LbssBANK4                                 bssBANK4     000000
__LbssBANK5                                 bssBANK5     000000
__LbssCOMRAM                                bssCOMRAM    000000
__Lcinit                                    cinit        000000
__Lclrtext                                  clrtext      000000
__Lcomram                                   comram       000000
__Lconfig                                   config       300000
[...]
		 -> IRRawCode(200), 
  count           2   33[COMRAM] int 
 Auto vars:     Size  Location     Type
  cleanBuffer1    1   38[COMRAM] unsigned char 
 Return value:  Size  Location     Type
		None               void
 Registers used:
		wreg, fsr2l, fsr2h, status,2, status,0, prodl, prodh
 Tracked objects:
		On entry : 
		On exit  : 
		Unchanged: 
 Data sizes:     COMRAM   BANK0   BANK1   BANK2   BANK3   BANK4   BANK5   BANK6   BANK7   BANK8   BANK9  BANK10  BANK11  BANK12  BANK13  BANK14  BANK15
      Params:         4       0       0       0       0       0       0       0       0       0       0       0       0       0       0       0       0
      Locals:         1       0       0       0       0       0       0       0       0       0       0       0       0       0       0       0       0
      Temps:          3       0       0       0       0       0       0       0       0       0       0       0       0       0       0       0       0
      Totals:         8       0       0       0       0       0       0       0       0       0       0       0       0       0       0       0       0
Total ram usage:        8 bytes
 Hardware stack levels used:    1
 This function calls:
		Nothing
 This function is called by:
		_high_isr
 This function uses a non-reentrant model


 *************** function i2_ResetTimer0 *****************
 Defined at:
		line 79 in file "Timer.c"
 Parameters:    Size  Location     Type
		None
 Auto vars:     Size  Location     Type
		None
 Return value:  Size  Location     Type
		None               void
 Registers used:
		wreg, status,2
 Tracked objects:
		On entry : 
		On exit  : 
		Unchanged: 
 Data sizes:     COMRAM   BANK0   BANK1   BANK2   BANK3   BANK4   BANK5   BANK6   BANK7   BANK8   BANK9  BANK10  BANK11  BANK12  BANK13  BANK14  BANK15
      Params:         0       0       0       0       0       0       0       0       0       0       0       0       0       0       0       0       0
      Locals:         0       0       0       0       0       0       0       0       0       0       0       0       0       0       0       0       0
      Temps:          0       0       0       0       0       0       0       0       0       0       0       0       0       0       0       0       0
      Totals:         0       0       0       0       0       0       0       0       0       0       0       0       0       0       0       0       0
Total ram usage:        0 bytes
 Hardware stack levels used:    1
 This function calls:
		Nothing
 This function is called by:
		_high_isr
 This function uses a non-reentrant model


 *************** function i2_ReadIRpin *****************
 Defined at:
		line 107 in file "IR.c"
 Parameters:    Size  Location     Type
		None
 Auto vars:     Size  Location     Type
		None
 Return value:  Size  Location     Type
                  1    wreg      unsigned char 
 Registers used:
		wreg
 Tracked objects:
		On entry : 
		On exit  : 
		Unchanged: 
 Data sizes:     COMRAM   BANK0   BANK1   BANK2   BANK3   BANK4   BANK5   BANK6   BANK7   BANK8   BANK9  BANK10  BANK11  BANK12  BANK13  BANK14  BANK15
      Params:         0       0       0       0       0       0       0       0       0       0       0       0       0       0       0       0       0
      Locals:         0       0       0       0       0       0       0       0       0       0       0       0       0       0       0       0       0
      Temps:          0       0       0       0       0       0       0       0       0       0       0       0       0       0       0       0       0
      Totals:         0       0       0       0       0       0       0       0       0       0       0       0       0       0       0       0       0
Total ram usage:        0 bytes
 Hardware stack levels used:    1
 This function calls:
		Nothing
 This function is called by:
		_high_isr
 This function uses a non-reentrant model


 *************** function _SetTimer0 *****************
 Defined at:
		line 94 in file "Timer.c"
 Parameters:    Size  Location     Type
  temp            2   31[COMRAM] unsigned int 
 Auto vars:     Size  Location     Type
		None
 Return value:  Size  Location     Type
		None               void
 Registers used:
		wreg, status,2
 Tracked objects:
		On entry : 
		On exit  : 
		Unchanged: 
 Data sizes:     COMRAM   BANK0   BANK1   BANK2   BANK3   BANK4   BANK5   BANK6   BANK7   BANK8   BANK9  BANK10  BANK11  BANK12  BANK13  BANK14  BANK15
      Params:         2       0       0       0       0       0       0       0       0       0       0       0       0       0       0       0       0
      Locals:         0       0       0       0       0       0       0       0       0       0       0       0       0       0       0       0       0
      Temps:          0       0       0       0       0       0       0       0       0       0       0       0       0       0       0       0       0
      Totals:         2       0       0       0       0       0       0       0       0       0       0       0       0       0       0       0       0
Total ram usage:        2 bytes
 Hardware stack levels used:    1
 This function calls:
		Nothing
 This function is called by:
		_high_isr
 This function uses a non-reentrant model


 *************** function _ResetTimer3 *****************
 Defined at:
		line 175 in file "Timer.c"
 Parameters:    Size  Location     Type
		None
 Auto vars:     Size  Location     Type
		None
 Return value:  Size  Location     Type
		None               void
 Registers used:
		wreg, status,2
 Tracked objects:
		On entry : 
		On exit  : 
		Unchanged: 
 Data sizes:     COMRAM   BANK0   BANK1   BANK2   BANK3   BANK4   BANK5   BANK6   BANK7   BANK8   BANK9  BANK10  BANK11  BANK12  BANK13  BANK14  BANK15
      Params:         0       0       0       0       0       0       0       0       0       0       0       0       0       0       0       0       0
      Locals:         0       0       0       0       0       0       0       0       0       0       0       0       0       0       0       0       0
      Temps:          0       0       0       0       0       0       0       0       0       0       0       0       0       0       0       0       0
      Totals:         0       0       0       0       0       0       0       0       0       0       0       0       0       0       0       0       0
Total ram usage:        0 bytes
 Hardware stack levels used:    1
 This function calls:
		Nothing
 This function is called by:
		_high_isr
 This function uses a non-reentrant model


 *************** function _IRrawToNEC *****************
 Defined at:
		line 125 in file "IR.c"
 Parameters:    Size  Location     Type
  Raw             2   31[COMRAM] PTR unsigned int 
		 -> IRRawCode(200), 
  NEC             2   33[COMRAM] PTR unsigned long 
		 -> IR_NEC(4), 
  Invert          1   35[COMRAM] unsigned char 
 Auto vars:     Size  Location     Type
  NECtemp         4   38[COMRAM] unsigned long 
  StartBit        1   44[COMRAM] unsigned char 
  i               1   43[COMRAM] unsigned char 
  first           1   42[COMRAM] unsigned char 
 Return value:  Size  Location     Type
                  1    wreg      unsigned char 
 Registers used:
		wreg, fsr2l, fsr2h, status,2, status,0, prodl, prodh
 Tracked objects:
		On entry : 
		On exit  : 
		Unchanged: 
 Data sizes:     COMRAM   BANK0   BANK1   BANK2   BANK3   BANK4   BANK5   BANK6   BANK7   BANK8   BANK9  BANK10  BANK11  BANK12  BANK13  BANK14  BANK15
      Params:         5       0       0       0       0       0       0       0       0       0       0       0       0       0       0       0       0
      Locals:         7       0       0       0       0       0       0       0       0       0       0       0       0       0       0       0       0
      Temps:          2       0       0       0       0       0       0       0       0       0       0       0       0       0       0       0       0
      Totals:        14       0       0       0       0       0       0       0       0       0       0       0       0       0       0       0       0
Total ram usage:       14 bytes
 Hardware stack levels used:    1
 This function calls:
		Nothing
 This function is called by:
		_high_isr
 This function uses a non-reentrant model



MODULE INFORMATION

Module		Function		Class		Link	Load	Size
C:\Program Files (x86)\Microchip\xc8\v1.34\sources\common\ftge.c
		___ftge        		CODE           	8DC2	0000	207

C:\Program Files (x86)\Microchip\xc8\v1.34\sources\common\ftge.c estimated size: 207

UART.c
		_OpenUSART     		CODE           	998C	0000	125
		_Local_CloseUSA		CODE           	A484	0000	15
		_InitUART      		CODE           	8722	0000	279
		_UARTstring_CON		CODE           	A152	0000	51
		_UARTstring    		CODE           	A2F0	0000	41
		_UARTstringCRLN		CODE           	9F0A	0000	67
		_EraseScreen   		CODE           	A318	0000	41
		_UARTstringCRLN		CODE           	A044	0000	57
		_UARTchar      		CODE           	A0EC	0000	53
		_ClearUSART    		CODE           	A442	0000	19
		_ReadUSART     		CODE           	A384	0000	25
		_UARTchar_CONST		CODE           	A0B4	0000	57
		_UARTcommandMen		CODE           	83C8	0000	287

UART.c estimated size: 1117

Bluetooth.c
		_BluetoothConfi		CODE           	A454	0000	19
		_BlueConnected 		CODE           	A4BC	0000	15
		_ResetBlue     		CODE           	8B34	0000	227
		_WaitForIRsigna		CODE           	976C	0000	145
		_BluetoothIniti		CODE           	4130	0000	1689
		_InitBluetooth 		CODE           	9AFA	0000	117
		_UseBluetooth  		CODE           	01CE	0000	9067
		_EnterCommandMo		CODE           	7AF4	0000	349

Bluetooth.c estimated size: 11628

C:\Program Files (x86)\Microchip\xc8\v1.34\sources\common\ftdivl.c
		__tdiv_to_l_   		CODE           	7356	0000	423

C:\Program Files (x86)\Microchip\xc8\v1.34\sources\common\ftdivl.c estimated size: 423

Timer.c
		_InitTimer0    		CODE           	A466	0000	17
		_InitTimer1    		CODE           	A4A0	0000	15
		_InitTimer2    		CODE           	A492	0000	15
		_InitTimer3    		CODE           	A4FE	0000	11
		_InitTimers    		CODE           	A3F6	0000	21
		_SetTimer0     		CODE           	A51C	0000	11
		_LEDTimerON    		CODE           	A41E	0000	19
		_ResetTimer0   		CODE           	A508	0000	11
		_ResetTimer1   		CODE           	A4F4	0000	11
		_ResetTimer3   		CODE           	A526	0000	11

Timer.c estimated size: 142

C:\Program Files (x86)\Microchip\xc8\v1.34\sources\common\ftneg.c
		___ftneg       		CODE           	A184	0000	49

C:\Program Files (x86)\Microchip\xc8\v1.34\sources\common\ftneg.c estimated size: 49

interrupts.c
		_high_isr      		CODE           	0008	0000	1567
		_low_isr       		CODE           	0018	0000	435

interrupts.c estimated size: 2002

C:\Program Files (x86)\Microchip\xc8\v1.34\sources\common\Umul32.c
		___lmul        		CODE           	9A08	0000	123

C:\Program Files (x86)\Microchip\xc8\v1.34\sources\common\Umul32.c estimated size: 123

C:\Program Files (x86)\Microchip\xc8\v1.34\sources\common\fldivl.c
		__div_to_l_    		CODE           	74FC	0000	405

C:\Program Files (x86)\Microchip\xc8\v1.34\sources\common\fldivl.c estimated size: 405

C:\Program Files (x86)\Microchip\xc8\v1.34\sources\common\ftsub.c
		___ftsub       		CODE           	9DEA	0000	81

C:\Program Files (x86)\Microchip\xc8\v1.34\sources\common\ftsub.c estimated size: 81

C:\Program Files (x86)\Microchip\xc8\v1.34\sources\common\float.c
		___ftpack      		CODE           	82A8	0000	289

C:\Program Files (x86)\Microchip\xc8\v1.34\sources\common\float.c estimated size: 289

C:\Program Files (x86)\Microchip\xc8\v1.34\sources\common\awmod.c
		___awmod       		CODE           	9252	0000	181

C:\Program Files (x86)\Microchip\xc8\v1.34\sources\common\awmod.c estimated size: 181

RF.c
		_SendRF_wait   		CODE           	9F8E	0000	63
		_SendRF_Channel		CODE           	6932	0000	601
		_SendRF        		CODE           	8A40	0000	245

RF.c estimated size: 909

C:\Program Files (x86)\Microchip\xc8\v1.34\sources\common\llmod.c
		___llmod       		CODE           	93B4	0000	165

C:\Program Files (x86)\Microchip\xc8\v1.34\sources\common\llmod.c estimated size: 165

Button.c
		_ReadPushButton		CODE           	A476	0000	15
		_ReadCodeButton		CODE           	9D96	0000	85

Button.c estimated size: 100

C:\Program Files (x86)\Microchip\xc8\v1.34\sources\common\ftmul.c
		___ftmul       		CODE           	7988	0000	365

C:\Program Files (x86)\Microchip\xc8\v1.34\sources\common\ftmul.c estimated size: 365

C:\Program Files (x86)\Microchip\xc8\v1.34\sources\common\isdigit.c
		_isdigit       		CODE           	A214	0000	47

C:\Program Files (x86)\Microchip\xc8\v1.34\sources\common\isdigit.c estimated size: 47

EEPROM.c
		_SetEEPROMdefau		CODE           	8604	0000	287
		_SetMemoryLong 		CODE           	8946	0000	251
		_SetMemoryChar 		CODE           	A00A	0000	59
		_EEPROM_UNLOCK 		CODE           	A3B4	0000	23
		_EEPROMinitiali		CODE           	A40A	0000	21
		_ReadEEPROM_1By		CODE           	9CE8	0000	89
		_GetEEPROM1    		CODE           	8C16	0000	221
		_GetEEPROM2    		CODE           	8E90	0000	203
		_WriteEEPROM_1B		CODE           	9C32	0000	93
		_SetEEPROM1    		CODE           	817C	0000	301
		_SetEEPROM2    		CODE           	8838	0000	271
		_SyncEEPROMToGl		CODE           	6FDA	0000	463
		_SyncGlobalToEE		CODE           	959C	0000	161
		_GetMemoryLong 		CODE           	7818	0000	369
		_GetMemoryChar 		CODE           	A2C6	0000	43

EEPROM.c estimated size: 2855

C:\Program Files (x86)\Microchip\xc8\v1.34\sources\common\lwtoft.c
		___lwtoft      		CODE           	A242	0000	45

C:\Program Files (x86)\Microchip\xc8\v1.34\sources\common\lwtoft.c estimated size: 45

C:\Program Files (x86)\Microchip\xc8\v1.34\sources\common\ftdiv.c
		___ftdiv       		CODE           	7C50	0000	339

C:\Program Files (x86)\Microchip\xc8\v1.34\sources\common\ftdiv.c estimated size: 339

C:\Program Files (x86)\Microchip\xc8\v1.34\sources\common\lltoft.c
		___lltoft      		CODE           	990C	0000	129

C:\Program Files (x86)\Microchip\xc8\v1.34\sources\common\lltoft.c estimated size: 129

shared
		i1_UARTchar    		CODE           	A29A	0000	45
		_Conf2_ChannelB		MEDIUMCONST    	F0A2	0000	20
		_Conf2_ChannelD		MEDIUMCONST    	F0B5	0000	20
		_Conf1_ChannelD		MEDIUMCONST    	F1C7	0000	13
		_Conf1_ChannelE		MEDIUMCONST    	F1D3	0000	13
		_Conf1_ChannelF		MEDIUMCONST    	F1DF	0000	13
		i1_UARTstring  		CODE           	A340	0000	39
		i2_cleanBuffer1		CODE           	9F4C	0000	67
		_Conf1_Channels		MEDIUMCONST    	F1F9	0000	5
		__powers_      		MEDIUMCONST    	EFC6	0000	40
		_Conf2_ChannelB		MEDIUMCONST    	F0EC	0000	17
		_Conf2_ChannelD		MEDIUMCONST    	F10C	0000	17
		_Conf2_ChannelH		MEDIUMCONST    	F027	0000	22
		_Conf2_ChannelH		MEDIUMCONST    	F03C	0000	22
		_Conf2_ChannelH		MEDIUMCONST    	F051	0000	22
		i2_ReadIRpin   		CODE           	A4E6	0000	15
		_dpowers       		MEDIUMCONST    	EF77	0000	41
		_SYNTAX_ERR    		MEDIUMCONST    	F1B9	0000	15
		_PCBVersion    		MEDIUMCONST    	F1F4	0000	6
		i1_BlueConnecte		CODE           	A4D8	0000	15
		i2_ResetTimer0 		CODE           	A512	0000	11
		_Conf2_Channels		MEDIUMCONST    	F1FD	0000	5
		_FirmVersion   		MEDIUMCONST    	F1EB	0000	10
		__npowers_     		MEDIUMCONST    	EF9F	0000	40
		_Conf1_ChannelD		MEDIUMCONST    	F18C	0000	16
		_Conf1_ChannelE		MEDIUMCONST    	F19B	0000	16
		_Conf1_ChannelF		MEDIUMCONST    	F1AA	0000	16
		i1_ReadUSART   		CODE           	A3E0	0000	23
		__initializatio		CODE           	9020	0000	191
		_CRLN          		MEDIUMCONST    	F205	0000	4
		_ProjectName   		MEDIUMCONST    	F00D	0000	27
		_Conf2_ChannelH		MEDIUMCONST    	F12C	0000	17
		_Conf2_ChannelH		MEDIUMCONST    	F14C	0000	17
		_Conf2_ChannelH		MEDIUMCONST    	F16C	0000	17
		i1_UARTstring_C		CODE           	A1B4	0000	49
		_Conf2_ChannelH		MEDIUMCONST    	F066	0000	21
		_Conf2_ChannelH		MEDIUMCONST    	F07A	0000	21
		_Conf2_ChannelH		MEDIUMCONST    	F08E	0000	21
		_hexpowers     		MEDIUMCONST    	EFED	0000	33
		_Conf2_ChannelB		MEDIUMCONST    	F0C8	0000	19
		_Conf2_ChannelD		MEDIUMCONST    	F0DA	0000	19
		_Conf2_ChannelB		MEDIUMCONST    	F0FC	0000	17
		_Conf2_ChannelD		MEDIUMCONST    	F11C	0000	17
		i1_delayUS     		CODE           	9FCC	0000	63
		_Conf2_ChannelH		MEDIUMCONST    	F13C	0000	17
		_Frequency     		MEDIUMCONST    	F201	0000	5
		_Conf2_ChannelH		MEDIUMCONST    	F15C	0000	17
		_Conf2_ChannelH		MEDIUMCONST    	F17C	0000	17
		i1_UARTchar_CON		CODE           	A1E4	0000	49

shared estimated size: 1262

C:\Program Files (x86)\Microchip\xc8\v1.34\sources\common\altoft.c
		___altoft      		CODE           	94FA	0000	163

C:\Program Files (x86)\Microchip\xc8\v1.34\sources\common\altoft.c estimated size: 163

ADC.c
		_InternalADC_Re		CODE           	9458	0000	163
		_ReadVoltage   		CODE           	90E4	0000	185
		_VoltageDivider		CODE           	A53E	0000	5
		_InitADC       		CODE           	A3CA	0000	23
		_VoltageDivider		CODE           	A530	0000	7
		_ResetADC      		CODE           	A4CA	0000	15

ADC.c estimated size: 398

C:\Program Files (x86)\Microchip\xc8\v1.34\sources\common\awdiv.c
		___awdiv       		CODE           	8CF2	0000	209

C:\Program Files (x86)\Microchip\xc8\v1.34\sources\common\awdiv.c estimated size: 209

MISC.c
		_Round         		CODE           	9B6E	0000	103
		_StringContains		CODE           	8042	0000	315
		_BufferCopy    		CODE           	97FC	0000	139
		_StringContains		CODE           	71A8	0000	431
		_GetStringAfter		CODE           	84E6	0000	287
		_cleanBuffer   		CODE           	9C8E	0000	91
		_cleanBuffer16b		CODE           	9BD4	0000	95
		_lowercaseStrin		CODE           	9EC6	0000	69
		_delayUS       		CODE           	9D40	0000	87
		_Reverse_Byte  		CODE           	919C	0000	183
		_IsLetter      		CODE           	A366	0000	31
		_Reverse_4Byte 		CODE           	34B2	0000	3199
		_StringAddEqual		CODE           	6DDA	0000	513
		_StringMatch   		CODE           	9A82	0000	121
		_GetNumber     		CODE           	57CC	0000	1159
		_IsCharacter   		CODE           	A39C	0000	25
		_StringMatchCas		CODE           	96D8	0000	149
		_GetNumberUnsig		CODE           	5C52	0000	1119
		_lowercaseChar 		CODE           	A26E	0000	45

MISC.c estimated size: 8161

IR.c
		_DecodeNEC     		CODE           	9306	0000	175
		_InitIR        		CODE           	9E3A	0000	71
		_EncodeNEC     		CODE           	7EF4	0000	335
		_UseIRCode     		CODE           	6B8A	0000	593
		_IRrawToNEC    		CODE           	60B0	0000	813
		_ReadIRpin     		CODE           	A4AE	0000	15
		_SendNEC_wait  		CODE           	963C	0000	157
		_SendNEC_bytes 		CODE           	9886	0000	135
		_CheckReceiving		CODE           	A430	0000	19

IR.c estimated size: 2313

C:\Program Files (x86)\Microchip\xc8\v1.34\sources\common\lldiv.c
		___lldiv       		CODE           	8F5A	0000	199

C:\Program Files (x86)\Microchip\xc8\v1.34\sources\common\lldiv.c estimated size: 199

user.c
		_InitApp       		CODE           	9E80	0000	71
		_Init_System   		CODE           	7690	0000	393

user.c estimated size: 464

C:\Program Files (x86)\Microchip\xc8\v1.34\sources\common\doprnt.c
		_scale         		CODE           	4DD6	0000	1285
		_sprintf       		CODE           	2538	0000	3963
		_fround        		CODE           	63DC	0000	729

C:\Program Files (x86)\Microchip\xc8\v1.34\sources\common\doprnt.c estimated size: 5977

C:\Program Files (x86)\Microchip\xc8\v1.34\sources\common\fttol.c
		___fttol       		CODE           	7DA2	0000	339

C:\Program Files (x86)\Microchip\xc8\v1.34\sources\common\fttol.c estimated size: 339

main.c
		_main          		CODE           	52DA	0000	1267

main.c estimated size: 1267

C:\Program Files (x86)\Microchip\xc8\v1.34\sources\common\Umul16.c
		___wmul        		CODE           	A07C	0000	57

C:\Program Files (x86)\Microchip\xc8\v1.34\sources\common\Umul16.c estimated size: 57

system.c
		_ConfigureOscil		CODE           	A544	0000	3

system.c estimated size: 3

C:\Program Files (x86)\Microchip\xc8\v1.34\sources\common\ftadd.c
		___ftadd       		CODE           	66B4	0000	639

C:\Program Files (x86)\Microchip\xc8\v1.34\sources\common\ftadd.c estimated size: 639

