Microchip MPLAB XC8 Compiler V1.34 ()

Linker command line:

--edf=C:\Program Files (x86)\Microchip\xc8\v1.34\dat\en_msgs.txt -cs \
  -h+dist/xc8_pic18f26k20/production\PIC_IR_RF_Bluetooth_Home_Automation.production.sym \
  --cmf=dist/xc8_pic18f26k20/production\PIC_IR_RF_Bluetooth_Home_Automation.production.cmf \
  -z -Q18F26K20 -oC:\Users\DWHITF~1.TDY\AppData\Local\Temp\sbuc.6 \
  -Mdist/xc8_pic18f26k20/production/PIC_IR_RF_Bluetooth_Home_Automation.production.map \
  -E1 -ver=XC8 -ASTACK=04CEh-0f5fh -pstack=STACK -ACODE=00h-0FFFFh \
  -ACONST=00h-0FFFFh -ASMALLCONST=01000h-010FFhx240 \
  -AMEDIUMCONST=01000h-0FFFFh -ACOMRAM=01h-05Fh -AABS1=00h-0F5Fh \
  -ABIGRAM=01h-0F5Fh -ARAM=060h-0FFh,0100h-01FFhx14,0F00h-0F5Fh \
  -ABANK0=060h-0FFh -ABANK1=0100h-01FFh -ABANK2=0200h-02FFh \
  -ABANK3=0300h-03FFh -ABANK4=0400h-04FFh -ABANK5=0500h-05FFh \
  -ABANK6=0600h-06FFh -ABANK7=0700h-07FFh -ABANK8=0800h-08FFh \
  -ABANK9=0900h-09FFh -ABANK10=0A00h-0AFFh -ABANK11=0B00h-0BFFh \
  -ABANK12=0C00h-0CFFh -ABANK13=0D00h-0DFFh -ABANK14=0E00h-0EFFh \
  -ABANK15=0F00h-0F5Fh -ASFR=0F60h-0FFFh \
  -preset_vec=00h,intcode=08h,intcodelo=018h,powerup,init,end_init \
  -pramtop=01000h -psmallconst=SMALLCONST -pmediumconst=MEDIUMCONST \
  -pconst=CONST -AFARRAM=00h-00h -ACONFIG=0300000h-030000Dh -pconfig=CONFIG \
  -AIDLOC=0200000h-0200007h -pidloc=IDLOC -AEEDATA=0F00000h-0F003FFh \
  -peeprom_data=EEDATA \
  -prdata=COMRAM,nvrram=COMRAM,nvbit=COMRAM,rbss=COMRAM,rbit=COMRAM \
  -pfarbss=FARRAM,fardata=FARRAM,nvFARRAM=FARRAM \
  -pintsave_regs=BIGRAM,bigbss=BIGRAM,bigdata=BIGRAM -pbss=RAM \
  -pidata=CODE,irdata=CODE,ibigdata=CODE,ifardata=CODE -prparam=COMRAM \
  C:\Users\DWHITF~1.TDY\AppData\Local\Temp\sbuc.obj \
  dist/xc8_pic18f26k20/production\PIC_IR_RF_Bluetooth_Home_Automation.production.obj 

Object code version is 3.11

Machine type is 18F26K20

Call graph: (short form)




                Name                               Link     Load   Length Selector   Space Scale
C:\Users\DWHITF~1.TDY\AppData\Local\Temp\sbuc.obj
                end_init                            1E8      1E8        4        C       0
                reset_vec                             0        0        4        0       0
                idloc                            200000   200000        8   200000       0
                config                           300000   300000        E   300000       0
dist/xc8_pic18f26k20/production\PIC_IR_RF_Bluetooth_Home_Automation.production.obj
                intcodelo                            18       18      1D0        C       0
                intcode                               8        8       10        4       0
                mediumconst                        F962     F962      69E     7CB1       0
                text97                             2BB4     2BB4      3A2        C       0
                text96                             5BE0     5BE0        A        C       0
                text95                             5B9E     5B9E        E        C       0
                text94                             5BD6     5BD6        A        C       0
                intcode_body                       1AA0     1AA0      54E        C       0
                text92                             5A9E     5A9E       18        C       0
                text91                             5A06     5A06       28        C       0
                text90                             5A86     5A86       18        C       0
                text89                             5AE2     5AE2       16        C       0
                text88                             5B90     5B90        E        C       0
                text87                             5590     5590       58        C       0
                text86                             541A     541A       64        C       0
                text85                             57FA     57FA       3E        C       0
                text83                             5BFE     5BFE        2        C       0
                text82                             5776     5776       44        C       0
                text81                             5B82     5B82        E        C       0
                text80                             5ACC     5ACC       16        C       0
                text79                             5838     5838       3C        C       0
                text78                             59DC     59DC       2A        C       0
                text77                             5AB6     5AB6       16        C       0
                text76                             57BA     57BA       40        C       0
                text75                             58AE     58AE       3A        C       0
                text74                             37E2     37E2      170        C       0
                text73                             421A     421A       FA        C       0
                text72                             5070     5070       86        C       0
                text71                             5730     5730       46        C       0
                text70                             5A6A     5A6A       1C        C       0
                text69                             5B74     5B74        E        C       0
                text68                             563E     563E       56        C       0
                text67                             5952     5952       32        C       0
                text66                             4A3A     4A3A       B2        C       0
                text65                             5A4C     5A4C       1E        C       0
                text64                             5536     5536       5A        C       0
                text63                             54DC     54DC       5A        C       0
                text62                             467C     467C       C8        C       0
                text61                             4744     4744       C6        C       0
                text60                             4C46     4C46       A4        C       0
                text59                             2810     2810      3A4        C       0
                text58                             2406     2406      40A        C       0
                text57                             55E8     55E8       56        C       0
                text56                             5B1E     5B1E       10        C       0
                text55                             5B66     5B66        E        C       0
                text54                             5BCC     5BCC        A        C       0
                text53                             547E     547E       5E        C       0
                text52                             56E8     56E8       48        C       0
                text51                             5B58     5B58        E        C       0
                text50                             5B4A     5B4A        E        C       0
                text49                             5BC2     5BC2        A        C       0
                text48                             5AF8     5AF8       14        C       0
                text47                             5B3C     5B3C        E        C       0
                text46                             5176     5176       7C        C       0
                text45                             3FE8     3FE8      120        C       0
                text44                             4D8C     4D8C       A2        C       0
                text43                             31FC     31FC      27E        C       0
                text42                             3C10     3C10      152        C       0
                text41                             53B4     53B4       66        C       0
                text40                             50F6     50F6       80        C       0
                text39                             4108     4108      112        C       0
                text38                             5874     5874       3A        C       0
                text37                             45B4     45B4       C8        C       0
                text36                             52DE     52DE       6C        C       0
                text35                             4CEA     4CEA       A2        C       0
                text34                             5BFA     5BFA        4        C       0
                text33                             5BEA     5BEA        6        C       0
                text32                             3ABE     3ABE      152        C       0
                text31                             3952     3952      16C        C       0
                text30                             59B0     59B0       2C        C       0
                text29                             48CC     48CC       B8        C       0
                text28                             4984     4984       B6        C       0
                text27                             4AEC     4AEC       AE        C       0
                text26                             3D62     3D62      14E        C       0
                text25                             5A2E     5A2E       1E        C       0
                text24                             51F2     51F2       7A        C       0
                text23                             5984     5984       2C        C       0
                text22                             1FEE     1FEE      418        C       0
                text21                             5B0C     5B0C       12        C       0
                text20                              1EC      1EC      C7E        C       0
                text19                             4FE6     4FE6       8A        C       0
                text18                             4E2E     4E2E       9E        C       0
                text17                             4402     4402       E4        C       0
                text16                             58E8     58E8       38        C       0
                text15                             4F5C     4F5C       8A        C       0
                text14                             3630     3630      1B2        C       0
                text13                             4B9A     4B9A       AC        C       0
                text12                             526C     526C       72        C       0
                text11                             4ECC     4ECC       90        C       0
                text10                             4314     4314       EE        C       0
                text9                              534A     534A       6A        C       0
                text8                               E6A      E6A      C36        C       0
                text7                              5BB8     5BB8        A        C       0
                text6                              5BAC     5BAC        C        C       0
                text5                              5694     5694       54        C       0
                text4                              5B2E     5B2E        E        C       0
                text3                              2F56     2F56      2A6        C       0
                text2                              347A     347A      1B6        C       0
                text1                              44E6     44E6       CE        C       0
                text0                              3EB0     3EB0      138        C       0
                cstackCOMRAM                          1        1       2B        1       1
                cstackBANK0                          60       60       75       60       1
                cstackBANK1                         100      100       67      100       1
                cstackBANK4                         490      490       3E      400       1
                bssBANK4                            400      400       90      400       1
                bssBANK3                            300      300       FF      300       1
                bssBANK2                            200      200       FF      200       1
                dataBANK1                           1A8      1A8       32      100       1
                bssBANK1                            167      167       41      100       1
                dataBANK0                            E9       E9        5       60       1
                bssBANK0                             D5       D5       14       60       1
                dataCOMRAM                           3E       3E        5        1       1
                bssCOMRAM                            2C       2C       12        1       1
                cinit                              480A     480A       C2        C       0
                idataBANK1                         5920     5920       32        C       0
                idataBANK0                         5BF5     5BF5        5        C       0
                idataCOMRAM                        5BF0     5BF0        5        C       0

TOTAL           Name                               Link     Load   Length     Space
        CLASS   STACK          

        CLASS   CODE           
                end_init                            1E8      1E8        4         0
                intcodelo                            18       18      1D0         0
                intcode                               8        8       10         0
                reset_vec                             0        0        4         0
                text97                             2BB4     2BB4      3A2         0
                text96                             5BE0     5BE0        A         0
                text95                             5B9E     5B9E        E         0
                text94                             5BD6     5BD6        A         0
                intcode_body                       1AA0     1AA0      54E         0
                text92                             5A9E     5A9E       18         0
                text91                             5A06     5A06       28         0
                text90                             5A86     5A86       18         0
                text89                             5AE2     5AE2       16         0
                text88                             5B90     5B90        E         0
                text87                             5590     5590       58         0
                text86                             541A     541A       64         0
                text85                             57FA     57FA       3E         0
                text83                             5BFE     5BFE        2         0
                text82                             5776     5776       44         0
                text81                             5B82     5B82        E         0
                text80                             5ACC     5ACC       16         0
                text79                             5838     5838       3C         0
                text78                             59DC     59DC       2A         0
                text77                             5AB6     5AB6       16         0
                text76                             57BA     57BA       40         0
                text75                             58AE     58AE       3A         0
                text74                             37E2     37E2      170         0
                text73                             421A     421A       FA         0
                text72                             5070     5070       86         0
                text71                             5730     5730       46         0
                text70                             5A6A     5A6A       1C         0
                text69                             5B74     5B74        E         0
                text68                             563E     563E       56         0
                text67                             5952     5952       32         0
                text66                             4A3A     4A3A       B2         0
                text65                             5A4C     5A4C       1E         0
                text64                             5536     5536       5A         0
                text63                             54DC     54DC       5A         0
                text62                             467C     467C       C8         0
                text61                             4744     4744       C6         0
                text60                             4C46     4C46       A4         0
                text59                             2810     2810      3A4         0
                text58                             2406     2406      40A         0
                text57                             55E8     55E8       56         0
                text56                             5B1E     5B1E       10         0
                text55                             5B66     5B66        E         0
                text54                             5BCC     5BCC        A         0
                text53                             547E     547E       5E         0
                text52                             56E8     56E8       48         0
                text51                             5B58     5B58        E         0
                text50                             5B4A     5B4A        E         0
                text49                             5BC2     5BC2        A         0
                text48                             5AF8     5AF8       14         0
                text47                             5B3C     5B3C        E         0
                text46                             5176     5176       7C         0
                text45                             3FE8     3FE8      120         0
                text44                             4D8C     4D8C       A2         0
                text43                             31FC     31FC      27E         0
                text42                             3C10     3C10      152         0
                text41                             53B4     53B4       66         0
                text40                             50F6     50F6       80         0
                text39                             4108     4108      112         0
                text38                             5874     5874       3A         0
                text37                             45B4     45B4       C8         0
                text36                             52DE     52DE       6C         0
                text35                             4CEA     4CEA       A2         0
                text34                             5BFA     5BFA        4         0
                text33                             5BEA     5BEA        6         0
                text32                             3ABE     3ABE      152         0
                text31                             3952     3952      16C         0
                text30                             59B0     59B0       2C         0
                text29                             48CC     48CC       B8         0
                text28                             4984     4984       B6         0
                text27                             4AEC     4AEC       AE         0
                text26                             3D62     3D62      14E         0
                text25                             5A2E     5A2E       1E         0
                text24                             51F2     51F2       7A         0
                text23                             5984     5984       2C         0
                text22                             1FEE     1FEE      418         0
                text21                             5B0C     5B0C       12         0
                text20                              1EC      1EC      C7E         0
                text19                             4FE6     4FE6       8A         0
                text18                             4E2E     4E2E       9E         0
                text17                             4402     4402       E4         0
                text16                             58E8     58E8       38         0
                text15                             4F5C     4F5C       8A         0
                text14                             3630     3630      1B2         0
                text13                             4B9A     4B9A       AC         0
                text12                             526C     526C       72         0
                text11                             4ECC     4ECC       90         0
                text10                             4314     4314       EE         0
                text9                              534A     534A       6A         0
                text8                               E6A      E6A      C36         0
                text7                              5BB8     5BB8        A         0
                text6                              5BAC     5BAC        C         0
                text5                              5694     5694       54         0
                text4                              5B2E     5B2E        E         0
                text3                              2F56     2F56      2A6         0
                text2                              347A     347A      1B6         0
                text1                              44E6     44E6       CE         0
                text0                              3EB0     3EB0      138         0
                cinit                              480A     480A       C2         0
                idataBANK1                         5920     5920       32         0
                idataBANK0                         5BF5     5BF5        5         0
                idataCOMRAM                        5BF0     5BF0        5         0

        CLASS   CONST          

        CLASS   SMALLCONST     

        CLASS   MEDIUMCONST    
                mediumconst                        F962     F962      69E         0

        CLASS   COMRAM         
                cstackCOMRAM                          1        1       2B         1
                dataCOMRAM                           3E       3E        5         1
                bssCOMRAM                            2C       2C       12         1

        CLASS   ABS1           

        CLASS   BIGRAM         

        CLASS   RAM            

        CLASS   BANK0          
                cstackBANK0                          60       60       75         1
                dataBANK0                            E9       E9        5         1
                bssBANK0                             D5       D5       14         1

        CLASS   BANK1          
                cstackBANK1                         100      100       67         1
                dataBANK1                           1A8      1A8       32         1
                bssBANK1                            167      167       41         1

        CLASS   BANK2          
                bssBANK2                            200      200       FF         1

        CLASS   BANK3          
                bssBANK3                            300      300       FF         1

        CLASS   BANK4          
                cstackBANK4                         490      490       3E         1
                bssBANK4                            400      400       90         1

        CLASS   BANK5          

        CLASS   BANK6          

        CLASS   BANK7          

        CLASS   BANK8          

        CLASS   BANK9          

        CLASS   BANK10         

        CLASS   BANK11         

        CLASS   BANK12         

        CLASS   BANK13         

        CLASS   BANK14         

        CLASS   BANK15         

        CLASS   SFR            

        CLASS   FARRAM         

        CLASS   CONFIG         
                config                           300000   300000        E         0

        CLASS   IDLOC          
                idloc                            200000   200000        8         0

        CLASS   EEDATA         



SEGMENTS        Name                           Load    Length   Top    Selector   Space  Class

                reset_vec                      000000  000004  000004         0       0  CODE    
                cstackCOMRAM                   000001  000042  000043         1       1  COMRAM  
                intcode                        000008  000010  000018         4       0  CODE    
                intcodelo                      000018  005BE8  005C00         C       0  CODE    
                cstackBANK0                    000060  00008E  0000EE        60       1  BANK0   
                cstackBANK1                    000100  0000DA  0001DA       100       1  BANK1   
                bssBANK2                       000200  0000FF  0002FF       200       1  BANK2   
                bssBANK3                       000300  0000FF  0003FF       300       1  BANK3   
                bssBANK4                       000400  0000CE  0004CE       400       1  BANK4   
                mediumconst                    00F962  00069E  010000      7CB1       0  MEDIUMCO
                idloc                          200000  000008  200008    200000       0  IDLOC   
                config                         300000  00000E  30000E    300000       0  CONFIG  


UNUSED ADDRESS RANGES

        Name                Unused          Largest block    Delta
        BANK0            0000EE-0000FF               12
        BANK1            0001DA-0001FF               26
        BANK10           000A00-000AFF              100
        BANK11           000B00-000BFF              100
        BANK12           000C00-000CFF              100
        BANK13           000D00-000DFF              100
        BANK14           000E00-000EFF              100
        BANK15           000F00-000F5F               60
        BANK2            0002FF-0002FF                1
        BANK3            0003FF-0003FF                1
        BANK4            0004CE-0004FF               32
        BANK5            000500-0005FF              100
        BANK6            000600-0006FF              100
        BANK7            000700-0007FF              100
        BANK8            000800-0008FF              100
        BANK9            000900-0009FF              100
        BIGRAM           000043-00005F               1D
                         0000EE-0000FF               12
                         0001DA-0001FF               26
                         0002FF-0002FF                1
                         0003FF-0003FF                1
                         0004CE-000F5F              A92
        CODE             000004-000007                4
                         005C00-00F961             9D62
        COMRAM           000043-00005F               1D
        CONST            000004-000007                4
                         005C00-00F961             9D62
        EEDATA           F00000-F003FF              400
        MEDIUMCONST      005C00-00F961             9D62
        RAM              0000EE-0000FF               12
                         0001DA-0001FF               26
                         0002FF-0002FF                1
                         0003FF-0003FF                1
                         0004CE-000F5F              100
        SFR              000F60-000FFF               A0
        SMALLCONST       005C00-00F961              100
        STACK            0004CE-000F5F              A92

                                  Symbol Table

?_EncodeNEC                             cstackBANK0  000076
?_GetEEPROM                             cstackBANK0  000096
?_GetMemoryChar                         cstackBANK0  000075
?_GetMemoryLong                         cstackBANK0  000075
?_ReadEEPROM_1Byte                      cstackBANK0  000072
?_ReadVoltage                           cstackBANK0  00009B
?_Reverse_4Byte                         cstackBANK0  000072
?_Round                                 cstackBANK0  000095
?_SetEEPROM                             cstackBANK1  000100
?___altoft                              cstackBANK0  00007A
?___ftadd                               cstackBANK0  00007A
?___ftdiv                               cstackBANK0  00007D
?___ftmul                               cstackBANK0  00008C
?___ftpack                              cstackBANK0  000072
?___fttol                               cstackBANK0  000086
?___lldiv                               cstackBANK0  000072
?___llmod                               cstackBANK0  00007F
?___lltoft                              cstackBANK0  00007A
?___lmul                                cstackBANK0  000072
?___lwtoft                              cstackBANK0  00007A
?_sprintf                               cstackBANK0  000088
BluetoothInitialSetup@buf               cstackBANK0  0000A1
BluetoothInitialSetup@ok                cstackBANK0  0000D3
BufferCopy@count                        cstackBANK0  00007E
BufferCopy@from                         cstackBANK0  00007A
BufferCopy@i                            cstackBANK0  000080
BufferCopy@shift                        cstackBANK0  00007F
BufferCopy@to                           cstackBANK0  00007C
DecodeNEC@Nec                           cstackBANK0  000076
DecodeNEC@address                       cstackBANK0  00007A
DecodeNEC@command                       cstackBANK0  00007C
DecodeNEC@temp1                         cstackBANK0  000084
DecodeNEC@temp2                         cstackBANK0  000082
DecodeNEC@temp3                         cstackBANK0  000083
EncodeNEC@address                       cstackBANK0  00009E
EncodeNEC@command                       cstackBANK0  000076
EncodeNEC@temp1                         cstackBANK0  00008E
EncodeNEC@temp2                         cstackBANK0  000092
EncodeNEC@temp3                         cstackBANK0  000096
EncodeNEC@temp4                         cstackBANK0  00009A
EnterCommandMode@count                  cstackBANK0  00007B
EraseScreen@characters                  cstackCOMRAM 000002
EraseScreen@i                           cstackCOMRAM 000003
GetEEPROM@Temp                          cstackBANK1  000100
GetMemoryChar@AddressFirst              cstackBANK0  000079
GetMemoryChar@H                         cstackBANK0  00007A
GetMemoryLong@AddressFirst              cstackBANK0  000095
GetMemoryLong@H                         cstackBANK0  000091
GetMemoryLong@L                         cstackBANK0  000094
GetMemoryLong@MH                        cstackBANK0  000092
GetMemoryLong@ML                        cstackBANK0  000093
GetMemoryLong@temp                      cstackBANK0  00008D
GetNumber@CommaNumber                   cstackBANK0  000080
GetNumber@Hex                           cstackBANK0  000089
GetNumber@This                          cstackBANK0  00007E
GetNumber@count                         cstackBANK0  00008B
GetNumber@i                             cstackBANK0  00008C
GetNumber@negative                      cstackBANK0  00008A
GetNumber@result                        cstackBANK0  000081
GetNumber@temp                          cstackBANK0  00008E
GetNumber@tempCommaNumber               cstackBANK0  000088
GetNumber@tempThis                      cstackBANK0  00008D
IRrawToNEC@Invert                       cstackCOMRAM 00001F
IRrawToNEC@NEC                          cstackCOMRAM 00001D
IRrawToNEC@NECtemp                      cstackCOMRAM 000022
IRrawToNEC@Raw                          cstackCOMRAM 00001B
IRrawToNEC@StartBit                     cstackCOMRAM 000028
IRrawToNEC@first                        cstackCOMRAM 000026
IRrawToNEC@i                            cstackCOMRAM 000027
InitUART@Baud                           cstackBANK0  00009C
InitUART@config                         cstackBANK0  0000A9
InitUART@spbrg                          cstackBANK0  0000A7
InitUART@temp                           cstackBANK0  0000AA
InternalADC_Read@ADCcounts              cstackBANK0  00007B
InternalADC_Read@AnaChanSel             cstackBANK0  00007F
InternalADC_Read@channel                cstackBANK0  000080
IsCharacter@data                        cstackCOMRAM 000001
IsLetter@data                           cstackBANK0  000072
OpenUSART@config                        cstackBANK0  000074
OpenUSART@spbrg                         cstackBANK0  000072
ReadCodeButtons@temp                    cstackBANK0  00007B
ReadEEPROM_1Byte@GIEstatus              cstackBANK0  000074
ReadEEPROM_1Byte@address                cstackBANK0  000072
ReadUSART@data                          cstackCOMRAM 000001
ReadVoltage@temp                        cstackBANK0  0000A1
ReadVoltage@voltage                     cstackBANK0  00009E
Reverse_4Byte@This                      cstackBANK0  000072
Reverse_4Byte@temp                      cstackBANK0  00007E
Reverse_Byte@This                       cstackBANK0  000075
Reverse_Byte@temp                       cstackBANK0  000074
Round@input                             cstackBANK0  000095
Round@temp                              cstackBANK0  000098
SendNEC_bytes@RepeatAmount              cstackBANK0  000086
SendNEC_bytes@code                      cstackBANK0  000082
SendNEC_wait@RepeatAmount               cstackBANK0  00008B
SendNEC_wait@code                       cstackBANK0  000087
SendNEC_wait@toggle                     cstackBANK0  00008C
SendRF@Code                             cstackBANK0  000072
SendRF@Config                           cstackBANK0  000074
SendRF@RepeatAmount                     cstackBANK0  000076
SendRF@i                                cstackBANK0  000079
SendRF@size                             cstackBANK0  000075
SendRF_Channel@channel                  cstackBANK0  00007F
SendRF_wait@Code                        cstackBANK0  00007A
SendRF_wait@Config                      cstackBANK0  00007C
SendRF_wait@amount                      cstackBANK0  00007E
SendRF_wait@size                        cstackBANK0  00007D
SetEEPROM@Temp                          cstackBANK1  000100
SetEEPROM@burn                          cstackBANK1  00012D
SetEEPROM@fail                          cstackBANK0  0000A7
SetMemoryChar@AddressFirst              cstackBANK0  00007B
SetMemoryChar@Data                      cstackBANK0  00007D
SetMemoryChar@Test                      cstackBANK0  00007C
SetMemoryLong@AddressFirst              cstackBANK0  00009A
SetMemoryLong@Data                      cstackBANK0  000096
SetMemoryLong@H                         cstackBANK0  0000A3
SetMemoryLong@L                         cstackBANK0  0000A6
SetMemoryLong@MH                        cstackBANK0  0000A4
SetMemoryLong@ML                        cstackBANK0  0000A5
SetMemoryLong@Test                      cstackBANK0  00009F
StringAddEqual@Input                    cstackBANK0  000081
StringAddEqual@firstnumber              cstackBANK1  000164
StringAddEqual@i                        cstackBANK1  000165
StringAddEqual@j                        cstackBANK1  000166
StringAddEqual@temp                     cstackBANK1  000100
StringContains@That                     cstackBANK0  000074
StringContains@This                     cstackBANK0  000072
StringContains@begin                    cstackBANK0  000077
StringContainsCaseInsensitive@That      cstackBANK0  000077
StringContainsCaseInsensitive@This      cstackBANK0  000075
StringContainsCaseInsensitive@begin     cstackBANK0  000079
StringContainsCaseInsensitive@tempThat  cstackBANK0  00007B
StringContainsCaseInsensitive@tempThis  cstackBANK0  00007A
StringMatch@That                        cstackBANK0  000074
StringMatch@This                        cstackBANK0  000072
StringMatchCaseInsensitive@That         cstackBANK0  000077
StringMatchCaseInsensitive@This         cstackBANK0  000075
StringMatchCaseInsensitive@tempThat     cstackBANK0  00007A
StringMatchCaseInsensitive@tempThis     cstackBANK0  000079
SyncEEPROMToGlobal@Temp                 cstackBANK1  00012D
UARTchar@data                           cstackBANK0  000072
UARTcommandMenu@Command                 cstackBANK0  000075
UARTcommandMenu@Desc                    cstackBANK0  000077
UARTcommandMenu@i                       cstackBANK0  00007E
UARTcommandMenu@place                   cstackBANK0  00007F
UARTstring@data                         cstackBANK0  000073
UARTstringCRLN@data                     cstackBANK0  000075
UseBluetooth@EnteredNEC                 cstackBANK4  0004CA
UseBluetooth@NecAddress                 cstackBANK4  0004C4
UseBluetooth@NecCommand                 cstackBANK4  0004C5
UseBluetooth@buf                        cstackBANK4  000490
UseBluetooth@ok                         cstackBANK4  0004C3
UseBluetooth@temp                       cstackBANK4  0004C6
UseBluetooth@timeout                    cstackBANK4  0004C2
UseIRCode@Code                          cstackBANK0  0000AB
UseIRCode@NEC                           cstackBANK0  0000AD
UseIRCode@i                             cstackBANK0  0000B2
WriteEEPROM_1Byte@GIEstatus             cstackBANK0  000075
WriteEEPROM_1Byte@address               cstackBANK0  000072
WriteEEPROM_1Byte@data                  cstackBANK0  000074
_ADCON0                                 (abs)        000FC2
_ADCON0bits                             (abs)        000FC2
_ADCON1                                 (abs)        000FC1
_ADCON1bits                             (abs)        000FC1
_ADCON2                                 (abs)        000FC0
_ADCON2bits                             (abs)        000FC0
_ADRESH                                 (abs)        000FC4
_ADRESL                                 (abs)        000FC3
_ANSEL                                  (abs)        000F7E
_ANSELH                                 (abs)        000F7F
_BAUDCONbits                            (abs)        000FB8
_BatteryVoltage                         bssBANK0     0000D5
_BlueConnected                          text69       005B74
_BluetoothConfigured                    text70       005A6A
_BluetoothInitialSetup                  text58       002406
_BufferCopy                             text15       004F5C
_CRLN                                   mediumconst  00FB82
_CheckReceivingIR                       text21       005B0C
_CommandString                          bssBANK3     000300
_CommandStringPos                       bssCOMRAM    000030
_Conf1_ChannelD                         mediumconst  00FB5E
_Conf1_ChannelD_STR                     mediumconst  00FB31
_Conf1_ChannelE                         mediumconst  00FB6A
_Conf1_ChannelE_STR                     mediumconst  00FB40
_Conf1_ChannelF                         mediumconst  00FB76
_Conf1_ChannelF_STR                     mediumconst  00FB4F
_Conf2_ChannelB_OFF                     mediumconst  00FA91
_Conf2_ChannelB_OFF_STR                 mediumconst  00FA47
_Conf2_ChannelB_ON                      mediumconst  00FAA1
_Conf2_ChannelB_ON_STR                  mediumconst  00FA6D
_Conf2_ChannelB_Status                  bssBANK0     0000D8
_Conf2_ChannelD_OFF                     mediumconst  00FAB1
_Conf2_ChannelD_OFF_STR                 mediumconst  00FA5A
_Conf2_ChannelD_ON                      mediumconst  00FAC1
_Conf2_ChannelD_ON_STR                  mediumconst  00FA7F
_Conf2_ChannelD_Status                  bssBANK0     0000D9
_Conf2_ChannelH_1_OFF                   mediumconst  00FAD1
_Conf2_ChannelH_1_OFF_STR               mediumconst  00F9CC
_Conf2_ChannelH_1_ON                    mediumconst  00FAE1
_Conf2_ChannelH_1_ON_STR                mediumconst  00FA0B
_Conf2_ChannelH_1_Status                bssBANK0     0000DA
_Conf2_ChannelH_2_OFF                   mediumconst  00FAF1
_Conf2_ChannelH_2_OFF_STR               mediumconst  00F9E1
_Conf2_ChannelH_2_ON                    mediumconst  00FB01
_Conf2_ChannelH_2_ON_STR                mediumconst  00FA1F
_Conf2_ChannelH_2_Status                bssBANK0     0000DB
_Conf2_ChannelH_3_OFF                   mediumconst  00FB11
_Conf2_ChannelH_3_OFF_STR               mediumconst  00F9F6
_Conf2_ChannelH_3_ON                    mediumconst  00FB21
_Conf2_ChannelH_3_ON_STR                mediumconst  00FA33
_Conf2_ChannelH_3_Status                bssBANK0     0000DC
_ConfigureOscillator                    text83       005BFE
_DecodeNEC                              text27       004AEC
_EEADR                                  (abs)        000FA9
_EEADRH                                 (abs)        000FAA
_EECON1bits                             (abs)        000FA6
_EECON2                                 (abs)        000FA7
_EEDATA                                 (abs)        000FA8
_EEPROM_UNLOCK                          text77       005AB6
_EncodeNEC                              text26       003D62
_EnterCommandMode                       text62       00467C
_EraseScreen                            text91       005A06
_GetEEPROM                              text38       005874
_GetMemoryChar                          text78       0059DC
_GetMemoryLong                          text74       0037E2
_GetNumber                              text22       001FEE
_Global                                 bssBANK1     000167
_INTCON2bits                            (abs)        000FF1
_INTCONbits                             (abs)        000FF2
_IOCBbits                               (abs)        000F7D
_IPR1bits                               (abs)        000F9F
_IPR2bits                               (abs)        000FA2
_IRRawCode                              bssBANK4     000400
_IR_NEC                                 bssBANK0     0000E2
_IR_New_Code                            bssBANK0     0000E6
_IRaddress                              bssBANK0     0000E7
_IRbit                                  bssCOMRAM    000031
_IRbitPosition                          dataCOMRAM   00003E
_IRcodeBit                              bssBANK0     0000DD
_IRcodePlace                            dataCOMRAM   00003F
_IRcommand                              bssBANK0     0000E8
_IRmod                                  bssBANK0     0000DE
_IRpinOLD                               bssCOMRAM    000032
_IRrawCodeNum                           bssCOMRAM    000033
_IRrawToNEC                             text97       002BB4
_IRrepeatAmount                         bssCOMRAM    000034
_IRrepeatflag                           bssCOMRAM    000035
_IRsendCode                             bssCOMRAM    00002C
_IRsendFlag                             bssBANK0     0000DF
_InitADC                                text80       005ACC
_InitApp                                text82       005776
_InitBluetooth                          text57       0055E8
_InitIR                                 text52       0056E8
_InitTimer0                             text56       005B1E
_InitTimer1                             text51       005B58
_InitTimer2                             text50       005B4A
_InitTimer3                             text49       005BC2
_InitTimers                             text48       005AF8
_InitUART                               text39       004108
_InitUART$3620                          cstackBANK0  0000A4
_Init_System                            text36       0052DE
_InternalADC_Read                       text35       004CEA
_IsCharacter                            text90       005A86
_IsLetter                               text25       005A2E
_LATA                                   (abs)        000F89
_LATB                                   (abs)        000F8A
_LATC                                   (abs)        000F8B
_LEDTimerON                             text6        005BAC
_Local_CloseUSART                       text47       005B3C
_NewReceivedString                      bssBANK0     0000E0
_OpenUSART                              text46       005176
_PIE1bits                               (abs)        000F9D
_PIE2bits                               (abs)        000FA0
_PIR1bits                               (abs)        000F9E
_PIR2bits                               (abs)        000FA1
_PORTA                                  (abs)        000F80
_PORTB                                  (abs)        000F81
_PORTC                                  (abs)        000F82
_PR2                                    (abs)        000FCB
_ProductName                            dataBANK1    0001A8
_RCONbits                               (abs)        000FD0
_RCREG                                  (abs)        000FAE
_RCSTA                                  (abs)        000FAB
_RCSTAbits                              (abs)        000FAB
_RFConfig                               bssCOMRAM    000036
_RF_IR                                  dataCOMRAM   000040
_RF_IR_Postscaler                       dataCOMRAM   000041
_RFcodeBit                              bssCOMRAM    000037
_RFcodePlace                            bssCOMRAM    000038
_RFsendCode                             bssBANK1     000194
_RFsendFlag                             bssCOMRAM    000039
_ReadCodeButtons                        text5        005694
_ReadEEPROM_1Byte                       text79       005838
_ReadIRpin                              text55       005B66
_ReadPushButton                         text4        005B2E
_ReadUSART                              text89       005AE2
_ReadVoltage                            text29       0048CC
_ReceivedString                         bssBANK2     000200
_ReceivedStringPos                      bssBANK0     0000E1
_ReceivingIR                            dataCOMRAM   000042
_ResetADC                               text81       005B82
_ResetBlue                              text67       005952
_ResetTimer0                            text54       005BCC
_ResetTimer1                            text7        005BB8
_ResetTimer3                            text96       005BE0
_Reverse_4Byte                          text20       0001EC
_Reverse_Byte                           text28       004984
_Round                                  text41       0053B4
_SN                                     dataBANK0    0000E9
_SPBRG                                  (abs)        000FAF
_SPBRGH                                 (abs)        000FB0
_SYNTAX_ERR                             mediumconst  00F9B4
_SendNEC_bytes                          text19       004FE6
_SendNEC_wait                           text18       004E2E
_SendRF                                 text17       004402
_SendRF_Channel                         text3        002F56
_SendRF_wait                            text16       0058E8
_Sendcount                              bssCOMRAM    00003A
_Sent                                   dataBANK0    0000ED
_SetEEPROM                              text72       005070
_SetMemoryChar                          text75       0058AE
_SetMemoryLong                          text73       00421A
_StringAddEqual                         text14       003630
_StringContains                         text66       004A3A
_StringContainsCaseInsensitive          text13       004B9A
_StringMatch                            text12       00526C
_StringMatchCaseInsensitive             text11       004ECC
_SyncEEPROMToGlobal                     text37       0045B4
_SyncGlobalToEEPROM                     text71       005730
_T0CONbits                              (abs)        000FD5
_T1CONbits                              (abs)        000FCD
_T2CONbits                              (abs)        000FCA
_T3CONbits                              (abs)        000FB1
_TMR0H                                  (abs)        000FD7
_TMR0L                                  (abs)        000FD6
_TMR1H                                  (abs)        000FCF
_TMR1L                                  (abs)        000FCE
_TMR2                                   (abs)        000FCC
_TMR3H                                  (abs)        000FB3
_TMR3L                                  (abs)        000FB2
_TRISAbits                              (abs)        000F92
_TRISBbits                              (abs)        000F93
_TRISCbits                              (abs)        000F94
_TXREG                                  (abs)        000FAD
_TXSTA                                  (abs)        000FAC
_TXSTAbits                              (abs)        000FAC
_Timer1_Postscaler                      bssCOMRAM    00003B
_Timer2_Postscaler                      bssCOMRAM    00003C
_Timer3_Postscaler                      bssCOMRAM    00003D
_UARTchar                               text65       005A4C
_UARTcommandMenu                        text10       004314
_UARTstring                             text64       005536
_UARTstringCRLN                         text9        00534A
_UseBluetooth                           text8        000E6A
_UseIRCode                              text2        00347A
_Version                                mediumconst  00F9AB
_VoltageDividerOFF                      text34       005BFA
_VoltageDividerON                       text33       005BEA
_WPUB                                   (abs)        000F7C
_WriteEEPROM_1Byte                      text76       0057BA
__CFG_BOREN$SBORDIS                     (abs)        000000
__CFG_BORV$27                           (abs)        000000
__CFG_CCP2MX$PORTC                      (abs)        000000
__CFG_CP0$OFF                           (abs)        000000
__CFG_CP1$OFF                           (abs)        000000
__CFG_CP2$OFF                           (abs)        000000
__CFG_CP3$OFF                           (abs)        000000
__CFG_CPB$OFF                           (abs)        000000
__CFG_CPD$OFF                           (abs)        000000
__CFG_EBTR0$OFF                         (abs)        000000
__CFG_EBTR1$OFF                         (abs)        000000
__CFG_EBTR2$OFF                         (abs)        000000
__CFG_EBTR3$OFF                         (abs)        000000
__CFG_EBTRB$OFF                         (abs)        000000
__CFG_FCMEN$OFF                         (abs)        000000
__CFG_FOSC$HSPLL                        (abs)        000000
__CFG_HFOFST$ON                         (abs)        000000
__CFG_IESO$OFF                          (abs)        000000
__CFG_LPT1OSC$OFF                       (abs)        000000
__CFG_LVP$OFF                           (abs)        000000
__CFG_MCLRE$ON                          (abs)        000000
__CFG_PBADEN$OFF                        (abs)        000000
__CFG_PWRT$OFF                          (abs)        000000
__CFG_STVREN$ON                         (abs)        000000
__CFG_WDTEN$OFF                         (abs)        000000
__CFG_WDTPS$32768                       (abs)        000000
__CFG_WRT0$OFF                          (abs)        000000
__CFG_WRT1$OFF                          (abs)        000000
__CFG_WRT2$OFF                          (abs)        000000
__CFG_WRT3$OFF                          (abs)        000000
__CFG_WRTB$OFF                          (abs)        000000
__CFG_WRTC$OFF                          (abs)        000000
__CFG_WRTD$OFF                          (abs)        000000
__CFG_XINST$OFF                         (abs)        000000
__HRAM                                  (abs)        000000
__Habs1                                 abs1         000000
__Hbank0                                bank0        000000
__Hbank1                                bank1        000000
__Hbank10                               bank10       000000
__Hbank11                               bank11       000000
__Hbank12                               bank12       000000
__Hbank13                               bank13       000000
__Hbank14                               bank14       000000
__Hbank15                               bank15       000000
__Hbank2                                bank2        000000
__Hbank3                                bank3        000000
__Hbank4                                bank4        000000
__Hbank5                                bank5        000000
__Hbank6                                bank6        000000
__Hbank7                                bank7        000000
__Hbank8                                bank8        000000
__Hbank9                                bank9        000000
__Hbigbss                               bigbss       000000
__Hbigdata                              bigdata      000000
__Hbigram                               bigram       000000
__Hbss                                  bss          000000
__HbssBANK0                             bssBANK0     000000
__HbssBANK1                             bssBANK1     000000
__HbssBANK2                             bssBANK2     000000
__HbssBANK3                             bssBANK3     000000
__HbssBANK4                             bssBANK4     000000
__HbssCOMRAM                            bssCOMRAM    000000
__Hcinit                                cinit        000000
__Hclrtext                              clrtext      000000
__Hcomram                               comram       000000
__Hconfig                               config       30000E
__Hconst                                const        000000
__HcstackBANK0                          cstackBANK0  000000
__HcstackBANK1                          cstackBANK1  000000
__HcstackBANK4                          cstackBANK4  000000
__HcstackCOMRAM                         cstackCOMRAM 000000
__Hdata                                 data         000000
__HdataBANK0                            dataBANK0    000000
__HdataBANK1                            dataBANK1    000000
__HdataCOMRAM                           dataCOMRAM   000000
__Heeprom_data                          eeprom_data  000000
__Hend_init                             end_init     0001EC
__Hfarbss                               farbss       000000
__Hfardata                              fardata      000000
__Hibigdata                             ibigdata     000000
__Hidata                                idata        000000
__HidataBANK0                           idataBANK0   000000
__HidataBANK1                           idataBANK1   000000
__HidataCOMRAM                          idataCOMRAM  000000
__Hidloc                                idloc        200008
__Hifardata                             ifardata     000000
__Hinit                                 init         0001E8
__Hintcode                              intcode      000018
__Hintcode_body                         intcode_body 000000
__Hintcodelo                            intcodelo    0001E8
__Hintentry                             intentry     000000
__Hintret                               intret       000000
__Hintsave_regs                         intsave_regs 000000
__Hirdata                               irdata       000000
__Hmediumconst                          mediumconst  010000
__HnvFARRAM                             nvFARRAM     000000
__Hnvbit                                nvbit        000000
__Hnvrram                               nvrram       000000
__Hparam                                rparam       000000
__Hpowerup                              powerup      0001E8
__Hram                                  ram          000000
__Hramtop                               ramtop       001000
__Hrbit                                 rbit         000000
__Hrbss                                 rbss         000000
__Hrdata                                rdata        000000
__Hreset_vec                            reset_vec    000004
__Hrparam                               rparam       000000
__Hsfr                                  sfr          000000
__Hsmallconst                           smallconst   000000
__Hspace_0                              (abs)        30000E
__Hspace_1                              (abs)        0004CE
__Hspace_2                              (abs)        000000
__Hstack                                stack        000000
__Hstruct                               struct       000000
__Htemp                                 temp         000000
__Htext                                 text         000000
__Htext0                                text0        000000
__Htext1                                text1        000000
__Htext10                               text10       000000
__Htext11                               text11       000000
__Htext12                               text12       000000
__Htext13                               text13       000000
__Htext14                               text14       000000
__Htext15                               text15       000000
__Htext16                               text16       000000
__Htext17                               text17       000000
__Htext18                               text18       000000
__Htext19                               text19       000000
__Htext2                                text2        000000
__Htext20                               text20       000000
__Htext21                               text21       000000
__Htext22                               text22       000000
__Htext23                               text23       000000
__Htext24                               text24       000000
__Htext25                               text25       000000
__Htext26                               text26       000000
__Htext27                               text27       000000
__Htext28                               text28       000000
__Htext29                               text29       000000
__Htext3                                text3        000000
__Htext30                               text30       000000
__Htext31                               text31       000000
__Htext32                               text32       000000
__Htext33                               text33       000000
__Htext34                               text34       000000
__Htext35                               text35       000000
__Htext36                               text36       000000
__Htext37                               text37       000000
__Htext38                               text38       000000
__Htext39                               text39       000000
__Htext4                                text4        000000
__Htext40                               text40       000000
__Htext41                               text41       000000
__Htext42                               text42       000000
__Htext43                               text43       000000
__Htext44                               text44       000000
__Htext45                               text45       000000
__Htext46                               text46       000000
__Htext47                               text47       000000
__Htext48                               text48       000000
__Htext49                               text49       000000
__Htext5                                text5        000000
__Htext50                               text50       000000
__Htext51                               text51       000000
__Htext52                               text52       000000
__Htext53                               text53       000000
__Htext54                               text54       000000
__Htext55                               text55       000000
__Htext56                               text56       000000
__Htext57                               text57       000000
__Htext58                               text58       000000
__Htext59                               text59       000000
__Htext6                                text6        000000
__Htext60                               text60       000000
__Htext61                               text61       000000
__Htext62                               text62       000000
__Htext63                               text63       000000
__Htext64                               text64       000000
__Htext65                               text65       000000
__Htext66                               text66       000000
__Htext67                               text67       000000
__Htext68                               text68       000000
__Htext69                               text69       000000
__Htext7                                text7        000000
__Htext70                               text70       000000
__Htext71                               text71       000000
__Htext72                               text72       000000
__Htext73                               text73       000000
__Htext74                               text74       000000
__Htext75                               text75       000000
__Htext76                               text76       000000
__Htext77                               text77       000000
__Htext78                               text78       000000
__Htext79                               text79       000000
__Htext8                                text8        000000
__Htext80                               text80       000000
__Htext81                               text81       000000
__Htext82                               text82       000000
__Htext83                               text83       000000
__Htext85                               text85       000000
__Htext86                               text86       000000
__Htext87                               text87       000000
__Htext88                               text88       000000
__Htext89                               text89       000000
__Htext9                                text9        000000
__Htext90                               text90       000000
__Htext91                               text91       000000
__Htext92                               text92       000000
__Htext94                               text94       000000
__Htext95                               text95       000000
__Htext96                               text96       000000
__Htext97                               text97       000000
__LRAM                                  (abs)        000001
__Labs1                                 abs1         000000
__Lbank0                                bank0        000000
__Lbank1                                bank1        000000
__Lbank10                               bank10       000000
__Lbank11                               bank11       000000
__Lbank12                               bank12       000000
__Lbank13                               bank13       000000
__Lbank14                               bank14       000000
__Lbank15                               bank15       000000
__Lbank2                                bank2        000000
__Lbank3                                bank3        000000
__Lbank4                                bank4        000000
__Lbank5                                bank5        000000
__Lbank6                                bank6        000000
__Lbank7                                bank7        000000
__Lbank8                                bank8        000000
__Lbank9                                bank9        000000
__Lbigbss                               bigbss       000000
__Lbigdata                              bigdata      000000
__Lbigram                               bigram       000000
__Lbss                                  bss          000000
__LbssBANK0                             bssBANK0     000000
__LbssBANK1                             bssBANK1     000000
__LbssBANK2                             bssBANK2     000000
__LbssBANK3                             bssBANK3     000000
__LbssBANK4                             bssBANK4     000000
__LbssCOMRAM                            bssCOMRAM    000000
__Lcinit                                cinit        000000
__Lclrtext                              clrtext      000000
__Lcomram                               comram       000000
__Lconfig                               config       300000
__Lconst                                const        000000
__LcstackBANK0                          cstackBANK0  000000
__LcstackBANK1                          cstackBANK1  000000
__LcstackBANK4                          cstackBANK4  000000
__LcstackCOMRAM                         cstackCOMRAM 000000
__Ldata                                 data         000000
__LdataBANK0                            dataBANK0    000000
__LdataBANK1                            dataBANK1    000000
__LdataCOMRAM                           dataCOMRAM   000000
__Leeprom_data                          eeprom_data  000000
__Lend_init                             end_init     0001E8
__Lfarbss                               farbss       000000
__Lfardata                              fardata      000000
__Libigdata                             ibigdata     000000
__Lidata                                idata        000000
__LidataBANK0                           idataBANK0   000000
__LidataBANK1                           idataBANK1   000000
__LidataCOMRAM                          idataCOMRAM  000000
__Lidloc                                idloc        200000
__Lifardata                             ifardata     000000
__Linit                                 init         0001E8
__Lintcode                              intcode      000008
__Lintcode_body                         intcode_body 000000
__Lintcodelo                            intcodelo    000018
__Lintentry                             intentry     000000
__Lintret                               intret       000000
__Lintsave_regs                         intsave_regs 000000
__Lirdata                               irdata       000000
__Lmediumconst                          mediumconst  00F962
__LnvFARRAM                             nvFARRAM     000000
__Lnvbit                                nvbit        000000
__Lnvrram                               nvrram       000000
__Lparam                                rparam       000000
__Lpowerup                              powerup      0001E8
__Lram                                  ram          000000
__Lramtop                               ramtop       001000
__Lrbit                                 rbit         000000
__Lrbss                                 rbss         000000
__Lrdata                                rdata        000000
__Lreset_vec                            reset_vec    000000
__Lrparam                               rparam       000000
__Lsfr                                  sfr          000000
__Lsmallconst                           smallconst   000000
__Lspace_0                              (abs)        000000
__Lspace_1                              (abs)        000000
__Lspace_2                              (abs)        000000
__Lstack                                stack        000000
__Lstruct                               struct       000000
__Ltemp                                 temp         000000
__Ltext                                 text         000000
__Ltext0                                text0        000000
__Ltext1                                text1        000000
__Ltext10                               text10       000000
__Ltext11                               text11       000000
__Ltext12                               text12       000000
__Ltext13                               text13       000000
__Ltext14                               text14       000000
__Ltext15                               text15       000000
__Ltext16                               text16       000000
__Ltext17                               text17       000000
__Ltext18                               text18       000000
__Ltext19                               text19       000000
__Ltext2                                text2        000000
__Ltext20                               text20       000000
__Ltext21                               text21       000000
__Ltext22                               text22       000000
__Ltext23                               text23       000000
__Ltext24                               text24       000000
__Ltext25                               text25       000000
__Ltext26                               text26       000000
__Ltext27                               text27       000000
__Ltext28                               text28       000000
__Ltext29                               text29       000000
__Ltext3                                text3        000000
__Ltext30                               text30       000000
__Ltext31                               text31       000000
__Ltext32                               text32       000000
__Ltext33                               text33       000000
__Ltext34                               text34       000000
__Ltext35                               text35       000000
__Ltext36                               text36       000000
__Ltext37                               text37       000000
__Ltext38                               text38       000000
__Ltext39                               text39       000000
__Ltext4                                text4        000000
__Ltext40                               text40       000000
__Ltext41                               text41       000000
__Ltext42                               text42       000000
__Ltext43                               text43       000000
__Ltext44                               text44       000000
__Ltext45                               text45       000000
__Ltext46                               text46       000000
__Ltext47                               text47       000000
__Ltext48                               text48       000000
__Ltext49                               text49       000000
__Ltext5                                text5        000000
__Ltext50                               text50       000000
__Ltext51                               text51       000000
__Ltext52                               text52       000000
__Ltext53                               text53       000000
__Ltext54                               text54       000000
__Ltext55                               text55       000000
__Ltext56                               text56       000000
__Ltext57                               text57       000000
__Ltext58                               text58       000000
__Ltext59                               text59       000000
__Ltext6                                text6        000000
__Ltext60                               text60       000000
__Ltext61                               text61       000000
__Ltext62                               text62       000000
__Ltext63                               text63       000000
__Ltext64                               text64       000000
__Ltext65                               text65       000000
__Ltext66                               text66       000000
__Ltext67                               text67       000000
__Ltext68                               text68       000000
__Ltext69                               text69       000000
__Ltext7                                text7        000000
__Ltext70                               text70       000000
__Ltext71                               text71       000000
__Ltext72                               text72       000000
__Ltext73                               text73       000000
__Ltext74                               text74       000000
__Ltext75                               text75       000000
__Ltext76                               text76       000000
__Ltext77                               text77       000000
__Ltext78                               text78       000000
__Ltext79                               text79       000000
__Ltext8                                text8        000000
__Ltext80                               text80       000000
__Ltext81                               text81       000000
__Ltext82                               text82       000000
__Ltext83                               text83       000000
__Ltext85                               text85       000000
__Ltext86                               text86       000000
__Ltext87                               text87       000000
__Ltext88                               text88       000000
__Ltext89                               text89       000000
__Ltext9                                text9        000000
__Ltext90                               text90       000000
__Ltext91                               text91       000000
__Ltext92                               text92       000000
__Ltext94                               text94       000000
__Ltext95                               text95       000000
__Ltext96                               text96       000000
__Ltext97                               text97       000000
__S0                                    (abs)        30000E
__S1                                    (abs)        0004CE
__S2                                    (abs)        000000
___altoft                               text44       004D8C
___altoft@c                             cstackBANK0  00007A
___altoft@exp                           cstackBANK0  000082
___altoft@sign                          cstackBANK0  000083
___ftadd                                text43       0031FC
___ftadd@exp1                           cstackBANK0  000085
___ftadd@exp2                           cstackBANK0  000084
___ftadd@f1                             cstackBANK0  00007A
___ftadd@f2                             cstackBANK0  00007D
___ftadd@sign                           cstackBANK0  000083
___ftdiv                                text32       003ABE
___ftdiv@cntr                           cstackBANK0  000086
___ftdiv@exp                            cstackBANK0  00008A
___ftdiv@f1                             cstackBANK0  00007D
___ftdiv@f2                             cstackBANK0  000080
___ftdiv@f3                             cstackBANK0  000087
___ftdiv@sign                           cstackBANK0  00008B
___ftge                                 text1        0044E6
___ftge@ff1                             cstackBANK0  000072
___ftge@ff2                             cstackBANK0  000075
___ftmul                                text31       003952
___ftmul@cntr                           cstackBANK0  000099
___ftmul@exp                            cstackBANK0  000095
___ftmul@f1                             cstackBANK0  00008C
___ftmul@f2                             cstackBANK0  00008F
___ftmul@f3_as_product                  cstackBANK0  000096
___ftmul@sign                           cstackBANK0  00009A
___ftpack                               text45       003FE8
___ftpack@arg                           cstackBANK0  000072
___ftpack@exp                           cstackBANK0  000075
___ftpack@sign                          cstackBANK0  000076
___fttol                                text42       003C10
___fttol@exp1                           cstackBANK0  000094
___fttol@f1                             cstackBANK0  000086
___fttol@lval                           cstackBANK0  000090
___fttol@sign1                          cstackBANK0  00008F
___inthi_sp                             stack        000000
___intlo_sp                             stack        000000
___lldiv                                text61       004744
___lldiv@counter                        cstackBANK0  00007E
___lldiv@dividend                       cstackBANK0  000072
___lldiv@divisor                        cstackBANK0  000076
___lldiv@quotient                       cstackBANK0  00007A
___llmod                                text60       004C46
___llmod@counter                        cstackBANK0  000087
___llmod@dividend                       cstackBANK0  00007F
___llmod@divisor                        cstackBANK0  000083
___lltoft                               text40       0050F6
___lltoft@c                             cstackBANK0  00007A
___lltoft@exp                           cstackBANK0  000082
___lmul                                 text24       0051F2
___lmul@multiplicand                    cstackBANK0  000076
___lmul@multiplier                      cstackBANK0  000072
___lmul@product                         cstackBANK0  00007A
___lwtoft                               text30       0059B0
___lwtoft@c                             cstackBANK0  00007A
___param_bank                           (abs)        000010
___rparam_used                          (abs)        000001
___sp                                   stack        000000
__accesstop                             (abs)        000060
__activetblptr                          (abs)        000002
__end_of_BlueConnected                  text69       005B82
__end_of_BluetoothConfigured            text70       005A86
__end_of_BluetoothInitialSetup          text58       002810
__end_of_BufferCopy                     text15       004FE6
__end_of_CRLN                           mediumconst  00FB85
__end_of_CheckReceivingIR               text21       005B1E
__end_of_Conf1_ChannelD                 mediumconst  00FB6A
__end_of_Conf1_ChannelD_STR             mediumconst  00FB40
__end_of_Conf1_ChannelE                 mediumconst  00FB76
__end_of_Conf1_ChannelE_STR             mediumconst  00FB4F
__end_of_Conf1_ChannelF                 mediumconst  00FB82
__end_of_Conf1_ChannelF_STR             mediumconst  00FB5E
__end_of_Conf2_ChannelB_OFF             mediumconst  00FAA1
__end_of_Conf2_ChannelB_OFF_STR         mediumconst  00FA5A
__end_of_Conf2_ChannelB_ON              mediumconst  00FAB1
__end_of_Conf2_ChannelB_ON_STR          mediumconst  00FA7F
__end_of_Conf2_ChannelD_OFF             mediumconst  00FAC1
__end_of_Conf2_ChannelD_OFF_STR         mediumconst  00FA6D
__end_of_Conf2_ChannelD_ON              mediumconst  00FAD1
__end_of_Conf2_ChannelD_ON_STR          mediumconst  00FA91
__end_of_Conf2_ChannelH_1_OFF           mediumconst  00FAE1
__end_of_Conf2_ChannelH_1_OFF_STR       mediumconst  00F9E1
__end_of_Conf2_ChannelH_1_ON            mediumconst  00FAF1
__end_of_Conf2_ChannelH_1_ON_STR        mediumconst  00FA1F
__end_of_Conf2_ChannelH_2_OFF           mediumconst  00FB01
__end_of_Conf2_ChannelH_2_OFF_STR       mediumconst  00F9F6
__end_of_Conf2_ChannelH_2_ON            mediumconst  00FB11
__end_of_Conf2_ChannelH_2_ON_STR        mediumconst  00FA33
__end_of_Conf2_ChannelH_3_OFF           mediumconst  00FB21
__end_of_Conf2_ChannelH_3_OFF_STR       mediumconst  00FA0B
__end_of_Conf2_ChannelH_3_ON            mediumconst  00FB31
__end_of_Conf2_ChannelH_3_ON_STR        mediumconst  00FA47
__end_of_ConfigureOscillator            text83       005C00
__end_of_DecodeNEC                      text27       004B9A
__end_of_EEPROM_UNLOCK                  text77       005ACC
__end_of_EncodeNEC                      text26       003EB0
__end_of_EnterCommandMode               text62       004744
__end_of_EraseScreen                    text91       005A2E
__end_of_GetEEPROM                      text38       0058AE
__end_of_GetMemoryChar                  text78       005A06
__end_of_GetMemoryLong                  text74       003952
__end_of_GetNumber                      text22       002406
__end_of_IRrawToNEC                     text97       002F56
__end_of_InitADC                        text80       005AE2
__end_of_InitApp                        text82       0057BA
__end_of_InitBluetooth                  text57       00563E
__end_of_InitIR                         text52       005730
__end_of_InitTimer0                     text56       005B2E
__end_of_InitTimer1                     text51       005B66
__end_of_InitTimer2                     text50       005B58
__end_of_InitTimer3                     text49       005BCC
__end_of_InitTimers                     text48       005B0C
__end_of_InitUART                       text39       00421A
__end_of_Init_System                    text36       00534A
__end_of_InternalADC_Read               text35       004D8C
[...]
      Params:         0       0       0       0       0       0       0       0       0       0       0       0       0       0       0       0       0
      Locals:         1       0       0       0       0       0       0       0       0       0       0       0       0       0       0       0       0
      Temps:          0       0       0       0       0       0       0       0       0       0       0       0       0       0       0       0       0
      Totals:         1       0       0       0       0       0       0       0       0       0       0       0       0       0       0       0       0
Total ram usage:        1 bytes
 Hardware stack levels used:    1
 Hardware stack levels required when called:    2
 This function calls:
		Nothing
 This function is called by:
		_low_isr
 This function uses a non-reentrant model


 *************** function _EraseScreen *****************
 Defined at:
		line 294 in file "UART.c"
 Parameters:    Size  Location     Type
  characters      1    wreg     unsigned char 
 Auto vars:     Size  Location     Type
  characters      1    1[COMRAM] unsigned char 
  i               1    2[COMRAM] unsigned char 
 Return value:  Size  Location     Type
		None               void
 Registers used:
		wreg, status,2, status,0, cstack
 Tracked objects:
		On entry : 
		On exit  : 
		Unchanged: 
 Data sizes:     COMRAM   BANK0   BANK1   BANK2   BANK3   BANK4   BANK5   BANK6   BANK7   BANK8   BANK9  BANK10  BANK11  BANK12  BANK13  BANK14  BANK15
      Params:         0       0       0       0       0       0       0       0       0       0       0       0       0       0       0       0       0
      Locals:         2       0       0       0       0       0       0       0       0       0       0       0       0       0       0       0       0
      Temps:          0       0       0       0       0       0       0       0       0       0       0       0       0       0       0       0       0
      Totals:         2       0       0       0       0       0       0       0       0       0       0       0       0       0       0       0       0
Total ram usage:        2 bytes
 Hardware stack levels used:    1
 Hardware stack levels required when called:    3
 This function calls:
		i1_UARTchar
 This function is called by:
		_low_isr
 This function uses a non-reentrant model


 *************** function i1_UARTchar *****************
 Defined at:
		line 185 in file "UART.c"
 Parameters:    Size  Location     Type
  data            1    wreg     unsigned char 
 Auto vars:     Size  Location     Type
  data            1    0[COMRAM] unsigned char 
 Return value:  Size  Location     Type
		None               void
 Registers used:
		wreg, status,2
 Tracked objects:
		On entry : 
		On exit  : 
		Unchanged: 
 Data sizes:     COMRAM   BANK0   BANK1   BANK2   BANK3   BANK4   BANK5   BANK6   BANK7   BANK8   BANK9  BANK10  BANK11  BANK12  BANK13  BANK14  BANK15
      Params:         0       0       0       0       0       0       0       0       0       0       0       0       0       0       0       0       0
      Locals:         1       0       0       0       0       0       0       0       0       0       0       0       0       0       0       0       0
      Temps:          0       0       0       0       0       0       0       0       0       0       0       0       0       0       0       0       0
      Totals:         1       0       0       0       0       0       0       0       0       0       0       0       0       0       0       0       0
Total ram usage:        1 bytes
 Hardware stack levels used:    1
 Hardware stack levels required when called:    2
 This function calls:
		Nothing
 This function is called by:
		_EraseScreen
		_low_isr
		i1_UARTstring
		i1_UARTstringCRLN
 This function uses a non-reentrant model


 *************** function _high_isr *****************
 Defined at:
		line 57 in file "interrupts.c"
 Parameters:    Size  Location     Type
		None
 Auto vars:     Size  Location     Type
  Time0           2   41[COMRAM] unsigned int 
  IRpin           1   40[COMRAM] unsigned char 
 Return value:  Size  Location     Type
		None               void
 Registers used:
		wreg, fsr2l, fsr2h, status,2, status,0, prodl, prodh, cstack
 Tracked objects:
		On entry : 
		On exit  : 
		Unchanged: 
 Data sizes:     COMRAM   BANK0   BANK1   BANK2   BANK3   BANK4   BANK5   BANK6   BANK7   BANK8   BANK9  BANK10  BANK11  BANK12  BANK13  BANK14  BANK15
      Params:         0       0       0       0       0       0       0       0       0       0       0       0       0       0       0       0       0
      Locals:         3       0       0       0       0       0       0       0       0       0       0       0       0       0       0       0       0
      Temps:          0      18       0       0       0       0       0       0       0       0       0       0       0       0       0       0       0
      Totals:         3      18       0       0       0       0       0       0       0       0       0       0       0       0       0       0       0
Total ram usage:       21 bytes
 Hardware stack levels used:    1
 Hardware stack levels required when called:    1
 This function calls:
		_IRrawToNEC
		_ResetTimer3
		i2_ReadIRpin
		i2_ResetTimer0
 This function is called by:
		Interrupt level 2
 This function uses a non-reentrant model


 *************** function i2_ResetTimer0 *****************
 Defined at:
		line 77 in file "Timer.c"
 Parameters:    Size  Location     Type
		None
 Auto vars:     Size  Location     Type
		None
 Return value:  Size  Location     Type
		None               void
 Registers used:
		wreg, status,2
 Tracked objects:
		On entry : 
		On exit  : 
		Unchanged: 
 Data sizes:     COMRAM   BANK0   BANK1   BANK2   BANK3   BANK4   BANK5   BANK6   BANK7   BANK8   BANK9  BANK10  BANK11  BANK12  BANK13  BANK14  BANK15
      Params:         0       0       0       0       0       0       0       0       0       0       0       0       0       0       0       0       0
      Locals:         0       0       0       0       0       0       0       0       0       0       0       0       0       0       0       0       0
      Temps:          0       0       0       0       0       0       0       0       0       0       0       0       0       0       0       0       0
      Totals:         0       0       0       0       0       0       0       0       0       0       0       0       0       0       0       0       0
Total ram usage:        0 bytes
 Hardware stack levels used:    1
 This function calls:
		Nothing
 This function is called by:
		_high_isr
 This function uses a non-reentrant model


 *************** function i2_ReadIRpin *****************
 Defined at:
		line 104 in file "IR.c"
 Parameters:    Size  Location     Type
		None
 Auto vars:     Size  Location     Type
		None
 Return value:  Size  Location     Type
                  1    wreg      unsigned char 
 Registers used:
		wreg
 Tracked objects:
		On entry : 
		On exit  : 
		Unchanged: 
 Data sizes:     COMRAM   BANK0   BANK1   BANK2   BANK3   BANK4   BANK5   BANK6   BANK7   BANK8   BANK9  BANK10  BANK11  BANK12  BANK13  BANK14  BANK15
      Params:         0       0       0       0       0       0       0       0       0       0       0       0       0       0       0       0       0
      Locals:         0       0       0       0       0       0       0       0       0       0       0       0       0       0       0       0       0
      Temps:          0       0       0       0       0       0       0       0       0       0       0       0       0       0       0       0       0
      Totals:         0       0       0       0       0       0       0       0       0       0       0       0       0       0       0       0       0
Total ram usage:        0 bytes
 Hardware stack levels used:    1
 This function calls:
		Nothing
 This function is called by:
		_high_isr
 This function uses a non-reentrant model


 *************** function _ResetTimer3 *****************
 Defined at:
		line 156 in file "Timer.c"
 Parameters:    Size  Location     Type
		None
 Auto vars:     Size  Location     Type
		None
 Return value:  Size  Location     Type
		None               void
 Registers used:
		wreg, status,2
 Tracked objects:
		On entry : 
		On exit  : 
		Unchanged: 
 Data sizes:     COMRAM   BANK0   BANK1   BANK2   BANK3   BANK4   BANK5   BANK6   BANK7   BANK8   BANK9  BANK10  BANK11  BANK12  BANK13  BANK14  BANK15
      Params:         0       0       0       0       0       0       0       0       0       0       0       0       0       0       0       0       0
      Locals:         0       0       0       0       0       0       0       0       0       0       0       0       0       0       0       0       0
      Temps:          0       0       0       0       0       0       0       0       0       0       0       0       0       0       0       0       0
      Totals:         0       0       0       0       0       0       0       0       0       0       0       0       0       0       0       0       0
Total ram usage:        0 bytes
 Hardware stack levels used:    1
 This function calls:
		Nothing
 This function is called by:
		_high_isr
 This function uses a non-reentrant model


 *************** function _IRrawToNEC *****************
 Defined at:
		line 122 in file "IR.c"
 Parameters:    Size  Location     Type
  Raw             2   26[COMRAM] PTR unsigned int 
		 -> IRRawCode(144), 
  NEC             2   28[COMRAM] PTR unsigned long 
		 -> IR_NEC(4), 
  Invert          1   30[COMRAM] unsigned char 
 Auto vars:     Size  Location     Type
  NECtemp         4   33[COMRAM] unsigned long 
  StartBit        1   39[COMRAM] unsigned char 
  i               1   38[COMRAM] unsigned char 
  first           1   37[COMRAM] unsigned char 
 Return value:  Size  Location     Type
                  1    wreg      unsigned char 
 Registers used:
		wreg, fsr2l, fsr2h, status,2, status,0, prodl, prodh
 Tracked objects:
		On entry : 
		On exit  : 
		Unchanged: 
 Data sizes:     COMRAM   BANK0   BANK1   BANK2   BANK3   BANK4   BANK5   BANK6   BANK7   BANK8   BANK9  BANK10  BANK11  BANK12  BANK13  BANK14  BANK15
      Params:         5       0       0       0       0       0       0       0       0       0       0       0       0       0       0       0       0
      Locals:         7       0       0       0       0       0       0       0       0       0       0       0       0       0       0       0       0
      Temps:          2       0       0       0       0       0       0       0       0       0       0       0       0       0       0       0       0
      Totals:        14       0       0       0       0       0       0       0       0       0       0       0       0       0       0       0       0
Total ram usage:       14 bytes
 Hardware stack levels used:    1
 This function calls:
		Nothing
 This function is called by:
		_high_isr
 This function uses a non-reentrant model



MODULE INFORMATION

Module		Function		Class		Link	Load	Size
C:\Program Files (x86)\Microchip\xc8\v1.34\sources\common\ftge.c
		___ftge        		CODE           	44E6	0000	207

C:\Program Files (x86)\Microchip\xc8\v1.34\sources\common\ftge.c estimated size: 207

UART.c
		_OpenUSART     		CODE           	5176	0000	125
		_Local_CloseUSA		CODE           	5B3C	0000	15
		_InitUART      		CODE           	4108	0000	275
		_UARTstring    		CODE           	5536	0000	91
		_EraseScreen   		CODE           	5A06	0000	41
		_UARTstringCRLN		CODE           	534A	0000	107
		_UARTchar      		CODE           	5A4C	0000	31
		_ReadUSART     		CODE           	5AE2	0000	23
		_UARTcommandMen		CODE           	4314	0000	239

UART.c estimated size: 947

Bluetooth.c
		_BluetoothConfi		CODE           	5A6A	0000	29
		_BlueConnected 		CODE           	5B74	0000	15
		_ResetBlue     		CODE           	5952	0000	51
		_BluetoothIniti		CODE           	2406	0000	1035
		_InitBluetooth 		CODE           	55E8	0000	87
		_UseBluetooth  		CODE           	0E6A	0000	3127
		_EnterCommandMo		CODE           	467C	0000	201

Bluetooth.c estimated size: 4545

Timer.c
		_InitTimer0    		CODE           	5B1E	0000	17
		_InitTimer1    		CODE           	5B58	0000	15
		_InitTimer2    		CODE           	5B4A	0000	15
		_InitTimer3    		CODE           	5BC2	0000	11
		_InitTimers    		CODE           	5AF8	0000	21
		_LEDTimerON    		CODE           	5BAC	0000	13
		_ResetTimer0   		CODE           	5BCC	0000	11
		_ResetTimer1   		CODE           	5BB8	0000	11
		_ResetTimer3   		CODE           	5BE0	0000	11

Timer.c estimated size: 125

interrupts.c
		_high_isr      		CODE           	0008	0000	1375
		_low_isr       		CODE           	0018	0000	465

interrupts.c estimated size: 1840

C:\Program Files (x86)\Microchip\xc8\v1.34\sources\common\Umul32.c
		___lmul        		CODE           	51F2	0000	123

C:\Program Files (x86)\Microchip\xc8\v1.34\sources\common\Umul32.c estimated size: 123

C:\Program Files (x86)\Microchip\xc8\v1.34\sources\common\float.c
		___ftpack      		CODE           	3FE8	0000	289

C:\Program Files (x86)\Microchip\xc8\v1.34\sources\common\float.c estimated size: 289

RF.c
		_SendRF_wait   		CODE           	58E8	0000	57
		_SendRF_Channel		CODE           	2F56	0000	679
		_SendRF        		CODE           	4402	0000	229

RF.c estimated size: 965

C:\Program Files (x86)\Microchip\xc8\v1.34\sources\common\llmod.c
		___llmod       		CODE           	4C46	0000	165

C:\Program Files (x86)\Microchip\xc8\v1.34\sources\common\llmod.c estimated size: 165

Button.c
		_ReadPushButton		CODE           	5B2E	0000	15
		_ReadCodeButton		CODE           	5694	0000	85

Button.c estimated size: 100

C:\Program Files (x86)\Microchip\xc8\v1.34\sources\common\ftmul.c
		___ftmul       		CODE           	3952	0000	365

C:\Program Files (x86)\Microchip\xc8\v1.34\sources\common\ftmul.c estimated size: 365

EEPROM.c
		_SetMemoryLong 		CODE           	421A	0000	251
		_SetMemoryChar 		CODE           	58AE	0000	59
		_EEPROM_UNLOCK 		CODE           	5AB6	0000	23
		_ReadEEPROM_1By		CODE           	5838	0000	61
		_GetEEPROM     		CODE           	5874	0000	59
		_WriteEEPROM_1B		CODE           	57BA	0000	65
		_SetEEPROM     		CODE           	5070	0000	135
		_SyncEEPROMToGl		CODE           	45B4	0000	201
		_SyncGlobalToEE		CODE           	5730	0000	71
		_GetMemoryLong 		CODE           	37E2	0000	369
		_GetMemoryChar 		CODE           	59DC	0000	43

EEPROM.c estimated size: 1337

C:\Program Files (x86)\Microchip\xc8\v1.34\sources\common\lwtoft.c
		___lwtoft      		CODE           	59B0	0000	45

C:\Program Files (x86)\Microchip\xc8\v1.34\sources\common\lwtoft.c estimated size: 45

C:\Program Files (x86)\Microchip\xc8\v1.34\sources\common\ftdiv.c
		___ftdiv       		CODE           	3ABE	0000	339

C:\Program Files (x86)\Microchip\xc8\v1.34\sources\common\ftdiv.c estimated size: 339

C:\Program Files (x86)\Microchip\xc8\v1.34\sources\common\lltoft.c
		___lltoft      		CODE           	50F6	0000	129

C:\Program Files (x86)\Microchip\xc8\v1.34\sources\common\lltoft.c estimated size: 129

shared
		i1_UARTchar    		CODE           	5A9E	0000	25
		_Conf2_ChannelB		MEDIUMCONST    	FA47	0000	20
		_Conf2_ChannelD		MEDIUMCONST    	FA5A	0000	20
		_Conf1_ChannelD		MEDIUMCONST    	FB5E	0000	13
		_Conf1_ChannelE		MEDIUMCONST    	FB6A	0000	13
		_Conf1_ChannelF		MEDIUMCONST    	FB76	0000	13
		i1_UARTstring  		CODE           	5590	0000	89
		_Conf2_ChannelB		MEDIUMCONST    	FA91	0000	17
		_Conf2_ChannelD		MEDIUMCONST    	FAB1	0000	17
		_Conf2_ChannelH		MEDIUMCONST    	F9CC	0000	22
		_Conf2_ChannelH		MEDIUMCONST    	F9E1	0000	22
		_Conf2_ChannelH		MEDIUMCONST    	F9F6	0000	22
		i2_ReadIRpin   		CODE           	5B9E	0000	15
		_dpowers       		MEDIUMCONST    	F963	0000	41
		_SYNTAX_ERR    		MEDIUMCONST    	F9B4	0000	25
		i1_BlueConnecte		CODE           	5B90	0000	15
		i2_ResetTimer0 		CODE           	5BD6	0000	11
		_Conf1_ChannelD		MEDIUMCONST    	FB31	0000	16
		_Conf1_ChannelE		MEDIUMCONST    	FB40	0000	16
		_Conf1_ChannelF		MEDIUMCONST    	FB4F	0000	16
		__initializatio		CODE           	480A	0000	185
		_CRLN          		MEDIUMCONST    	FB82	0000	4
		_Conf2_ChannelH		MEDIUMCONST    	FAD1	0000	17
		_Conf2_ChannelH		MEDIUMCONST    	FAF1	0000	17
		_Conf2_ChannelH		MEDIUMCONST    	FB11	0000	17
		_Conf2_ChannelH		MEDIUMCONST    	FA0B	0000	21
		_Conf2_ChannelH		MEDIUMCONST    	FA1F	0000	21
		_Conf2_ChannelH		MEDIUMCONST    	FA33	0000	21
		_hexpowers     		MEDIUMCONST    	F98B	0000	33
		_Conf2_ChannelB		MEDIUMCONST    	FA6D	0000	19
		_Conf2_ChannelD		MEDIUMCONST    	FA7F	0000	19
		i1_cleanBuffer 		CODE           	57FA	0000	63
		_Conf2_ChannelB		MEDIUMCONST    	FAA1	0000	17
		_Conf2_ChannelD		MEDIUMCONST    	FAC1	0000	17
		_Version       		MEDIUMCONST    	F9AB	0000	10
		_Conf2_ChannelH		MEDIUMCONST    	FAE1	0000	17
		_Conf2_ChannelH		MEDIUMCONST    	FB01	0000	17
		_Conf2_ChannelH		MEDIUMCONST    	FB21	0000	17
		i1_UARTstringCR		CODE           	541A	0000	101

shared estimated size: 1081

C:\Program Files (x86)\Microchip\xc8\v1.34\sources\common\altoft.c
		___altoft      		CODE           	4D8C	0000	163

C:\Program Files (x86)\Microchip\xc8\v1.34\sources\common\altoft.c estimated size: 163

ADC.c
		_InternalADC_Re		CODE           	4CEA	0000	163
		_ReadVoltage   		CODE           	48CC	0000	185
		_VoltageDivider		CODE           	5BFA	0000	5
		_InitADC       		CODE           	5ACC	0000	23
		_VoltageDivider		CODE           	5BEA	0000	7
		_ResetADC      		CODE           	5B82	0000	15

ADC.c estimated size: 398

MISC.c
		_Round         		CODE           	53B4	0000	103
		_StringContains		CODE           	4A3A	0000	179
		_BufferCopy    		CODE           	4F5C	0000	139
		_StringContains		CODE           	4B9A	0000	173
		_cleanBuffer   		CODE           	54DC	0000	91
		_cleanBuffer16b		CODE           	547E	0000	95
		_delayUS       		CODE           	563E	0000	87
		_Reverse_Byte  		CODE           	4984	0000	183
		_IsLetter      		CODE           	5A2E	0000	31
		_Reverse_4Byte 		CODE           	01EC	0000	3199
		_StringAddEqual		CODE           	3630	0000	435
		_StringMatch   		CODE           	526C	0000	115
		_GetNumber     		CODE           	1FEE	0000	1049
		_IsCharacter   		CODE           	5A86	0000	25
		_StringMatchCas		CODE           	4ECC	0000	145
		_lowercaseChar 		CODE           	5984	0000	45

MISC.c estimated size: 6094

IR.c
		_DecodeNEC     		CODE           	4AEC	0000	175
		_InitIR        		CODE           	56E8	0000	73
		_EncodeNEC     		CODE           	3D62	0000	335
		_UseIRCode     		CODE           	347A	0000	439
		_IRrawToNEC    		CODE           	2BB4	0000	931
		_ReadIRpin     		CODE           	5B66	0000	15
		_SendNEC_wait  		CODE           	4E2E	0000	159
		_SendNEC_bytes 		CODE           	4FE6	0000	139
		_CheckReceiving		CODE           	5B0C	0000	19

IR.c estimated size: 2285

C:\Program Files (x86)\Microchip\xc8\v1.34\sources\common\lldiv.c
		___lldiv       		CODE           	4744	0000	199

C:\Program Files (x86)\Microchip\xc8\v1.34\sources\common\lldiv.c estimated size: 199

user.c
		_InitApp       		CODE           	5776	0000	69
		_Init_System   		CODE           	52DE	0000	109

user.c estimated size: 178

C:\Program Files (x86)\Microchip\xc8\v1.34\sources\common\doprnt.c
		_sprintf       		CODE           	2810	0000	933

C:\Program Files (x86)\Microchip\xc8\v1.34\sources\common\doprnt.c estimated size: 933

C:\Program Files (x86)\Microchip\xc8\v1.34\sources\common\fttol.c
		___fttol       		CODE           	3C10	0000	339

C:\Program Files (x86)\Microchip\xc8\v1.34\sources\common\fttol.c estimated size: 339

main.c
		_main          		CODE           	3EB0	0000	313

main.c estimated size: 313

system.c
		_ConfigureOscil		CODE           	5BFE	0000	3

system.c estimated size: 3

C:\Program Files (x86)\Microchip\xc8\v1.34\sources\common\ftadd.c
		___ftadd       		CODE           	31FC	0000	639

C:\Program Files (x86)\Microchip\xc8\v1.34\sources\common\ftadd.c estimated size: 639

