Microchip MPLAB XC8 Compiler V1.34 ()

Linker command line:

--edf=C:\Program Files (x86)\Microchip\xc8\v1.34\dat\en_msgs.txt -cs \
  -h+dist/xc8_pic18f26k20/production\PIC_IR_RF_Bluetooth_Home_Automation.production.sym \
  --cmf=dist/xc8_pic18f26k20/production\PIC_IR_RF_Bluetooth_Home_Automation.production.cmf \
  -z -Q18F26K20 -oC:\Users\DWHITF~1.TDY\AppData\Local\Temp\sbkg.6 \
  -Mdist/xc8_pic18f26k20/production/PIC_IR_RF_Bluetooth_Home_Automation.production.map \
  -E1 -ver=XC8 -ASTACK=07C8h-0f5fh -pstack=STACK -ACODE=00h-0FFFFh \
  -ACONST=00h-0FFFFh -ASMALLCONST=01000h-010FFhx240 \
  -AMEDIUMCONST=01000h-0FFFFh -ACOMRAM=01h-05Fh -AABS1=00h-0F5Fh \
  -ABIGRAM=01h-0F5Fh -ARAM=060h-0FFh,0100h-01FFhx14,0F00h-0F5Fh \
  -ABANK0=060h-0FFh -ABANK1=0100h-01FFh -ABANK2=0200h-02FFh \
  -ABANK3=0300h-03FFh -ABANK4=0400h-04FFh -ABANK5=0500h-05FFh \
  -ABANK6=0600h-06FFh -ABANK7=0700h-07FFh -ABANK8=0800h-08FFh \
  -ABANK9=0900h-09FFh -ABANK10=0A00h-0AFFh -ABANK11=0B00h-0BFFh \
  -ABANK12=0C00h-0CFFh -ABANK13=0D00h-0DFFh -ABANK14=0E00h-0EFFh \
  -ABANK15=0F00h-0F5Fh -ASFR=0F60h-0FFFh \
  -preset_vec=00h,intcode=08h,intcodelo=018h,powerup,init,end_init \
  -pramtop=01000h -psmallconst=SMALLCONST -pmediumconst=MEDIUMCONST \
  -pconst=CONST -AFARRAM=00h-00h -ACONFIG=0300000h-030000Dh -pconfig=CONFIG \
  -AIDLOC=0200000h-0200007h -pidloc=IDLOC -AEEDATA=0F00000h-0F003FFh \
  -peeprom_data=EEDATA \
  -prdata=COMRAM,nvrram=COMRAM,nvbit=COMRAM,rbss=COMRAM,rbit=COMRAM \
  -pfarbss=FARRAM,fardata=FARRAM,nvFARRAM=FARRAM \
  -pintsave_regs=BIGRAM,bigbss=BIGRAM,bigdata=BIGRAM -pbss=RAM \
  -pidata=CODE,irdata=CODE,ibigdata=CODE,ifardata=CODE -prparam=COMRAM \
  C:\Users\DWHITF~1.TDY\AppData\Local\Temp\sbkg.obj \
  dist/xc8_pic18f26k20/production\PIC_IR_RF_Bluetooth_Home_Automation.production.obj 

Object code version is 3.11

Machine type is 18F26K20

Call graph: (short form)




                Name                               Link     Load   Length Selector   Space Scale
C:\Users\DWHITF~1.TDY\AppData\Local\Temp\sbkg.obj
                end_init                            1F2      1F2        4        C       0
                reset_vec                             0        0        4        0       0
                idloc                            200000   200000        8   200000       0
                config                           300000   300000        E   300000       0
dist/xc8_pic18f26k20/production\PIC_IR_RF_Bluetooth_Home_Automation.production.obj
                intcodelo                            18       18      1DA        C       0
                intcode                               8        8       10        4       0
                mediumconst                        F118     F118      EE8     788C       0
                text116                            551E     551E      384        C       0
                text115                            95A4     95A4        A        C       0
                text114                            959A     959A        A        C       0
                text113                            9564     9564        E        C       0
                text112                            9590     9590        A        C       0
                text111                            9108     9108       42        C       0
                intcode_body                       3DA2     3DA2      5BC        C       0
                text109                            9430     9430       18        C       0
                text108                            9380     9380       28        C       0
                text107                            9418     9418       18        C       0
                text106                            9556     9556        E        C       0
                text105                            9474     9474       16        C       0
                text104                            8E48     8E48       58        C       0
                text103                            8CD2     8CD2       64        C       0
                text102                            9188     9188       3E        C       0
                text100                            95C2     95C2        2     4ADC       0
                text99                             907E     907E       46        C       0
                text98                             949E     949E       14        C       0
                text97                             9548     9548        E        C       0
                text96                             945E     945E       16        C       0
                text95                             8C08     8C08       66        C       0
                text94                             9356     9356       2A        C       0
                text93                             9448     9448       16        C       0
                text92                             8C6E     8C6E       64        C       0
                text91                             91C6     91C6       3A        C       0
                text90                             6D3A     6D3A      170        C       0
                text89                             7AC8     7AC8       FA        C       0
                text88                             64B8     64B8      1EC        C       0
                text87                             9038     9038       46        C       0
                text86                             93E4     93E4       1C        C       0
                text85                             953A     953A        E        C       0
                text84                             8EF6     8EF6       56        C       0
                text83                             926E     926E       32        C       0
                text82                             82C0     82C0       B2        C       0
                text81                             93C6     93C6       1E        C       0
                text80                             8DEE     8DEE       5A        C       0
                text79                             8D94     8D94       5A        C       0
                text78                             7E50     7E50       C8        C       0
                text77                             7D82     7D82       CE        C       0
                text76                             92A0     92A0       30        C       0
                text75                             7656     7656      120        C       0
                text74                             5B7A     5B7A      27E        C       0
                text73                             8FA0     8FA0       50        C       0
                text72                             7168     7168      152        C       0
                text71                             7F18     7F18       C6        C       0
                text70                             8420     8420       A4        C       0
                text69                             88DA     88DA       80        C       0
                text68                             6A18     6A18      194        C       0
                text67                             6872     6872      1A6        C       0
                text66                             7CB2     7CB2       D0        C       0
                text65                             820C     820C       B4        C       0
                text64                             6EAA     6EAA      16C        C       0
                text63                             9200     9200       38        C       0
                text62                             58A2     58A2      2D8        C       0
                text61                             92D0     92D0       2E        C       0
                text60                             435E     435E      504        C       0
                text59                             21E0     21E0      F44        C       0
                text58                             4CE8     4CE8      424        C       0
                text57                             8EA0     8EA0       56        C       0
                text56                             94D6     94D6       10        C       0
                text55                             952C     952C        E        C       0
                text54                             9586     9586        A        C       0
                text53                             8D36     8D36       5E        C       0
                text52                             8FF0     8FF0       48        C       0
                text51                             951E     951E        E        C       0
                text50                             9510     9510        E        C       0
                text49                             957C     957C        A        C       0
                text48                             948A     948A       14        C       0
                text47                             9400     9400       18        C       0
                text46                             9502     9502        E        C       0
                text45                             94F4     94F4        E        C       0
                text44                             895A     895A       7C        C       0
                text43                             8566     8566       A2        C       0
                text42                             8BA2     8BA2       66        C       0
                text41                             79B2     79B2      116        C       0
                text40                             7408     7408      128        C       0
                text39                             6BAC     6BAC      18E        C       0
                text38                             66A4     66A4      1CE        C       0
                text37                             8AC8     8AC8       70        C       0
                text36                             8156     8156       B6        C       0
                text35                             8372     8372       AE        C       0
                text34                             72BA     72BA      14E        C       0
                text33                             93A8     93A8       1E        C       0
                text32                             89D6     89D6       7A        C       0
                text31                             932A     932A       2C        C       0
                text30                             4862     4862      486        C       0
                text29                             7894     7894      11E        C       0
                text28                             84C4     84C4       A2        C       0
                text27                             95BE     95BE        4     4ADC       0
                text26                             95B8     95B8        6     4ADC       0
                text25                             7016     7016      152        C       0
                text24                             92FE     92FE       2C        C       0
                text23                             809E     809E       B8        C       0
                text22                             94C4     94C4       12        C       0
                text21                             3124     3124      C7E        C       0
                text20                             8854     8854       86        C       0
                text19                             8608     8608       9E        C       0
                text18                             9572     9572        A        C       0
                text17                             94B2     94B2       12        C       0
                text16                             7BC2     7BC2       F0        C       0
                text15                             914A     914A       3E        C       0
                text14                             87CA     87CA       8A        C       0
                text13                             62B8     62B8      200        C       0
                text12                             7530     7530      126        C       0
                text11                             8A50     8A50       78        C       0
                text10                             86A6     86A6       94        C       0
                text9                              7776     7776      11E        C       0
                text8                              8B38     8B38       6A        C       0
                text7                              873A     873A       90        C       0
                text6                              90C4     90C4       44        C       0
                text5                               1F6      1F6     1FEA        C       0
                text4                              8F4C     8F4C       54        C       0
                text3                              94E6     94E6        E        C       0
                text2                              6060     6060      258        C       0
                text1                              5DF8     5DF8      268        C       0
                text0                              510C     510C      412        C       0
                cstackCOMRAM                          1        1       22        1       1
                cstackBANK0                          60       60       7A       60       1
                cstackBANK1                         100      100       FF      100       1
                cstackBANK2                         200      200       99      200       1
                cstackBANK3                         300      300       FF      300       1
                bssBANK7                            700      700       C8      700       1
                bssBANK6                            600      600       FF      600       1
                bssBANK5                            500      500       FF      500       1
                bssBANK4                            400      400       88      400       1
                dataBANK2                           299      299       36      200       1
                bssBANK2                            2CF      2CF       17      200       1
                bssBANK1                            1FF      1FF        1      100       1
                dataBANK0                            E3       E3        1       60       1
                bssBANK0                             DA       DA        9       60       1
                dataCOMRAM                           3C       3C        9        1       1
                bssCOMRAM                            23       23       19        1       1
                cinit                              7FDE     7FDE       C0        C       0
                idataBANK2                         9238     9238       36        C       0
                idataBANK0                         95C4     95C4        1     4ADC       0
                idataCOMRAM                        95AE     95AE        9        C       0

TOTAL           Name                               Link     Load   Length     Space
        CLASS   STACK          

        CLASS   CODE           
                end_init                            1F2      1F2        4         0
                intcodelo                            18       18      1DA         0
                intcode                               8        8       10         0
                reset_vec                             0        0        4         0
                text116                            551E     551E      384         0
                text115                            95A4     95A4        A         0
                text114                            959A     959A        A         0
                text113                            9564     9564        E         0
                text112                            9590     9590        A         0
                text111                            9108     9108       42         0
                intcode_body                       3DA2     3DA2      5BC         0
                text109                            9430     9430       18         0
                text108                            9380     9380       28         0
                text107                            9418     9418       18         0
                text106                            9556     9556        E         0
                text105                            9474     9474       16         0
                text104                            8E48     8E48       58         0
                text103                            8CD2     8CD2       64         0
                text102                            9188     9188       3E         0
                text100                            95C2     95C2        2         0
                text99                             907E     907E       46         0
                text98                             949E     949E       14         0
                text97                             9548     9548        E         0
                text96                             945E     945E       16         0
                text95                             8C08     8C08       66         0
                text94                             9356     9356       2A         0
                text93                             9448     9448       16         0
                text92                             8C6E     8C6E       64         0
                text91                             91C6     91C6       3A         0
                text90                             6D3A     6D3A      170         0
                text89                             7AC8     7AC8       FA         0
                text88                             64B8     64B8      1EC         0
                text87                             9038     9038       46         0
                text86                             93E4     93E4       1C         0
                text85                             953A     953A        E         0
                text84                             8EF6     8EF6       56         0
                text83                             926E     926E       32         0
                text82                             82C0     82C0       B2         0
                text81                             93C6     93C6       1E         0
                text80                             8DEE     8DEE       5A         0
                text79                             8D94     8D94       5A         0
                text78                             7E50     7E50       C8         0
                text77                             7D82     7D82       CE         0
                text76                             92A0     92A0       30         0
                text75                             7656     7656      120         0
                text74                             5B7A     5B7A      27E         0
                text73                             8FA0     8FA0       50         0
                text72                             7168     7168      152         0
                text71                             7F18     7F18       C6         0
                text70                             8420     8420       A4         0
                text69                             88DA     88DA       80         0
                text68                             6A18     6A18      194         0
                text67                             6872     6872      1A6         0
                text66                             7CB2     7CB2       D0         0
                text65                             820C     820C       B4         0
                text64                             6EAA     6EAA      16C         0
                text63                             9200     9200       38         0
                text62                             58A2     58A2      2D8         0
                text61                             92D0     92D0       2E         0
                text60                             435E     435E      504         0
                text59                             21E0     21E0      F44         0
                text58                             4CE8     4CE8      424         0
                text57                             8EA0     8EA0       56         0
                text56                             94D6     94D6       10         0
                text55                             952C     952C        E         0
                text54                             9586     9586        A         0
                text53                             8D36     8D36       5E         0
                text52                             8FF0     8FF0       48         0
                text51                             951E     951E        E         0
                text50                             9510     9510        E         0
                text49                             957C     957C        A         0
                text48                             948A     948A       14         0
                text47                             9400     9400       18         0
                text46                             9502     9502        E         0
                text45                             94F4     94F4        E         0
                text44                             895A     895A       7C         0
                text43                             8566     8566       A2         0
                text42                             8BA2     8BA2       66         0
                text41                             79B2     79B2      116         0
                text40                             7408     7408      128         0
                text39                             6BAC     6BAC      18E         0
                text38                             66A4     66A4      1CE         0
                text37                             8AC8     8AC8       70         0
                text36                             8156     8156       B6         0
                text35                             8372     8372       AE         0
                text34                             72BA     72BA      14E         0
                text33                             93A8     93A8       1E         0
                text32                             89D6     89D6       7A         0
                text31                             932A     932A       2C         0
                text30                             4862     4862      486         0
                text29                             7894     7894      11E         0
                text28                             84C4     84C4       A2         0
                text27                             95BE     95BE        4         0
                text26                             95B8     95B8        6         0
                text25                             7016     7016      152         0
                text24                             92FE     92FE       2C         0
                text23                             809E     809E       B8         0
                text22                             94C4     94C4       12         0
                text21                             3124     3124      C7E         0
                text20                             8854     8854       86         0
                text19                             8608     8608       9E         0
                text18                             9572     9572        A         0
                text17                             94B2     94B2       12         0
                text16                             7BC2     7BC2       F0         0
                text15                             914A     914A       3E         0
                text14                             87CA     87CA       8A         0
                text13                             62B8     62B8      200         0
                text12                             7530     7530      126         0
                text11                             8A50     8A50       78         0
                text10                             86A6     86A6       94         0
                text9                              7776     7776      11E         0
                text8                              8B38     8B38       6A         0
                text7                              873A     873A       90         0
                text6                              90C4     90C4       44         0
                text5                               1F6      1F6     1FEA         0
                text4                              8F4C     8F4C       54         0
                text3                              94E6     94E6        E         0
                text2                              6060     6060      258         0
                text1                              5DF8     5DF8      268         0
                text0                              510C     510C      412         0
                cinit                              7FDE     7FDE       C0         0
                idataBANK2                         9238     9238       36         0
                idataBANK0                         95C4     95C4        1         0
                idataCOMRAM                        95AE     95AE        9         0

        CLASS   CONST          

        CLASS   SMALLCONST     

        CLASS   MEDIUMCONST    
                mediumconst                        F118     F118      EE8         0

        CLASS   COMRAM         
                cstackCOMRAM                          1        1       22         1
                dataCOMRAM                           3C       3C        9         1
                bssCOMRAM                            23       23       19         1

        CLASS   ABS1           

        CLASS   BIGRAM         

        CLASS   RAM            

        CLASS   BANK0          
                cstackBANK0                          60       60       7A         1
                dataBANK0                            E3       E3        1         1
                bssBANK0                             DA       DA        9         1

        CLASS   BANK1          
                cstackBANK1                         100      100       FF         1
                bssBANK1                            1FF      1FF        1         1

        CLASS   BANK2          
                cstackBANK2                         200      200       99         1
                dataBANK2                           299      299       36         1
                bssBANK2                            2CF      2CF       17         1

        CLASS   BANK3          
                cstackBANK3                         300      300       FF         1

        CLASS   BANK4          
                bssBANK4                            400      400       88         1

        CLASS   BANK5          
                bssBANK5                            500      500       FF         1

        CLASS   BANK6          
                bssBANK6                            600      600       FF         1

        CLASS   BANK7          
                bssBANK7                            700      700       C8         1

        CLASS   BANK8          

        CLASS   BANK9          

        CLASS   BANK10         

        CLASS   BANK11         

        CLASS   BANK12         

        CLASS   BANK13         

        CLASS   BANK14         

        CLASS   BANK15         

        CLASS   SFR            

        CLASS   FARRAM         

        CLASS   CONFIG         
                config                           300000   300000        E         0

        CLASS   IDLOC          
                idloc                            200000   200000        8         0

        CLASS   EEDATA         



SEGMENTS        Name                           Load    Length   Top    Selector   Space  Class

                reset_vec                      000000  000004  000004         0       0  CODE    
                cstackCOMRAM                   000001  000044  000045         1       1  COMRAM  
                intcode                        000008  000010  000018         4       0  CODE    
                intcodelo                      000018  00959F  0095B7         C       0  CODE    
                cstackBANK0                    000060  000084  0000E4        60       1  BANK0   
                cstackBANK1                    000100  000100  000200       100       1  BANK1   
                cstackBANK2                    000200  0000E6  0002E6       200       1  BANK2   
                cstackBANK3                    000300  0000FF  0003FF       300       1  BANK3   
                bssBANK4                       000400  000088  000488       400       1  BANK4   
                bssBANK5                       000500  0000FF  0005FF       500       1  BANK5   
                bssBANK6                       000600  0000FF  0006FF       600       1  BANK6   
                bssBANK7                       000700  0000C8  0007C8       700       1  BANK7   
                text26                         0095B8  00000D  0095C5      4ADC       0  CODE    
                mediumconst                    00F118  000EE8  010000      788C       0  MEDIUMCO
                idloc                          200000  000008  200008    200000       0  IDLOC   
                config                         300000  00000E  30000E    300000       0  CONFIG  


UNUSED ADDRESS RANGES

        Name                Unused          Largest block    Delta
        BANK0            0000E4-0000FF               1C
        BANK10           000A00-000AFF              100
        BANK11           000B00-000BFF              100
        BANK12           000C00-000CFF              100
        BANK13           000D00-000DFF              100
        BANK14           000E00-000EFF              100
        BANK15           000F00-000F5F               60
        BANK2            0002E6-0002FF               1A
        BANK3            0003FF-0003FF                1
        BANK4            000488-0004FF               78
        BANK5            0005FF-0005FF                1
        BANK6            0006FF-0006FF                1
        BANK7            0007C8-0007FF               38
        BANK8            000800-0008FF              100
        BANK9            000900-0009FF              100
        BIGRAM           000045-00005F               1B
                         0000E4-0000FF               1C
                         0002E6-0002FF               1A
                         0003FF-0003FF                1
                         000488-0004FF               78
                         0005FF-0005FF                1
                         0006FF-0006FF                1
                         0007C8-000F5F              798
        CODE             000004-000007                4
                         0095B7-0095B7                1
                         0095C5-00F117             5B53
        COMRAM           000045-00005F               1B
        CONST            000004-000007                4
                         0095B7-0095B7                1
                         0095C5-00F117             5B53
        EEDATA           F00000-F003FF              400
        MEDIUMCONST      0095B7-0095B7                1
                         0095C5-00F117             5B53
        RAM              0000E4-0000FF               1C
                         0002E6-0002FF               1A
                         0003FF-0003FF                1
                         000488-0004FF               78
                         0005FF-0005FF                1
                         0006FF-0006FF                1
                         0007C8-000F5F              100
        SFR              000F60-000FFF               A0
        SMALLCONST       0095B7-0095B7                1
                         0095C5-00F117              100
        STACK            0007C8-000F5F              798

                                  Symbol Table

?_EncodeNEC                             cstackBANK0  000080
?_GetMemoryChar                         cstackBANK0  000080
?_GetMemoryLong                         cstackBANK0  000080
?_ReadEEPROM_1Byte                      cstackBANK0  00007C
?_ReadVoltage                           cstackBANK0  0000A5
?_Reverse_4Byte                         cstackBANK0  00007C
?_Round                                 cstackBANK0  0000CA
?_SetEEPROM                             cstackBANK1  000100
?___altoft                              cstackBANK0  000084
?___awdiv                               cstackBANK0  000082
?___awmod                               cstackBANK0  00007C
?___ftadd                               cstackBANK0  0000AF
?___ftdiv                               cstackBANK0  000087
?___ftmul                               cstackBANK0  000096
?___ftneg                               cstackBANK0  00007C
?___ftpack                              cstackBANK0  00007C
?___ftsub                               cstackBANK0  0000BB
?___fttol                               cstackBANK0  0000BB
?___lldiv                               cstackBANK0  00007C
?___llmod                               cstackBANK0  000089
?___lltoft                              cstackBANK0  000084
?___lmul                                cstackBANK0  00007C
?___lwtoft                              cstackBANK0  000084
?___wmul                                cstackBANK0  00008A
?__div_to_l_                            cstackBANK0  00007C
?__tdiv_to_l_                           cstackBANK0  00007C
?_fround                                cstackBANK0  0000A5
?_scale                                 cstackBANK0  0000A5
?_sprintf                               cstackBANK0  0000CA
BluetoothInitialSetup@RFchannel         cstackBANK1  000124
BluetoothInitialSetup@buf               cstackBANK1  00012E
BluetoothInitialSetup@ok                cstackBANK1  000160
BufferCopy@count                        cstackBANK0  000088
BufferCopy@from                         cstackBANK0  000084
BufferCopy@i                            cstackBANK0  00008A
BufferCopy@shift                        cstackBANK0  000089
BufferCopy@to                           cstackBANK0  000086
DecodeNEC@Nec                           cstackBANK0  000080
DecodeNEC@address                       cstackBANK0  000084
DecodeNEC@command                       cstackBANK0  000086
DecodeNEC@temp1                         cstackBANK0  00008E
DecodeNEC@temp2                         cstackBANK0  00008C
DecodeNEC@temp3                         cstackBANK0  00008D
EncodeNEC@address                       cstackBANK0  0000A8
EncodeNEC@command                       cstackBANK0  000080
EncodeNEC@temp1                         cstackBANK0  000098
EncodeNEC@temp2                         cstackBANK0  00009C
EncodeNEC@temp3                         cstackBANK0  0000A0
EncodeNEC@temp4                         cstackBANK0  0000A4
EnterCommandMode@count                  cstackBANK0  000085
EraseScreen@characters                  cstackCOMRAM 000002
EraseScreen@i                           cstackCOMRAM 000003
GetEEPROM@Arrayspot                     cstackBANK0  0000A5
GetEEPROM@Temp                          cstackBANK0  0000A1
GetEEPROM@i                             cstackBANK0  0000A7
GetEEPROM@j                             cstackBANK0  0000A8
GetEEPROM@k                             cstackBANK0  0000A6
GetMemoryChar@AddressFirst              cstackBANK0  000084
GetMemoryChar@H                         cstackBANK0  000085
GetMemoryLong@AddressFirst              cstackBANK0  0000A0
GetMemoryLong@H                         cstackBANK0  00009C
GetMemoryLong@L                         cstackBANK0  00009F
GetMemoryLong@MH                        cstackBANK0  00009D
GetMemoryLong@ML                        cstackBANK0  00009E
GetMemoryLong@temp                      cstackBANK0  000098
GetNumber@CommaNumber                   cstackBANK0  00008A
GetNumber@Hex                           cstackBANK0  000095
GetNumber@This                          cstackBANK0  000088
GetNumber@count                         cstackBANK0  000094
GetNumber@i                             cstackBANK0  000096
GetNumber@negative                      cstackBANK0  000093
GetNumber@result                        cstackBANK0  00008B
GetNumber@temp                          cstackBANK0  000098
GetNumber@tempCommaNumber               cstackBANK0  000092
GetNumber@tempThis                      cstackBANK0  000097
GetStringAfterComma@CommaNumber         cstackBANK0  00007E
GetStringAfterComma@This                cstackBANK0  00007C
GetStringAfterComma@count               cstackBANK0  000083
GetStringAfterComma@result              cstackBANK0  00007F
GetStringAfterComma@tempCommaNumber     cstackBANK0  000082
IRrawToNEC@Invert                       cstackCOMRAM 00001F
IRrawToNEC@NEC                          cstackCOMRAM 00001D
IRrawToNEC@NECtemp                      cstackBANK0  000060
IRrawToNEC@Raw                          cstackCOMRAM 00001B
IRrawToNEC@StartBit                     cstackBANK0  000066
IRrawToNEC@first                        cstackBANK0  000064
IRrawToNEC@i                            cstackBANK0  000065
InitUART@Baud                           cstackBANK0  0000D1
InitUART@config                         cstackBANK1  000105
InitUART@spbrg                          cstackBANK1  000103
InitUART@temp                           cstackBANK1  000106
InternalADC_Read@ADCcounts              cstackBANK0  000085
InternalADC_Read@AnaChanSel             cstackBANK0  000089
InternalADC_Read@channel                cstackBANK0  00008A
IsCharacter@data                        cstackCOMRAM 000001
IsLetter@data                           cstackBANK0  00007C
OpenUSART@config                        cstackBANK0  00007E
OpenUSART@spbrg                         cstackBANK0  00007C
ReadCodeButtons@temp                    cstackBANK0  000085
ReadEEPROM_1Byte@GIEstatus              cstackBANK0  00007E
ReadEEPROM_1Byte@PEIEstatus             cstackBANK0  00007F
ReadEEPROM_1Byte@address                cstackBANK0  00007C
ReadUSART@data                          cstackBANK0  00007C
ReadVoltage@temp                        cstackBANK0  0000AB
ReadVoltage@voltage                     cstackBANK0  0000A8
Reverse_4Byte@This                      cstackBANK0  00007C
Reverse_4Byte@temp                      cstackBANK0  000088
Reverse_Byte@This                       cstackBANK0  00007F
Reverse_Byte@temp                       cstackBANK0  00007E
Round@input                             cstackBANK0  0000CA
Round@temp                              cstackBANK0  0000CD
SendNEC_bytes@RepeatAmount              cstackBANK0  000090
SendNEC_bytes@code                      cstackBANK0  00008C
SendNEC_wait@RepeatAmount               cstackBANK0  000095
SendNEC_wait@code                       cstackBANK0  000091
SendNEC_wait@toggle                     cstackBANK0  000096
SendRF@Code                             cstackBANK0  00007C
SendRF@Config                           cstackBANK0  00007E
SendRF@RepeatAmount                     cstackBANK0  000080
SendRF@i                                cstackBANK0  000083
SendRF@size                             cstackBANK0  00007F
SendRF_Channel@channel                  cstackBANK0  000089
SendRF_wait@Code                        cstackBANK0  000084
SendRF_wait@Config                      cstackBANK0  000086
SendRF_wait@amount                      cstackBANK0  000088
SendRF_wait@size                        cstackBANK0  000087
SetEEPROM@Arrayspot                     cstackBANK0  0000B9
SetEEPROM@Temp                          cstackBANK1  000100
SetEEPROM@burn                          cstackBANK1  000188
SetEEPROM@fail                          cstackBANK0  0000B4
SetEEPROM@i                             cstackBANK0  0000BB
SetEEPROM@j                             cstackBANK0  0000BC
SetEEPROM@k                             cstackBANK0  0000BA
SetEEPROM@temp                          cstackBANK0  0000B8
SetEEPROMdefault@i                      cstackBANK0  0000C0
SetEEPROMdefault@j                      cstackBANK0  0000C1
SetEEPROMdefault@k                      cstackBANK0  0000BF
SetMemoryChar@AddressFirst              cstackBANK0  000086
SetMemoryChar@Data                      cstackBANK0  000088
SetMemoryChar@Test                      cstackBANK0  000087
SetMemoryLong@AddressFirst              cstackBANK0  0000A5
SetMemoryLong@Data                      cstackBANK0  0000A1
SetMemoryLong@H                         cstackBANK0  0000AE
SetMemoryLong@L                         cstackBANK0  0000B1
SetMemoryLong@MH                        cstackBANK0  0000AF
SetMemoryLong@ML                        cstackBANK0  0000B0
SetMemoryLong@Test                      cstackBANK0  0000AA
SetTimer0@temp                          cstackCOMRAM 00001B
StringAddEqual@Input                    cstackBANK0  00008B
StringAddEqual@NullPosition             cstackBANK0  00008F
StringAddEqual@firstnumber              cstackBANK0  000090
StringAddEqual@i                        cstackBANK0  000091
StringAddEqual@j                        cstackBANK0  000092
StringAddEqual@temp                     cstackBANK1  000100
StringContains@That                     cstackBANK0  00007E
StringContains@This                     cstackBANK0  00007C
StringContains@begin                    cstackBANK0  000081
StringContainsCaseInsensitive@That      cstackBANK0  000081
StringContainsCaseInsensitive@This      cstackBANK0  00007F
StringContainsCaseInsensitive@begin     cstackBANK0  000083
StringContainsCaseInsensitive@tempThat  cstackBANK0  000085
StringContainsCaseInsensitive@tempThis  cstackBANK0  000084
StringMatch@That                        cstackBANK0  00007E
StringMatch@This                        cstackBANK0  00007C
StringMatchCaseInsensitive@That         cstackBANK0  000081
StringMatchCaseInsensitive@This         cstackBANK0  00007F
StringMatchCaseInsensitive@tempThat     cstackBANK0  000084
StringMatchCaseInsensitive@tempThis     cstackBANK0  000083
SyncEEPROMToGlobal@Temp                 cstackBANK1  000103
SyncEEPROMToGlobal@i                    cstackBANK1  000101
SyncEEPROMToGlobal@j                    cstackBANK1  000102
SyncEEPROMToGlobal@k                    cstackBANK1  000100
UARTchar@data                           cstackBANK0  00007C
UARTcommandMenu@Command                 cstackBANK0  00007F
UARTcommandMenu@Desc                    cstackBANK0  000081
UARTcommandMenu@i                       cstackBANK0  000088
UARTcommandMenu@place                   cstackBANK0  000089
UARTstring@data                         cstackBANK0  00007D
UARTstringCRLN@data                     cstackBANK0  00007F
UseBluetooth@EmptyPlace                 cstackBANK2  000283
UseBluetooth@EnteredNEC                 cstackBANK2  000285
UseBluetooth@NecAddress                 cstackBANK2  00028C
UseBluetooth@NecCommand                 cstackBANK2  00028D
UseBluetooth@String                     cstackBANK2  000200
UseBluetooth@StringPos                  cstackBANK2  000202
UseBluetooth@buf                        cstackBANK2  00020F
UseBluetooth@device                     cstackBANK2  000284
UseBluetooth@i                          cstackBANK2  000292
UseBluetooth@ok                         cstackBANK2  000289
UseBluetooth@rfchannelSTR               cstackBANK2  000273
UseBluetooth@rfconf                     cstackBANK2  00028B
UseBluetooth@set                        cstackBANK2  00027D
UseBluetooth@temp                       cstackBANK2  00028E
UseBluetooth@tempNec                    cstackBANK2  00027E
UseBluetooth@tempRFArray                cstackBANK2  00028A
UseBluetooth@timeout                    cstackBANK2  000282
UseIRCode@Code                          cstackBANK0  0000BD
UseIRCode@NEC                           cstackBANK0  0000BF
UseIRCode@found                         cstackBANK0  0000C6
UseIRCode@i                             cstackBANK0  0000C8
UseIRCode@j                             cstackBANK0  0000C7
WaitForIRsignal@timeout                 cstackBANK0  000085
WriteEEPROM_1Byte@GIEstatus             cstackBANK0  00007F
WriteEEPROM_1Byte@PEIEstatus            cstackBANK0  000080
WriteEEPROM_1Byte@address               cstackBANK0  00007C
WriteEEPROM_1Byte@data                  cstackBANK0  00007E
_ADCON0                                 (abs)        000FC2
_ADCON0bits                             (abs)        000FC2
_ADCON1                                 (abs)        000FC1
_ADCON1bits                             (abs)        000FC1
_ADCON2                                 (abs)        000FC0
_ADCON2bits                             (abs)        000FC0
_ADRESH                                 (abs)        000FC4
_ADRESL                                 (abs)        000FC3
_ANSEL                                  (abs)        000F7E
_ANSELH                                 (abs)        000F7F
_BAUDCONbits                            (abs)        000FB8
_BatteryVoltage                         bssBANK2     0002E3
_BlueConnected                          text85       00953A
_BluetoothConfigured                    text86       0093E4
_BluetoothInitialSetup                  text58       004CE8
_BufferCopy                             text14       0087CA
_CRLN                                   mediumconst  00F3A7
_CheckReceivingIR                       text22       0094C4
_ClearUSART                             text46       009502
_CommandString                          bssBANK5     000500
_CommandStringPos                       bssCOMRAM    000027
_Conf1_ChannelD                         mediumconst  00F369
_Conf1_ChannelD_STR                     mediumconst  00F32E
_Conf1_ChannelE                         mediumconst  00F375
_Conf1_ChannelE_STR                     mediumconst  00F33D
_Conf1_ChannelF                         mediumconst  00F381
_Conf1_ChannelF_STR                     mediumconst  00F34C
_Conf1_Channels                         mediumconst  00F39B
_Conf2_ChannelB_OFF                     mediumconst  00F28E
_Conf2_ChannelB_OFF_STR                 mediumconst  00F244
_Conf2_ChannelB_ON                      mediumconst  00F29E
_Conf2_ChannelB_ON_STR                  mediumconst  00F26A
_Conf2_ChannelB_Status                  bssCOMRAM    000028
_Conf2_ChannelD_OFF                     mediumconst  00F2AE
_Conf2_ChannelD_OFF_STR                 mediumconst  00F257
_Conf2_ChannelD_ON                      mediumconst  00F2BE
_Conf2_ChannelD_ON_STR                  mediumconst  00F27C
_Conf2_ChannelD_Status                  bssCOMRAM    000029
_Conf2_ChannelH_1_OFF                   mediumconst  00F2CE
_Conf2_ChannelH_1_OFF_STR               mediumconst  00F1C9
_Conf2_ChannelH_1_ON                    mediumconst  00F2DE
_Conf2_ChannelH_1_ON_STR                mediumconst  00F208
_Conf2_ChannelH_1_Status                bssCOMRAM    00002A
_Conf2_ChannelH_2_OFF                   mediumconst  00F2EE
_Conf2_ChannelH_2_OFF_STR               mediumconst  00F1DE
_Conf2_ChannelH_2_ON                    mediumconst  00F2FE
_Conf2_ChannelH_2_ON_STR                mediumconst  00F21C
_Conf2_ChannelH_2_Status                bssCOMRAM    00002B
_Conf2_ChannelH_3_OFF                   mediumconst  00F30E
_Conf2_ChannelH_3_OFF_STR               mediumconst  00F1F3
_Conf2_ChannelH_3_ON                    mediumconst  00F31E
_Conf2_ChannelH_3_ON_STR                mediumconst  00F230
_Conf2_ChannelH_3_Status                bssCOMRAM    00002C
_Conf2_Channels                         mediumconst  00F39F
_ConfigureOscillator                    text100      0095C2
_DecodeNEC                              text35       008372
_EEADR                                  (abs)        000FA9
_EEADRH                                 (abs)        000FAA
_EECON1bits                             (abs)        000FA6
_EECON2                                 (abs)        000FA7
_EEDATA                                 (abs)        000FA8
_EEPROM_UNLOCK                          text93       009448
_EEPROMinitialized                      text98       00949E
_EncodeNEC                              text34       0072BA
_EnterCommandMode                       text78       007E50
_EraseScreen                            text108      009380
_FirmVersion                            mediumconst  00F38D
_Frequency                              mediumconst  00F3A3
_GetEEPROM                              text39       006BAC
_GetMemoryChar                          text94       009356
_GetMemoryLong                          text90       006D3A
_GetNumber                              text30       004862
_GetStringAfterComma                    text29       007894
_Global                                 bssBANK4     000400
_INTCON2bits                            (abs)        000FF1
_INTCONbits                             (abs)        000FF2
_IOCBbits                               (abs)        000F7D
_IPR1bits                               (abs)        000F9F
_IPR2bits                               (abs)        000FA2
_IRRawCode                              bssBANK7     000700
_IR_NEC                                 bssBANK0     0000DD
_IR_New_Code                            bssBANK0     0000E1
_IRaddress                              bssBANK0     0000E2
_IRbit                                  bssCOMRAM    00002D
_IRbitPosition                          dataCOMRAM   000040
_IRcodeBit                              bssCOMRAM    00002E
_IRcodePlace                            dataCOMRAM   000041
_IRcommand                              bssBANK1     0001FF
_IRmod                                  bssBANK0     0000DA
_IRpinOLD                               bssCOMRAM    00002F
_IRrawCodeNum                           bssCOMRAM    000030
_IRrawToNEC                             text116      00551E
_IRrepeatAmount                         bssCOMRAM    000031
_IRrepeatflag                           bssCOMRAM    000032
_IRsendCode                             bssCOMRAM    000023
_IRsendFlag                             bssCOMRAM    000033
_IRtimeout                              dataBANK2    0002CB
_InitADC                                text96       00945E
_InitApp                                text99       00907E
_InitBluetooth                          text57       008EA0
_InitIR                                 text52       008FF0
_InitTimer0                             text56       0094D6
_InitTimer1                             text51       00951E
_InitTimer2                             text50       009510
_InitTimer3                             text49       00957C
_InitTimers                             text48       00948A
_InitUART                               text41       0079B2
_InitUART$3806                          cstackBANK1  000100
_Init_System                            text37       008AC8
_InternalADC_Read                       text28       0084C4
_IsCharacter                            text107      009418
_IsLetter                               text33       0093A8
_LATA                                   (abs)        000F89
_LATB                                   (abs)        000F8A
_LATC                                   (abs)        000F8B
_LEDTimerON                             text17       0094B2
_Local_CloseUSART                       text45       0094F4
_NewReceivedString                      bssBANK0     0000DB
_OpenUSART                              text44       00895A
_PCBVersion                             mediumconst  00F396
_PIE1bits                               (abs)        000F9D
_PIE2bits                               (abs)        000FA0
_PIR1bits                               (abs)        000F9E
_PIR2bits                               (abs)        000FA1
_PORTA                                  (abs)        000F80
_PORTB                                  (abs)        000F81
_PORTC                                  (abs)        000F82
_PR2                                    (abs)        000FCB
_ProductName                            dataBANK2    000299
_ProjectName                            mediumconst  00F1AF
_RCONbits                               (abs)        000FD0
_RCREG                                  (abs)        000FAE
_RCSTA                                  (abs)        000FAB
_RCSTAbits                              (abs)        000FAB
_RFConfig                               bssCOMRAM    000034
_RF_IR                                  dataCOMRAM   000042
_RF_IR_Postscaler                       dataCOMRAM   000043
_RFcodeBit                              bssCOMRAM    000035
_RFcodePlace                            bssCOMRAM    000036
_RFsendCode                             bssBANK2     0002CF
_RFsendFlag                             bssCOMRAM    000037
_ReadCodeButtons                        text4        008F4C
_ReadEEPROM_1Byte                       text95       008C08
_ReadIRpin                              text55       00952C
_ReadPushButton                         text3        0094E6
_ReadUSART                              text47       009400
_ReadVoltage                            text23       00809E
_ReceivedString                         bssBANK6     000600
_ReceivedStringPos                      bssBANK0     0000DC
_ReceivingIR                            dataCOMRAM   000044
_ResetADC                               text97       009548
_ResetBlue                              text83       00926E
_ResetTimer0                            text54       009586
_ResetTimer1                            text18       009572
_ResetTimer3                            text115      0095A4
_Reverse_4Byte                          text21       003124
_Reverse_Byte                           text36       008156
_Round                                  text42       008BA2
_SN                                     dataCOMRAM   00003C
_SPBRG                                  (abs)        000FAF
_SPBRGH                                 (abs)        000FB0
_SYNTAX_ERR                             mediumconst  00F35B
_SendNEC_bytes                          text20       008854
_SendNEC_wait                           text19       008608
_SendRF                                 text16       007BC2
_SendRF_Channel                         text2        006060
_SendRF_wait                            text15       00914A
_Sendcount                              bssCOMRAM    000038
_Sent                                   dataBANK0    0000E3
_SetEEPROM                              text88       0064B8
_SetEEPROMdefault                       text40       007408
_SetMemoryChar                          text91       0091C6
_SetMemoryLong                          text89       007AC8
_SetTimer0                              text114      00959A
_StringAddEqual                         text13       0062B8
_StringContains                         text82       0082C0
_StringContainsCaseInsensitive          text12       007530
_StringMatch                            text11       008A50
_StringMatchCaseInsensitive             text10       0086A6
_SyncEEPROMToGlobal                     text38       0066A4
_SyncGlobalToEEPROM                     text87       009038
_T0CONbits                              (abs)        000FD5
_T1CONbits                              (abs)        000FCD
_T2CONbits                              (abs)        000FCA
_T3CONbits                              (abs)        000FB1
_TMR0H                                  (abs)        000FD7
_TMR0L                                  (abs)        000FD6
_TMR1H                                  (abs)        000FCF
_TMR1L                                  (abs)        000FCE
_TMR2                                   (abs)        000FCC
_TMR3H                                  (abs)        000FB3
_TMR3L                                  (abs)        000FB2
_TRISAbits                              (abs)        000F92
_TRISBbits                              (abs)        000F93
_TRISCbits                              (abs)        000F94
_TXREG                                  (abs)        000FAD
_TXSTA                                  (abs)        000FAC
_TXSTAbits                              (abs)        000FAC
_Timer1_Postscaler                      bssCOMRAM    000039
_Timer2_Postscaler                      bssCOMRAM    00003A
_Timer3_Postscaler                      bssCOMRAM    00003B
_UARTchar                               text81       0093C6
_UARTcommandMenu                        text9        007776
_UARTstring                             text80       008DEE
_UARTstringCRLN                         text8        008B38
_UseBluetooth                           text5        0001F6
_UseIRCode                              text1        005DF8
_VoltageDividerOFF                      text27       0095BE
_VoltageDividerON                       text26       0095B8
_WPUB                                   (abs)        000F7C
_WaitForIRsignal                        text7        00873A
_WriteEEPROM_1Byte                      text92       008C6E
__CFG_BOREN$SBORDIS                     (abs)        000000
__CFG_BORV$27                           (abs)        000000
__CFG_CCP2MX$PORTC                      (abs)        000000
__CFG_CP0$OFF                           (abs)        000000
__CFG_CP1$OFF                           (abs)        000000
__CFG_CP2$OFF                           (abs)        000000
__CFG_CP3$OFF                           (abs)        000000
__CFG_CPB$OFF                           (abs)        000000
__CFG_CPD$OFF                           (abs)        000000
__CFG_EBTR0$OFF                         (abs)        000000
__CFG_EBTR1$OFF                         (abs)        000000
__CFG_EBTR2$OFF                         (abs)        000000
__CFG_EBTR3$OFF                         (abs)        000000
__CFG_EBTRB$OFF                         (abs)        000000
__CFG_FCMEN$OFF                         (abs)        000000
__CFG_FOSC$HSPLL                        (abs)        000000
__CFG_HFOFST$ON                         (abs)        000000
__CFG_IESO$OFF                          (abs)        000000
__CFG_LPT1OSC$OFF                       (abs)        000000
__CFG_LVP$OFF                           (abs)        000000
__CFG_MCLRE$ON                          (abs)        000000
__CFG_PBADEN$OFF                        (abs)        000000
__CFG_PWRT$OFF                          (abs)        000000
__CFG_STVREN$ON                         (abs)        000000
__CFG_WDTEN$OFF                         (abs)        000000
__CFG_WDTPS$32768                       (abs)        000000
__CFG_WRT0$OFF                          (abs)        000000
__CFG_WRT1$OFF                          (abs)        000000
__CFG_WRT2$OFF                          (abs)        000000
__CFG_WRT3$OFF                          (abs)        000000
__CFG_WRTB$OFF                          (abs)        000000
__CFG_WRTC$OFF                          (abs)        000000
__CFG_WRTD$OFF                          (abs)        000000
__CFG_XINST$OFF                         (abs)        000000
__HRAM                                  (abs)        000000
__Habs1                                 abs1         000000
__Hbank0                                bank0        000000
__Hbank1                                bank1        000000
__Hbank10                               bank10       000000
__Hbank11                               bank11       000000
__Hbank12                               bank12       000000
__Hbank13                               bank13       000000
__Hbank14                               bank14       000000
__Hbank15                               bank15       000000
__Hbank2                                bank2        000000
__Hbank3                                bank3        000000
__Hbank4                                bank4        000000
__Hbank5                                bank5        000000
__Hbank6                                bank6        000000
__Hbank7                                bank7        000000
__Hbank8                                bank8        000000
__Hbank9                                bank9        000000
__Hbigbss                               bigbss       000000
__Hbigdata                              bigdata      000000
__Hbigram                               bigram       000000
__Hbss                                  bss          000000
__HbssBANK0                             bssBANK0     000000
__HbssBANK1                             bssBANK1     000000
__HbssBANK2                             bssBANK2     000000
__HbssBANK4                             bssBANK4     000000
__HbssBANK5                             bssBANK5     000000
__HbssBANK6                             bssBANK6     000000
__HbssBANK7                             bssBANK7     000000
__HbssCOMRAM                            bssCOMRAM    000000
__Hcinit                                cinit        000000
__Hclrtext                              clrtext      000000
__Hcomram                               comram       000000
__Hconfig                               config       30000E
__Hconst                                const        000000
__HcstackBANK0                          cstackBANK0  000000
__HcstackBANK1                          cstackBANK1  000000
__HcstackBANK2                          cstackBANK2  000000
__HcstackBANK3                          cstackBANK3  000000
__HcstackCOMRAM                         cstackCOMRAM 000000
__Hdata                                 data         000000
__HdataBANK0                            dataBANK0    000000
__HdataBANK2                            dataBANK2    000000
__HdataCOMRAM                           dataCOMRAM   000000
__Heeprom_data                          eeprom_data  000000
__Hend_init                             end_init     0001F6
__Hfarbss                               farbss       000000
__Hfardata                              fardata      000000
__Hibigdata                             ibigdata     000000
__Hidata                                idata        000000
__HidataBANK0                           idataBANK0   000000
__HidataBANK2                           idataBANK2   000000
__HidataCOMRAM                          idataCOMRAM  000000
__Hidloc                                idloc        200008
__Hifardata                             ifardata     000000
__Hinit                                 init         0001F2
__Hintcode                              intcode      000018
__Hintcode_body                         intcode_body 000000
__Hintcodelo                            intcodelo    0001F2
__Hintentry                             intentry     000000
__Hintret                               intret       000000
__Hintsave_regs                         intsave_regs 000000
__Hirdata                               irdata       000000
__Hmediumconst                          mediumconst  010000
__HnvFARRAM                             nvFARRAM     000000
__Hnvbit                                nvbit        000000
__Hnvrram                               nvrram       000000
__Hparam                                rparam       000000
__Hpowerup                              powerup      0001F2
__Hram                                  ram          000000
__Hramtop                               ramtop       001000
__Hrbit                                 rbit         000000
__Hrbss                                 rbss         000000
__Hrdata                                rdata        000000
__Hreset_vec                            reset_vec    000004
__Hrparam                               rparam       000000
__Hsfr                                  sfr          000000
__Hsmallconst                           smallconst   000000
__Hspace_0                              (abs)        30000E
__Hspace_1                              (abs)        0007C8
__Hspace_2                              (abs)        000000
__Hstack                                stack        000000
__Hstruct                               struct       000000
__Htemp                                 temp         000000
__Htext                                 text         000000
__Htext0                                text0        000000
__Htext1                                text1        000000
__Htext10                               text10       000000
__Htext100                              text100      000000
__Htext102                              text102      000000
__Htext103                              text103      000000
__Htext104                              text104      000000
__Htext105                              text105      000000
__Htext106                              text106      000000
__Htext107                              text107      000000
__Htext108                              text108      000000
__Htext109                              text109      000000
__Htext11                               text11       000000
__Htext111                              text111      000000
__Htext112                              text112      000000
__Htext113                              text113      000000
__Htext114                              text114      000000
__Htext115                              text115      000000
__Htext116                              text116      000000
__Htext12                               text12       000000
__Htext13                               text13       000000
__Htext14                               text14       000000
__Htext15                               text15       000000
__Htext16                               text16       000000
__Htext17                               text17       000000
__Htext18                               text18       000000
__Htext19                               text19       000000
__Htext2                                text2        000000
__Htext20                               text20       000000
__Htext21                               text21       000000
__Htext22                               text22       000000
__Htext23                               text23       000000
__Htext24                               text24       000000
__Htext25                               text25       000000
__Htext26                               text26       000000
__Htext27                               text27       000000
__Htext28                               text28       000000
__Htext29                               text29       000000
__Htext3                                text3        000000
__Htext30                               text30       000000
__Htext31                               text31       000000
__Htext32                               text32       000000
__Htext33                               text33       000000
__Htext34                               text34       000000
__Htext35                               text35       000000
__Htext36                               text36       000000
__Htext37                               text37       000000
__Htext38                               text38       000000
__Htext39                               text39       000000
__Htext4                                text4        000000
__Htext40                               text40       000000
__Htext41                               text41       000000
__Htext42                               text42       000000
__Htext43                               text43       000000
__Htext44                               text44       000000
__Htext45                               text45       000000
__Htext46                               text46       000000
__Htext47                               text47       000000
__Htext48                               text48       000000
__Htext49                               text49       000000
__Htext5                                text5        000000
__Htext50                               text50       000000
__Htext51                               text51       000000
__Htext52                               text52       000000
__Htext53                               text53       000000
__Htext54                               text54       000000
__Htext55                               text55       000000
__Htext56                               text56       000000
__Htext57                               text57       000000
__Htext58                               text58       000000
__Htext59                               text59       000000
__Htext6                                text6        000000
__Htext60                               text60       000000
__Htext61                               text61       000000
__Htext62                               text62       000000
__Htext63                               text63       000000
__Htext64                               text64       000000
__Htext65                               text65       000000
__Htext66                               text66       000000
__Htext67                               text67       000000
__Htext68                               text68       000000
__Htext69                               text69       000000
__Htext7                                text7        000000
__Htext70                               text70       000000
__Htext71                               text71       000000
__Htext72                               text72       000000
__Htext73                               text73       000000
__Htext74                               text74       000000
__Htext75                               text75       000000
__Htext76                               text76       000000
__Htext77                               text77       000000
__Htext78                               text78       000000
__Htext79                               text79       000000
__Htext8                                text8        000000
__Htext80                               text80       000000
__Htext81                               text81       000000
__Htext82                               text82       000000
__Htext83                               text83       000000
__Htext84                               text84       000000
__Htext85                               text85       000000
__Htext86                               text86       000000
__Htext87                               text87       000000
__Htext88                               text88       000000
__Htext89                               text89       000000
__Htext9                                text9        000000
__Htext90                               text90       000000
__Htext91                               text91       000000
__Htext92                               text92       000000
__Htext93                               text93       000000
__Htext94                               text94       000000
__Htext95                               text95       000000
__Htext96                               text96       000000
__Htext97                               text97       000000
__Htext98                               text98       000000
__Htext99                               text99       000000
__LRAM                                  (abs)        000001
__Labs1                                 abs1         000000
__Lbank0                                bank0        000000
__Lbank1                                bank1        000000
__Lbank10                               bank10       000000
__Lbank11                               bank11       000000
__Lbank12                               bank12       000000
__Lbank13                               bank13       000000
__Lbank14                               bank14       000000
__Lbank15                               bank15       000000
__Lbank2                                bank2        000000
__Lbank3                                bank3        000000
__Lbank4                                bank4        000000
__Lbank5                                bank5        000000
__Lbank6                                bank6        000000
__Lbank7                                bank7        000000
__Lbank8                                bank8        000000
__Lbank9                                bank9        000000
__Lbigbss                               bigbss       000000
__Lbigdata                              bigdata      000000
__Lbigram                               bigram       000000
__Lbss                                  bss          000000
__LbssBANK0                             bssBANK0     000000
__LbssBANK1                             bssBANK1     000000
__LbssBANK2                             bssBANK2     000000
__LbssBANK4                             bssBANK4     000000
__LbssBANK5                             bssBANK5     000000
__LbssBANK6                             bssBANK6     000000
__LbssBANK7                             bssBANK7     000000
__LbssCOMRAM                            bssCOMRAM    000000
__Lcinit                                cinit        000000
__Lclrtext                              clrtext      000000
__Lcomram                               comram       000000
__Lconfig                               config       300000
__Lconst                                const        000000
__LcstackBANK0                          cstackBANK0  000000
__LcstackBANK1                          cstackBANK1  000000
__LcstackBANK2                          cstackBANK2  000000
__LcstackBANK3                          cstackBANK3  000000
__LcstackCOMRAM                         cstackCOMRAM 000000
__Ldata                                 data         000000
__LdataBANK0                            dataBANK0    000000
__LdataBANK2                            dataBANK2    000000
__LdataCOMRAM                           dataCOMRAM   000000
__Leeprom_data                          eeprom_data  000000
__Lend_init                             end_init     0001F2
__Lfarbss                               farbss       000000
__Lfardata                              fardata      000000
__Libigdata                             ibigdata     000000
__Lidata                                idata        000000
__LidataBANK0                           idataBANK0   000000
__LidataBANK2                           idataBANK2   000000
__LidataCOMRAM                          idataCOMRAM  000000
__Lidloc                                idloc        200000
__Lifardata                             ifardata     000000
__Linit                                 init         0001F2
__Lintcode                              intcode      000008
__Lintcode_body                         intcode_body 000000
__Lintcodelo                            intcodelo    000018
__Lintentry                             intentry     000000
__Lintret                               intret       000000
__Lintsave_regs                         intsave_regs 000000
__Lirdata                               irdata       000000
__Lmediumconst                          mediumconst  00F118
__LnvFARRAM                             nvFARRAM     000000
__Lnvbit                                nvbit        000000
__Lnvrram                               nvrram       000000
__Lparam                                rparam       000000
__Lpowerup                              powerup      0001F2
__Lram                                  ram          000000
__Lramtop                               ramtop       001000
__Lrbit                                 rbit         000000
__Lrbss                                 rbss         000000
__Lrdata                                rdata        000000
__Lreset_vec                            reset_vec    000000
__Lrparam                               rparam       000000
__Lsfr                                  sfr          000000
__Lsmallconst                           smallconst   000000
__Lspace_0                              (abs)        000000
__Lspace_1                              (abs)        000000
__Lspace_2                              (abs)        000000
__Lstack                                stack        000000
__Lstruct                               struct       000000
__Ltemp                                 temp         000000
__Ltext                                 text         000000
__Ltext0                                text0        000000
__Ltext1                                text1        000000
__Ltext10                               text10       000000
__Ltext100                              text100      000000
__Ltext102                              text102      000000
__Ltext103                              text103      000000
__Ltext104                              text104      000000
__Ltext105                              text105      000000
__Ltext106                              text106      000000
__Ltext107                              text107      000000
__Ltext108                              text108      000000
__Ltext109                              text109      000000
__Ltext11                               text11       000000
__Ltext111                              text111      000000
__Ltext112                              text112      000000
__Ltext113                              text113      000000
__Ltext114                              text114      000000
__Ltext115                              text115      000000
__Ltext116                              text116      000000
__Ltext12                               text12       000000
__Ltext13                               text13       000000
__Ltext14                               text14       000000
__Ltext15                               text15       000000
__Ltext16                               text16       000000
__Ltext17                               text17       000000
__Ltext18                               text18       000000
__Ltext19                               text19       000000
__Ltext2                                text2        000000
__Ltext20                               text20       000000
__Ltext21                               text21       000000
__Ltext22                               text22       000000
__Ltext23                               text23       000000
__Ltext24                               text24       000000
__Ltext25                               text25       000000
__Ltext26                               text26       000000
__Ltext27                               text27       000000
__Ltext28                               text28       000000
__Ltext29                               text29       000000
__Ltext3                                text3        000000
__Ltext30                               text30       000000
__Ltext31                               text31       000000
__Ltext32                               text32       000000
__Ltext33                               text33       000000
__Ltext34                               text34       000000
__Ltext35                               text35       000000
__Ltext36                               text36       000000
__Ltext37                               text37       000000
__Ltext38                               text38       000000
__Ltext39                               text39       000000
__Ltext4                                text4        000000
__Ltext40                               text40       000000
__Ltext41                               text41       000000
__Ltext42                               text42       000000
__Ltext43                               text43       000000
[...]
		_SetTimer0
		i2_ReadIRpin
		i2_ResetTimer0
		i2_cleanBuffer16bit
 This function is called by:
		Interrupt level 2
 This function uses a non-reentrant model


 *************** function i2_cleanBuffer16bit *****************
 Defined at:
		line 141 in file "MISC.c"
 Parameters:    Size  Location     Type
  data            2   26[COMRAM] PTR unsigned int 
		 -> IRRawCode(200), 
  count           2   28[COMRAM] int 
 Auto vars:     Size  Location     Type
  cleanBuffer1    1   33[COMRAM] unsigned char 
 Return value:  Size  Location     Type
		None               void
 Registers used:
		wreg, fsr2l, fsr2h, status,2, status,0, prodl, prodh
 Tracked objects:
		On entry : 
		On exit  : 
		Unchanged: 
 Data sizes:     COMRAM   BANK0   BANK1   BANK2   BANK3   BANK4   BANK5   BANK6   BANK7   BANK8   BANK9  BANK10  BANK11  BANK12  BANK13  BANK14  BANK15
      Params:         4       0       0       0       0       0       0       0       0       0       0       0       0       0       0       0       0
      Locals:         1       0       0       0       0       0       0       0       0       0       0       0       0       0       0       0       0
      Temps:          3       0       0       0       0       0       0       0       0       0       0       0       0       0       0       0       0
      Totals:         8       0       0       0       0       0       0       0       0       0       0       0       0       0       0       0       0
Total ram usage:        8 bytes
 Hardware stack levels used:    1
 This function calls:
		Nothing
 This function is called by:
		_high_isr
 This function uses a non-reentrant model


 *************** function i2_ResetTimer0 *****************
 Defined at:
		line 79 in file "Timer.c"
 Parameters:    Size  Location     Type
		None
 Auto vars:     Size  Location     Type
		None
 Return value:  Size  Location     Type
		None               void
 Registers used:
		wreg, status,2
 Tracked objects:
		On entry : 
		On exit  : 
		Unchanged: 
 Data sizes:     COMRAM   BANK0   BANK1   BANK2   BANK3   BANK4   BANK5   BANK6   BANK7   BANK8   BANK9  BANK10  BANK11  BANK12  BANK13  BANK14  BANK15
      Params:         0       0       0       0       0       0       0       0       0       0       0       0       0       0       0       0       0
      Locals:         0       0       0       0       0       0       0       0       0       0       0       0       0       0       0       0       0
      Temps:          0       0       0       0       0       0       0       0       0       0       0       0       0       0       0       0       0
      Totals:         0       0       0       0       0       0       0       0       0       0       0       0       0       0       0       0       0
Total ram usage:        0 bytes
 Hardware stack levels used:    1
 This function calls:
		Nothing
 This function is called by:
		_high_isr
 This function uses a non-reentrant model


 *************** function i2_ReadIRpin *****************
 Defined at:
		line 107 in file "IR.c"
 Parameters:    Size  Location     Type
		None
 Auto vars:     Size  Location     Type
		None
 Return value:  Size  Location     Type
                  1    wreg      unsigned char 
 Registers used:
		wreg
 Tracked objects:
		On entry : 
		On exit  : 
		Unchanged: 
 Data sizes:     COMRAM   BANK0   BANK1   BANK2   BANK3   BANK4   BANK5   BANK6   BANK7   BANK8   BANK9  BANK10  BANK11  BANK12  BANK13  BANK14  BANK15
      Params:         0       0       0       0       0       0       0       0       0       0       0       0       0       0       0       0       0
      Locals:         0       0       0       0       0       0       0       0       0       0       0       0       0       0       0       0       0
      Temps:          0       0       0       0       0       0       0       0       0       0       0       0       0       0       0       0       0
      Totals:         0       0       0       0       0       0       0       0       0       0       0       0       0       0       0       0       0
Total ram usage:        0 bytes
 Hardware stack levels used:    1
 This function calls:
		Nothing
 This function is called by:
		_high_isr
 This function uses a non-reentrant model


 *************** function _SetTimer0 *****************
 Defined at:
		line 94 in file "Timer.c"
 Parameters:    Size  Location     Type
  temp            2   26[COMRAM] unsigned int 
 Auto vars:     Size  Location     Type
		None
 Return value:  Size  Location     Type
		None               void
 Registers used:
		wreg, status,2
 Tracked objects:
		On entry : 
		On exit  : 
		Unchanged: 
 Data sizes:     COMRAM   BANK0   BANK1   BANK2   BANK3   BANK4   BANK5   BANK6   BANK7   BANK8   BANK9  BANK10  BANK11  BANK12  BANK13  BANK14  BANK15
      Params:         2       0       0       0       0       0       0       0       0       0       0       0       0       0       0       0       0
      Locals:         0       0       0       0       0       0       0       0       0       0       0       0       0       0       0       0       0
      Temps:          0       0       0       0       0       0       0       0       0       0       0       0       0       0       0       0       0
      Totals:         2       0       0       0       0       0       0       0       0       0       0       0       0       0       0       0       0
Total ram usage:        2 bytes
 Hardware stack levels used:    1
 This function calls:
		Nothing
 This function is called by:
		_high_isr
 This function uses a non-reentrant model


 *************** function _ResetTimer3 *****************
 Defined at:
		line 175 in file "Timer.c"
 Parameters:    Size  Location     Type
		None
 Auto vars:     Size  Location     Type
		None
 Return value:  Size  Location     Type
		None               void
 Registers used:
		wreg, status,2
 Tracked objects:
		On entry : 
		On exit  : 
		Unchanged: 
 Data sizes:     COMRAM   BANK0   BANK1   BANK2   BANK3   BANK4   BANK5   BANK6   BANK7   BANK8   BANK9  BANK10  BANK11  BANK12  BANK13  BANK14  BANK15
      Params:         0       0       0       0       0       0       0       0       0       0       0       0       0       0       0       0       0
      Locals:         0       0       0       0       0       0       0       0       0       0       0       0       0       0       0       0       0
      Temps:          0       0       0       0       0       0       0       0       0       0       0       0       0       0       0       0       0
      Totals:         0       0       0       0       0       0       0       0       0       0       0       0       0       0       0       0       0
Total ram usage:        0 bytes
 Hardware stack levels used:    1
 This function calls:
		Nothing
 This function is called by:
		_high_isr
 This function uses a non-reentrant model


 *************** function _IRrawToNEC *****************
 Defined at:
		line 125 in file "IR.c"
 Parameters:    Size  Location     Type
  Raw             2   26[COMRAM] PTR unsigned int 
		 -> IRRawCode(200), 
  NEC             2   28[COMRAM] PTR unsigned long 
		 -> IR_NEC(4), 
  Invert          1   30[COMRAM] unsigned char 
 Auto vars:     Size  Location     Type
  NECtemp         4    0[BANK0 ] unsigned long 
  StartBit        1    6[BANK0 ] unsigned char 
  i               1    5[BANK0 ] unsigned char 
  first           1    4[BANK0 ] unsigned char 
 Return value:  Size  Location     Type
                  1    wreg      unsigned char 
 Registers used:
		wreg, fsr2l, fsr2h, status,2, status,0, prodl, prodh
 Tracked objects:
		On entry : 
		On exit  : 
		Unchanged: 
 Data sizes:     COMRAM   BANK0   BANK1   BANK2   BANK3   BANK4   BANK5   BANK6   BANK7   BANK8   BANK9  BANK10  BANK11  BANK12  BANK13  BANK14  BANK15
      Params:         5       0       0       0       0       0       0       0       0       0       0       0       0       0       0       0       0
      Locals:         0       7       0       0       0       0       0       0       0       0       0       0       0       0       0       0       0
      Temps:          2       0       0       0       0       0       0       0       0       0       0       0       0       0       0       0       0
      Totals:         7       7       0       0       0       0       0       0       0       0       0       0       0       0       0       0       0
Total ram usage:       14 bytes
 Hardware stack levels used:    1
 This function calls:
		Nothing
 This function is called by:
		_high_isr
 This function uses a non-reentrant model



MODULE INFORMATION

Module		Function		Class		Link	Load	Size
C:\Program Files (x86)\Microchip\xc8\v1.34\sources\common\ftge.c
		___ftge        		CODE           	7D82	0000	207

C:\Program Files (x86)\Microchip\xc8\v1.34\sources\common\ftge.c estimated size: 207

UART.c
		_OpenUSART     		CODE           	895A	0000	125
		_Local_CloseUSA		CODE           	94F4	0000	15
		_InitUART      		CODE           	79B2	0000	279
		_UARTstring    		CODE           	8DEE	0000	91
		_EraseScreen   		CODE           	9380	0000	41
		_UARTstringCRLN		CODE           	8B38	0000	107
		_UARTchar      		CODE           	93C6	0000	31
		_ClearUSART    		CODE           	9502	0000	15
		_ReadUSART     		CODE           	9400	0000	25
		_UARTcommandMen		CODE           	7776	0000	287

UART.c estimated size: 1016

Bluetooth.c
		_BluetoothConfi		CODE           	93E4	0000	29
		_BlueConnected 		CODE           	953A	0000	15
		_ResetBlue     		CODE           	926E	0000	51
		_WaitForIRsigna		CODE           	873A	0000	145
		_BluetoothIniti		CODE           	4CE8	0000	1061
		_InitBluetooth 		CODE           	8EA0	0000	87
		_UseBluetooth  		CODE           	01F6	0000	8171
		_EnterCommandMo		CODE           	7E50	0000	201

Bluetooth.c estimated size: 9760

C:\Program Files (x86)\Microchip\xc8\v1.34\sources\common\ftdivl.c
		__tdiv_to_l_   		CODE           	6872	0000	423

C:\Program Files (x86)\Microchip\xc8\v1.34\sources\common\ftdivl.c estimated size: 423

Timer.c
		_InitTimer0    		CODE           	94D6	0000	17
		_InitTimer1    		CODE           	951E	0000	15
		_InitTimer2    		CODE           	9510	0000	15
		_InitTimer3    		CODE           	957C	0000	11
		_InitTimers    		CODE           	948A	0000	21
		_SetTimer0     		CODE           	959A	0000	11
		_LEDTimerON    		CODE           	94B2	0000	19
		_ResetTimer0   		CODE           	9586	0000	11
		_ResetTimer1   		CODE           	9572	0000	11
		_ResetTimer3   		CODE           	95A4	0000	11

Timer.c estimated size: 142

C:\Program Files (x86)\Microchip\xc8\v1.34\sources\common\ftneg.c
		___ftneg       		CODE           	92A0	0000	49

C:\Program Files (x86)\Microchip\xc8\v1.34\sources\common\ftneg.c estimated size: 49

interrupts.c
		_high_isr      		CODE           	0008	0000	1485
		_low_isr       		CODE           	0018	0000	475

interrupts.c estimated size: 1960

C:\Program Files (x86)\Microchip\xc8\v1.34\sources\common\Umul32.c
		___lmul        		CODE           	89D6	0000	123

C:\Program Files (x86)\Microchip\xc8\v1.34\sources\common\Umul32.c estimated size: 123

C:\Program Files (x86)\Microchip\xc8\v1.34\sources\common\fldivl.c
		__div_to_l_    		CODE           	6A18	0000	405

C:\Program Files (x86)\Microchip\xc8\v1.34\sources\common\fldivl.c estimated size: 405

C:\Program Files (x86)\Microchip\xc8\v1.34\sources\common\ftsub.c
		___ftsub       		CODE           	8FA0	0000	81

C:\Program Files (x86)\Microchip\xc8\v1.34\sources\common\ftsub.c estimated size: 81

C:\Program Files (x86)\Microchip\xc8\v1.34\sources\common\float.c
		___ftpack      		CODE           	7656	0000	289

C:\Program Files (x86)\Microchip\xc8\v1.34\sources\common\float.c estimated size: 289

C:\Program Files (x86)\Microchip\xc8\v1.34\sources\common\awmod.c
		___awmod       		CODE           	820C	0000	181

C:\Program Files (x86)\Microchip\xc8\v1.34\sources\common\awmod.c estimated size: 181

RF.c
		_SendRF_wait   		CODE           	914A	0000	63
		_SendRF_Channel		CODE           	6060	0000	601
		_SendRF        		CODE           	7BC2	0000	241

RF.c estimated size: 905

C:\Program Files (x86)\Microchip\xc8\v1.34\sources\common\llmod.c
		___llmod       		CODE           	8420	0000	165

C:\Program Files (x86)\Microchip\xc8\v1.34\sources\common\llmod.c estimated size: 165

Button.c
		_ReadPushButton		CODE           	94E6	0000	15
		_ReadCodeButton		CODE           	8F4C	0000	85

Button.c estimated size: 100

C:\Program Files (x86)\Microchip\xc8\v1.34\sources\common\ftmul.c
		___ftmul       		CODE           	6EAA	0000	365

C:\Program Files (x86)\Microchip\xc8\v1.34\sources\common\ftmul.c estimated size: 365

C:\Program Files (x86)\Microchip\xc8\v1.34\sources\common\isdigit.c
		_isdigit       		CODE           	92D0	0000	47

C:\Program Files (x86)\Microchip\xc8\v1.34\sources\common\isdigit.c estimated size: 47

EEPROM.c
		_SetEEPROMdefau		CODE           	7408	0000	297
		_SetMemoryLong 		CODE           	7AC8	0000	251
		_SetMemoryChar 		CODE           	91C6	0000	59
		_EEPROM_UNLOCK 		CODE           	9448	0000	23
		_EEPROMinitiali		CODE           	949E	0000	21
		_ReadEEPROM_1By		CODE           	8C08	0000	103
		_GetEEPROM     		CODE           	6BAC	0000	399
		_WriteEEPROM_1B		CODE           	8C6E	0000	101
		_SetEEPROM     		CODE           	64B8	0000	493
		_SyncEEPROMToGl		CODE           	66A4	0000	463
		_SyncGlobalToEE		CODE           	9038	0000	71
		_GetMemoryLong 		CODE           	6D3A	0000	369
		_GetMemoryChar 		CODE           	9356	0000	43

EEPROM.c estimated size: 2693

C:\Program Files (x86)\Microchip\xc8\v1.34\sources\common\lwtoft.c
		___lwtoft      		CODE           	92FE	0000	45

C:\Program Files (x86)\Microchip\xc8\v1.34\sources\common\lwtoft.c estimated size: 45

C:\Program Files (x86)\Microchip\xc8\v1.34\sources\common\ftdiv.c
		___ftdiv       		CODE           	7016	0000	339

C:\Program Files (x86)\Microchip\xc8\v1.34\sources\common\ftdiv.c estimated size: 339

C:\Program Files (x86)\Microchip\xc8\v1.34\sources\common\lltoft.c
		___lltoft      		CODE           	88DA	0000	129

C:\Program Files (x86)\Microchip\xc8\v1.34\sources\common\lltoft.c estimated size: 129

shared
		i1_UARTchar    		CODE           	9430	0000	25
		_Conf2_ChannelB		MEDIUMCONST    	F244	0000	20
		_Conf2_ChannelD		MEDIUMCONST    	F257	0000	20
		_Conf1_ChannelD		MEDIUMCONST    	F369	0000	13
		_Conf1_ChannelE		MEDIUMCONST    	F375	0000	13
		_Conf1_ChannelF		MEDIUMCONST    	F381	0000	13
		i1_UARTstring  		CODE           	8E48	0000	89
		i2_cleanBuffer1		CODE           	9108	0000	67
		_Conf1_Channels		MEDIUMCONST    	F39B	0000	5
		__powers_      		MEDIUMCONST    	F168	0000	40
		_Conf2_ChannelB		MEDIUMCONST    	F28E	0000	17
		_Conf2_ChannelD		MEDIUMCONST    	F2AE	0000	17
		_Conf2_ChannelH		MEDIUMCONST    	F1C9	0000	22
		_Conf2_ChannelH		MEDIUMCONST    	F1DE	0000	22
		_Conf2_ChannelH		MEDIUMCONST    	F1F3	0000	22
		i2_ReadIRpin   		CODE           	9564	0000	15
		_dpowers       		MEDIUMCONST    	F119	0000	41
		_SYNTAX_ERR    		MEDIUMCONST    	F35B	0000	15
		_PCBVersion    		MEDIUMCONST    	F396	0000	6
		i1_BlueConnecte		CODE           	9556	0000	15
		i2_ResetTimer0 		CODE           	9590	0000	11
		_Conf2_Channels		MEDIUMCONST    	F39F	0000	5
		_FirmVersion   		MEDIUMCONST    	F38D	0000	10
		__npowers_     		MEDIUMCONST    	F141	0000	40
		_Conf1_ChannelD		MEDIUMCONST    	F32E	0000	16
		_Conf1_ChannelE		MEDIUMCONST    	F33D	0000	16
		_Conf1_ChannelF		MEDIUMCONST    	F34C	0000	16
		i1_ReadUSART   		CODE           	9474	0000	23
		__initializatio		CODE           	7FDE	0000	187
		_CRLN          		MEDIUMCONST    	F3A7	0000	4
		_ProjectName   		MEDIUMCONST    	F1AF	0000	27
		_Conf2_ChannelH		MEDIUMCONST    	F2CE	0000	17
		_Conf2_ChannelH		MEDIUMCONST    	F2EE	0000	17
		_Conf2_ChannelH		MEDIUMCONST    	F30E	0000	17
		_Conf2_ChannelH		MEDIUMCONST    	F208	0000	21
		_Conf2_ChannelH		MEDIUMCONST    	F21C	0000	21
		_Conf2_ChannelH		MEDIUMCONST    	F230	0000	21
		_hexpowers     		MEDIUMCONST    	F18F	0000	33
		_Conf2_ChannelB		MEDIUMCONST    	F26A	0000	19
		_Conf2_ChannelD		MEDIUMCONST    	F27C	0000	19
		i1_cleanBuffer 		CODE           	9188	0000	63
		_Conf2_ChannelB		MEDIUMCONST    	F29E	0000	17
		_Conf2_ChannelD		MEDIUMCONST    	F2BE	0000	17
		_Conf2_ChannelH		MEDIUMCONST    	F2DE	0000	17
		_Frequency     		MEDIUMCONST    	F3A3	0000	5
		_Conf2_ChannelH		MEDIUMCONST    	F2FE	0000	17
		_Conf2_ChannelH		MEDIUMCONST    	F31E	0000	17
		i1_UARTstringCR		CODE           	8CD2	0000	101

shared estimated size: 1291

C:\Program Files (x86)\Microchip\xc8\v1.34\sources\common\altoft.c
		___altoft      		CODE           	8566	0000	163

C:\Program Files (x86)\Microchip\xc8\v1.34\sources\common\altoft.c estimated size: 163

ADC.c
		_InternalADC_Re		CODE           	84C4	0000	163
		_ReadVoltage   		CODE           	809E	0000	185
		_VoltageDivider		CODE           	95BE	0000	5
		_InitADC       		CODE           	945E	0000	23
		_VoltageDivider		CODE           	95B8	0000	7
		_ResetADC      		CODE           	9548	0000	15

ADC.c estimated size: 398

C:\Program Files (x86)\Microchip\xc8\v1.34\sources\common\awdiv.c
		___awdiv       		CODE           	7CB2	0000	209

C:\Program Files (x86)\Microchip\xc8\v1.34\sources\common\awdiv.c estimated size: 209

MISC.c
		_Round         		CODE           	8BA2	0000	103
		_StringContains		CODE           	82C0	0000	179
		_BufferCopy    		CODE           	87CA	0000	139
		_StringContains		CODE           	7530	0000	295
		_GetStringAfter		CODE           	7894	0000	287
		_cleanBuffer   		CODE           	8D94	0000	91
		_cleanBuffer16b		CODE           	8D36	0000	95
		_lowercaseStrin		CODE           	90C4	0000	69
		_delayUS       		CODE           	8EF6	0000	87
		_Reverse_Byte  		CODE           	8156	0000	183
		_IsLetter      		CODE           	93A8	0000	31
		_Reverse_4Byte 		CODE           	3124	0000	3199
		_StringAddEqual		CODE           	62B8	0000	513
		_StringMatch   		CODE           	8A50	0000	121
		_GetNumber     		CODE           	4862	0000	1159
		_IsCharacter   		CODE           	9418	0000	25
		_StringMatchCas		CODE           	86A6	0000	149
		_lowercaseChar 		CODE           	932A	0000	45

MISC.c estimated size: 6770

IR.c
		_DecodeNEC     		CODE           	8372	0000	175
		_InitIR        		CODE           	8FF0	0000	73
		_EncodeNEC     		CODE           	72BA	0000	335
		_UseIRCode     		CODE           	5DF8	0000	617
		_IRrawToNEC    		CODE           	551E	0000	901
		_ReadIRpin     		CODE           	952C	0000	15
		_SendNEC_wait  		CODE           	8608	0000	159
		_SendNEC_bytes 		CODE           	8854	0000	135
		_CheckReceiving		CODE           	94C4	0000	19

IR.c estimated size: 2429

C:\Program Files (x86)\Microchip\xc8\v1.34\sources\common\lldiv.c
		___lldiv       		CODE           	7F18	0000	199

C:\Program Files (x86)\Microchip\xc8\v1.34\sources\common\lldiv.c estimated size: 199

user.c
		_InitApp       		CODE           	907E	0000	71
		_Init_System   		CODE           	8AC8	0000	113

user.c estimated size: 184

C:\Program Files (x86)\Microchip\xc8\v1.34\sources\common\doprnt.c
		_scale         		CODE           	435E	0000	1285
		_sprintf       		CODE           	21E0	0000	3909
		_fround        		CODE           	58A2	0000	729

C:\Program Files (x86)\Microchip\xc8\v1.34\sources\common\doprnt.c estimated size: 5923

C:\Program Files (x86)\Microchip\xc8\v1.34\sources\common\fttol.c
		___fttol       		CODE           	7168	0000	339

C:\Program Files (x86)\Microchip\xc8\v1.34\sources\common\fttol.c estimated size: 339

main.c
		_main          		CODE           	510C	0000	1043

main.c estimated size: 1043

C:\Program Files (x86)\Microchip\xc8\v1.34\sources\common\Umul16.c
		___wmul        		CODE           	9200	0000	57

C:\Program Files (x86)\Microchip\xc8\v1.34\sources\common\Umul16.c estimated size: 57

system.c
		_ConfigureOscil		CODE           	95C2	0000	3

system.c estimated size: 3

C:\Program Files (x86)\Microchip\xc8\v1.34\sources\common\ftadd.c
		___ftadd       		CODE           	5B7A	0000	639

C:\Program Files (x86)\Microchip\xc8\v1.34\sources\common\ftadd.c estimated size: 639

