Microchip MPLAB XC8 Compiler V1.34 ()

Linker command line:

--edf=C:\Program Files (x86)\Microchip\xc8\v1.34\dat\en_msgs.txt -cs \
  -h+dist/xc8_pic18f26k20/debug\PIC_IR_RF_Bluetooth_Home_Automation.debug.sym \
  --cmf=dist/xc8_pic18f26k20/debug\PIC_IR_RF_Bluetooth_Home_Automation.debug.cmf \
  -z -Q18F26K20 -oC:\Users\DWHITF~1.TDY\AppData\Local\Temp\s95k.6 \
  -Mdist/xc8_pic18f26k20/debug/PIC_IR_RF_Bluetooth_Home_Automation.debug.map \
  -E1 -ver=XC8 -ASTACK=07C8h-0eeeh -pstack=STACK -ACODE=00h-0FCFFh \
  -ACONST=00h-0FCFFh -ASMALLCONST=01000h-010FFhx237 \
  -AMEDIUMCONST=01000h-0FCFFh -ACOMRAM=01h-05Fh \
  -AABS1=00h-0EEEh,0F00h-0F5Fh -ABIGRAM=01h-0EEEh,0F00h-0F5Fh \
  -ARAM=060h-0FFh,0100h-01FFhx13,0E00h-0EEEh,0F00h-0F5Fh -ABANK0=060h-0FFh \
  -ABANK1=0100h-01FFh -ABANK2=0200h-02FFh -ABANK3=0300h-03FFh \
  -ABANK4=0400h-04FFh -ABANK5=0500h-05FFh -ABANK6=0600h-06FFh \
  -ABANK7=0700h-07FFh -ABANK8=0800h-08FFh -ABANK9=0900h-09FFh \
  -ABANK10=0A00h-0AFFh -ABANK11=0B00h-0BFFh -ABANK12=0C00h-0CFFh \
  -ABANK13=0D00h-0DFFh -ABANK14=0E00h-0EEEh -ABANK15=0F00h-0F5Fh \
  -ASFR=0F60h-0F9Bh,0F9Dh-0FD3h,0FD5h-0FDAh,0FE0h-0FE2h,0FE8h-0FEAh,0FF0h-0FFBh \
  -preset_vec=00h,intcode=08h,intcodelo=018h,powerup,init,end_init \
  -pramtop=01000h -psmallconst=SMALLCONST -pmediumconst=MEDIUMCONST \
  -pconst=CONST -AFARRAM=00h-00h -ACONFIG=0300000h-030000Dh -pconfig=CONFIG \
  -AIDLOC=0200000h-0200007h -pidloc=IDLOC -AEEDATA=0F00000h-0F003FFh \
  -peeprom_data=EEDATA \
  -prdata=COMRAM,nvrram=COMRAM,nvbit=COMRAM,rbss=COMRAM,rbit=COMRAM \
  -pfarbss=FARRAM,fardata=FARRAM,nvFARRAM=FARRAM \
  -pintsave_regs=BIGRAM,bigbss=BIGRAM,bigdata=BIGRAM -pbss=RAM \
  -pidata=CODE,irdata=CODE,ibigdata=CODE,ifardata=CODE -prparam=COMRAM \
  C:\Users\DWHITF~1.TDY\AppData\Local\Temp\s95k.obj \
  dist/xc8_pic18f26k20/debug\PIC_IR_RF_Bluetooth_Home_Automation.debug.obj 

Object code version is 3.11

Machine type is 18F26K20

Call graph: (short form)




                Name                               Link     Load   Length Selector   Space Scale
C:\Users\DWHITF~1.TDY\AppData\Local\Temp\s95k.obj
                end_init                            1F2      1F2        4        C       0
                reset_vec                             0        0        6        0       0
                idloc                            200000   200000        8   200000       0
                config                           300000   300000        E   300000       0
dist/xc8_pic18f26k20/debug\PIC_IR_RF_Bluetooth_Home_Automation.debug.obj
                intcodelo                            18       18      1DA        C       0
                intcode                               8        8       10        4       0
                mediumconst                        EE60     EE60      EA0     7730       0
                text116                            50A0     50A0      3FE        C       0
                text115                            955C     955C        A        C       0
                text114                            9552     9552        A        C       0
                text113                            951C     951C        E        C       0
                text112                            9548     9548        A        C       0
                text111                            90C0     90C0       42        C       0
                intcode_body                       3D4A     3D4A      5A8        C       0
                text109                            93E8     93E8       18        C       0
                text108                            9338     9338       28        C       0
                text107                            93D0     93D0       18        C       0
                text106                            950E     950E        E        C       0
                text105                            942C     942C       16        C       0
                text104                            8E00     8E00       58        C       0
                text103                            8C8A     8C8A       64        C       0
                text102                            9140     9140       3E        C       0
                text100                            957A     957A        2     4AB8       0
                text99                             9036     9036       46        C       0
                text98                             9456     9456       14        C       0
                text97                             9500     9500        E        C       0
                text96                             9416     9416       16        C       0
                text95                             8BC0     8BC0       66        C       0
                text94                             930E     930E       2A        C       0
                text93                             9400     9400       16        C       0
                text92                             8C26     8C26       64        C       0
                text91                             917E     917E       3A        C       0
                text90                             6CDC     6CDC      170        C       0
                text89                             7A6A     7A6A       FA        C       0
                text88                             645A     645A      1EC        C       0
                text87                             8FF0     8FF0       46        C       0
                text86                             939C     939C       1C        C       0
                text85                             94F2     94F2        E        C       0
                text84                             8EAE     8EAE       56        C       0
                text83                             9226     9226       32        C       0
                text82                             8262     8262       B2        C       0
                text81                             937E     937E       1E        C       0
                text80                             8DA6     8DA6       5A        C       0
                text79                             8D4C     8D4C       5A        C       0
                text78                             7DF2     7DF2       C8        C       0
                text77                             7D24     7D24       CE        C       0
                text76                             9258     9258       30        C       0
                text75                             75F8     75F8      120        C       0
                text74                             5B1E     5B1E      27E        C       0
                text73                             8F58     8F58       50        C       0
                text72                             710A     710A      152        C       0
                text71                             7EBA     7EBA       C6        C       0
                text70                             83C2     83C2       A4        C       0
                text69                             8902     8902       80        C       0
                text68                             69BA     69BA      194        C       0
                text67                             6814     6814      1A6        C       0
                text66                             7C54     7C54       D0        C       0
                text65                             81AE     81AE       B4        C       0
                text64                             6E4C     6E4C      16C        C       0
                text63                             91B8     91B8       38        C       0
                text62                             5846     5846      2D8        C       0
                text61                             9288     9288       2E        C       0
                text60                             42F2     42F2      504        C       0
                text59                             2188     2188      F44        C       0
                text58                             4C7C     4C7C      424        C       0
                text57                             8E58     8E58       56        C       0
                text56                             948E     948E       10        C       0
                text55                             94E4     94E4        E        C       0
                text54                             953E     953E        A        C       0
                text53                             8CEE     8CEE       5E        C       0
                text52                             8FA8     8FA8       48        C       0
                text51                             94D6     94D6        E        C       0
                text50                             94C8     94C8        E        C       0
                text49                             9534     9534        A        C       0
                text48                             9442     9442       14        C       0
                text47                             93B8     93B8       18        C       0
                text46                             94BA     94BA        E        C       0
                text45                             94AC     94AC        E        C       0
                text44                             8982     8982       7C        C       0
                text43                             8508     8508       A2        C       0
                text42                             8B5A     8B5A       66        C       0
                text41                             7954     7954      116        C       0
                text40                             73AA     73AA      128        C       0
                text39                             6B4E     6B4E      18E        C       0
                text38                             6646     6646      1CE        C       0
                text37                             887C     887C       86        C       0
                text36                             80F8     80F8       B6        C       0
                text35                             8314     8314       AE        C       0
                text34                             725C     725C      14E        C       0
                text33                             9360     9360       1E        C       0
                text32                             89FE     89FE       7A        C       0
                text31                             92E2     92E2       2C        C       0
                text30                             47F6     47F6      486        C       0
                text29                             7836     7836      11E        C       0
                text28                             8466     8466       A2        C       0
                text27                             9576     9576        4     4AB8       0
                text26                             9570     9570        6     4AB8       0
                text25                             6FB8     6FB8      152        C       0
                text24                             92B6     92B6       2C        C       0
                text23                             8040     8040       B8        C       0
                text22                             947C     947C       12        C       0
                text21                             30CC     30CC      C7E        C       0
                text20                             87F6     87F6       86        C       0
                text19                             85AA     85AA       9E        C       0
                text18                             952A     952A        A        C       0
                text17                             946A     946A       12        C       0
                text16                             7B64     7B64       F0        C       0
                text15                             9102     9102       3E        C       0
                text14                             876C     876C       8A        C       0
                text13                             625A     625A      200        C       0
                text12                             74D2     74D2      126        C       0
                text11                             8A78     8A78       78        C       0
                text10                             8648     8648       94        C       0
                text9                              7718     7718      11E        C       0
                text8                              8AF0     8AF0       6A        C       0
                text7                              86DC     86DC       90        C       0
                text6                              907C     907C       44        C       0
                text5                               1F6      1F6     1F92        C       0
                text4                              8F04     8F04       54        C       0
                text3                              949E     949E        E        C       0
                text2                              6002     6002      258        C       0
                text1                              5D9C     5D9C      266        C       0
                text0                              549E     549E      3A8        C       0
                cstackCOMRAM                          1        1       25        1       1
                cstackBANK0                          60       60       7B       60       1
                cstackBANK1                         100      100       FF      100       1
                cstackBANK2                         200      200       98      200       1
                cstackBANK3                         300      300       FF      300       1
                bssBANK7                            700      700       C8      700       1
                bssBANK6                            600      600       FF      600       1
                bssBANK5                            500      500       FF      500       1
                bssBANK4                            400      400       88      400       1
                dataBANK2                           298      298       36      200       1
                bssBANK2                            2CE      2CE       18      200       1
                bssBANK1                            1FF      1FF        1      100       1
                dataBANK0                            E6       E6        1       60       1
                bssBANK0                             DB       DB        B       60       1
                dataCOMRAM                           3C       3C        9        1       1
                bssCOMRAM                            26       26       16        1       1
                cinit                              7F80     7F80       C0        C       0
                idataBANK2                         91F0     91F0       36        C       0
                idataBANK0                         957C     957C        1     4AB8       0
                idataCOMRAM                        9566     9566        9        C       0

TOTAL           Name                               Link     Load   Length     Space
        CLASS   STACK          

        CLASS   CODE           
                end_init                            1F2      1F2        4         0
                intcodelo                            18       18      1DA         0
                intcode                               8        8       10         0
                reset_vec                             0        0        6         0
                text116                            50A0     50A0      3FE         0
                text115                            955C     955C        A         0
                text114                            9552     9552        A         0
                text113                            951C     951C        E         0
                text112                            9548     9548        A         0
                text111                            90C0     90C0       42         0
                intcode_body                       3D4A     3D4A      5A8         0
                text109                            93E8     93E8       18         0
                text108                            9338     9338       28         0
                text107                            93D0     93D0       18         0
                text106                            950E     950E        E         0
                text105                            942C     942C       16         0
                text104                            8E00     8E00       58         0
                text103                            8C8A     8C8A       64         0
                text102                            9140     9140       3E         0
                text100                            957A     957A        2         0
                text99                             9036     9036       46         0
                text98                             9456     9456       14         0
                text97                             9500     9500        E         0
                text96                             9416     9416       16         0
                text95                             8BC0     8BC0       66         0
                text94                             930E     930E       2A         0
                text93                             9400     9400       16         0
                text92                             8C26     8C26       64         0
                text91                             917E     917E       3A         0
                text90                             6CDC     6CDC      170         0
                text89                             7A6A     7A6A       FA         0
                text88                             645A     645A      1EC         0
                text87                             8FF0     8FF0       46         0
                text86                             939C     939C       1C         0
                text85                             94F2     94F2        E         0
                text84                             8EAE     8EAE       56         0
                text83                             9226     9226       32         0
                text82                             8262     8262       B2         0
                text81                             937E     937E       1E         0
                text80                             8DA6     8DA6       5A         0
                text79                             8D4C     8D4C       5A         0
                text78                             7DF2     7DF2       C8         0
                text77                             7D24     7D24       CE         0
                text76                             9258     9258       30         0
                text75                             75F8     75F8      120         0
                text74                             5B1E     5B1E      27E         0
                text73                             8F58     8F58       50         0
                text72                             710A     710A      152         0
                text71                             7EBA     7EBA       C6         0
                text70                             83C2     83C2       A4         0
                text69                             8902     8902       80         0
                text68                             69BA     69BA      194         0
                text67                             6814     6814      1A6         0
                text66                             7C54     7C54       D0         0
                text65                             81AE     81AE       B4         0
                text64                             6E4C     6E4C      16C         0
                text63                             91B8     91B8       38         0
                text62                             5846     5846      2D8         0
                text61                             9288     9288       2E         0
                text60                             42F2     42F2      504         0
                text59                             2188     2188      F44         0
                text58                             4C7C     4C7C      424         0
                text57                             8E58     8E58       56         0
                text56                             948E     948E       10         0
                text55                             94E4     94E4        E         0
                text54                             953E     953E        A         0
                text53                             8CEE     8CEE       5E         0
                text52                             8FA8     8FA8       48         0
                text51                             94D6     94D6        E         0
                text50                             94C8     94C8        E         0
                text49                             9534     9534        A         0
                text48                             9442     9442       14         0
                text47                             93B8     93B8       18         0
                text46                             94BA     94BA        E         0
                text45                             94AC     94AC        E         0
                text44                             8982     8982       7C         0
                text43                             8508     8508       A2         0
                text42                             8B5A     8B5A       66         0
                text41                             7954     7954      116         0
                text40                             73AA     73AA      128         0
                text39                             6B4E     6B4E      18E         0
                text38                             6646     6646      1CE         0
                text37                             887C     887C       86         0
                text36                             80F8     80F8       B6         0
                text35                             8314     8314       AE         0
                text34                             725C     725C      14E         0
                text33                             9360     9360       1E         0
                text32                             89FE     89FE       7A         0
                text31                             92E2     92E2       2C         0
                text30                             47F6     47F6      486         0
                text29                             7836     7836      11E         0
                text28                             8466     8466       A2         0
                text27                             9576     9576        4         0
                text26                             9570     9570        6         0
                text25                             6FB8     6FB8      152         0
                text24                             92B6     92B6       2C         0
                text23                             8040     8040       B8         0
                text22                             947C     947C       12         0
                text21                             30CC     30CC      C7E         0
                text20                             87F6     87F6       86         0
                text19                             85AA     85AA       9E         0
                text18                             952A     952A        A         0
                text17                             946A     946A       12         0
                text16                             7B64     7B64       F0         0
                text15                             9102     9102       3E         0
                text14                             876C     876C       8A         0
                text13                             625A     625A      200         0
                text12                             74D2     74D2      126         0
                text11                             8A78     8A78       78         0
                text10                             8648     8648       94         0
                text9                              7718     7718      11E         0
                text8                              8AF0     8AF0       6A         0
                text7                              86DC     86DC       90         0
                text6                              907C     907C       44         0
                text5                               1F6      1F6     1F92         0
                text4                              8F04     8F04       54         0
                text3                              949E     949E        E         0
                text2                              6002     6002      258         0
                text1                              5D9C     5D9C      266         0
                text0                              549E     549E      3A8         0
                cinit                              7F80     7F80       C0         0
                idataBANK2                         91F0     91F0       36         0
                idataBANK0                         957C     957C        1         0
                idataCOMRAM                        9566     9566        9         0

        CLASS   CONST          

        CLASS   SMALLCONST     

        CLASS   MEDIUMCONST    
                mediumconst                        EE60     EE60      EA0         0

        CLASS   COMRAM         
                cstackCOMRAM                          1        1       25         1
                dataCOMRAM                           3C       3C        9         1
                bssCOMRAM                            26       26       16         1

        CLASS   ABS1           

        CLASS   BIGRAM         

        CLASS   RAM            

        CLASS   BANK0          
                cstackBANK0                          60       60       7B         1
                dataBANK0                            E6       E6        1         1
                bssBANK0                             DB       DB        B         1

        CLASS   BANK1          
                cstackBANK1                         100      100       FF         1
                bssBANK1                            1FF      1FF        1         1

        CLASS   BANK2          
                cstackBANK2                         200      200       98         1
                dataBANK2                           298      298       36         1
                bssBANK2                            2CE      2CE       18         1

        CLASS   BANK3          
                cstackBANK3                         300      300       FF         1

        CLASS   BANK4          
                bssBANK4                            400      400       88         1

        CLASS   BANK5          
                bssBANK5                            500      500       FF         1

        CLASS   BANK6          
                bssBANK6                            600      600       FF         1

        CLASS   BANK7          
                bssBANK7                            700      700       C8         1

        CLASS   BANK8          

        CLASS   BANK9          

        CLASS   BANK10         

        CLASS   BANK11         

        CLASS   BANK12         

        CLASS   BANK13         

        CLASS   BANK14         

        CLASS   BANK15         

        CLASS   SFR            

        CLASS   FARRAM         

        CLASS   CONFIG         
                config                           300000   300000        E         0

        CLASS   IDLOC          
                idloc                            200000   200000        8         0

        CLASS   EEDATA         



SEGMENTS        Name                           Load    Length   Top    Selector   Space  Class

                reset_vec                      000000  000006  000006         0       0  CODE    
                cstackCOMRAM                   000001  000044  000045         1       1  COMRAM  
                intcode                        000008  000010  000018         4       0  CODE    
                intcodelo                      000018  009557  00956F         C       0  CODE    
                cstackBANK0                    000060  000087  0000E7        60       1  BANK0   
                cstackBANK1                    000100  000100  000200       100       1  BANK1   
                cstackBANK2                    000200  0000E6  0002E6       200       1  BANK2   
                cstackBANK3                    000300  0000FF  0003FF       300       1  BANK3   
                bssBANK4                       000400  000088  000488       400       1  BANK4   
                bssBANK5                       000500  0000FF  0005FF       500       1  BANK5   
                bssBANK6                       000600  0000FF  0006FF       600       1  BANK6   
                bssBANK7                       000700  0000C8  0007C8       700       1  BANK7   
                text26                         009570  00000D  00957D      4AB8       0  CODE    
                mediumconst                    00EE60  000EA0  00FD00      7730       0  MEDIUMCO
                idloc                          200000  000008  200008    200000       0  IDLOC   
                config                         300000  00000E  30000E    300000       0  CONFIG  


UNUSED ADDRESS RANGES

        Name                Unused          Largest block    Delta
        BANK0            0000E7-0000FF               19
        BANK10           000A00-000AFF              100
        BANK11           000B00-000BFF              100
        BANK12           000C00-000CFF              100
        BANK13           000D00-000DFF              100
        BANK14           000E00-000EEE               EF
        BANK15           000F00-000F5F               60
        BANK2            0002E6-0002FF               1A
        BANK3            0003FF-0003FF                1
        BANK4            000488-0004FF               78
        BANK5            0005FF-0005FF                1
        BANK6            0006FF-0006FF                1
        BANK7            0007C8-0007FF               38
        BANK8            000800-0008FF              100
        BANK9            000900-0009FF              100
        BIGRAM           000045-00005F               1B
                         0000E7-0000FF               19
                         0002E6-0002FF               1A
                         0003FF-0003FF                1
                         000488-0004FF               78
                         0005FF-0005FF                1
                         0006FF-0006FF                1
                         0007C8-000EEE              727
                         000F00-000F5F               60
        CODE             000006-000007                2
                         00956F-00956F                1
                         00957D-00EE5F             58E3
        COMRAM           000045-00005F               1B
        CONST            000006-000007                2
                         00956F-00956F                1
                         00957D-00EE5F             58E3
        EEDATA           F00000-F003FF              400
        MEDIUMCONST      00956F-00956F                1
                         00957D-00EE5F             58E3
        RAM              0000E7-0000FF               19
                         0002E6-0002FF               1A
                         0003FF-0003FF                1
                         000488-0004FF               78
                         0005FF-0005FF                1
                         0006FF-0006FF                1
                         0007C8-000EEE              100
                         000F00-000F5F               60
        SFR              000F60-000F9B               3C
                         000F9D-000FD3               37
                         000FD5-000FDA                6
                         000FE0-000FE2                3
                         000FE8-000FEA                3
                         000FF0-000FFB                C
        SMALLCONST       00956F-00956F                1
                         00957D-00EE5F              100
        STACK            0007C8-000EEE              727

                                  Symbol Table

?_EncodeNEC                             cstackBANK0  00007D
?_GetMemoryChar                         cstackBANK0  00007D
?_GetMemoryLong                         cstackBANK0  00007D
?_ReadEEPROM_1Byte                      cstackBANK0  000079
?_ReadVoltage                           cstackBANK0  0000A2
?_Reverse_4Byte                         cstackBANK0  000079
?_Round                                 cstackBANK0  0000C7
?_SetEEPROM                             cstackBANK1  000100
?___altoft                              cstackBANK0  000081
?___awdiv                               cstackBANK0  00007F
?___awmod                               cstackBANK0  000079
?___ftadd                               cstackBANK0  0000AC
?___ftdiv                               cstackBANK0  000084
?___ftmul                               cstackBANK0  000093
?___ftneg                               cstackBANK0  000079
?___ftpack                              cstackBANK0  000079
?___ftsub                               cstackBANK0  0000B8
?___fttol                               cstackBANK0  0000B8
?___lldiv                               cstackBANK0  000079
?___llmod                               cstackBANK0  000086
?___lltoft                              cstackBANK0  000081
?___lmul                                cstackBANK0  000079
?___lwtoft                              cstackBANK0  000081
?___wmul                                cstackBANK0  000087
?__div_to_l_                            cstackBANK0  000079
?__tdiv_to_l_                           cstackBANK0  000079
?_fround                                cstackBANK0  0000A2
?_scale                                 cstackBANK0  0000A2
?_sprintf                               cstackBANK0  0000C7
BluetoothInitialSetup@RFchannel         cstackBANK1  00011E
BluetoothInitialSetup@buf               cstackBANK1  000128
BluetoothInitialSetup@ok                cstackBANK1  00015A
BufferCopy@count                        cstackBANK0  000085
BufferCopy@from                         cstackBANK0  000081
BufferCopy@i                            cstackBANK0  000087
BufferCopy@shift                        cstackBANK0  000086
BufferCopy@to                           cstackBANK0  000083
DecodeNEC@Nec                           cstackBANK0  00007D
DecodeNEC@address                       cstackBANK0  000081
DecodeNEC@command                       cstackBANK0  000083
DecodeNEC@temp1                         cstackBANK0  00008B
DecodeNEC@temp2                         cstackBANK0  000089
DecodeNEC@temp3                         cstackBANK0  00008A
EncodeNEC@address                       cstackBANK0  0000A5
EncodeNEC@command                       cstackBANK0  00007D
EncodeNEC@temp1                         cstackBANK0  000095
EncodeNEC@temp2                         cstackBANK0  000099
EncodeNEC@temp3                         cstackBANK0  00009D
EncodeNEC@temp4                         cstackBANK0  0000A1
EnterCommandMode@count                  cstackBANK0  000082
EraseScreen@characters                  cstackCOMRAM 000002
EraseScreen@i                           cstackCOMRAM 000003
GetEEPROM@Arrayspot                     cstackBANK0  0000A2
GetEEPROM@Temp                          cstackBANK0  00009E
GetEEPROM@i                             cstackBANK0  0000A4
GetEEPROM@j                             cstackBANK0  0000A5
GetEEPROM@k                             cstackBANK0  0000A3
GetMemoryChar@AddressFirst              cstackBANK0  000081
GetMemoryChar@H                         cstackBANK0  000082
GetMemoryLong@AddressFirst              cstackBANK0  00009D
GetMemoryLong@H                         cstackBANK0  000099
GetMemoryLong@L                         cstackBANK0  00009C
GetMemoryLong@MH                        cstackBANK0  00009A
GetMemoryLong@ML                        cstackBANK0  00009B
GetMemoryLong@temp                      cstackBANK0  000095
GetNumber@CommaNumber                   cstackBANK0  000087
GetNumber@Hex                           cstackBANK0  000092
GetNumber@This                          cstackBANK0  000085
GetNumber@count                         cstackBANK0  000091
GetNumber@i                             cstackBANK0  000093
GetNumber@negative                      cstackBANK0  000090
GetNumber@result                        cstackBANK0  000088
GetNumber@temp                          cstackBANK0  000095
GetNumber@tempCommaNumber               cstackBANK0  00008F
GetNumber@tempThis                      cstackBANK0  000094
GetStringAfterComma@CommaNumber         cstackBANK0  00007B
GetStringAfterComma@This                cstackBANK0  000079
GetStringAfterComma@count               cstackBANK0  000080
GetStringAfterComma@result              cstackBANK0  00007C
GetStringAfterComma@tempCommaNumber     cstackBANK0  00007F
IRrawToNEC@Invert                       cstackCOMRAM 00001F
IRrawToNEC@NEC                          cstackCOMRAM 00001D
IRrawToNEC@NECtemp                      cstackBANK0  000060
IRrawToNEC@Raw                          cstackCOMRAM 00001B
IRrawToNEC@StartBit                     cstackBANK0  000066
IRrawToNEC@first                        cstackBANK0  000064
IRrawToNEC@i                            cstackBANK0  000065
InitUART@Baud                           cstackBANK0  0000CE
InitUART@config                         cstackBANK1  000105
InitUART@spbrg                          cstackBANK1  000103
InitUART@temp                           cstackBANK1  000106
InternalADC_Read@ADCcounts              cstackBANK0  000082
InternalADC_Read@AnaChanSel             cstackBANK0  000086
InternalADC_Read@channel                cstackBANK0  000087
IsCharacter@data                        cstackCOMRAM 000001
IsLetter@data                           cstackBANK0  000079
OpenUSART@config                        cstackBANK0  00007B
OpenUSART@spbrg                         cstackBANK0  000079
ReadCodeButtons@temp                    cstackBANK0  000082
ReadEEPROM_1Byte@GIEstatus              cstackBANK0  00007B
ReadEEPROM_1Byte@PEIEstatus             cstackBANK0  00007C
ReadEEPROM_1Byte@address                cstackBANK0  000079
ReadUSART@data                          cstackBANK0  000079
ReadVoltage@temp                        cstackBANK0  0000A8
ReadVoltage@voltage                     cstackBANK0  0000A5
Reverse_4Byte@This                      cstackBANK0  000079
Reverse_4Byte@temp                      cstackBANK0  000085
Reverse_Byte@This                       cstackBANK0  00007C
Reverse_Byte@temp                       cstackBANK0  00007B
Round@input                             cstackBANK0  0000C7
Round@temp                              cstackBANK0  0000CA
SendNEC_bytes@RepeatAmount              cstackBANK0  00008D
SendNEC_bytes@code                      cstackBANK0  000089
SendNEC_wait@RepeatAmount               cstackBANK0  000092
SendNEC_wait@code                       cstackBANK0  00008E
SendNEC_wait@toggle                     cstackBANK0  000093
SendRF@Code                             cstackBANK0  000079
SendRF@Config                           cstackBANK0  00007B
SendRF@RepeatAmount                     cstackBANK0  00007D
SendRF@i                                cstackBANK0  000080
SendRF@size                             cstackBANK0  00007C
SendRF_Channel@channel                  cstackBANK0  000086
SendRF_wait@Code                        cstackBANK0  000081
SendRF_wait@Config                      cstackBANK0  000083
SendRF_wait@amount                      cstackBANK0  000085
SendRF_wait@size                        cstackBANK0  000084
SetEEPROM@Arrayspot                     cstackBANK0  0000B6
SetEEPROM@Temp                          cstackBANK1  000100
SetEEPROM@burn                          cstackBANK1  000188
SetEEPROM@fail                          cstackBANK0  0000B1
SetEEPROM@i                             cstackBANK0  0000B8
SetEEPROM@j                             cstackBANK0  0000B9
SetEEPROM@k                             cstackBANK0  0000B7
SetEEPROM@temp                          cstackBANK0  0000B5
SetEEPROMdefault@i                      cstackBANK0  0000BD
SetEEPROMdefault@j                      cstackBANK0  0000BE
SetEEPROMdefault@k                      cstackBANK0  0000BC
SetMemoryChar@AddressFirst              cstackBANK0  000083
SetMemoryChar@Data                      cstackBANK0  000085
SetMemoryChar@Test                      cstackBANK0  000084
SetMemoryLong@AddressFirst              cstackBANK0  0000A2
SetMemoryLong@Data                      cstackBANK0  00009E
SetMemoryLong@H                         cstackBANK0  0000AB
SetMemoryLong@L                         cstackBANK0  0000AE
SetMemoryLong@MH                        cstackBANK0  0000AC
SetMemoryLong@ML                        cstackBANK0  0000AD
SetMemoryLong@Test                      cstackBANK0  0000A7
SetTimer0@temp                          cstackCOMRAM 00001B
StringAddEqual@Input                    cstackBANK0  000088
StringAddEqual@NullPosition             cstackBANK0  00008C
StringAddEqual@firstnumber              cstackBANK0  00008D
StringAddEqual@i                        cstackBANK0  00008E
StringAddEqual@j                        cstackBANK0  00008F
StringAddEqual@temp                     cstackBANK1  000100
StringContains@That                     cstackBANK0  00007B
StringContains@This                     cstackBANK0  000079
StringContains@begin                    cstackBANK0  00007E
StringContainsCaseInsensitive@That      cstackBANK0  00007E
StringContainsCaseInsensitive@This      cstackBANK0  00007C
StringContainsCaseInsensitive@begin     cstackBANK0  000080
StringContainsCaseInsensitive@tempThat  cstackBANK0  000082
StringContainsCaseInsensitive@tempThis  cstackBANK0  000081
StringMatch@That                        cstackBANK0  00007B
StringMatch@This                        cstackBANK0  000079
StringMatchCaseInsensitive@That         cstackBANK0  00007E
StringMatchCaseInsensitive@This         cstackBANK0  00007C
StringMatchCaseInsensitive@tempThat     cstackBANK0  000081
StringMatchCaseInsensitive@tempThis     cstackBANK0  000080
SyncEEPROMToGlobal@Temp                 cstackBANK1  000103
SyncEEPROMToGlobal@i                    cstackBANK1  000101
SyncEEPROMToGlobal@j                    cstackBANK1  000102
SyncEEPROMToGlobal@k                    cstackBANK1  000100
UARTchar@data                           cstackBANK0  000079
UARTcommandMenu@Command                 cstackBANK0  00007C
UARTcommandMenu@Desc                    cstackBANK0  00007E
UARTcommandMenu@i                       cstackBANK0  000085
UARTcommandMenu@place                   cstackBANK0  000086
UARTstring@data                         cstackBANK0  00007A
UARTstringCRLN@data                     cstackBANK0  00007C
UseBluetooth@EmptyPlace                 cstackBANK2  000283
UseBluetooth@EnteredNEC                 cstackBANK2  000285
UseBluetooth@NecAddress                 cstackBANK2  00028C
UseBluetooth@NecCommand                 cstackBANK2  00028D
UseBluetooth@String                     cstackBANK2  000200
UseBluetooth@StringPos                  cstackBANK2  000202
UseBluetooth@buf                        cstackBANK2  00020F
UseBluetooth@device                     cstackBANK2  000284
UseBluetooth@i                          cstackBANK2  000292
UseBluetooth@ok                         cstackBANK2  000289
UseBluetooth@rfchannelSTR               cstackBANK2  000273
UseBluetooth@rfconf                     cstackBANK2  00028B
UseBluetooth@set                        cstackBANK2  00027D
UseBluetooth@temp                       cstackBANK2  00028E
UseBluetooth@tempNec                    cstackBANK2  00027E
UseBluetooth@tempRFArray                cstackBANK2  00028A
UseBluetooth@timeout                    cstackBANK2  000282
UseIRCode@Code                          cstackBANK0  0000BA
UseIRCode@NEC                           cstackBANK0  0000BC
UseIRCode@found                         cstackBANK0  0000C3
UseIRCode@i                             cstackBANK0  0000C5
UseIRCode@j                             cstackBANK0  0000C4
WaitForIRsignal@timeout                 cstackBANK0  000082
WriteEEPROM_1Byte@GIEstatus             cstackBANK0  00007C
WriteEEPROM_1Byte@PEIEstatus            cstackBANK0  00007D
WriteEEPROM_1Byte@address               cstackBANK0  000079
WriteEEPROM_1Byte@data                  cstackBANK0  00007B
_ADCON0                                 (abs)        000FC2
_ADCON0bits                             (abs)        000FC2
_ADCON1                                 (abs)        000FC1
_ADCON1bits                             (abs)        000FC1
_ADCON2                                 (abs)        000FC0
_ADCON2bits                             (abs)        000FC0
_ADRESH                                 (abs)        000FC4
_ADRESL                                 (abs)        000FC3
_ANSEL                                  (abs)        000F7E
_ANSELH                                 (abs)        000F7F
_BAUDCONbits                            (abs)        000FB8
_BatteryVoltage                         bssBANK0     0000DB
_BlueConnected                          text85       0094F2
_BluetoothConfigured                    text86       00939C
_BluetoothInitialSetup                  text58       004C7C
_BufferCopy                             text14       00876C
_CRLN                                   mediumconst  00F0D1
_CheckReceivingIR                       text22       00947C
_ClearUSART                             text46       0094BA
_CommandString                          bssBANK5     000500
_CommandStringPos                       bssCOMRAM    000026
_Conf1_ChannelD                         mediumconst  00F097
_Conf1_ChannelD_STR                     mediumconst  00F05C
_Conf1_ChannelE                         mediumconst  00F0A3
_Conf1_ChannelE_STR                     mediumconst  00F06B
_Conf1_ChannelF                         mediumconst  00F0AF
_Conf1_ChannelF_STR                     mediumconst  00F07A
_Conf1_Channels                         mediumconst  00F0C9
_Conf2_ChannelB_OFF                     mediumconst  00EFBC
_Conf2_ChannelB_OFF_STR                 mediumconst  00EF72
_Conf2_ChannelB_ON                      mediumconst  00EFCC
_Conf2_ChannelB_ON_STR                  mediumconst  00EF98
_Conf2_ChannelB_Status                  bssCOMRAM    000027
_Conf2_ChannelD_OFF                     mediumconst  00EFDC
_Conf2_ChannelD_OFF_STR                 mediumconst  00EF85
_Conf2_ChannelD_ON                      mediumconst  00EFEC
_Conf2_ChannelD_ON_STR                  mediumconst  00EFAA
_Conf2_ChannelD_Status                  bssCOMRAM    000028
_Conf2_ChannelH_1_OFF                   mediumconst  00EFFC
_Conf2_ChannelH_1_OFF_STR               mediumconst  00EEF7
_Conf2_ChannelH_1_ON                    mediumconst  00F00C
_Conf2_ChannelH_1_ON_STR                mediumconst  00EF36
_Conf2_ChannelH_1_Status                bssCOMRAM    000029
_Conf2_ChannelH_2_OFF                   mediumconst  00F01C
_Conf2_ChannelH_2_OFF_STR               mediumconst  00EF0C
_Conf2_ChannelH_2_ON                    mediumconst  00F02C
_Conf2_ChannelH_2_ON_STR                mediumconst  00EF4A
_Conf2_ChannelH_2_Status                bssCOMRAM    00002A
_Conf2_ChannelH_3_OFF                   mediumconst  00F03C
_Conf2_ChannelH_3_OFF_STR               mediumconst  00EF21
_Conf2_ChannelH_3_ON                    mediumconst  00F04C
_Conf2_ChannelH_3_ON_STR                mediumconst  00EF5E
_Conf2_ChannelH_3_Status                bssCOMRAM    00002B
_Conf2_Channels                         mediumconst  00F0CD
_ConfigureOscillator                    text100      00957A
_DecodeNEC                              text35       008314
_EEADR                                  (abs)        000FA9
_EEADRH                                 (abs)        000FAA
_EECON1bits                             (abs)        000FA6
_EECON2                                 (abs)        000FA7
_EEDATA                                 (abs)        000FA8
_EEPROM_UNLOCK                          text93       009400
_EEPROMinitialized                      text98       009456
_EncodeNEC                              text34       00725C
_EnterCommandMode                       text78       007DF2
_EraseScreen                            text108      009338
_FirmVersion                            mediumconst  00F0BB
_GetEEPROM                              text39       006B4E
_GetMemoryChar                          text94       00930E
_GetMemoryLong                          text90       006CDC
_GetNumber                              text30       0047F6
_GetStringAfterComma                    text29       007836
_Global                                 bssBANK4     000400
_INTCON2bits                            (abs)        000FF1
_INTCONbits                             (abs)        000FF2
_IOCBbits                               (abs)        000F7D
_IPR1bits                               (abs)        000F9F
_IPR2bits                               (abs)        000FA2
_IRRawCode                              bssBANK7     000700
_IR_NEC                                 bssBANK0     0000E1
_IR_New_Code                            bssBANK0     0000E5
_IRaddress                              bssBANK1     0001FF
_IRbit                                  bssCOMRAM    00002C
_IRbitPosition                          dataCOMRAM   000040
_IRcodeBit                              bssCOMRAM    00002D
_IRcodePlace                            dataCOMRAM   000041
_IRcommand                              bssCOMRAM    00003B
_IRmod                                  bssBANK0     0000DE
_IRpinOLD                               bssCOMRAM    00002E
_IRrawCodeNum                           bssCOMRAM    00002F
_IRrawToNEC                             text116      0050A0
_IRrepeatAmount                         bssCOMRAM    000030
_IRrepeatflag                           bssCOMRAM    000031
_IRsendCode                             bssBANK2     0002E2
_IRsendFlag                             bssCOMRAM    000032
_IRtimeout                              dataBANK2    0002CA
_InitADC                                text96       009416
_InitApp                                text99       009036
_InitBluetooth                          text57       008E58
_InitIR                                 text52       008FA8
_InitTimer0                             text56       00948E
_InitTimer1                             text51       0094D6
_InitTimer2                             text50       0094C8
_InitTimer3                             text49       009534
_InitTimers                             text48       009442
_InitUART                               text41       007954
_InitUART$3798                          cstackBANK1  000100
_Init_System                            text37       00887C
_InternalADC_Read                       text28       008466
_IsCharacter                            text107      0093D0
_IsLetter                               text33       009360
_LATA                                   (abs)        000F89
_LATB                                   (abs)        000F8A
_LATC                                   (abs)        000F8B
_LEDTimerON                             text17       00946A
_Local_CloseUSART                       text45       0094AC
_NewReceivedString                      bssBANK0     0000DF
_OpenUSART                              text44       008982
_PCBVersion                             mediumconst  00F0C4
_PIE1bits                               (abs)        000F9D
_PIE2bits                               (abs)        000FA0
_PIR1bits                               (abs)        000F9E
_PIR2bits                               (abs)        000FA1
_PORTA                                  (abs)        000F80
_PORTB                                  (abs)        000F81
_PORTC                                  (abs)        000F82
_PR2                                    (abs)        000FCB
_ProductName                            dataBANK2    000298
_RCONbits                               (abs)        000FD0
_RCREG                                  (abs)        000FAE
_RCSTA                                  (abs)        000FAB
_RCSTAbits                              (abs)        000FAB
_RFConfig                               bssCOMRAM    000033
_RF_IR                                  dataCOMRAM   000042
_RF_IR_Postscaler                       dataCOMRAM   000043
_RFcodeBit                              bssCOMRAM    000034
_RFcodePlace                            bssCOMRAM    000035
_RFsendCode                             bssBANK2     0002CE
_RFsendFlag                             bssCOMRAM    000036
_ReadCodeButtons                        text4        008F04
_ReadEEPROM_1Byte                       text95       008BC0
_ReadIRpin                              text55       0094E4
_ReadPushButton                         text3        00949E
_ReadUSART                              text47       0093B8
_ReadVoltage                            text23       008040
_ReceivedString                         bssBANK6     000600
_ReceivedStringPos                      bssBANK0     0000E0
_ReceivingIR                            dataCOMRAM   000044
_ResetADC                               text97       009500
_ResetBlue                              text83       009226
_ResetTimer0                            text54       00953E
_ResetTimer1                            text18       00952A
_ResetTimer3                            text115      00955C
_Reverse_4Byte                          text21       0030CC
_Reverse_Byte                           text36       0080F8
_Round                                  text42       008B5A
_SN                                     dataCOMRAM   00003C
_SPBRG                                  (abs)        000FAF
_SPBRGH                                 (abs)        000FB0
_SYNTAX_ERR                             mediumconst  00F089
_SendNEC_bytes                          text20       0087F6
_SendNEC_wait                           text19       0085AA
_SendRF                                 text16       007B64
_SendRF_Channel                         text2        006002
_SendRF_wait                            text15       009102
_Sendcount                              bssCOMRAM    000037
_Sent                                   dataBANK0    0000E6
_SetEEPROM                              text88       00645A
_SetEEPROMdefault                       text40       0073AA
_SetMemoryChar                          text91       00917E
_SetMemoryLong                          text89       007A6A
_SetTimer0                              text114      009552
_StringAddEqual                         text13       00625A
_StringContains                         text82       008262
_StringContainsCaseInsensitive          text12       0074D2
_StringMatch                            text11       008A78
_StringMatchCaseInsensitive             text10       008648
_SyncEEPROMToGlobal                     text38       006646
_SyncGlobalToEEPROM                     text87       008FF0
_T0CONbits                              (abs)        000FD5
_T1CONbits                              (abs)        000FCD
_T2CONbits                              (abs)        000FCA
_T3CONbits                              (abs)        000FB1
_TMR0H                                  (abs)        000FD7
_TMR0L                                  (abs)        000FD6
_TMR1H                                  (abs)        000FCF
_TMR1L                                  (abs)        000FCE
_TMR2                                   (abs)        000FCC
_TMR3H                                  (abs)        000FB3
_TMR3L                                  (abs)        000FB2
_TRISAbits                              (abs)        000F92
_TRISBbits                              (abs)        000F93
_TRISCbits                              (abs)        000F94
_TXREG                                  (abs)        000FAD
_TXSTA                                  (abs)        000FAC
_TXSTAbits                              (abs)        000FAC
_Timer1_Postscaler                      bssCOMRAM    000038
_Timer2_Postscaler                      bssCOMRAM    000039
_Timer3_Postscaler                      bssCOMRAM    00003A
_UARTchar                               text81       00937E
_UARTcommandMenu                        text9        007718
_UARTstring                             text80       008DA6
_UARTstringCRLN                         text8        008AF0
_UseBluetooth                           text5        0001F6
_UseIRCode                              text1        005D9C
_VoltageDividerOFF                      text27       009576
_VoltageDividerON                       text26       009570
_WPUB                                   (abs)        000F7C
_WaitForIRsignal                        text7        0086DC
_WriteEEPROM_1Byte                      text92       008C26
__CFG_BOREN$SBORDIS                     (abs)        000000
__CFG_BORV$27                           (abs)        000000
__CFG_CCP2MX$PORTC                      (abs)        000000
__CFG_CP0$OFF                           (abs)        000000
__CFG_CP1$OFF                           (abs)        000000
__CFG_CP2$OFF                           (abs)        000000
__CFG_CP3$OFF                           (abs)        000000
__CFG_CPB$OFF                           (abs)        000000
__CFG_CPD$OFF                           (abs)        000000
__CFG_EBTR0$OFF                         (abs)        000000
__CFG_EBTR1$OFF                         (abs)        000000
__CFG_EBTR2$OFF                         (abs)        000000
__CFG_EBTR3$OFF                         (abs)        000000
__CFG_EBTRB$OFF                         (abs)        000000
__CFG_FCMEN$OFF                         (abs)        000000
__CFG_FOSC$HSPLL                        (abs)        000000
__CFG_HFOFST$ON                         (abs)        000000
__CFG_IESO$OFF                          (abs)        000000
__CFG_LPT1OSC$OFF                       (abs)        000000
__CFG_LVP$OFF                           (abs)        000000
__CFG_MCLRE$ON                          (abs)        000000
__CFG_PBADEN$OFF                        (abs)        000000
__CFG_PWRT$OFF                          (abs)        000000
__CFG_STVREN$ON                         (abs)        000000
__CFG_WDTEN$OFF                         (abs)        000000
__CFG_WDTPS$32768                       (abs)        000000
__CFG_WRT0$OFF                          (abs)        000000
__CFG_WRT1$OFF                          (abs)        000000
__CFG_WRT2$OFF                          (abs)        000000
__CFG_WRT3$OFF                          (abs)        000000
__CFG_WRTB$OFF                          (abs)        000000
__CFG_WRTC$OFF                          (abs)        000000
__CFG_WRTD$OFF                          (abs)        000000
__CFG_XINST$OFF                         (abs)        000000
__HRAM                                  (abs)        000000
__Habs1                                 abs1         000000
__Hbank0                                bank0        000000
__Hbank1                                bank1        000000
__Hbank10                               bank10       000000
__Hbank11                               bank11       000000
__Hbank12                               bank12       000000
__Hbank13                               bank13       000000
__Hbank14                               bank14       000000
__Hbank15                               bank15       000000
__Hbank2                                bank2        000000
__Hbank3                                bank3        000000
__Hbank4                                bank4        000000
__Hbank5                                bank5        000000
__Hbank6                                bank6        000000
__Hbank7                                bank7        000000
__Hbank8                                bank8        000000
__Hbank9                                bank9        000000
__Hbigbss                               bigbss       000000
__Hbigdata                              bigdata      000000
__Hbigram                               bigram       000000
__Hbss                                  bss          000000
__HbssBANK0                             bssBANK0     000000
__HbssBANK1                             bssBANK1     000000
__HbssBANK2                             bssBANK2     000000
__HbssBANK4                             bssBANK4     000000
__HbssBANK5                             bssBANK5     000000
__HbssBANK6                             bssBANK6     000000
__HbssBANK7                             bssBANK7     000000
__HbssCOMRAM                            bssCOMRAM    000000
__Hcinit                                cinit        000000
__Hclrtext                              clrtext      000000
__Hcomram                               comram       000000
__Hconfig                               config       30000E
__Hconst                                const        000000
__HcstackBANK0                          cstackBANK0  000000
__HcstackBANK1                          cstackBANK1  000000
__HcstackBANK2                          cstackBANK2  000000
__HcstackBANK3                          cstackBANK3  000000
__HcstackCOMRAM                         cstackCOMRAM 000000
__Hdata                                 data         000000
__HdataBANK0                            dataBANK0    000000
__HdataBANK2                            dataBANK2    000000
__HdataCOMRAM                           dataCOMRAM   000000
__Heeprom_data                          eeprom_data  000000
__Hend_init                             end_init     0001F6
__Hfarbss                               farbss       000000
__Hfardata                              fardata      000000
__Hibigdata                             ibigdata     000000
__Hidata                                idata        000000
__HidataBANK0                           idataBANK0   000000
__HidataBANK2                           idataBANK2   000000
__HidataCOMRAM                          idataCOMRAM  000000
__Hidloc                                idloc        200008
__Hifardata                             ifardata     000000
__Hinit                                 init         0001F2
__Hintcode                              intcode      000018
__Hintcode_body                         intcode_body 000000
__Hintcodelo                            intcodelo    0001F2
__Hintentry                             intentry     000000
__Hintret                               intret       000000
__Hintsave_regs                         intsave_regs 000000
__Hirdata                               irdata       000000
__Hmediumconst                          mediumconst  00FD00
__HnvFARRAM                             nvFARRAM     000000
__Hnvbit                                nvbit        000000
__Hnvrram                               nvrram       000000
__Hparam                                rparam       000000
__Hpowerup                              powerup      0001F2
__Hram                                  ram          000000
__Hramtop                               ramtop       001000
__Hrbit                                 rbit         000000
__Hrbss                                 rbss         000000
__Hrdata                                rdata        000000
__Hreset_vec                            reset_vec    000006
__Hrparam                               rparam       000000
__Hsfr                                  sfr          000000
__Hsmallconst                           smallconst   000000
__Hspace_0                              (abs)        30000E
__Hspace_1                              (abs)        0007C8
__Hspace_2                              (abs)        000000
__Hstack                                stack        000000
__Hstruct                               struct       000000
__Htemp                                 temp         000000
__Htext                                 text         000000
__Htext0                                text0        000000
__Htext1                                text1        000000
__Htext10                               text10       000000
__Htext100                              text100      000000
__Htext102                              text102      000000
__Htext103                              text103      000000
__Htext104                              text104      000000
__Htext105                              text105      000000
__Htext106                              text106      000000
__Htext107                              text107      000000
__Htext108                              text108      000000
__Htext109                              text109      000000
__Htext11                               text11       000000
__Htext111                              text111      000000
__Htext112                              text112      000000
__Htext113                              text113      000000
__Htext114                              text114      000000
__Htext115                              text115      000000
__Htext116                              text116      000000
__Htext12                               text12       000000
__Htext13                               text13       000000
__Htext14                               text14       000000
__Htext15                               text15       000000
__Htext16                               text16       000000
__Htext17                               text17       000000
__Htext18                               text18       000000
__Htext19                               text19       000000
__Htext2                                text2        000000
__Htext20                               text20       000000
__Htext21                               text21       000000
__Htext22                               text22       000000
__Htext23                               text23       000000
__Htext24                               text24       000000
__Htext25                               text25       000000
__Htext26                               text26       000000
__Htext27                               text27       000000
__Htext28                               text28       000000
__Htext29                               text29       000000
__Htext3                                text3        000000
__Htext30                               text30       000000
__Htext31                               text31       000000
__Htext32                               text32       000000
__Htext33                               text33       000000
__Htext34                               text34       000000
__Htext35                               text35       000000
__Htext36                               text36       000000
__Htext37                               text37       000000
__Htext38                               text38       000000
__Htext39                               text39       000000
__Htext4                                text4        000000
__Htext40                               text40       000000
__Htext41                               text41       000000
__Htext42                               text42       000000
__Htext43                               text43       000000
__Htext44                               text44       000000
__Htext45                               text45       000000
__Htext46                               text46       000000
__Htext47                               text47       000000
__Htext48                               text48       000000
__Htext49                               text49       000000
__Htext5                                text5        000000
__Htext50                               text50       000000
__Htext51                               text51       000000
__Htext52                               text52       000000
__Htext53                               text53       000000
__Htext54                               text54       000000
__Htext55                               text55       000000
__Htext56                               text56       000000
__Htext57                               text57       000000
__Htext58                               text58       000000
__Htext59                               text59       000000
__Htext6                                text6        000000
__Htext60                               text60       000000
__Htext61                               text61       000000
__Htext62                               text62       000000
__Htext63                               text63       000000
__Htext64                               text64       000000
__Htext65                               text65       000000
__Htext66                               text66       000000
__Htext67                               text67       000000
__Htext68                               text68       000000
__Htext69                               text69       000000
__Htext7                                text7        000000
__Htext70                               text70       000000
__Htext71                               text71       000000
__Htext72                               text72       000000
__Htext73                               text73       000000
__Htext74                               text74       000000
__Htext75                               text75       000000
__Htext76                               text76       000000
__Htext77                               text77       000000
__Htext78                               text78       000000
__Htext79                               text79       000000
__Htext8                                text8        000000
__Htext80                               text80       000000
__Htext81                               text81       000000
__Htext82                               text82       000000
__Htext83                               text83       000000
__Htext84                               text84       000000
__Htext85                               text85       000000
__Htext86                               text86       000000
__Htext87                               text87       000000
__Htext88                               text88       000000
__Htext89                               text89       000000
__Htext9                                text9        000000
__Htext90                               text90       000000
__Htext91                               text91       000000
__Htext92                               text92       000000
__Htext93                               text93       000000
__Htext94                               text94       000000
__Htext95                               text95       000000
__Htext96                               text96       000000
__Htext97                               text97       000000
__Htext98                               text98       000000
__Htext99                               text99       000000
__LRAM                                  (abs)        000001
__Labs1                                 abs1         000000
__Lbank0                                bank0        000000
__Lbank1                                bank1        000000
__Lbank10                               bank10       000000
__Lbank11                               bank11       000000
__Lbank12                               bank12       000000
__Lbank13                               bank13       000000
__Lbank14                               bank14       000000
__Lbank15                               bank15       000000
__Lbank2                                bank2        000000
__Lbank3                                bank3        000000
__Lbank4                                bank4        000000
__Lbank5                                bank5        000000
__Lbank6                                bank6        000000
__Lbank7                                bank7        000000
__Lbank8                                bank8        000000
__Lbank9                                bank9        000000
__Lbigbss                               bigbss       000000
__Lbigdata                              bigdata      000000
__Lbigram                               bigram       000000
__Lbss                                  bss          000000
__LbssBANK0                             bssBANK0     000000
__LbssBANK1                             bssBANK1     000000
__LbssBANK2                             bssBANK2     000000
__LbssBANK4                             bssBANK4     000000
__LbssBANK5                             bssBANK5     000000
__LbssBANK6                             bssBANK6     000000
__LbssBANK7                             bssBANK7     000000
__LbssCOMRAM                            bssCOMRAM    000000
__Lcinit                                cinit        000000
__Lclrtext                              clrtext      000000
__Lcomram                               comram       000000
__Lconfig                               config       300000
__Lconst                                const        000000
__LcstackBANK0                          cstackBANK0  000000
__LcstackBANK1                          cstackBANK1  000000
__LcstackBANK2                          cstackBANK2  000000
__LcstackBANK3                          cstackBANK3  000000
__LcstackCOMRAM                         cstackCOMRAM 000000
__Ldata                                 data         000000
__LdataBANK0                            dataBANK0    000000
__LdataBANK2                            dataBANK2    000000
__LdataCOMRAM                           dataCOMRAM   000000
__Leeprom_data                          eeprom_data  000000
__Lend_init                             end_init     0001F2
__Lfarbss                               farbss       000000
__Lfardata                              fardata      000000
__Libigdata                             ibigdata     000000
__Lidata                                idata        000000
__LidataBANK0                           idataBANK0   000000
__LidataBANK2                           idataBANK2   000000
__LidataCOMRAM                          idataCOMRAM  000000
__Lidloc                                idloc        200000
__Lifardata                             ifardata     000000
__Linit                                 init         0001F2
__Lintcode                              intcode      000008
__Lintcode_body                         intcode_body 000000
__Lintcodelo                            intcodelo    000018
__Lintentry                             intentry     000000
__Lintret                               intret       000000
__Lintsave_regs                         intsave_regs 000000
__Lirdata                               irdata       000000
__Lmediumconst                          mediumconst  00EE60
__LnvFARRAM                             nvFARRAM     000000
__Lnvbit                                nvbit        000000
__Lnvrram                               nvrram       000000
__Lparam                                rparam       000000
__Lpowerup                              powerup      0001F2
__Lram                                  ram          000000
__Lramtop                               ramtop       001000
__Lrbit                                 rbit         000000
__Lrbss                                 rbss         000000
__Lrdata                                rdata        000000
__Lreset_vec                            reset_vec    000000
__Lrparam                               rparam       000000
__Lsfr                                  sfr          000000
__Lsmallconst                           smallconst   000000
__Lspace_0                              (abs)        000000
__Lspace_1                              (abs)        000000
__Lspace_2                              (abs)        000000
__Lstack                                stack        000000
__Lstruct                               struct       000000
__Ltemp                                 temp         000000
__Ltext                                 text         000000
__Ltext0                                text0        000000
__Ltext1                                text1        000000
__Ltext10                               text10       000000
__Ltext100                              text100      000000
__Ltext102                              text102      000000
__Ltext103                              text103      000000
__Ltext104                              text104      000000
__Ltext105                              text105      000000
__Ltext106                              text106      000000
__Ltext107                              text107      000000
__Ltext108                              text108      000000
__Ltext109                              text109      000000
__Ltext11                               text11       000000
__Ltext111                              text111      000000
__Ltext112                              text112      000000
__Ltext113                              text113      000000
__Ltext114                              text114      000000
__Ltext115                              text115      000000
__Ltext116                              text116      000000
__Ltext12                               text12       000000
__Ltext13                               text13       000000
__Ltext14                               text14       000000
__Ltext15                               text15       000000
__Ltext16                               text16       000000
__Ltext17                               text17       000000
__Ltext18                               text18       000000
__Ltext19                               text19       000000
__Ltext2                                text2        000000
__Ltext20                               text20       000000
__Ltext21                               text21       000000
__Ltext22                               text22       000000
__Ltext23                               text23       000000
__Ltext24                               text24       000000
__Ltext25                               text25       000000
__Ltext26                               text26       000000
__Ltext27                               text27       000000
__Ltext28                               text28       000000
__Ltext29                               text29       000000
__Ltext3                                text3        000000
__Ltext30                               text30       000000
__Ltext31                               text31       000000
__Ltext32                               text32       000000
__Ltext33                               text33       000000
__Ltext34                               text34       000000
__Ltext35                               text35       000000
__Ltext36                               text36       000000
__Ltext37                               text37       000000
__Ltext38                               text38       000000
__Ltext39                               text39       000000
[...]
 Hardware stack levels required when called:    1
 This function calls:
		_IRrawToNEC
		_ResetTimer3
		_SetTimer0
		i2_ReadIRpin
		i2_ResetTimer0
		i2_cleanBuffer16bit
 This function is called by:
		Interrupt level 2
 This function uses a non-reentrant model


 *************** function i2_cleanBuffer16bit *****************
 Defined at:
		line 141 in file "MISC.c"
 Parameters:    Size  Location     Type
  data            2   26[COMRAM] PTR unsigned int 
		 -> IRRawCode(200), 
  count           2   28[COMRAM] int 
 Auto vars:     Size  Location     Type
  cleanBuffer1    1   33[COMRAM] unsigned char 
 Return value:  Size  Location     Type
		None               void
 Registers used:
		wreg, fsr2l, fsr2h, status,2, status,0, prodl, prodh
 Tracked objects:
		On entry : 
		On exit  : 
		Unchanged: 
 Data sizes:     COMRAM   BANK0   BANK1   BANK2   BANK3   BANK4   BANK5   BANK6   BANK7   BANK8   BANK9  BANK10  BANK11  BANK12  BANK13  BANK14  BANK15
      Params:         4       0       0       0       0       0       0       0       0       0       0       0       0       0       0       0       0
      Locals:         1       0       0       0       0       0       0       0       0       0       0       0       0       0       0       0       0
      Temps:          3       0       0       0       0       0       0       0       0       0       0       0       0       0       0       0       0
      Totals:         8       0       0       0       0       0       0       0       0       0       0       0       0       0       0       0       0
Total ram usage:        8 bytes
 Hardware stack levels used:    1
 This function calls:
		Nothing
 This function is called by:
		_high_isr
 This function uses a non-reentrant model


 *************** function i2_ResetTimer0 *****************
 Defined at:
		line 79 in file "Timer.c"
 Parameters:    Size  Location     Type
		None
 Auto vars:     Size  Location     Type
		None
 Return value:  Size  Location     Type
		None               void
 Registers used:
		wreg, status,2
 Tracked objects:
		On entry : 
		On exit  : 
		Unchanged: 
 Data sizes:     COMRAM   BANK0   BANK1   BANK2   BANK3   BANK4   BANK5   BANK6   BANK7   BANK8   BANK9  BANK10  BANK11  BANK12  BANK13  BANK14  BANK15
      Params:         0       0       0       0       0       0       0       0       0       0       0       0       0       0       0       0       0
      Locals:         0       0       0       0       0       0       0       0       0       0       0       0       0       0       0       0       0
      Temps:          0       0       0       0       0       0       0       0       0       0       0       0       0       0       0       0       0
      Totals:         0       0       0       0       0       0       0       0       0       0       0       0       0       0       0       0       0
Total ram usage:        0 bytes
 Hardware stack levels used:    1
 This function calls:
		Nothing
 This function is called by:
		_high_isr
 This function uses a non-reentrant model


 *************** function i2_ReadIRpin *****************
 Defined at:
		line 107 in file "IR.c"
 Parameters:    Size  Location     Type
		None
 Auto vars:     Size  Location     Type
		None
 Return value:  Size  Location     Type
                  1    wreg      unsigned char 
 Registers used:
		wreg
 Tracked objects:
		On entry : 
		On exit  : 
		Unchanged: 
 Data sizes:     COMRAM   BANK0   BANK1   BANK2   BANK3   BANK4   BANK5   BANK6   BANK7   BANK8   BANK9  BANK10  BANK11  BANK12  BANK13  BANK14  BANK15
      Params:         0       0       0       0       0       0       0       0       0       0       0       0       0       0       0       0       0
      Locals:         0       0       0       0       0       0       0       0       0       0       0       0       0       0       0       0       0
      Temps:          0       0       0       0       0       0       0       0       0       0       0       0       0       0       0       0       0
      Totals:         0       0       0       0       0       0       0       0       0       0       0       0       0       0       0       0       0
Total ram usage:        0 bytes
 Hardware stack levels used:    1
 This function calls:
		Nothing
 This function is called by:
		_high_isr
 This function uses a non-reentrant model


 *************** function _SetTimer0 *****************
 Defined at:
		line 94 in file "Timer.c"
 Parameters:    Size  Location     Type
  temp            2   26[COMRAM] unsigned int 
 Auto vars:     Size  Location     Type
		None
 Return value:  Size  Location     Type
		None               void
 Registers used:
		wreg, status,2
 Tracked objects:
		On entry : 
		On exit  : 
		Unchanged: 
 Data sizes:     COMRAM   BANK0   BANK1   BANK2   BANK3   BANK4   BANK5   BANK6   BANK7   BANK8   BANK9  BANK10  BANK11  BANK12  BANK13  BANK14  BANK15
      Params:         2       0       0       0       0       0       0       0       0       0       0       0       0       0       0       0       0
      Locals:         0       0       0       0       0       0       0       0       0       0       0       0       0       0       0       0       0
      Temps:          0       0       0       0       0       0       0       0       0       0       0       0       0       0       0       0       0
      Totals:         2       0       0       0       0       0       0       0       0       0       0       0       0       0       0       0       0
Total ram usage:        2 bytes
 Hardware stack levels used:    1
 This function calls:
		Nothing
 This function is called by:
		_high_isr
 This function uses a non-reentrant model


 *************** function _ResetTimer3 *****************
 Defined at:
		line 175 in file "Timer.c"
 Parameters:    Size  Location     Type
		None
 Auto vars:     Size  Location     Type
		None
 Return value:  Size  Location     Type
		None               void
 Registers used:
		wreg, status,2
 Tracked objects:
		On entry : 
		On exit  : 
		Unchanged: 
 Data sizes:     COMRAM   BANK0   BANK1   BANK2   BANK3   BANK4   BANK5   BANK6   BANK7   BANK8   BANK9  BANK10  BANK11  BANK12  BANK13  BANK14  BANK15
      Params:         0       0       0       0       0       0       0       0       0       0       0       0       0       0       0       0       0
      Locals:         0       0       0       0       0       0       0       0       0       0       0       0       0       0       0       0       0
      Temps:          0       0       0       0       0       0       0       0       0       0       0       0       0       0       0       0       0
      Totals:         0       0       0       0       0       0       0       0       0       0       0       0       0       0       0       0       0
Total ram usage:        0 bytes
 Hardware stack levels used:    1
 This function calls:
		Nothing
 This function is called by:
		_high_isr
 This function uses a non-reentrant model


 *************** function _IRrawToNEC *****************
 Defined at:
		line 125 in file "IR.c"
 Parameters:    Size  Location     Type
  Raw             2   26[COMRAM] PTR unsigned int 
		 -> IRRawCode(200), 
  NEC             2   28[COMRAM] PTR unsigned long 
		 -> IR_NEC(4), 
  Invert          1   30[COMRAM] unsigned char 
 Auto vars:     Size  Location     Type
  NECtemp         4    0[BANK0 ] unsigned long 
  StartBit        1    6[BANK0 ] unsigned char 
  i               1    5[BANK0 ] unsigned char 
  first           1    4[BANK0 ] unsigned char 
 Return value:  Size  Location     Type
                  1    wreg      unsigned char 
 Registers used:
		wreg, fsr2l, fsr2h, status,2, status,0, prodl, prodh
 Tracked objects:
		On entry : 
		On exit  : 
		Unchanged: 
 Data sizes:     COMRAM   BANK0   BANK1   BANK2   BANK3   BANK4   BANK5   BANK6   BANK7   BANK8   BANK9  BANK10  BANK11  BANK12  BANK13  BANK14  BANK15
      Params:         5       0       0       0       0       0       0       0       0       0       0       0       0       0       0       0       0
      Locals:         0       7       0       0       0       0       0       0       0       0       0       0       0       0       0       0       0
      Temps:          2       0       0       0       0       0       0       0       0       0       0       0       0       0       0       0       0
      Totals:         7       7       0       0       0       0       0       0       0       0       0       0       0       0       0       0       0
Total ram usage:       14 bytes
 Hardware stack levels used:    1
 This function calls:
		Nothing
 This function is called by:
		_high_isr
 This function uses a non-reentrant model



MODULE INFORMATION

Module		Function		Class		Link	Load	Size
C:\Program Files (x86)\Microchip\xc8\v1.34\sources\common\ftge.c
		___ftge        		CODE           	7D24	0000	207

C:\Program Files (x86)\Microchip\xc8\v1.34\sources\common\ftge.c estimated size: 207

UART.c
		_OpenUSART     		CODE           	8982	0000	125
		_Local_CloseUSA		CODE           	94AC	0000	15
		_InitUART      		CODE           	7954	0000	279
		_UARTstring    		CODE           	8DA6	0000	91
		_EraseScreen   		CODE           	9338	0000	41
		_UARTstringCRLN		CODE           	8AF0	0000	107
		_UARTchar      		CODE           	937E	0000	31
		_ClearUSART    		CODE           	94BA	0000	15
		_ReadUSART     		CODE           	93B8	0000	25
		_UARTcommandMen		CODE           	7718	0000	287

UART.c estimated size: 1016

Bluetooth.c
		_BluetoothConfi		CODE           	939C	0000	29
		_BlueConnected 		CODE           	94F2	0000	15
		_ResetBlue     		CODE           	9226	0000	51
		_WaitForIRsigna		CODE           	86DC	0000	145
		_BluetoothIniti		CODE           	4C7C	0000	1061
		_InitBluetooth 		CODE           	8E58	0000	87
		_UseBluetooth  		CODE           	01F6	0000	8083
		_EnterCommandMo		CODE           	7DF2	0000	201

Bluetooth.c estimated size: 9672

C:\Program Files (x86)\Microchip\xc8\v1.34\sources\common\ftdivl.c
		__tdiv_to_l_   		CODE           	6814	0000	423

C:\Program Files (x86)\Microchip\xc8\v1.34\sources\common\ftdivl.c estimated size: 423

Timer.c
		_InitTimer0    		CODE           	948E	0000	17
		_InitTimer1    		CODE           	94D6	0000	15
		_InitTimer2    		CODE           	94C8	0000	15
		_InitTimer3    		CODE           	9534	0000	11
		_InitTimers    		CODE           	9442	0000	21
		_SetTimer0     		CODE           	9552	0000	11
		_LEDTimerON    		CODE           	946A	0000	19
		_ResetTimer0   		CODE           	953E	0000	11
		_ResetTimer1   		CODE           	952A	0000	11
		_ResetTimer3   		CODE           	955C	0000	11

Timer.c estimated size: 142

C:\Program Files (x86)\Microchip\xc8\v1.34\sources\common\ftneg.c
		___ftneg       		CODE           	9258	0000	49

C:\Program Files (x86)\Microchip\xc8\v1.34\sources\common\ftneg.c estimated size: 49

interrupts.c
		_high_isr      		CODE           	0008	0000	1465
		_low_isr       		CODE           	0018	0000	475

interrupts.c estimated size: 1940

C:\Program Files (x86)\Microchip\xc8\v1.34\sources\common\Umul32.c
		___lmul        		CODE           	89FE	0000	123

C:\Program Files (x86)\Microchip\xc8\v1.34\sources\common\Umul32.c estimated size: 123

C:\Program Files (x86)\Microchip\xc8\v1.34\sources\common\fldivl.c
		__div_to_l_    		CODE           	69BA	0000	405

C:\Program Files (x86)\Microchip\xc8\v1.34\sources\common\fldivl.c estimated size: 405

C:\Program Files (x86)\Microchip\xc8\v1.34\sources\common\ftsub.c
		___ftsub       		CODE           	8F58	0000	81

C:\Program Files (x86)\Microchip\xc8\v1.34\sources\common\ftsub.c estimated size: 81

C:\Program Files (x86)\Microchip\xc8\v1.34\sources\common\float.c
		___ftpack      		CODE           	75F8	0000	289

C:\Program Files (x86)\Microchip\xc8\v1.34\sources\common\float.c estimated size: 289

C:\Program Files (x86)\Microchip\xc8\v1.34\sources\common\awmod.c
		___awmod       		CODE           	81AE	0000	181

C:\Program Files (x86)\Microchip\xc8\v1.34\sources\common\awmod.c estimated size: 181

RF.c
		_SendRF_wait   		CODE           	9102	0000	63
		_SendRF_Channel		CODE           	6002	0000	601
		_SendRF        		CODE           	7B64	0000	241

RF.c estimated size: 905

C:\Program Files (x86)\Microchip\xc8\v1.34\sources\common\llmod.c
		___llmod       		CODE           	83C2	0000	165

C:\Program Files (x86)\Microchip\xc8\v1.34\sources\common\llmod.c estimated size: 165

Button.c
		_ReadPushButton		CODE           	949E	0000	15
		_ReadCodeButton		CODE           	8F04	0000	85

Button.c estimated size: 100

C:\Program Files (x86)\Microchip\xc8\v1.34\sources\common\ftmul.c
		___ftmul       		CODE           	6E4C	0000	365

C:\Program Files (x86)\Microchip\xc8\v1.34\sources\common\ftmul.c estimated size: 365

C:\Program Files (x86)\Microchip\xc8\v1.34\sources\common\isdigit.c
		_isdigit       		CODE           	9288	0000	47

C:\Program Files (x86)\Microchip\xc8\v1.34\sources\common\isdigit.c estimated size: 47

EEPROM.c
		_SetEEPROMdefau		CODE           	73AA	0000	297
		_SetMemoryLong 		CODE           	7A6A	0000	251
		_SetMemoryChar 		CODE           	917E	0000	59
		_EEPROM_UNLOCK 		CODE           	9400	0000	23
		_EEPROMinitiali		CODE           	9456	0000	21
		_ReadEEPROM_1By		CODE           	8BC0	0000	103
		_GetEEPROM     		CODE           	6B4E	0000	399
		_WriteEEPROM_1B		CODE           	8C26	0000	101
		_SetEEPROM     		CODE           	645A	0000	493
		_SyncEEPROMToGl		CODE           	6646	0000	463
		_SyncGlobalToEE		CODE           	8FF0	0000	71
		_GetMemoryLong 		CODE           	6CDC	0000	369
		_GetMemoryChar 		CODE           	930E	0000	43

EEPROM.c estimated size: 2693

C:\Program Files (x86)\Microchip\xc8\v1.34\sources\common\lwtoft.c
		___lwtoft      		CODE           	92B6	0000	45

C:\Program Files (x86)\Microchip\xc8\v1.34\sources\common\lwtoft.c estimated size: 45

C:\Program Files (x86)\Microchip\xc8\v1.34\sources\common\ftdiv.c
		___ftdiv       		CODE           	6FB8	0000	339

C:\Program Files (x86)\Microchip\xc8\v1.34\sources\common\ftdiv.c estimated size: 339

C:\Program Files (x86)\Microchip\xc8\v1.34\sources\common\lltoft.c
		___lltoft      		CODE           	8902	0000	129

C:\Program Files (x86)\Microchip\xc8\v1.34\sources\common\lltoft.c estimated size: 129

shared
		i1_UARTchar    		CODE           	93E8	0000	25
		_Conf2_ChannelB		MEDIUMCONST    	EF72	0000	20
		_Conf2_ChannelD		MEDIUMCONST    	EF85	0000	20
		_Conf1_ChannelD		MEDIUMCONST    	F097	0000	13
		_Conf1_ChannelE		MEDIUMCONST    	F0A3	0000	13
		_Conf1_ChannelF		MEDIUMCONST    	F0AF	0000	13
		i1_UARTstring  		CODE           	8E00	0000	89
		i2_cleanBuffer1		CODE           	90C0	0000	67
		_Conf1_Channels		MEDIUMCONST    	F0C9	0000	5
		__powers_      		MEDIUMCONST    	EEB0	0000	40
		_Conf2_ChannelB		MEDIUMCONST    	EFBC	0000	17
		_Conf2_ChannelD		MEDIUMCONST    	EFDC	0000	17
		_Conf2_ChannelH		MEDIUMCONST    	EEF7	0000	22
		_Conf2_ChannelH		MEDIUMCONST    	EF0C	0000	22
		_Conf2_ChannelH		MEDIUMCONST    	EF21	0000	22
		i2_ReadIRpin   		CODE           	951C	0000	15
		_dpowers       		MEDIUMCONST    	EE61	0000	41
		_SYNTAX_ERR    		MEDIUMCONST    	F089	0000	15
		_PCBVersion    		MEDIUMCONST    	F0C4	0000	6
		i1_BlueConnecte		CODE           	950E	0000	15
		i2_ResetTimer0 		CODE           	9548	0000	11
		_Conf2_Channels		MEDIUMCONST    	F0CD	0000	5
		_FirmVersion   		MEDIUMCONST    	F0BB	0000	10
		__npowers_     		MEDIUMCONST    	EE89	0000	40
		_Conf1_ChannelD		MEDIUMCONST    	F05C	0000	16
		_Conf1_ChannelE		MEDIUMCONST    	F06B	0000	16
		_Conf1_ChannelF		MEDIUMCONST    	F07A	0000	16
		i1_ReadUSART   		CODE           	942C	0000	23
		__initializatio		CODE           	7F80	0000	187
		_CRLN          		MEDIUMCONST    	F0D1	0000	4
		_Conf2_ChannelH		MEDIUMCONST    	EFFC	0000	17
		_Conf2_ChannelH		MEDIUMCONST    	F01C	0000	17
		_Conf2_ChannelH		MEDIUMCONST    	F03C	0000	17
		_Conf2_ChannelH		MEDIUMCONST    	EF36	0000	21
		_Conf2_ChannelH		MEDIUMCONST    	EF4A	0000	21
		_Conf2_ChannelH		MEDIUMCONST    	EF5E	0000	21
		_hexpowers     		MEDIUMCONST    	EED7	0000	33
		_Conf2_ChannelB		MEDIUMCONST    	EF98	0000	19
		_Conf2_ChannelD		MEDIUMCONST    	EFAA	0000	19
		i1_cleanBuffer 		CODE           	9140	0000	63
		_Conf2_ChannelB		MEDIUMCONST    	EFCC	0000	17
		_Conf2_ChannelD		MEDIUMCONST    	EFEC	0000	17
		_Conf2_ChannelH		MEDIUMCONST    	F00C	0000	17
		_Conf2_ChannelH		MEDIUMCONST    	F02C	0000	17
		_Conf2_ChannelH		MEDIUMCONST    	F04C	0000	17
		i1_UARTstringCR		CODE           	8C8A	0000	101

shared estimated size: 1259

C:\Program Files (x86)\Microchip\xc8\v1.34\sources\common\altoft.c
		___altoft      		CODE           	8508	0000	163

C:\Program Files (x86)\Microchip\xc8\v1.34\sources\common\altoft.c estimated size: 163

ADC.c
		_InternalADC_Re		CODE           	8466	0000	163
		_ReadVoltage   		CODE           	8040	0000	185
		_VoltageDivider		CODE           	9576	0000	5
		_InitADC       		CODE           	9416	0000	23
		_VoltageDivider		CODE           	9570	0000	7
		_ResetADC      		CODE           	9500	0000	15

ADC.c estimated size: 398

C:\Program Files (x86)\Microchip\xc8\v1.34\sources\common\awdiv.c
		___awdiv       		CODE           	7C54	0000	209

C:\Program Files (x86)\Microchip\xc8\v1.34\sources\common\awdiv.c estimated size: 209

MISC.c
		_Round         		CODE           	8B5A	0000	103
		_StringContains		CODE           	8262	0000	179
		_BufferCopy    		CODE           	876C	0000	139
		_StringContains		CODE           	74D2	0000	295
		_GetStringAfter		CODE           	7836	0000	287
		_cleanBuffer   		CODE           	8D4C	0000	91
		_cleanBuffer16b		CODE           	8CEE	0000	95
		_lowercaseStrin		CODE           	907C	0000	69
		_delayUS       		CODE           	8EAE	0000	87
		_Reverse_Byte  		CODE           	80F8	0000	183
		_IsLetter      		CODE           	9360	0000	31
		_Reverse_4Byte 		CODE           	30CC	0000	3199
		_StringAddEqual		CODE           	625A	0000	513
		_StringMatch   		CODE           	8A78	0000	121
		_GetNumber     		CODE           	47F6	0000	1159
		_IsCharacter   		CODE           	93D0	0000	25
		_StringMatchCas		CODE           	8648	0000	149
		_lowercaseChar 		CODE           	92E2	0000	45

MISC.c estimated size: 6770

IR.c
		_DecodeNEC     		CODE           	8314	0000	175
		_InitIR        		CODE           	8FA8	0000	73
		_EncodeNEC     		CODE           	725C	0000	335
		_UseIRCode     		CODE           	5D9C	0000	615
		_IRrawToNEC    		CODE           	50A0	0000	1023
		_ReadIRpin     		CODE           	94E4	0000	15
		_SendNEC_wait  		CODE           	85AA	0000	159
		_SendNEC_bytes 		CODE           	87F6	0000	135
		_CheckReceiving		CODE           	947C	0000	19

IR.c estimated size: 2549

C:\Program Files (x86)\Microchip\xc8\v1.34\sources\common\lldiv.c
		___lldiv       		CODE           	7EBA	0000	199

C:\Program Files (x86)\Microchip\xc8\v1.34\sources\common\lldiv.c estimated size: 199

user.c
		_InitApp       		CODE           	9036	0000	71
		_Init_System   		CODE           	887C	0000	135

user.c estimated size: 206

C:\Program Files (x86)\Microchip\xc8\v1.34\sources\common\doprnt.c
		_scale         		CODE           	42F2	0000	1285
		_sprintf       		CODE           	2188	0000	3909
		_fround        		CODE           	5846	0000	729

C:\Program Files (x86)\Microchip\xc8\v1.34\sources\common\doprnt.c estimated size: 5923

C:\Program Files (x86)\Microchip\xc8\v1.34\sources\common\fttol.c
		___fttol       		CODE           	710A	0000	339

C:\Program Files (x86)\Microchip\xc8\v1.34\sources\common\fttol.c estimated size: 339

main.c
		_main          		CODE           	549E	0000	937

main.c estimated size: 937

C:\Program Files (x86)\Microchip\xc8\v1.34\sources\common\Umul16.c
		___wmul        		CODE           	91B8	0000	57

C:\Program Files (x86)\Microchip\xc8\v1.34\sources\common\Umul16.c estimated size: 57

system.c
		_ConfigureOscil		CODE           	957A	0000	3

system.c estimated size: 3

C:\Program Files (x86)\Microchip\xc8\v1.34\sources\common\ftadd.c
		___ftadd       		CODE           	5B1E	0000	639

C:\Program Files (x86)\Microchip\xc8\v1.34\sources\common\ftadd.c estimated size: 639

