Microchip MPLAB XC8 Compiler V1.34 ()

Linker command line:

--edf=C:\Program Files (x86)\Microchip\xc8\v1.34\dat\en_msgs.txt -cs \
  -h+dist/xc8_pic18f26k20/debug\PIC_IR_RF_Bluetooth_Home_Automation.debug.sym \
  --cmf=dist/xc8_pic18f26k20/debug\PIC_IR_RF_Bluetooth_Home_Automation.debug.cmf \
  -z -Q18F26K20 -oC:\Users\DWHITF~1.TDY\AppData\Local\Temp\s950.6 \
  -Mdist/xc8_pic18f26k20/debug/PIC_IR_RF_Bluetooth_Home_Automation.debug.map \
  -E1 -ver=XC8 -ASTACK=03FFh-0eeeh -pstack=STACK -ACODE=00h-0FCFFh \
  -ACONST=00h-0FCFFh -ASMALLCONST=01000h-010FFhx237 \
  -AMEDIUMCONST=01000h-0FCFFh -ACOMRAM=01h-05Fh \
  -AABS1=00h-0EEEh,0F00h-0F5Fh -ABIGRAM=01h-0EEEh,0F00h-0F5Fh \
  -ARAM=060h-0FFh,0100h-01FFhx13,0E00h-0EEEh,0F00h-0F5Fh -ABANK0=060h-0FFh \
  -ABANK1=0100h-01FFh -ABANK2=0200h-02FFh -ABANK3=0300h-03FFh \
  -ABANK4=0400h-04FFh -ABANK5=0500h-05FFh -ABANK6=0600h-06FFh \
  -ABANK7=0700h-07FFh -ABANK8=0800h-08FFh -ABANK9=0900h-09FFh \
  -ABANK10=0A00h-0AFFh -ABANK11=0B00h-0BFFh -ABANK12=0C00h-0CFFh \
  -ABANK13=0D00h-0DFFh -ABANK14=0E00h-0EEEh -ABANK15=0F00h-0F5Fh \
  -ASFR=0F60h-0F9Bh,0F9Dh-0FD3h,0FD5h-0FDAh,0FE0h-0FE2h,0FE8h-0FEAh,0FF0h-0FFBh \
  -preset_vec=00h,intcode=08h,intcodelo=018h,powerup,init,end_init \
  -pramtop=01000h -psmallconst=SMALLCONST -pmediumconst=MEDIUMCONST \
  -pconst=CONST -AFARRAM=00h-00h -ACONFIG=0300000h-030000Dh -pconfig=CONFIG \
  -AIDLOC=0200000h-0200007h -pidloc=IDLOC -AEEDATA=0F00000h-0F003FFh \
  -peeprom_data=EEDATA \
  -prdata=COMRAM,nvrram=COMRAM,nvbit=COMRAM,rbss=COMRAM,rbit=COMRAM \
  -pfarbss=FARRAM,fardata=FARRAM,nvFARRAM=FARRAM \
  -pintsave_regs=BIGRAM,bigbss=BIGRAM,bigdata=BIGRAM -pbss=RAM \
  -pidata=CODE,irdata=CODE,ibigdata=CODE,ifardata=CODE -prparam=COMRAM \
  C:\Users\DWHITF~1.TDY\AppData\Local\Temp\s950.obj \
  dist/xc8_pic18f26k20/debug\PIC_IR_RF_Bluetooth_Home_Automation.debug.obj 

Object code version is 3.11

Machine type is 18F26K20

Call graph: (short form)




                Name                               Link     Load   Length Selector   Space Scale
C:\Users\DWHITF~1.TDY\AppData\Local\Temp\s950.obj
                end_init                            14A      14A        4        C       0
                reset_vec                             0        0        6        0       0
                idloc                            200000   200000        8   200000       0
                config                           300000   300000        E   300000       0
dist/xc8_pic18f26k20/debug\PIC_IR_RF_Bluetooth_Home_Automation.debug.obj
                intcodelo                            18       18      132        C       0
                intcode                               8        8       10        4       0
                smallconst                         1000     1000       A6      800       0
                text71                             1456     1456      3A2      853       0
                text70                             39F4     39F4        A     1C99       0
                text69                             39B2     39B2        E     1C99       0
                text68                             39EA     39EA        A     1C99       0
                intcode_body                       17F8     17F8      306      853       0
                text66                             38B2     38B2       18      853       0
                text65                             38F6     38F6       16      853       0
                text64                             39A4     39A4        E     1C99       0
                text62                             3A08     3A08        2     1C99       0
                text61                             373A     373A       38      853       0
                text60                             3996     3996        E     1C99       0
                text59                             38E0     38E0       16      853       0
                text58                             368A     368A       3C      853       0
                text57                             3802     3802       2A      853       0
                text56                             38CA     38CA       16      853       0
                text55                             364A     364A       40      853       0
                text54                             3700     3700       3A      853       0
                text53                             2140     2140      170      853       0
                text52                             28F2     28F2       FA      853       0
                text51                             31AC     31AC       86      853       0
                text50                             3604     3604       46      853       0
                text49                             3896     3896       1C      853       0
                text48                             3988     3988        E     1C99       0
                text47                             332E     332E       6C      853       0
                text46                             37A4     37A4       32      853       0
                text45                             2E94     2E94       A4      853       0
                text44                             3878     3878       1E      853       0
                text43                             34B8     34B8       5A      853       0
                text42                             345E     345E       5A      853       0
                text41                             2BAA     2BAA       C8      853       0
                text40                             2C72     2C72       C6      853       0
                text39                             2DF0     2DF0       A4      853       0
                text38                             1D7C     1D7C      244      853       0
                text37                             10A6     10A6      3B0      853       0
                text36                             3568     3568       54      853       0
                text35                             3932     3932       10     1C99       0
                text34                             397A     397A        E     1C99       0
                text33                             39E0     39E0        A     1C99       0
                text32                             3400     3400       5E      853       0
                text31                             35BC     35BC       48      853       0
                text30                             396C     396C        E     1C99       0
                text29                             395E     395E        E     1C99       0
                text28                             39D6     39D6        A     1C99       0
                text27                             390C     390C       14      853       0
                text26                             3950     3950        E     1C99       0
                text25                             32B2     32B2       7C      853       0
                text24                             26C0     26C0      120      853       0
                text23                             2FDA     2FDA       A2      853       0
                text22                             1AFE     1AFE      27E      853       0
                text21                             256E     256E      152      853       0
                text20                             339A     339A       66      853       0
                text19                             3232     3232       80      853       0
                text18                             27E0     27E0      112      853       0
                text17                             36C6     36C6       3A      853       0
                text16                             382C     382C       28      853       0
                text15                             3512     3512       56      853       0
                text14                             2F38     2F38       A2      853       0
                text13                             3A04     3A04        4     1C99       0
                text12                             39FE     39FE        6     1C99       0
                text11                             241C     241C      152      853       0
                text10                             22B0     22B0      16C      853       0
                text9                              37D6     37D6       2C      853       0
                text8                              2D38     2D38       B8      853       0
                text7                              39CC     39CC        A     1C99       0
                text6                              39C0     39C0        C     1C99       0
                text5                              3942     3942        E     1C99       0
                text4                              307C     307C       9A      853       0
                text3                              3854     3854       24      853       0
                text2                              1FC0     1FC0      180      853       0
                text1                              2ADC     2ADC       CE      853       0
                text0                              29EC     29EC       F0      853       0
                cstackCOMRAM                          1        1       24        1       1
                cstackBANK0                          60       60       70       60       1
                bssBANK3                            300      300       FF      300       1
                bssBANK2                            200      200       FF      200       1
                dataBANK1                           190      190       32      100       1
                bssBANK1                            100      100       90      100       1
                dataBANK0                            D0       D0       11       60       1
                bssBANK0                             E1       E1        D       60       1
                bssCOMRAM                            25       25       20        1       1
                cinit                              3116     3116       96      853       0
                idataBANK1                         3772     3772       32      853       0
                idataBANK0                         3920     3920       11      853       0

TOTAL           Name                               Link     Load   Length     Space
        CLASS   STACK          

        CLASS   CODE           
                end_init                            14A      14A        4         0
                intcodelo                            18       18      132         0
                intcode                               8        8       10         0
                reset_vec                             0        0        6         0
                text71                             1456     1456      3A2         0
                text70                             39F4     39F4        A         0
                text69                             39B2     39B2        E         0
                text68                             39EA     39EA        A         0
                intcode_body                       17F8     17F8      306         0
                text66                             38B2     38B2       18         0
                text65                             38F6     38F6       16         0
                text64                             39A4     39A4        E         0
                text62                             3A08     3A08        2         0
                text61                             373A     373A       38         0
                text60                             3996     3996        E         0
                text59                             38E0     38E0       16         0
                text58                             368A     368A       3C         0
                text57                             3802     3802       2A         0
                text56                             38CA     38CA       16         0
                text55                             364A     364A       40         0
                text54                             3700     3700       3A         0
                text53                             2140     2140      170         0
                text52                             28F2     28F2       FA         0
                text51                             31AC     31AC       86         0
                text50                             3604     3604       46         0
                text49                             3896     3896       1C         0
                text48                             3988     3988        E         0
                text47                             332E     332E       6C         0
                text46                             37A4     37A4       32         0
                text45                             2E94     2E94       A4         0
                text44                             3878     3878       1E         0
                text43                             34B8     34B8       5A         0
                text42                             345E     345E       5A         0
                text41                             2BAA     2BAA       C8         0
                text40                             2C72     2C72       C6         0
                text39                             2DF0     2DF0       A4         0
                text38                             1D7C     1D7C      244         0
                text37                             10A6     10A6      3B0         0
                text36                             3568     3568       54         0
                text35                             3932     3932       10         0
                text34                             397A     397A        E         0
                text33                             39E0     39E0        A         0
                text32                             3400     3400       5E         0
                text31                             35BC     35BC       48         0
                text30                             396C     396C        E         0
                text29                             395E     395E        E         0
                text28                             39D6     39D6        A         0
                text27                             390C     390C       14         0
                text26                             3950     3950        E         0
                text25                             32B2     32B2       7C         0
                text24                             26C0     26C0      120         0
                text23                             2FDA     2FDA       A2         0
                text22                             1AFE     1AFE      27E         0
                text21                             256E     256E      152         0
                text20                             339A     339A       66         0
                text19                             3232     3232       80         0
                text18                             27E0     27E0      112         0
                text17                             36C6     36C6       3A         0
                text16                             382C     382C       28         0
                text15                             3512     3512       56         0
                text14                             2F38     2F38       A2         0
                text13                             3A04     3A04        4         0
                text12                             39FE     39FE        6         0
                text11                             241C     241C      152         0
                text10                             22B0     22B0      16C         0
                text9                              37D6     37D6       2C         0
                text8                              2D38     2D38       B8         0
                text7                              39CC     39CC        A         0
                text6                              39C0     39C0        C         0
                text5                              3942     3942        E         0
                text4                              307C     307C       9A         0
                text3                              3854     3854       24         0
                text2                              1FC0     1FC0      180         0
                text1                              2ADC     2ADC       CE         0
                text0                              29EC     29EC       F0         0
                cinit                              3116     3116       96         0
                idataBANK1                         3772     3772       32         0
                idataBANK0                         3920     3920       11         0

        CLASS   CONST          

        CLASS   SMALLCONST     
                smallconst                         1000     1000       A6         0

        CLASS   MEDIUMCONST    

        CLASS   COMRAM         
                cstackCOMRAM                          1        1       24         1
                bssCOMRAM                            25       25       20         1

        CLASS   ABS1           

        CLASS   BIGRAM         

        CLASS   RAM            

        CLASS   BANK0          
                cstackBANK0                          60       60       70         1
                dataBANK0                            D0       D0       11         1
                bssBANK0                             E1       E1        D         1

        CLASS   BANK1          
                dataBANK1                           190      190       32         1
                bssBANK1                            100      100       90         1

        CLASS   BANK2          
                bssBANK2                            200      200       FF         1

        CLASS   BANK3          
                bssBANK3                            300      300       FF         1

        CLASS   BANK4          

        CLASS   BANK5          

        CLASS   BANK6          

        CLASS   BANK7          

        CLASS   BANK8          

        CLASS   BANK9          

        CLASS   BANK10         

        CLASS   BANK11         

        CLASS   BANK12         

        CLASS   BANK13         

        CLASS   BANK14         

        CLASS   BANK15         

        CLASS   SFR            

        CLASS   FARRAM         

        CLASS   CONFIG         
                config                           300000   300000        E         0

        CLASS   IDLOC          
                idloc                            200000   200000        8         0

        CLASS   EEDATA         



SEGMENTS        Name                           Load    Length   Top    Selector   Space  Class

                reset_vec                      000000  000006  000006         0       0  CODE    
                cstackCOMRAM                   000001  000044  000045         1       1  COMRAM  
                intcode                        000008  000010  000018         4       0  CODE    
                intcodelo                      000018  000136  00014E         C       0  CODE    
                cstackBANK0                    000060  00008E  0000EE        60       1  BANK0   
                bssBANK1                       000100  0000C2  0001C2       100       1  BANK1   
                bssBANK2                       000200  0000FF  0002FF       200       1  BANK2   
                bssBANK3                       000300  0000FF  0003FF       300       1  BANK3   
                smallconst                     001000  0000A6  0010A6       800       0  SMALLCON
                text37                         0010A6  00288B  003931       853       0  CODE    
                text35                         003932  0000D8  003A0A      1C99       0  CODE    
                idloc                          200000  000008  200008    200000       0  IDLOC   
                config                         300000  00000E  30000E    300000       0  CONFIG  


UNUSED ADDRESS RANGES

        Name                Unused          Largest block    Delta
        BANK0            0000EE-0000FF               12
        BANK1            0001C2-0001FF               3E
        BANK10           000A00-000AFF              100
        BANK11           000B00-000BFF              100
        BANK12           000C00-000CFF              100
        BANK13           000D00-000DFF              100
        BANK14           000E00-000EEE               EF
        BANK15           000F00-000F5F               60
        BANK2            0002FF-0002FF                1
        BANK3            0003FF-0003FF                1
        BANK4            000400-0004FF              100
        BANK5            000500-0005FF              100
        BANK6            000600-0006FF              100
        BANK7            000700-0007FF              100
        BANK8            000800-0008FF              100
        BANK9            000900-0009FF              100
        BIGRAM           000045-00005F               1B
                         0000EE-0000FF               12
                         0001C2-0001FF               3E
                         0002FF-0002FF                1
                         0003FF-000EEE              AF0
                         000F00-000F5F               60
        CODE             000006-000007                2
                         00014E-000FFF              EB2
                         003931-003931                1
                         003A0A-00FCFF             C2F6
        COMRAM           000045-00005F               1B
        CONST            000006-000007                2
                         00014E-000FFF              EB2
                         003931-003931                1
                         003A0A-00FCFF             C2F6
        EEDATA           F00000-F003FF              400
        MEDIUMCONST      003931-003931                1
                         003A0A-00FCFF             C2F6
        RAM              0000EE-0000FF               12
                         0001C2-0001FF               3E
                         0002FF-0002FF                1
                         0003FF-000EEE              100
                         000F00-000F5F               60
        SFR              000F60-000F9B               3C
                         000F9D-000FD3               37
                         000FD5-000FDA                6
                         000FE0-000FE2                3
                         000FE8-000FEA                3
                         000FF0-000FFB                C
        SMALLCONST       003931-003931                1
                         003A0A-00FCFF              100
        STACK            0003FF-000EEE              AF0

                                  Symbol Table

?_GetEEPROM                     cstackBANK0  000096
?_GetMemoryChar                 cstackBANK0  000075
?_GetMemoryLong                 cstackBANK0  000075
?_ReadEEPROM_1Byte              cstackBANK0  000072
?_ReadVoltage                   cstackBANK0  00009B
?_Round                         cstackBANK0  000095
?_SetEEPROM                     cstackBANK0  0000A7
?___altoft                      cstackBANK0  00007A
?___ftadd                       cstackBANK0  00007A
?___ftdiv                       cstackBANK0  00007D
?___ftmul                       cstackBANK0  00008C
?___ftpack                      cstackBANK0  000072
?___fttol                       cstackBANK0  000086
?___lldiv                       cstackBANK0  000072
?___llmod                       cstackBANK0  00007F
?___lltoft                      cstackBANK0  00007A
?___lwtoft                      cstackBANK0  00007A
?_sprintf                       cstackBANK0  000088
BluetoothInitialSetup@buf       cstackBANK0  00009C
BluetoothInitialSetup@ok        cstackBANK0  0000CE
EnterCommandMode@count          cstackBANK0  00007C
GetEEPROM@Temp                  cstackBANK0  00009B
GetMemoryChar@AddressFirst      cstackBANK0  000079
GetMemoryChar@H                 cstackBANK0  00007A
GetMemoryLong@AddressFirst      cstackBANK0  000095
GetMemoryLong@H                 cstackBANK0  000091
GetMemoryLong@L                 cstackBANK0  000094
GetMemoryLong@MH                cstackBANK0  000092
GetMemoryLong@ML                cstackBANK0  000093
GetMemoryLong@temp              cstackBANK0  00008D
IRrawToNEC@Invert               cstackCOMRAM 000018
IRrawToNEC@NEC                  cstackCOMRAM 000016
IRrawToNEC@NECtemp              cstackCOMRAM 00001B
IRrawToNEC@Raw                  cstackCOMRAM 000014
IRrawToNEC@StartBit             cstackCOMRAM 000021
IRrawToNEC@first                cstackCOMRAM 00001F
IRrawToNEC@i                    cstackCOMRAM 000020
InitUART@Baud                   cstackBANK0  00009C
InitUART@config                 cstackBANK0  0000A9
InitUART@spbrg                  cstackBANK0  0000A7
InitUART@temp                   cstackBANK0  0000AA
InternalADC_Read@ADCcounts      cstackBANK0  00007C
InternalADC_Read@AnaChanSel     cstackBANK0  000080
InternalADC_Read@channel        cstackBANK0  000081
IsCharacter@data                cstackCOMRAM 000001
OpenUSART@config                cstackBANK0  000074
OpenUSART@spbrg                 cstackBANK0  000072
ReadEEPROM_1Byte@GIEstatus      cstackBANK0  000074
ReadEEPROM_1Byte@address        cstackBANK0  000072
ReadUSART@data                  cstackCOMRAM 000001
ReadVoltage@temp                cstackBANK0  0000A1
ReadVoltage@voltage             cstackBANK0  00009E
Round@input                     cstackBANK0  000095
Round@temp                      cstackBANK0  000098
SendRF@Code                     cstackBANK0  000072
SendRF@RepeatAmount             cstackBANK0  000075
SendRF@i                        cstackBANK0  000076
SendRF@size                     cstackBANK0  000074
SendRF_wait@Code                cstackBANK0  000077
SendRF_wait@amount              cstackBANK0  00007A
SendRF_wait@size                cstackBANK0  000079
SetEEPROM@Temp                  cstackBANK0  0000A7
SetEEPROM@burn                  cstackBANK0  0000AC
SetEEPROM@fail                  cstackBANK0  0000B0
SetMemoryChar@AddressFirst      cstackBANK0  00007B
SetMemoryChar@Data              cstackBANK0  00007D
SetMemoryChar@Test              cstackBANK0  00007C
SetMemoryLong@AddressFirst      cstackBANK0  00009A
SetMemoryLong@Data              cstackBANK0  000096
SetMemoryLong@H                 cstackBANK0  0000A3
SetMemoryLong@L                 cstackBANK0  0000A6
SetMemoryLong@MH                cstackBANK0  0000A4
SetMemoryLong@ML                cstackBANK0  0000A5
SetMemoryLong@Test              cstackBANK0  00009F
StringContains@That             cstackBANK0  000074
StringContains@This             cstackBANK0  000072
SyncEEPROMToGlobal@Temp         cstackBANK0  0000A0
UARTchar@data                   cstackBANK0  000072
UARTstring@data                 cstackBANK0  000073
UseIRCode@Code                  cstackBANK0  0000B4
UseIRCode@NEC                   cstackBANK0  0000B6
UseIRCode@i                     cstackBANK0  0000BB
WriteEEPROM_1Byte@GIEstatus     cstackBANK0  000075
WriteEEPROM_1Byte@address       cstackBANK0  000072
WriteEEPROM_1Byte@data          cstackBANK0  000074
_ADCON0                         (abs)        000FC2
_ADCON0bits                     (abs)        000FC2
_ADCON1                         (abs)        000FC1
_ADCON1bits                     (abs)        000FC1
_ADCON2                         (abs)        000FC0
_ADCON2bits                     (abs)        000FC0
_ADRESH                         (abs)        000FC4
_ADRESL                         (abs)        000FC3
_ANSEL                          (abs)        000F7E
_ANSELH                         (abs)        000F7F
_BAUDCONbits                    (abs)        000FB8
_BatteryVoltage                 bssBANK0     0000E6
_BlueConnected                  text48       003988
_BluetoothConfigured            text49       003896
_BluetoothInitialSetup          text37       0010A6
_ChannelF                       dataBANK0    0000D5
_CommandString                  bssBANK2     000200
_CommandStringPos               bssCOMRAM    000039
_ConfigureOscillator            text62       003A08
_EEADR                          (abs)        000FA9
_EEADRH                         (abs)        000FAA
_EECON1bits                     (abs)        000FA6
_EECON2                         (abs)        000FA7
_EEDATA                         (abs)        000FA8
_EEPROM_UNLOCK                  text56       0038CA
_EnterCommandMode               text41       002BAA
_GetEEPROM                      text17       0036C6
_GetMemoryChar                  text57       003802
_GetMemoryLong                  text53       002140
_Global                         bssBANK0     0000E1
_INTCON2bits                    (abs)        000FF1
_INTCONbits                     (abs)        000FF2
_IOCBbits                       (abs)        000F7D
_IPR1bits                       (abs)        000F9F
_IPR2bits                       (abs)        000FA2
_IRRawCode                      bssBANK1     000100
_IR_NEC                         bssBANK0     0000E9
_IR_New_Code                    bssBANK0     0000ED
_IRpinOLD                       bssCOMRAM    00003A
_IRrawCodeNum                   bssCOMRAM    00003B
_IRrawToNEC                     text71       001456
_InitADC                        text59       0038E0
_InitApp                        text61       00373A
_InitBluetooth                  text36       003568
_InitIR                         text31       0035BC
_InitTimer0                     text35       003932
_InitTimer1                     text30       00396C
_InitTimer2                     text29       00395E
_InitTimer3                     text28       0039D6
_InitTimers                     text27       00390C
_InitUART                       text18       0027E0
_InitUART$2764                  cstackBANK0  0000A4
_Init_System                    text15       003512
_InternalADC_Read               text14       002F38
_IsCharacter                    text66       0038B2
_LATA                           (abs)        000F89
_LATB                           (abs)        000F8A
_LATC                           (abs)        000F8B
_LEDTimerON                     text6        0039C0
_Local_CloseUSART               text26       003950
_NewReceivedString              bssCOMRAM    00003C
_OpenUSART                      text25       0032B2
_PIE1bits                       (abs)        000F9D
_PIE2bits                       (abs)        000FA0
_PIR1bits                       (abs)        000F9E
_PIR2bits                       (abs)        000FA1
_PORTA                          (abs)        000F80
_PORTB                          (abs)        000F81
_PORTC                          (abs)        000F82
_PR2                            (abs)        000FCB
_ProductName                    dataBANK1    000190
_RCONbits                       (abs)        000FD0
_RCREG                          (abs)        000FAE
_RCSTA                          (abs)        000FAB
_RCSTAbits                      (abs)        000FAB
_RFcodeBit                      bssCOMRAM    00003D
_RFcodePlace                    bssCOMRAM    00003E
_RFsendCode                     bssCOMRAM    000025
_RFsendFlag                     bssCOMRAM    00003F
_ReadEEPROM_1Byte               text58       00368A
_ReadIRpin                      text34       00397A
_ReadPushButton                 text5        003942
_ReadUSART                      text65       0038F6
_ReadVoltage                    text8        002D38
_ReceivedString                 bssBANK3     000300
_ReceivedStringPos              bssCOMRAM    000040
_ResetADC                       text60       003996
_ResetBlue                      text46       0037A4
_ResetTimer0                    text33       0039E0
_ResetTimer1                    text7        0039CC
_ResetTimer3                    text70       0039F4
_Round                          text20       00339A
_SN                             dataBANK0    0000D0
_SPBRG                          (abs)        000FAF
_SPBRGH                         (abs)        000FB0
_SendRF                         text4        00307C
_SendRF_wait                    text3        003854
_Sendcount                      bssCOMRAM    000041
_Sent                           dataBANK0    0000D4
_SetEEPROM                      text51       0031AC
_SetMemoryChar                  text54       003700
_SetMemoryLong                  text52       0028F2
_StringContains                 text45       002E94
_SyncEEPROMToGlobal             text16       00382C
_SyncGlobalToEEPROM             text50       003604
_T0CONbits                      (abs)        000FD5
_T1CONbits                      (abs)        000FCD
_T2CONbits                      (abs)        000FCA
_T3CONbits                      (abs)        000FB1
_TMR0H                          (abs)        000FD7
_TMR0L                          (abs)        000FD6
_TMR1H                          (abs)        000FCF
_TMR1L                          (abs)        000FCE
_TMR2                           (abs)        000FCC
_TMR3H                          (abs)        000FB3
_TMR3L                          (abs)        000FB2
_TRISAbits                      (abs)        000F92
_TRISBbits                      (abs)        000F93
_TRISCbits                      (abs)        000F94
_TXREG                          (abs)        000FAD
_TXSTA                          (abs)        000FAC
_TXSTAbits                      (abs)        000FAC
_Timer1_Postscaler              bssCOMRAM    000042
_Timer2_Postscaler              bssCOMRAM    000043
_Timer3_Postscaler              bssCOMRAM    000044
_UARTchar                       text44       003878
_UARTstring                     text43       0034B8
_UseIRCode                      text2        001FC0
_Version                        smallconst   001029
_VoltageDividerOFF              text13       003A04
_VoltageDividerON               text12       0039FE
_WPUB                           (abs)        000F7C
_WriteEEPROM_1Byte              text55       00364A
__CFG_BOREN$SBORDIS             (abs)        000000
__CFG_BORV$18                   (abs)        000000
__CFG_CCP2MX$PORTC              (abs)        000000
__CFG_CP0$OFF                   (abs)        000000
__CFG_CP1$OFF                   (abs)        000000
__CFG_CP2$OFF                   (abs)        000000
__CFG_CP3$OFF                   (abs)        000000
__CFG_CPB$OFF                   (abs)        000000
__CFG_CPD$OFF                   (abs)        000000
__CFG_EBTR0$OFF                 (abs)        000000
__CFG_EBTR1$OFF                 (abs)        000000
__CFG_EBTR2$OFF                 (abs)        000000
__CFG_EBTR3$OFF                 (abs)        000000
__CFG_EBTRB$OFF                 (abs)        000000
__CFG_FCMEN$OFF                 (abs)        000000
__CFG_FOSC$HSPLL                (abs)        000000
__CFG_HFOFST$ON                 (abs)        000000
__CFG_IESO$OFF                  (abs)        000000
__CFG_LPT1OSC$OFF               (abs)        000000
__CFG_LVP$OFF                   (abs)        000000
__CFG_MCLRE$ON                  (abs)        000000
__CFG_PBADEN$ON                 (abs)        000000
__CFG_PWRT$OFF                  (abs)        000000
__CFG_STVREN$ON                 (abs)        000000
__CFG_WDTEN$OFF                 (abs)        000000
__CFG_WDTPS$32768               (abs)        000000
__CFG_WRT0$OFF                  (abs)        000000
__CFG_WRT1$OFF                  (abs)        000000
__CFG_WRT2$OFF                  (abs)        000000
__CFG_WRT3$OFF                  (abs)        000000
__CFG_WRTB$OFF                  (abs)        000000
__CFG_WRTC$OFF                  (abs)        000000
__CFG_WRTD$OFF                  (abs)        000000
__CFG_XINST$OFF                 (abs)        000000
__HRAM                          (abs)        000000
__Habs1                         abs1         000000
__Hbank0                        bank0        000000
__Hbank1                        bank1        000000
__Hbank10                       bank10       000000
__Hbank11                       bank11       000000
__Hbank12                       bank12       000000
__Hbank13                       bank13       000000
__Hbank14                       bank14       000000
__Hbank15                       bank15       000000
__Hbank2                        bank2        000000
__Hbank3                        bank3        000000
__Hbank4                        bank4        000000
__Hbank5                        bank5        000000
__Hbank6                        bank6        000000
__Hbank7                        bank7        000000
__Hbank8                        bank8        000000
__Hbank9                        bank9        000000
__Hbigbss                       bigbss       000000
__Hbigdata                      bigdata      000000
__Hbigram                       bigram       000000
__Hbss                          bss          000000
__HbssBANK0                     bssBANK0     000000
__HbssBANK1                     bssBANK1     000000
__HbssBANK2                     bssBANK2     000000
__HbssBANK3                     bssBANK3     000000
__HbssCOMRAM                    bssCOMRAM    000000
__Hcinit                        cinit        000000
__Hclrtext                      clrtext      000000
__Hcomram                       comram       000000
__Hconfig                       config       30000E
__Hconst                        const        000000
__HcstackBANK0                  cstackBANK0  000000
__HcstackCOMRAM                 cstackCOMRAM 000000
__Hdata                         data         000000
__HdataBANK0                    dataBANK0    000000
__HdataBANK1                    dataBANK1    000000
__Heeprom_data                  eeprom_data  000000
__Hend_init                     end_init     00014E
__Hfarbss                       farbss       000000
__Hfardata                      fardata      000000
__Hibigdata                     ibigdata     000000
__Hidata                        idata        000000
__HidataBANK0                   idataBANK0   000000
__HidataBANK1                   idataBANK1   000000
__Hidloc                        idloc        200008
__Hifardata                     ifardata     000000
__Hinit                         init         00014A
__Hintcode                      intcode      000018
__Hintcode_body                 intcode_body 000000
__Hintcodelo                    intcodelo    00014A
__Hintentry                     intentry     000000
__Hintret                       intret       000000
__Hintsave_regs                 intsave_regs 000000
__Hirdata                       irdata       000000
__Hmediumconst                  mediumconst  000000
__HnvFARRAM                     nvFARRAM     000000
__Hnvbit                        nvbit        000000
__Hnvrram                       nvrram       000000
__Hparam                        rparam       000000
__Hpowerup                      powerup      00014A
__Hram                          ram          000000
__Hramtop                       ramtop       001000
__Hrbit                         rbit         000000
__Hrbss                         rbss         000000
__Hrdata                        rdata        000000
__Hreset_vec                    reset_vec    000006
__Hrparam                       rparam       000000
__Hsfr                          sfr          000000
__Hsmallconst                   smallconst   0010A6
__Hspace_0                      (abs)        30000E
__Hspace_1                      (abs)        0003FF
__Hspace_2                      (abs)        000000
__Hstack                        stack        000000
__Hstruct                       struct       000000
__Htemp                         temp         000000
__Htext                         text         000000
__Htext0                        text0        000000
__Htext1                        text1        000000
__Htext10                       text10       000000
__Htext11                       text11       000000
__Htext12                       text12       000000
__Htext13                       text13       000000
__Htext14                       text14       000000
__Htext15                       text15       000000
__Htext16                       text16       000000
__Htext17                       text17       000000
__Htext18                       text18       000000
__Htext19                       text19       000000
__Htext2                        text2        000000
__Htext20                       text20       000000
__Htext21                       text21       000000
__Htext22                       text22       000000
__Htext23                       text23       000000
__Htext24                       text24       000000
__Htext25                       text25       000000
__Htext26                       text26       000000
__Htext27                       text27       000000
__Htext28                       text28       000000
__Htext29                       text29       000000
__Htext3                        text3        000000
__Htext30                       text30       000000
__Htext31                       text31       000000
__Htext32                       text32       000000
__Htext33                       text33       000000
__Htext34                       text34       000000
__Htext35                       text35       000000
__Htext36                       text36       000000
__Htext37                       text37       000000
__Htext38                       text38       000000
__Htext39                       text39       000000
__Htext4                        text4        000000
__Htext40                       text40       000000
__Htext41                       text41       000000
__Htext42                       text42       000000
__Htext43                       text43       000000
__Htext44                       text44       000000
__Htext45                       text45       000000
__Htext46                       text46       000000
__Htext47                       text47       000000
__Htext48                       text48       000000
__Htext49                       text49       000000
__Htext5                        text5        000000
__Htext50                       text50       000000
__Htext51                       text51       000000
__Htext52                       text52       000000
__Htext53                       text53       000000
__Htext54                       text54       000000
__Htext55                       text55       000000
__Htext56                       text56       000000
__Htext57                       text57       000000
__Htext58                       text58       000000
__Htext59                       text59       000000
__Htext6                        text6        000000
__Htext60                       text60       000000
__Htext61                       text61       000000
__Htext62                       text62       000000
__Htext64                       text64       000000
__Htext65                       text65       000000
__Htext66                       text66       000000
__Htext68                       text68       000000
__Htext69                       text69       000000
__Htext7                        text7        000000
__Htext70                       text70       000000
__Htext71                       text71       000000
__Htext8                        text8        000000
__Htext9                        text9        000000
__LRAM                          (abs)        000001
__Labs1                         abs1         000000
__Lbank0                        bank0        000000
__Lbank1                        bank1        000000
__Lbank10                       bank10       000000
__Lbank11                       bank11       000000
__Lbank12                       bank12       000000
__Lbank13                       bank13       000000
__Lbank14                       bank14       000000
__Lbank15                       bank15       000000
__Lbank2                        bank2        000000
__Lbank3                        bank3        000000
__Lbank4                        bank4        000000
__Lbank5                        bank5        000000
__Lbank6                        bank6        000000
__Lbank7                        bank7        000000
__Lbank8                        bank8        000000
__Lbank9                        bank9        000000
__Lbigbss                       bigbss       000000
__Lbigdata                      bigdata      000000
__Lbigram                       bigram       000000
__Lbss                          bss          000000
__LbssBANK0                     bssBANK0     000000
__LbssBANK1                     bssBANK1     000000
__LbssBANK2                     bssBANK2     000000
__LbssBANK3                     bssBANK3     000000
__LbssCOMRAM                    bssCOMRAM    000000
__Lcinit                        cinit        000000
__Lclrtext                      clrtext      000000
__Lcomram                       comram       000000
__Lconfig                       config       300000
__Lconst                        const        000000
__LcstackBANK0                  cstackBANK0  000000
__LcstackCOMRAM                 cstackCOMRAM 000000
__Ldata                         data         000000
__LdataBANK0                    dataBANK0    000000
__LdataBANK1                    dataBANK1    000000
__Leeprom_data                  eeprom_data  000000
__Lend_init                     end_init     00014A
__Lfarbss                       farbss       000000
__Lfardata                      fardata      000000
__Libigdata                     ibigdata     000000
__Lidata                        idata        000000
__LidataBANK0                   idataBANK0   000000
__LidataBANK1                   idataBANK1   000000
__Lidloc                        idloc        200000
__Lifardata                     ifardata     000000
__Linit                         init         00014A
__Lintcode                      intcode      000008
__Lintcode_body                 intcode_body 000000
__Lintcodelo                    intcodelo    000018
__Lintentry                     intentry     000000
__Lintret                       intret       000000
__Lintsave_regs                 intsave_regs 000000
__Lirdata                       irdata       000000
__Lmediumconst                  mediumconst  000000
__LnvFARRAM                     nvFARRAM     000000
__Lnvbit                        nvbit        000000
__Lnvrram                       nvrram       000000
__Lparam                        rparam       000000
__Lpowerup                      powerup      00014A
__Lram                          ram          000000
__Lramtop                       ramtop       001000
__Lrbit                         rbit         000000
__Lrbss                         rbss         000000
__Lrdata                        rdata        000000
__Lreset_vec                    reset_vec    000000
__Lrparam                       rparam       000000
__Lsfr                          sfr          000000
__Lsmallconst                   smallconst   001000
__Lspace_0                      (abs)        000000
__Lspace_1                      (abs)        000000
__Lspace_2                      (abs)        000000
__Lstack                        stack        000000
__Lstruct                       struct       000000
__Ltemp                         temp         000000
__Ltext                         text         000000
__Ltext0                        text0        000000
__Ltext1                        text1        000000
__Ltext10                       text10       000000
__Ltext11                       text11       000000
__Ltext12                       text12       000000
__Ltext13                       text13       000000
__Ltext14                       text14       000000
__Ltext15                       text15       000000
__Ltext16                       text16       000000
__Ltext17                       text17       000000
__Ltext18                       text18       000000
__Ltext19                       text19       000000
__Ltext2                        text2        000000
__Ltext20                       text20       000000
__Ltext21                       text21       000000
__Ltext22                       text22       000000
__Ltext23                       text23       000000
__Ltext24                       text24       000000
__Ltext25                       text25       000000
__Ltext26                       text26       000000
__Ltext27                       text27       000000
__Ltext28                       text28       000000
__Ltext29                       text29       000000
__Ltext3                        text3        000000
__Ltext30                       text30       000000
__Ltext31                       text31       000000
__Ltext32                       text32       000000
__Ltext33                       text33       000000
__Ltext34                       text34       000000
__Ltext35                       text35       000000
__Ltext36                       text36       000000
__Ltext37                       text37       000000
__Ltext38                       text38       000000
__Ltext39                       text39       000000
__Ltext4                        text4        000000
__Ltext40                       text40       000000
__Ltext41                       text41       000000
__Ltext42                       text42       000000
__Ltext43                       text43       000000
__Ltext44                       text44       000000
__Ltext45                       text45       000000
__Ltext46                       text46       000000
__Ltext47                       text47       000000
__Ltext48                       text48       000000
__Ltext49                       text49       000000
__Ltext5                        text5        000000
__Ltext50                       text50       000000
__Ltext51                       text51       000000
__Ltext52                       text52       000000
__Ltext53                       text53       000000
__Ltext54                       text54       000000
__Ltext55                       text55       000000
__Ltext56                       text56       000000
__Ltext57                       text57       000000
__Ltext58                       text58       000000
__Ltext59                       text59       000000
__Ltext6                        text6        000000
__Ltext60                       text60       000000
__Ltext61                       text61       000000
__Ltext62                       text62       000000
__Ltext64                       text64       000000
__Ltext65                       text65       000000
__Ltext66                       text66       000000
__Ltext68                       text68       000000
__Ltext69                       text69       000000
__Ltext7                        text7        000000
__Ltext70                       text70       000000
__Ltext71                       text71       000000
__Ltext8                        text8        000000
__Ltext9                        text9        000000
__S0                            (abs)        30000E
__S1                            (abs)        0003FF
__S2                            (abs)        000000
___altoft                       text23       002FDA
___altoft@c                     cstackBANK0  00007A
___altoft@exp                   cstackBANK0  000082
___altoft@sign                  cstackBANK0  000083
___ftadd                        text22       001AFE
___ftadd@exp1                   cstackBANK0  000085
___ftadd@exp2                   cstackBANK0  000084
___ftadd@f1                     cstackBANK0  00007A
___ftadd@f2                     cstackBANK0  00007D
___ftadd@sign                   cstackBANK0  000083
___ftdiv                        text11       00241C
___ftdiv@cntr                   cstackBANK0  000086
___ftdiv@exp                    cstackBANK0  00008A
___ftdiv@f1                     cstackBANK0  00007D
___ftdiv@f2                     cstackBANK0  000080
___ftdiv@f3                     cstackBANK0  000087
___ftdiv@sign                   cstackBANK0  00008B
___ftge                         text1        002ADC
___ftge@ff1                     cstackBANK0  000072
___ftge@ff2                     cstackBANK0  000075
___ftmul                        text10       0022B0
___ftmul@cntr                   cstackBANK0  000099
___ftmul@exp                    cstackBANK0  000095
___ftmul@f1                     cstackBANK0  00008C
___ftmul@f2                     cstackBANK0  00008F
___ftmul@f3_as_product          cstackBANK0  000096
___ftmul@sign                   cstackBANK0  00009A
___ftpack                       text24       0026C0
___ftpack@arg                   cstackBANK0  000072
___ftpack@exp                   cstackBANK0  000075
___ftpack@sign                  cstackBANK0  000076
___fttol                        text21       00256E
___fttol@exp1                   cstackBANK0  000094
___fttol@f1                     cstackBANK0  000086
___fttol@lval                   cstackBANK0  000090
___fttol@sign1                  cstackBANK0  00008F
___inthi_sp                     stack        000000
___intlo_sp                     stack        000000
___lldiv                        text40       002C72
___lldiv@counter                cstackBANK0  00007E
___lldiv@dividend               cstackBANK0  000072
___lldiv@divisor                cstackBANK0  000076
___lldiv@quotient               cstackBANK0  00007A
___llmod                        text39       002DF0
___llmod@counter                cstackBANK0  000087
___llmod@dividend               cstackBANK0  00007F
___llmod@divisor                cstackBANK0  000083
___lltoft                       text19       003232
___lltoft@c                     cstackBANK0  00007A
___lltoft@exp                   cstackBANK0  000082
___lwtoft                       text9        0037D6
___lwtoft@c                     cstackBANK0  00007A
___param_bank                   (abs)        000010
___rparam_used                  (abs)        000001
___sp                           stack        000000
__accesstop                     (abs)        000060
__activetblptr                  (abs)        000002
__end_of_BlueConnected          text48       003996
__end_of_BluetoothConfigured    text49       0038B2
__end_of_BluetoothInitialSetup  text37       001456
__end_of_ConfigureOscillator    text62       003A0A
__end_of_EEPROM_UNLOCK          text56       0038E0
__end_of_EnterCommandMode       text41       002C72
__end_of_GetEEPROM              text17       003700
__end_of_GetMemoryChar          text57       00382C
__end_of_GetMemoryLong          text53       0022B0
__end_of_IRrawToNEC             text71       0017F8
__end_of_InitADC                text59       0038F6
__end_of_InitApp                text61       003772
__end_of_InitBluetooth          text36       0035BC
__end_of_InitIR                 text31       003604
__end_of_InitTimer0             text35       003942
__end_of_InitTimer1             text30       00397A
__end_of_InitTimer2             text29       00396C
__end_of_InitTimer3             text28       0039E0
__end_of_InitTimers             text27       003920
__end_of_InitUART               text18       0028F2
__end_of_Init_System            text15       003568
__end_of_InternalADC_Read       text14       002FDA
__end_of_IsCharacter            text66       0038CA
__end_of_LEDTimerON             text6        0039CC
__end_of_Local_CloseUSART       text26       00395E
__end_of_OpenUSART              text25       00332E
__end_of_ReadEEPROM_1Byte       text58       0036C6
__end_of_ReadIRpin              text34       003988
__end_of_ReadPushButton         text5        003950
__end_of_ReadUSART              text65       00390C
__end_of_ReadVoltage            text8        002DF0
__end_of_ResetADC               text60       0039A4
__end_of_ResetBlue              text46       0037D6
__end_of_ResetTimer0            text33       0039EA
__end_of_ResetTimer1            text7        0039D6
__end_of_ResetTimer3            text70       0039FE
__end_of_Round                  text20       003400
__end_of_SendRF                 text4        003116
__end_of_SendRF_wait            text3        003878
__end_of_SetEEPROM              text51       003232
__end_of_SetMemoryChar          text54       00373A
__end_of_SetMemoryLong          text52       0029EC
__end_of_StringContains         text45       002F38
__end_of_SyncEEPROMToGlobal     text16       003854
__end_of_SyncGlobalToEEPROM     text50       00364A
__end_of_UARTchar               text44       003896
__end_of_UARTstring             text43       003512
__end_of_UseIRCode              text2        002140
__end_of_Version                smallconst   001032
__end_of_VoltageDividerOFF      text13       003A08
__end_of_VoltageDividerON       text12       003A04
__end_of_WriteEEPROM_1Byte      text55       00368A
__end_of___altoft               text23       00307C
__end_of___ftadd                text22       001D7C
__end_of___ftdiv                text11       00256E
__end_of___ftge                 text1        002BAA
__end_of___ftmul                text10       00241C
__end_of___ftpack               text24       0027E0
__end_of___fttol                text21       0026C0
__end_of___lldiv                text40       002D38
__end_of___llmod                text39       002E94
__end_of___lltoft               text19       0032B2
__end_of___lwtoft               text9        003802
__end_of__initialization        cinit        0031A2
__end_of_cleanBuffer            text42       0034B8
__end_of_cleanBuffer16bit       text32       00345E
__end_of_delayUS                text47       00339A
__end_of_dpowers                smallconst   001029
__end_of_high_isr               intcode_body 001AFE
__end_of_low_isr                intcodelo    00014A
__end_of_main                   text0        002ADC
__end_of_sprintf                text38       001FC0
__end_ofi1_BlueConnected        text64       0039B2
__end_ofi2_ReadIRpin            text69       0039C0
__end_ofi2_ResetTimer0          text68       0039F4
__initialization                cinit        003116
__mediumconst                   mediumconst  000000
__pbssBANK0                     bssBANK0     0000E1
__pbssBANK1                     bssBANK1     000100
__pbssBANK2                     bssBANK2     000200
__pbssBANK3                     bssBANK3     000300
__pbssCOMRAM                    bssCOMRAM    000025
__pcinit                        cinit        003116
__pcstackBANK0                  cstackBANK0  000060
__pcstackCOMRAM                 cstackCOMRAM 000001
__pdataBANK0                    dataBANK0    0000D0
__pdataBANK1                    dataBANK1    000190
__pidataBANK0                   idataBANK0   003920
__pidataBANK1                   idataBANK1   003772
__pintcode                      intcode      000008
__pintcode_body                 intcode_body 0017F8
__pintcodelo                    intcodelo    000018
__psmallconst                   smallconst   001000
__ptext0                        text0        0029EC
__ptext1                        text1        002ADC
__ptext10                       text10       0022B0
__ptext11                       text11       00241C
__ptext12                       text12       0039FE
__ptext13                       text13       003A04
__ptext14                       text14       002F38
__ptext15                       text15       003512
__ptext16                       text16       00382C
__ptext17                       text17       0036C6
__ptext18                       text18       0027E0
__ptext19                       text19       003232
__ptext2                        text2        001FC0
__ptext20                       text20       00339A
__ptext21                       text21       00256E
__ptext22                       text22       001AFE
__ptext23                       text23       002FDA
__ptext24                       text24       0026C0
__ptext25                       text25       0032B2
__ptext26                       text26       003950
__ptext27                       text27       00390C
__ptext28                       text28       0039D6
__ptext29                       text29       00395E
__ptext3                        text3        003854
__ptext30                       text30       00396C
__ptext31                       text31       0035BC
__ptext32                       text32       003400
__ptext33                       text33       0039E0
__ptext34                       text34       00397A
__ptext35                       text35       003932
__ptext36                       text36       003568
__ptext37                       text37       0010A6
__ptext38                       text38       001D7C
__ptext39                       text39       002DF0
__ptext4                        text4        00307C
__ptext40                       text40       002C72
__ptext41                       text41       002BAA
__ptext42                       text42       00345E
__ptext43                       text43       0034B8
__ptext44                       text44       003878
__ptext45                       text45       002E94
__ptext46                       text46       0037A4
__ptext47                       text47       00332E
__ptext48                       text48       003988
__ptext49                       text49       003896
__ptext5                        text5        003942
__ptext50                       text50       003604
__ptext51                       text51       0031AC
__ptext52                       text52       0028F2
__ptext53                       text53       002140
__ptext54                       text54       003700
__ptext55                       text55       00364A
__ptext56                       text56       0038CA
__ptext57                       text57       003802
__ptext58                       text58       00368A
__ptext59                       text59       0038E0
__ptext6                        text6        0039C0
__ptext60                       text60       003996
__ptext61                       text61       00373A
__ptext62                       text62       003A08
__ptext64                       text64       0039A4
__ptext65                       text65       0038F6
__ptext66                       text66       0038B2
__ptext68                       text68       0039EA
__ptext69                       text69       0039B2
__ptext7                        text7        0039CC
__ptext70                       text70       0039F4
__ptext71                       text71       001456
__ptext8                        text8        002D38
__ptext9                        text9        0037D6
__ramtop                        ramtop       001000
__size_of_BlueConnected         (abs)        000000
__size_of_BluetoothConfigured   (abs)        000000
__size_of_BluetoothInitialSetup (abs)        000000
__size_of_ConfigureOscillator   (abs)        000000
__size_of_EEPROM_UNLOCK         (abs)        000000
__size_of_EnterCommandMode      (abs)        000000
__size_of_GetEEPROM             (abs)        000000
__size_of_GetMemoryChar         (abs)        000000
__size_of_GetMemoryLong         (abs)        000000
__size_of_IRrawToNEC            (abs)        000000
__size_of_InitADC               (abs)        000000
__size_of_InitApp               (abs)        000000
__size_of_InitBluetooth         (abs)        000000
__size_of_InitIR                (abs)        000000
__size_of_InitTimer0            (abs)        000000
__size_of_InitTimer1            (abs)        000000
__size_of_InitTimer2            (abs)        000000
__size_of_InitTimer3            (abs)        000000
__size_of_InitTimers            (abs)        000000
__size_of_InitUART              (abs)        000000
__size_of_Init_System           (abs)        000000
__size_of_InternalADC_Read      (abs)        000000
__size_of_IsCharacter           (abs)        000000
__size_of_LEDTimerON            (abs)        000000
__size_of_Local_CloseUSART      (abs)        000000
__size_of_OpenUSART             (abs)        000000
__size_of_ReadEEPROM_1Byte      (abs)        000000
__size_of_ReadIRpin             (abs)        000000
__size_of_ReadPushButton        (abs)        000000
__size_of_ReadUSART             (abs)        000000
__size_of_ReadVoltage           (abs)        000000
__size_of_ResetADC              (abs)        000000
__size_of_ResetBlue             (abs)        000000
__size_of_ResetTimer0           (abs)        000000
__size_of_ResetTimer1           (abs)        000000
__size_of_ResetTimer3           (abs)        000000
__size_of_Round                 (abs)        000000
__size_of_SendRF                (abs)        000000
__size_of_SendRF_wait           (abs)        000000
__size_of_SetEEPROM             (abs)        000000
__size_of_SetMemoryChar         (abs)        000000
__size_of_SetMemoryLong         (abs)        000000
__size_of_StringContains        (abs)        000000
__size_of_SyncEEPROMToGlobal    (abs)        000000
__size_of_SyncGlobalToEEPROM    (abs)        000000
__size_of_UARTchar              (abs)        000000
__size_of_UARTstring            (abs)        000000
__size_of_UseIRCode             (abs)        000000
__size_of_VoltageDividerOFF     (abs)        000000
__size_of_VoltageDividerON      (abs)        000000
__size_of_WriteEEPROM_1Byte     (abs)        000000
__size_of___altoft              (abs)        000000
__size_of___ftadd               (abs)        000000
__size_of___ftdiv               (abs)        000000
__size_of___ftge                (abs)        000000
__size_of___ftmul               (abs)        000000
__size_of___ftpack              (abs)        000000
__size_of___fttol               (abs)        000000
__size_of___lldiv               (abs)        000000
__size_of___llmod               (abs)        000000
__size_of___lltoft              (abs)        000000
__size_of___lwtoft              (abs)        000000
__size_of_cleanBuffer           (abs)        000000
__size_of_cleanBuffer16bit      (abs)        000000
__size_of_delayUS               (abs)        000000
__size_of_high_isr              (abs)        000000
__size_of_low_isr               (abs)        000000
__size_of_main                  (abs)        000000
__size_of_sprintf               (abs)        000000
__size_ofi1_BlueConnected       (abs)        000000
__size_ofi2_ReadIRpin           (abs)        000000
__size_ofi2_ResetTimer0         (abs)        000000
__smallconst                    smallconst   001000
_cleanBuffer                    text42       00345E
_cleanBuffer16bit               text32       003400
_delayUS                        text47       00332E
_dpowers                        smallconst   001001
_high_isr                       intcode      000008
_low_isr                        intcodelo    000018
_main                           text0        0029EC
_sprintf                        text38       001D7C
cleanBuffer16bit@count          cstackBANK0  000074
cleanBuffer16bit@data           cstackBANK0  000072
cleanBuffer16bit@i              cstackBANK0  000079
cleanBuffer@count               cstackBANK0  000074
cleanBuffer@data                cstackBANK0  000072
cleanBuffer@i                   cstackBANK0  000079
delayUS@US                      cstackBANK0  000072
delayUS@i                       cstackBANK0  000077
delayUS@j                       cstackBANK0  00007B
end_of_initialization           cinit        0031A2
high_isr@IRpin                  cstackCOMRAM 000022
high_isr@Time0                  cstackCOMRAM 000023
i1_BlueConnected                text64       0039A4
i2_ReadIRpin                    text69       0039B2
i2_ResetTimer0                  text68       0039EA
int_func                        intcode_body 0017F8
intlevel0                       text         000000
intlevel1                       text         000000
intlevel2                       text         000000
intlevel3                       text         000000
low_isr@data                    cstackCOMRAM 000013
main@i                          cstackBANK0  0000CF
sprintf@ap                      cstackBANK0  000094
sprintf@c                       cstackBANK0  00009B
sprintf@f                       cstackBANK0  00008A
sprintf@flag                    cstackBANK0  000096
sprintf@prec                    cstackBANK0  000092
sprintf@sp                      cstackBANK0  000088
sprintf@val                     cstackBANK0  000097
stackhi                         (abs)        000EEE
stacklo                         (abs)        0003FF
start                           init         00014A
start_initialization            cinit        003116


FUNCTION INFORMATION:

 *************** function _main *****************
 Defined at:
		line 64 in file "main.c"
 Parameters:    Size  Location     Type
		None
 Auto vars:     Size  Location     Type
  i               1  111[BANK0 ] unsigned char 
 Return value:  Size  Location     Type
		None               void
 Registers used:
		wreg, fsr0l, fsr0h, fsr1l, fsr1h, fsr2l, fsr2h, status,2, status,0, tblptrl, tblptrh, tblptru, prodl, prodh, cstack
 Tracked objects:
		On entry : 
		On exit  : 
		Unchanged: 
 Data sizes:     COMRAM   BANK0   BANK1   BANK2   BANK3   BANK4   BANK5   BANK6   BANK7   BANK8   BANK9  BANK10  BANK11  BANK12  BANK13  BANK14  BANK15
      Params:         0       0       0       0       0       0       0       0       0       0       0       0       0       0       0       0       0
      Locals:         0       1       0       0       0       0       0       0       0       0       0       0       0       0       0       0       0
      Temps:          0       0       0       0       0       0       0       0       0       0       0       0       0       0       0       0       0
      Totals:         0       1       0       0       0       0       0       0       0       0       0       0       0       0       0       0       0
Total ram usage:        1 bytes
 Hardware stack levels required when called:   12
 This function calls:
		_ConfigureOscillator
		_InitApp
		_Init_System
		_ReadVoltage
		_UseIRCode
		___ftge
		_delayUS
 This function is called by:
		Startup code after reset
 This function uses a non-reentrant model


 *************** function ___ftge *****************
 Defined at:
		line 4 in file "C:\Program Files (x86)\Microchip\xc8\v1.34\sources\common\ftge.c"
 Parameters:    Size  Location     Type
  ff1             3   18[BANK0 ] float 
  ff2             3   21[BANK0 ] float 
 Auto vars:     Size  Location     Type
		None
 Return value:  Size  Location     Type
		None               void
 Registers used:
		wreg, status,2, status,0
 Tracked objects:
		On entry : 
		On exit  : 
		Unchanged: 
 Data sizes:     COMRAM   BANK0   BANK1   BANK2   BANK3   BANK4   BANK5   BANK6   BANK7   BANK8   BANK9  BANK10  BANK11  BANK12  BANK13  BANK14  BANK15
      Params:         0       6       0       0       0       0       0       0       0       0       0       0       0       0       0       0       0
      Locals:         0       0       0       0       0       0       0       0       0       0       0       0       0       0       0       0       0
      Temps:          0       3       0       0       0       0       0       0       0       0       0       0       0       0       0       0       0
      Totals:         0       9       0       0       0       0       0       0       0       0       0       0       0       0       0       0       0
Total ram usage:        9 bytes
 Hardware stack levels used:    1
 Hardware stack levels required when called:    4
 This function calls:
		Nothing
 This function is called by:
		_main
 This function uses a non-reentrant model


 *************** function _UseIRCode *****************
 Defined at:
		line 264 in file "IR.c"
 Parameters:    Size  Location     Type
  Code            2   84[BANK0 ] PTR unsigned char 
		 -> IR_New_Code(1), 
  NEC             4   86[BANK0 ] unsigned long 
 Auto vars:     Size  Location     Type
  i               1   91[BANK0 ] unsigned char 
 Return value:  Size  Location     Type
		None               void
 Registers used:
		wreg, fsr0l, fsr0h, fsr1l, fsr1h, fsr2l, fsr2h, status,2, status,0, prodl, prodh, cstack
 Tracked objects:
		On entry : 
		On exit  : 
		Unchanged: 
 Data sizes:     COMRAM   BANK0   BANK1   BANK2   BANK3   BANK4   BANK5   BANK6   BANK7   BANK8   BANK9  BANK10  BANK11  BANK12  BANK13  BANK14  BANK15
      Params:         0       6       0       0       0       0       0       0       0       0       0       0       0       0       0       0       0
      Locals:         0       1       0       0       0       0       0       0       0       0       0       0       0       0       0       0       0
      Temps:          0       1       0       0       0       0       0       0       0       0       0       0       0       0       0       0       0
      Totals:         0       8       0       0       0       0       0       0       0       0       0       0       0       0       0       0       0
Total ram usage:        8 bytes
 Hardware stack levels used:    1
 Hardware stack levels required when called:    9
 This function calls:
		_LEDTimerON
		_ReadPushButton
		_SendRF_wait
		_SyncGlobalToEEPROM
		_delayUS
 This function is called by:
		_main
 This function uses a non-reentrant model


 *************** function _SendRF_wait *****************
 Defined at:
		line 109 in file "RF.c"
 Parameters:    Size  Location     Type
  Code            2   23[BANK0 ] PTR unsigned char 
		 -> ChannelF(12), 
  size            1   25[BANK0 ] unsigned char 
  amount          1   26[BANK0 ] unsigned char 
 Auto vars:     Size  Location     Type
		None
 Return value:  Size  Location     Type
		None               void
 Registers used:
		wreg, fsr1l, fsr1h, fsr2l, fsr2h, status,2, status,0, prodl, prodh, cstack
 Tracked objects:
		On entry : 
		On exit  : 
		Unchanged: 
 Data sizes:     COMRAM   BANK0   BANK1   BANK2   BANK3   BANK4   BANK5   BANK6   BANK7   BANK8   BANK9  BANK10  BANK11  BANK12  BANK13  BANK14  BANK15
      Params:         0       4       0       0       0       0       0       0       0       0       0       0       0       0       0       0       0
      Locals:         0       0       0       0       0       0       0       0       0       0       0       0       0       0       0       0       0
      Temps:          0       0       0       0       0       0       0       0       0       0       0       0       0       0       0       0       0
      Totals:         0       4       0       0       0       0       0       0       0       0       0       0       0       0       0       0       0
Total ram usage:        4 bytes
 Hardware stack levels used:    1
 Hardware stack levels required when called:    5
 This function calls:
		_SendRF
 This function is called by:
		_UseIRCode
 This function uses a non-reentrant model


 *************** function _SendRF *****************
 Defined at:
		line 58 in file "RF.c"
 Parameters:    Size  Location     Type
  Code            2   18[BANK0 ] PTR unsigned char 
		 -> ChannelF(12), 
  size            1   20[BANK0 ] unsigned char 
  RepeatAmount    1   21[BANK0 ] unsigned char 
 Auto vars:     Size  Location     Type
  i               1   22[BANK0 ] unsigned char 
 Return value:  Size  Location     Type
                  1    wreg      unsigned char 
 Registers used:
		wreg, fsr1l, fsr1h, fsr2l, fsr2h, status,2, status,0, prodl, prodh
 Tracked objects:
		On entry : 
		On exit  : 
		Unchanged: 
 Data sizes:     COMRAM   BANK0   BANK1   BANK2   BANK3   BANK4   BANK5   BANK6   BANK7   BANK8   BANK9  BANK10  BANK11  BANK12  BANK13  BANK14  BANK15
      Params:         0       4       0       0       0       0       0       0       0       0       0       0       0       0       0       0       0
      Locals:         0       1       0       0       0       0       0       0       0       0       0       0       0       0       0       0       0
      Temps:          0       0       0       0       0       0       0       0       0       0       0       0       0       0       0       0       0
      Totals:         0       5       0       0       0       0       0       0       0       0       0       0       0       0       0       0       0
Total ram usage:        5 bytes
 Hardware stack levels used:    1
 Hardware stack levels required when called:    4
 This function calls:
		Nothing
 This function is called by:
		_SendRF_wait
 This function uses a non-reentrant model


 *************** function _ReadPushButton *****************
 Defined at:
		line 50 in file "Button.c"
 Parameters:    Size  Location     Type
		None
 Auto vars:     Size  Location     Type
		None
 Return value:  Size  Location     Type
                  1    wreg      unsigned char 
 Registers used:
		wreg
 Tracked objects:
		On entry : 
		On exit  : 
		Unchanged: 
 Data sizes:     COMRAM   BANK0   BANK1   BANK2   BANK3   BANK4   BANK5   BANK6   BANK7   BANK8   BANK9  BANK10  BANK11  BANK12  BANK13  BANK14  BANK15
      Params:         0       0       0       0       0       0       0       0       0       0       0       0       0       0       0       0       0
      Locals:         0       0       0       0       0       0       0       0       0       0       0       0       0       0       0       0       0
      Temps:          0       0       0       0       0       0       0       0       0       0       0       0       0       0       0       0       0
      Totals:         0       0       0       0       0       0       0       0       0       0       0       0       0       0       0       0       0
Total ram usage:        0 bytes
 Hardware stack levels used:    1
 Hardware stack levels required when called:    4
 This function calls:
		Nothing
 This function is called by:
		_UseIRCode
 This function uses a non-reentrant model


 *************** function _LEDTimerON *****************
 Defined at:
		line 132 in file "Timer.c"
 Parameters:    Size  Location     Type
		None
 Auto vars:     Size  Location     Type
		None
 Return value:  Size  Location     Type
		None               void
 Registers used:
		wreg, status,2, cstack
 Tracked objects:
		On entry : 
		On exit  : 
		Unchanged: 
 Data sizes:     COMRAM   BANK0   BANK1   BANK2   BANK3   BANK4   BANK5   BANK6   BANK7   BANK8   BANK9  BANK10  BANK11  BANK12  BANK13  BANK14  BANK15
      Params:         0       0       0       0       0       0       0       0       0       0       0       0       0       0       0       0       0
      Locals:         0       0       0       0       0       0       0       0       0       0       0       0       0       0       0       0       0
      Temps:          0       0       0       0       0       0       0       0       0       0       0       0       0       0       0       0       0
      Totals:         0       0       0       0       0       0       0       0       0       0       0       0       0       0       0       0       0
Total ram usage:        0 bytes
 Hardware stack levels used:    1
 Hardware stack levels required when called:    5
 This function calls:
		_ResetTimer1
 This function is called by:
		_UseIRCode
 This function uses a non-reentrant model


 *************** function _ResetTimer1 *****************
 Defined at:
		line 106 in file "Timer.c"
 Parameters:    Size  Location     Type
		None
 Auto vars:     Size  Location     Type
		None
 Return value:  Size  Location     Type
[...]
		None
 Tracked objects:
		On entry : 
		On exit  : 
		Unchanged: 
 Data sizes:     COMRAM   BANK0   BANK1   BANK2   BANK3   BANK4   BANK5   BANK6   BANK7   BANK8   BANK9  BANK10  BANK11  BANK12  BANK13  BANK14  BANK15
      Params:         0       0       0       0       0       0       0       0       0       0       0       0       0       0       0       0       0
      Locals:         0       0       0       0       0       0       0       0       0       0       0       0       0       0       0       0       0
      Temps:          0       0       0       0       0       0       0       0       0       0       0       0       0       0       0       0       0
      Totals:         0       0       0       0       0       0       0       0       0       0       0       0       0       0       0       0       0
Total ram usage:        0 bytes
 Hardware stack levels used:    1
 Hardware stack levels required when called:    4
 This function calls:
		Nothing
 This function is called by:
		_main
 This function uses a non-reentrant model


 *************** function _low_isr *****************
 Defined at:
		line 331 in file "interrupts.c"
 Parameters:    Size  Location     Type
		None
 Auto vars:     Size  Location     Type
  data            1   18[COMRAM] unsigned char 
 Return value:  Size  Location     Type
		None               void
 Registers used:
		wreg, fsr2l, fsr2h, status,2, status,0, prodl, prodh, cstack
 Tracked objects:
		On entry : 
		On exit  : 
		Unchanged: 
 Data sizes:     COMRAM   BANK0   BANK1   BANK2   BANK3   BANK4   BANK5   BANK6   BANK7   BANK8   BANK9  BANK10  BANK11  BANK12  BANK13  BANK14  BANK15
      Params:         0       0       0       0       0       0       0       0       0       0       0       0       0       0       0       0       0
      Locals:         1       0       0       0       0       0       0       0       0       0       0       0       0       0       0       0       0
      Temps:         17       0       0       0       0       0       0       0       0       0       0       0       0       0       0       0       0
      Totals:        18       0       0       0       0       0       0       0       0       0       0       0       0       0       0       0       0
Total ram usage:       18 bytes
 Hardware stack levels used:    1
 Hardware stack levels required when called:    3
 This function calls:
		_IsCharacter
		_ReadUSART
		i1_BlueConnected
 This function is called by:
		Interrupt level 1
 This function uses a non-reentrant model


 *************** function i1_BlueConnected *****************
 Defined at:
		line 81 in file "Bluetooth.c"
 Parameters:    Size  Location     Type
		None
 Auto vars:     Size  Location     Type
		None
 Return value:  Size  Location     Type
                  1    wreg      unsigned char 
 Registers used:
		wreg
 Tracked objects:
		On entry : 
		On exit  : 
		Unchanged: 
 Data sizes:     COMRAM   BANK0   BANK1   BANK2   BANK3   BANK4   BANK5   BANK6   BANK7   BANK8   BANK9  BANK10  BANK11  BANK12  BANK13  BANK14  BANK15
      Params:         0       0       0       0       0       0       0       0       0       0       0       0       0       0       0       0       0
      Locals:         0       0       0       0       0       0       0       0       0       0       0       0       0       0       0       0       0
      Temps:          0       0       0       0       0       0       0       0       0       0       0       0       0       0       0       0       0
      Totals:         0       0       0       0       0       0       0       0       0       0       0       0       0       0       0       0       0
Total ram usage:        0 bytes
 Hardware stack levels used:    1
 Hardware stack levels required when called:    2
 This function calls:
		Nothing
 This function is called by:
		_low_isr
 This function uses a non-reentrant model


 *************** function _ReadUSART *****************
 Defined at:
		line 214 in file "UART.c"
 Parameters:    Size  Location     Type
		None
 Auto vars:     Size  Location     Type
  data            1    0[COMRAM] unsigned char 
 Return value:  Size  Location     Type
                  1    wreg      unsigned char 
 Registers used:
		wreg, status,2
 Tracked objects:
		On entry : 
		On exit  : 
		Unchanged: 
 Data sizes:     COMRAM   BANK0   BANK1   BANK2   BANK3   BANK4   BANK5   BANK6   BANK7   BANK8   BANK9  BANK10  BANK11  BANK12  BANK13  BANK14  BANK15
      Params:         0       0       0       0       0       0       0       0       0       0       0       0       0       0       0       0       0
      Locals:         1       0       0       0       0       0       0       0       0       0       0       0       0       0       0       0       0
      Temps:          0       0       0       0       0       0       0       0       0       0       0       0       0       0       0       0       0
      Totals:         1       0       0       0       0       0       0       0       0       0       0       0       0       0       0       0       0
Total ram usage:        1 bytes
 Hardware stack levels used:    1
 Hardware stack levels required when called:    2
 This function calls:
		Nothing
 This function is called by:
		_low_isr
 This function uses a non-reentrant model


 *************** function _IsCharacter *****************
 Defined at:
		line 69 in file "MISC.c"
 Parameters:    Size  Location     Type
  data            1    wreg     unsigned char 
 Auto vars:     Size  Location     Type
  data            1    0[COMRAM] unsigned char 
 Return value:  Size  Location     Type
                  1    wreg      unsigned char 
 Registers used:
		wreg, status,2, status,0
 Tracked objects:
		On entry : 
		On exit  : 
		Unchanged: 
 Data sizes:     COMRAM   BANK0   BANK1   BANK2   BANK3   BANK4   BANK5   BANK6   BANK7   BANK8   BANK9  BANK10  BANK11  BANK12  BANK13  BANK14  BANK15
      Params:         0       0       0       0       0       0       0       0       0       0       0       0       0       0       0       0       0
      Locals:         1       0       0       0       0       0       0       0       0       0       0       0       0       0       0       0       0
      Temps:          0       0       0       0       0       0       0       0       0       0       0       0       0       0       0       0       0
      Totals:         1       0       0       0       0       0       0       0       0       0       0       0       0       0       0       0       0
Total ram usage:        1 bytes
 Hardware stack levels used:    1
 Hardware stack levels required when called:    2
 This function calls:
		Nothing
 This function is called by:
		_low_isr
 This function uses a non-reentrant model


 *************** function _high_isr *****************
 Defined at:
		line 57 in file "interrupts.c"
 Parameters:    Size  Location     Type
		None
 Auto vars:     Size  Location     Type
  Time0           2   34[COMRAM] unsigned int 
  IRpin           1   33[COMRAM] unsigned char 
 Return value:  Size  Location     Type
		None               void
 Registers used:
		wreg, fsr2l, fsr2h, status,2, status,0, prodl, prodh, cstack
 Tracked objects:
		On entry : 
		On exit  : 
		Unchanged: 
 Data sizes:     COMRAM   BANK0   BANK1   BANK2   BANK3   BANK4   BANK5   BANK6   BANK7   BANK8   BANK9  BANK10  BANK11  BANK12  BANK13  BANK14  BANK15
      Params:         0       0       0       0       0       0       0       0       0       0       0       0       0       0       0       0       0
      Locals:         3       0       0       0       0       0       0       0       0       0       0       0       0       0       0       0       0
      Temps:          0      18       0       0       0       0       0       0       0       0       0       0       0       0       0       0       0
      Totals:         3      18       0       0       0       0       0       0       0       0       0       0       0       0       0       0       0
Total ram usage:       21 bytes
 Hardware stack levels used:    1
 Hardware stack levels required when called:    1
 This function calls:
		_IRrawToNEC
		_ResetTimer3
		i2_ReadIRpin
		i2_ResetTimer0
 This function is called by:
		Interrupt level 2
 This function uses a non-reentrant model


 *************** function i2_ResetTimer0 *****************
 Defined at:
		line 77 in file "Timer.c"
 Parameters:    Size  Location     Type
		None
 Auto vars:     Size  Location     Type
		None
 Return value:  Size  Location     Type
		None               void
 Registers used:
		wreg, status,2
 Tracked objects:
		On entry : 
		On exit  : 
		Unchanged: 
 Data sizes:     COMRAM   BANK0   BANK1   BANK2   BANK3   BANK4   BANK5   BANK6   BANK7   BANK8   BANK9  BANK10  BANK11  BANK12  BANK13  BANK14  BANK15
      Params:         0       0       0       0       0       0       0       0       0       0       0       0       0       0       0       0       0
      Locals:         0       0       0       0       0       0       0       0       0       0       0       0       0       0       0       0       0
      Temps:          0       0       0       0       0       0       0       0       0       0       0       0       0       0       0       0       0
      Totals:         0       0       0       0       0       0       0       0       0       0       0       0       0       0       0       0       0
Total ram usage:        0 bytes
 Hardware stack levels used:    1
 This function calls:
		Nothing
 This function is called by:
		_high_isr
 This function uses a non-reentrant model


 *************** function i2_ReadIRpin *****************
 Defined at:
		line 92 in file "IR.c"
 Parameters:    Size  Location     Type
		None
 Auto vars:     Size  Location     Type
		None
 Return value:  Size  Location     Type
                  1    wreg      unsigned char 
 Registers used:
		wreg
 Tracked objects:
		On entry : 
		On exit  : 
		Unchanged: 
 Data sizes:     COMRAM   BANK0   BANK1   BANK2   BANK3   BANK4   BANK5   BANK6   BANK7   BANK8   BANK9  BANK10  BANK11  BANK12  BANK13  BANK14  BANK15
      Params:         0       0       0       0       0       0       0       0       0       0       0       0       0       0       0       0       0
      Locals:         0       0       0       0       0       0       0       0       0       0       0       0       0       0       0       0       0
      Temps:          0       0       0       0       0       0       0       0       0       0       0       0       0       0       0       0       0
      Totals:         0       0       0       0       0       0       0       0       0       0       0       0       0       0       0       0       0
Total ram usage:        0 bytes
 Hardware stack levels used:    1
 This function calls:
		Nothing
 This function is called by:
		_high_isr
 This function uses a non-reentrant model


 *************** function _ResetTimer3 *****************
 Defined at:
		line 156 in file "Timer.c"
 Parameters:    Size  Location     Type
		None
 Auto vars:     Size  Location     Type
		None
 Return value:  Size  Location     Type
		None               void
 Registers used:
		wreg, status,2
 Tracked objects:
		On entry : 
		On exit  : 
		Unchanged: 
 Data sizes:     COMRAM   BANK0   BANK1   BANK2   BANK3   BANK4   BANK5   BANK6   BANK7   BANK8   BANK9  BANK10  BANK11  BANK12  BANK13  BANK14  BANK15
      Params:         0       0       0       0       0       0       0       0       0       0       0       0       0       0       0       0       0
      Locals:         0       0       0       0       0       0       0       0       0       0       0       0       0       0       0       0       0
      Temps:          0       0       0       0       0       0       0       0       0       0       0       0       0       0       0       0       0
      Totals:         0       0       0       0       0       0       0       0       0       0       0       0       0       0       0       0       0
Total ram usage:        0 bytes
 Hardware stack levels used:    1
 This function calls:
		Nothing
 This function is called by:
		_high_isr
 This function uses a non-reentrant model


 *************** function _IRrawToNEC *****************
 Defined at:
		line 110 in file "IR.c"
 Parameters:    Size  Location     Type
  Raw             2   19[COMRAM] PTR unsigned int 
		 -> IRRawCode(144), 
  NEC             2   21[COMRAM] PTR unsigned long 
		 -> IR_NEC(4), 
  Invert          1   23[COMRAM] unsigned char 
 Auto vars:     Size  Location     Type
  NECtemp         4   26[COMRAM] unsigned long 
  StartBit        1   32[COMRAM] unsigned char 
  i               1   31[COMRAM] unsigned char 
  first           1   30[COMRAM] unsigned char 
 Return value:  Size  Location     Type
                  1    wreg      unsigned char 
 Registers used:
		wreg, fsr2l, fsr2h, status,2, status,0, prodl, prodh
 Tracked objects:
		On entry : 
		On exit  : 
		Unchanged: 
 Data sizes:     COMRAM   BANK0   BANK1   BANK2   BANK3   BANK4   BANK5   BANK6   BANK7   BANK8   BANK9  BANK10  BANK11  BANK12  BANK13  BANK14  BANK15
      Params:         5       0       0       0       0       0       0       0       0       0       0       0       0       0       0       0       0
      Locals:         7       0       0       0       0       0       0       0       0       0       0       0       0       0       0       0       0
      Temps:          2       0       0       0       0       0       0       0       0       0       0       0       0       0       0       0       0
      Totals:        14       0       0       0       0       0       0       0       0       0       0       0       0       0       0       0       0
Total ram usage:       14 bytes
 Hardware stack levels used:    1
 This function calls:
		Nothing
 This function is called by:
		_high_isr
 This function uses a non-reentrant model



MODULE INFORMATION

Module		Function		Class		Link	Load	Size
C:\Program Files (x86)\Microchip\xc8\v1.34\sources\common\ftge.c
		___ftge        		CODE           	2ADC	0000	207

C:\Program Files (x86)\Microchip\xc8\v1.34\sources\common\ftge.c estimated size: 207

UART.c
		_OpenUSART     		CODE           	32B2	0000	125
		_Local_CloseUSA		CODE           	3950	0000	15
		_InitUART      		CODE           	27E0	0000	275
		_UARTstring    		CODE           	34B8	0000	91
		_UARTchar      		CODE           	3878	0000	31
		_ReadUSART     		CODE           	38F6	0000	23

UART.c estimated size: 560

Bluetooth.c
		_BluetoothConfi		CODE           	3896	0000	29
		_BlueConnected 		CODE           	3988	0000	15
		_ResetBlue     		CODE           	37A4	0000	51
		_BluetoothIniti		CODE           	10A6	0000	945
		_InitBluetooth 		CODE           	3568	0000	85
		_EnterCommandMo		CODE           	2BAA	0000	201

Bluetooth.c estimated size: 1326

Timer.c
		_InitTimer0    		CODE           	3932	0000	17
		_InitTimer1    		CODE           	396C	0000	15
		_InitTimer2    		CODE           	395E	0000	15
		_InitTimer3    		CODE           	39D6	0000	11
		_InitTimers    		CODE           	390C	0000	21
		_LEDTimerON    		CODE           	39C0	0000	13
		_ResetTimer0   		CODE           	39E0	0000	11
		_ResetTimer1   		CODE           	39CC	0000	11
		_ResetTimer3   		CODE           	39F4	0000	11

Timer.c estimated size: 125

interrupts.c
		_high_isr      		CODE           	0008	0000	791
		_low_isr       		CODE           	0018	0000	307

interrupts.c estimated size: 1098

C:\Program Files (x86)\Microchip\xc8\v1.34\sources\common\float.c
		___ftpack      		CODE           	26C0	0000	289

C:\Program Files (x86)\Microchip\xc8\v1.34\sources\common\float.c estimated size: 289

RF.c
		_SendRF_wait   		CODE           	3854	0000	37
		_SendRF        		CODE           	307C	0000	155

RF.c estimated size: 192

C:\Program Files (x86)\Microchip\xc8\v1.34\sources\common\llmod.c
		___llmod       		CODE           	2DF0	0000	165

C:\Program Files (x86)\Microchip\xc8\v1.34\sources\common\llmod.c estimated size: 165

Button.c
		_ReadPushButton		CODE           	3942	0000	15

Button.c estimated size: 15

C:\Program Files (x86)\Microchip\xc8\v1.34\sources\common\ftmul.c
		___ftmul       		CODE           	22B0	0000	365

C:\Program Files (x86)\Microchip\xc8\v1.34\sources\common\ftmul.c estimated size: 365

EEPROM.c
		_SetMemoryLong 		CODE           	28F2	0000	251
		_SetMemoryChar 		CODE           	3700	0000	59
		_EEPROM_UNLOCK 		CODE           	38CA	0000	23
		_ReadEEPROM_1By		CODE           	368A	0000	61
		_GetEEPROM     		CODE           	36C6	0000	59
		_WriteEEPROM_1B		CODE           	364A	0000	65
		_SetEEPROM     		CODE           	31AC	0000	135
		_SyncEEPROMToGl		CODE           	382C	0000	41
		_SyncGlobalToEE		CODE           	3604	0000	71
		_GetMemoryLong 		CODE           	2140	0000	369
		_GetMemoryChar 		CODE           	3802	0000	43

EEPROM.c estimated size: 1177

C:\Program Files (x86)\Microchip\xc8\v1.34\sources\common\lwtoft.c
		___lwtoft      		CODE           	37D6	0000	45

C:\Program Files (x86)\Microchip\xc8\v1.34\sources\common\lwtoft.c estimated size: 45

C:\Program Files (x86)\Microchip\xc8\v1.34\sources\common\ftdiv.c
		___ftdiv       		CODE           	241C	0000	339

C:\Program Files (x86)\Microchip\xc8\v1.34\sources\common\ftdiv.c estimated size: 339

C:\Program Files (x86)\Microchip\xc8\v1.34\sources\common\lltoft.c
		___lltoft      		CODE           	3232	0000	129

C:\Program Files (x86)\Microchip\xc8\v1.34\sources\common\lltoft.c estimated size: 129

shared
		i2_ReadIRpin   		CODE           	39B2	0000	15
		_dpowers       		SMALLCONST     	1001	0000	41
		i1_BlueConnecte		CODE           	39A4	0000	15
		i2_ResetTimer0 		CODE           	39EA	0000	11
		__initializatio		CODE           	3116	0000	141
		_Version       		SMALLCONST     	1029	0000	10

shared estimated size: 233

C:\Program Files (x86)\Microchip\xc8\v1.34\sources\common\altoft.c
		___altoft      		CODE           	2FDA	0000	163

C:\Program Files (x86)\Microchip\xc8\v1.34\sources\common\altoft.c estimated size: 163

ADC.c
		_InternalADC_Re		CODE           	2F38	0000	163
		_ReadVoltage   		CODE           	2D38	0000	185
		_VoltageDivider		CODE           	3A04	0000	5
		_InitADC       		CODE           	38E0	0000	23
		_VoltageDivider		CODE           	39FE	0000	7
		_ResetADC      		CODE           	3996	0000	15

ADC.c estimated size: 398

MISC.c
		_Round         		CODE           	339A	0000	103
		_StringContains		CODE           	2E94	0000	165
		_cleanBuffer   		CODE           	345E	0000	91
		_cleanBuffer16b		CODE           	3400	0000	95
		_delayUS       		CODE           	332E	0000	109
		_IsCharacter   		CODE           	38B2	0000	25

MISC.c estimated size: 588

IR.c
		_InitIR        		CODE           	35BC	0000	73
		_UseIRCode     		CODE           	1FC0	0000	385
		_IRrawToNEC    		CODE           	1456	0000	931
		_ReadIRpin     		CODE           	397A	0000	15

IR.c estimated size: 1404

C:\Program Files (x86)\Microchip\xc8\v1.34\sources\common\lldiv.c
		___lldiv       		CODE           	2C72	0000	199

C:\Program Files (x86)\Microchip\xc8\v1.34\sources\common\lldiv.c estimated size: 199

user.c
		_InitApp       		CODE           	373A	0000	57
		_Init_System   		CODE           	3512	0000	87

user.c estimated size: 144

C:\Program Files (x86)\Microchip\xc8\v1.34\sources\common\doprnt.c
		_sprintf       		CODE           	1D7C	0000	581

C:\Program Files (x86)\Microchip\xc8\v1.34\sources\common\doprnt.c estimated size: 581

C:\Program Files (x86)\Microchip\xc8\v1.34\sources\common\fttol.c
		___fttol       		CODE           	256E	0000	339

C:\Program Files (x86)\Microchip\xc8\v1.34\sources\common\fttol.c estimated size: 339

main.c
		_main          		CODE           	29EC	0000	241

main.c estimated size: 241

system.c
		_ConfigureOscil		CODE           	3A08	0000	3

system.c estimated size: 3

C:\Program Files (x86)\Microchip\xc8\v1.34\sources\common\ftadd.c
		___ftadd       		CODE           	1AFE	0000	639

C:\Program Files (x86)\Microchip\xc8\v1.34\sources\common\ftadd.c estimated size: 639

